02-06 20:59:15.589   836  1214 E CameraService: notifyMonitoredUids: Failed to trigger permission callback: -129
02-06 20:59:15.617  1073  1100 E SystemServiceRegistry: Manager wrapper not available: payjoy_access_service
02-06 20:59:16.149 13262 13262 E libc    : SetHeapTaggingLevel: re-enabling tagging after it was disabled is not supported
02-06 20:59:16.186 13262 13274 E ocessService0:0: Could not write anonymous vdex /system_ext/framework/oat/arm64/unisoc-framework.vdex: Could not open /system_ext/framework/oat/arm64/unisoc-framework.vdex for writing
02-06 20:59:16.205   349   349 E SELinux : avc:  denied  { find } for pid=13262 uid=99149 name=content_capture scontext=u:r:isolated_app:s0:c512,c768 tcontext=u:object_r:content_capture_service:s0 tclass=service_manager permissive=0
02-06 20:59:16.237   836  3767 E CameraService: notifyMonitoredUids: Failed to trigger permission callback: -129
02-06 20:59:16.420 13216 13216 E Capacitor: Unable to read public/cordova.js file, Cordova plugins will not work
02-06 20:59:16.421 13216 13216 E Capacitor: Unable to read public/cordova_plugins.js file, Cordova plugins will not work
02-06 20:59:16.543   836  1213 E CameraService: notifyMonitoredUids: Failed to trigger permission callback: -129
02-06 20:59:16.546   836  1213 E CameraService: notifyMonitoredUids: Failed to trigger permission callback: -129
02-06 20:59:16.561   836  2431 E CameraService: notifyMonitoredUids: Failed to trigger permission callback: -129
02-06 20:59:16.562   836  2431 E CameraService: notifyMonitoredUids: Failed to trigger permission callback: -129
02-06 20:59:16.598   349   349 E SELinux : avc:  denied  { find } for pid=13216 uid=10286 name=tran_pwhub scontext=u:r:untrusted_app:s0:c30,c257,c512,c768 tcontext=u:object_r:default_android_service:s0 tclass=service_manager permissive=0
02-06 20:59:16.806   836  1214 E CameraService: notifyMonitoredUids: Failed to trigger permission callback: -129
02-06 20:59:16.819   836  1214 E CameraService: notifyMonitoredUids: Failed to trigger permission callback: -129
02-06 20:59:16.894   836  3768 E CameraService: notifyMonitoredUids: Failed to trigger permission callback: -129
02-06 20:59:16.896   836  3768 E CameraService: notifyMonitoredUids: Failed to trigger permission callback: -129
02-06 20:59:16.898   836  3768 E CameraService: notifyMonitoredUids: Failed to trigger permission callback: -129
02-06 20:59:16.899   836  2431 E CameraService: notifyMonitoredUids: Failed to trigger permission callback: -129
02-06 20:59:16.899   836  2431 E CameraService: notifyMonitoredUids: Failed to trigger permission callback: -129
02-06 20:59:17.160   836  3768 E CameraService: notifyMonitoredUids: Failed to trigger permission callback: -129
02-06 20:59:19.647  1073  1345 E ThermalHalWrapper: Couldn't get temperatures because of HAL error: can't find this type sensor
02-06 20:59:19.991  2075  2075 E batterywarning: -------Aron------245---cp=========[change@/devices/platform/soc/soc:ap-ahb/31100000.dsi/31100000.dsi.0/display/panel0/sprd_backlight], ret==[52]
02-06 20:59:19.991  2075  2075 E batterywarning: -------Aron------245---cp=========[ACTION=change], ret==[18]
02-06 20:59:19.991  2075  2075 E batterywarning: -------Aron------245---cp=========[DEVPATH=/devices/platform/soc/soc:ap-ahb/31100000.dsi/31100000.dsi.0/display/panel0/sprd_backlight], ret==[21]
02-06 20:59:19.991  2075  2075 E batterywarning: -------Aron------245---cp=========[SUBSYSTEM=backlight], ret==[36]
02-06 20:59:19.991  2075  2075 E batterywarning: -------Aron------245---cp=========[SOURCE=sysfs], ret==[36]
02-06 20:59:19.991  2075  2075 E batterywarning: -------Aron------245---cp=========[SEQNUM=102620], ret==[72]
02-06 20:59:20.006  2075  2075 E batterywarning: -------Aron------245---cp=========[change@/devices/platform/soc/soc:ap-ahb/31100000.dsi/31100000.dsi.0/display/panel0/sprd_backlight], ret==[52]
02-06 20:59:20.006  2075  2075 E batterywarning: -------Aron------245---cp=========[ACTION=change], ret==[18]
02-06 20:59:20.006  2075  2075 E batterywarning: -------Aron------245---cp=========[DEVPATH=/devices/platform/soc/soc:ap-ahb/31100000.dsi/31100000.dsi.0/display/panel0/sprd_backlight], ret==[21]
02-06 20:59:20.006  2075  2075 E batterywarning: -------Aron------245---cp=========[SUBSYSTEM=backlight], ret==[36]
02-06 20:59:20.006  2075  2075 E batterywarning: -------Aron------245---cp=========[SOURCE=sysfs], ret==[36]
02-06 20:59:20.006  2075  2075 E batterywarning: -------Aron------245---cp=========[SEQNUM=102621], ret==[72]
02-06 20:59:20.006 13216 13216 E com.rentman.app: hiddenapi: Accessing hidden method Landroid/view/MotionEvent;->getHistoricalEventTimeNano(I)J (runtime_flags=0, domain=platform, api=max-target-o) from LWV/dk1; (domain=app, TargetSdkVersion=36) using reflection: denied
02-06 20:59:20.022  2075  2075 E batterywarning: -------Aron------245---cp=========[change@/devices/platform/soc/soc:ap-ahb/31100000.dsi/31100000.dsi.0/display/panel0/sprd_backlight], ret==[52]
02-06 20:59:20.022  2075  2075 E batterywarning: -------Aron------245---cp=========[ACTION=change], ret==[18]
02-06 20:59:20.022  2075  2075 E batterywarning: -------Aron------245---cp=========[DEVPATH=/devices/platform/soc/soc:ap-ahb/31100000.dsi/31100000.dsi.0/display/panel0/sprd_backlight], ret==[21]
02-06 20:59:20.022  2075  2075 E batterywarning: -------Aron------245---cp=========[SUBSYSTEM=backlight], ret==[36]
02-06 20:59:20.022  2075  2075 E batterywarning: -------Aron------245---cp=========[SOURCE=sysfs], ret==[36]
02-06 20:59:20.022  2075  2075 E batterywarning: -------Aron------245---cp=========[SEQNUM=102622], ret==[72]
02-06 20:59:20.039  2075  2075 E batterywarning: -------Aron------245---cp=========[change@/devices/platform/soc/soc:ap-ahb/31100000.dsi/31100000.dsi.0/display/panel0/sprd_backlight], ret==[52]
02-06 20:59:20.039  2075  2075 E batterywarning: -------Aron------245---cp=========[ACTION=change], ret==[18]
02-06 20:59:20.039  2075  2075 E batterywarning: -------Aron------245---cp=========[DEVPATH=/devices/platform/soc/soc:ap-ahb/31100000.dsi/31100000.dsi.0/display/panel0/sprd_backlight], ret==[21]
02-06 20:59:20.039  2075  2075 E batterywarning: -------Aron------245---cp=========[SUBSYSTEM=backlight], ret==[36]
02-06 20:59:20.039  2075  2075 E batterywarning: -------Aron------245---cp=========[SOURCE=sysfs], ret==[36]
02-06 20:59:20.039  2075  2075 E batterywarning: -------Aron------245---cp=========[SEQNUM=102623], ret==[72]
02-06 20:59:20.056  2075  2075 E batterywarning: -------Aron------245---cp=========[change@/devices/platform/soc/soc:ap-ahb/31100000.dsi/31100000.dsi.0/display/panel0/sprd_backlight], ret==[52]
02-06 20:59:20.056  2075  2075 E batterywarning: -------Aron------245---cp=========[ACTION=change], ret==[18]
02-06 20:59:20.056  2075  2075 E batterywarning: -------Aron------245---cp=========[DEVPATH=/devices/platform/soc/soc:ap-ahb/31100000.dsi/31100000.dsi.0/display/panel0/sprd_backlight], ret==[21]
02-06 20:59:20.056  2075  2075 E batterywarning: -------Aron------245---cp=========[SUBSYSTEM=backlight], ret==[36]
02-06 20:59:20.056  2075  2075 E batterywarning: -------Aron------245---cp=========[SOURCE=sysfs], ret==[36]
02-06 20:59:20.056  2075  2075 E batterywarning: -------Aron------245---cp=========[SEQNUM=102624], ret==[72]
02-06 20:59:20.073  2075  2075 E batterywarning: -------Aron------245---cp=========[change@/devices/platform/soc/soc:ap-ahb/31100000.dsi/31100000.dsi.0/display/panel0/sprd_backlight], ret==[52]
02-06 20:59:20.073  2075  2075 E batterywarning: -------Aron------245---cp=========[ACTION=change], ret==[18]
02-06 20:59:20.073  2075  2075 E batterywarning: -------Aron------245---cp=========[DEVPATH=/devices/platform/soc/soc:ap-ahb/31100000.dsi/31100000.dsi.0/display/panel0/sprd_backlight], ret==[21]
02-06 20:59:20.073  2075  2075 E batterywarning: -------Aron------245---cp=========[SUBSYSTEM=backlight], ret==[36]
02-06 20:59:20.073  2075  2075 E batterywarning: -------Aron------245---cp=========[SOURCE=sysfs], ret==[36]
02-06 20:59:20.073  2075  2075 E batterywarning: -------Aron------245---cp=========[SEQNUM=102625], ret==[72]
02-06 20:59:20.088  2075  2075 E batterywarning: -------Aron------245---cp=========[change@/devices/platform/soc/soc:ap-ahb/31100000.dsi/31100000.dsi.0/display/panel0/sprd_backlight], ret==[52]
02-06 20:59:20.088  2075  2075 E batterywarning: -------Aron------245---cp=========[ACTION=change], ret==[18]
02-06 20:59:20.088  2075  2075 E batterywarning: -------Aron------245---cp=========[DEVPATH=/devices/platform/soc/soc:ap-ahb/31100000.dsi/31100000.dsi.0/display/panel0/sprd_backlight], ret==[21]
02-06 20:59:20.088  2075  2075 E batterywarning: -------Aron------245---cp=========[SUBSYSTEM=backlight], ret==[36]
02-06 20:59:20.088  2075  2075 E batterywarning: -------Aron------245---cp=========[SOURCE=sysfs], ret==[36]
02-06 20:59:20.088  2075  2075 E batterywarning: -------Aron------245---cp=========[SEQNUM=102626], ret==[72]
02-06 20:59:20.106  2075  2075 E batterywarning: -------Aron------245---cp=========[change@/devices/platform/soc/soc:ap-ahb/31100000.dsi/31100000.dsi.0/display/panel0/sprd_backlight], ret==[52]
02-06 20:59:20.106  2075  2075 E batterywarning: -------Aron------245---cp=========[ACTION=change], ret==[18]
02-06 20:59:20.106  2075  2075 E batterywarning: -------Aron------245---cp=========[DEVPATH=/devices/platform/soc/soc:ap-ahb/31100000.dsi/31100000.dsi.0/display/panel0/sprd_backlight], ret==[21]
02-06 20:59:20.106  2075  2075 E batterywarning: -------Aron------245---cp=========[SUBSYSTEM=backlight], ret==[36]
02-06 20:59:20.106  2075  2075 E batterywarning: -------Aron------245---cp=========[SOURCE=sysfs], ret==[36]
02-06 20:59:20.106  2075  2075 E batterywarning: -------Aron------245---cp=========[SEQNUM=102627], ret==[72]
02-06 20:59:20.123  2075  2075 E batterywarning: -------Aron------245---cp=========[change@/devices/platform/soc/soc:ap-ahb/31100000.dsi/31100000.dsi.0/display/panel0/sprd_backlight], ret==[52]
02-06 20:59:20.123  2075  2075 E batterywarning: -------Aron------245---cp=========[ACTION=change], ret==[18]
02-06 20:59:20.123  2075  2075 E batterywarning: -------Aron------245---cp=========[DEVPATH=/devices/platform/soc/soc:ap-ahb/31100000.dsi/31100000.dsi.0/display/panel0/sprd_backlight], ret==[21]
02-06 20:59:20.123  2075  2075 E batterywarning: -------Aron------245---cp=========[SUBSYSTEM=backlight], ret==[36]
02-06 20:59:20.123  2075  2075 E batterywarning: -------Aron------245---cp=========[SOURCE=sysfs], ret==[36]
02-06 20:59:20.123  2075  2075 E batterywarning: -------Aron------245---cp=========[SEQNUM=102628], ret==[72]
02-06 20:59:20.138  2075  2075 E batterywarning: -------Aron------245---cp=========[change@/devices/platform/soc/soc:ap-ahb/31100000.dsi/31100000.dsi.0/display/panel0/sprd_backlight], ret==[52]
02-06 20:59:20.138  2075  2075 E batterywarning: -------Aron------245---cp=========[ACTION=change], ret==[18]
02-06 20:59:20.138  2075  2075 E batterywarning: -------Aron------245---cp=========[DEVPATH=/devices/platform/soc/soc:ap-ahb/31100000.dsi/31100000.dsi.0/display/panel0/sprd_backlight], ret==[21]
02-06 20:59:20.138  2075  2075 E batterywarning: -------Aron------245---cp=========[SUBSYSTEM=backlight], ret==[36]
02-06 20:59:20.138  2075  2075 E batterywarning: -------Aron------245---cp=========[SOURCE=sysfs], ret==[36]
02-06 20:59:20.138  2075  2075 E batterywarning: -------Aron------245---cp=========[SEQNUM=102629], ret==[72]
02-06 20:59:20.155  2075  2075 E batterywarning: -------Aron------245---cp=========[change@/devices/platform/soc/soc:ap-ahb/31100000.dsi/31100000.dsi.0/display/panel0/sprd_backlight], ret==[52]
02-06 20:59:20.155  2075  2075 E batterywarning: -------Aron------245---cp=========[ACTION=change], ret==[18]
02-06 20:59:20.155  2075  2075 E batterywarning: -------Aron------245---cp=========[DEVPATH=/devices/platform/soc/soc:ap-ahb/31100000.dsi/31100000.dsi.0/display/panel0/sprd_backlight], ret==[21]
02-06 20:59:20.155  2075  2075 E batterywarning: -------Aron------245---cp=========[SUBSYSTEM=backlight], ret==[36]
02-06 20:59:20.155  2075  2075 E batterywarning: -------Aron------245---cp=========[SOURCE=sysfs], ret==[36]
02-06 20:59:20.155  2075  2075 E batterywarning: -------Aron------245---cp=========[SEQNUM=102630], ret==[72]
02-06 20:59:20.156 13216 13216 E Capacitor/Console: File: https://localhost/_next/static/chunks/9d06488ae7d6e382.js - Line 24 - Msg: TypeError: Failed to fetch
02-06 20:59:20.172  2075  2075 E batterywarning: -------Aron------245---cp=========[change@/devices/platform/soc/soc:ap-ahb/31100000.dsi/31100000.dsi.0/display/panel0/sprd_backlight], ret==[52]
02-06 20:59:20.172  2075  2075 E batterywarning: -------Aron------245---cp=========[ACTION=change], ret==[18]
02-06 20:59:20.172  2075  2075 E batterywarning: -------Aron------245---cp=========[DEVPATH=/devices/platform/soc/soc:ap-ahb/31100000.dsi/31100000.dsi.0/display/panel0/sprd_backlight], ret==[21]
02-06 20:59:20.172  2075  2075 E batterywarning: -------Aron------245---cp=========[SUBSYSTEM=backlight], ret==[36]
02-06 20:59:20.172  2075  2075 E batterywarning: -------Aron------245---cp=========[SOURCE=sysfs], ret==[36]
02-06 20:59:20.172  2075  2075 E batterywarning: -------Aron------245---cp=========[SEQNUM=102631], ret==[72]
02-06 20:59:20.189  2075  2075 E batterywarning: -------Aron------245---cp=========[change@/devices/platform/soc/soc:ap-ahb/31100000.dsi/31100000.dsi.0/display/panel0/sprd_backlight], ret==[52]
02-06 20:59:20.189  2075  2075 E batterywarning: -------Aron------245---cp=========[ACTION=change], ret==[18]
02-06 20:59:20.189  2075  2075 E batterywarning: -------Aron------245---cp=========[DEVPATH=/devices/platform/soc/soc:ap-ahb/31100000.dsi/31100000.dsi.0/display/panel0/sprd_backlight], ret==[21]
02-06 20:59:20.189  2075  2075 E batterywarning: -------Aron------245---cp=========[SUBSYSTEM=backlight], ret==[36]
02-06 20:59:20.189  2075  2075 E batterywarning: -------Aron------245---cp=========[SOURCE=sysfs], ret==[36]
02-06 20:59:20.189  2075  2075 E batterywarning: -------Aron------245---cp=========[SEQNUM=102632], ret==[72]
02-06 20:59:20.205  2075  2075 E batterywarning: -------Aron------245---cp=========[change@/devices/platform/soc/soc:ap-ahb/31100000.dsi/31100000.dsi.0/display/panel0/sprd_backlight], ret==[52]
02-06 20:59:20.205  2075  2075 E batterywarning: -------Aron------245---cp=========[ACTION=change], ret==[18]
02-06 20:59:20.205  2075  2075 E batterywarning: -------Aron------245---cp=========[DEVPATH=/devices/platform/soc/soc:ap-ahb/31100000.dsi/31100000.dsi.0/display/panel0/sprd_backlight], ret==[21]
02-06 20:59:20.205  2075  2075 E batterywarning: -------Aron------245---cp=========[SUBSYSTEM=backlight], ret==[36]
02-06 20:59:20.205  2075  2075 E batterywarning: -------Aron------245---cp=========[SOURCE=sysfs], ret==[36]
02-06 20:59:20.205  2075  2075 E batterywarning: -------Aron------245---cp=========[SEQNUM=102633], ret==[72]
02-06 20:59:20.222  2075  2075 E batterywarning: -------Aron------245---cp=========[change@/devices/platform/soc/soc:ap-ahb/31100000.dsi/31100000.dsi.0/display/panel0/sprd_backlight], ret==[52]
02-06 20:59:20.222  2075  2075 E batterywarning: -------Aron------245---cp=========[ACTION=change], ret==[18]
02-06 20:59:20.222  2075  2075 E batterywarning: -------Aron------245---cp=========[DEVPATH=/devices/platform/soc/soc:ap-ahb/31100000.dsi/31100000.dsi.0/display/panel0/sprd_backlight], ret==[21]
02-06 20:59:20.222  2075  2075 E batterywarning: -------Aron------245---cp=========[SUBSYSTEM=backlight], ret==[36]
02-06 20:59:20.222  2075  2075 E batterywarning: -------Aron------245---cp=========[SOURCE=sysfs], ret==[36]
02-06 20:59:20.222  2075  2075 E batterywarning: -------Aron------245---cp=========[SEQNUM=102634], ret==[72]
02-06 20:59:20.239  2075  2075 E batterywarning: -------Aron------245---cp=========[change@/devices/platform/soc/soc:ap-ahb/31100000.dsi/31100000.dsi.0/display/panel0/sprd_backlight], ret==[52]
02-06 20:59:20.239  2075  2075 E batterywarning: -------Aron------245---cp=========[ACTION=change], ret==[18]
02-06 20:59:20.239  2075  2075 E batterywarning: -------Aron------245---cp=========[DEVPATH=/devices/platform/soc/soc:ap-ahb/31100000.dsi/31100000.dsi.0/display/panel0/sprd_backlight], ret==[21]
02-06 20:59:20.239  2075  2075 E batterywarning: -------Aron------245---cp=========[SUBSYSTEM=backlight], ret==[36]
02-06 20:59:20.239  2075  2075 E batterywarning: -------Aron------245---cp=========[SOURCE=sysfs], ret==[36]
02-06 20:59:20.239  2075  2075 E batterywarning: -------Aron------245---cp=========[SEQNUM=102635], ret==[72]
02-06 20:59:20.255  2075  2075 E batterywarning: -------Aron------245---cp=========[change@/devices/platform/soc/soc:ap-ahb/31100000.dsi/31100000.dsi.0/display/panel0/sprd_backlight], ret==[52]
02-06 20:59:20.255  2075  2075 E batterywarning: -------Aron------245---cp=========[ACTION=change], ret==[18]
02-06 20:59:20.255  2075  2075 E batterywarning: -------Aron------245---cp=========[DEVPATH=/devices/platform/soc/soc:ap-ahb/31100000.dsi/31100000.dsi.0/display/panel0/sprd_backlight], ret==[21]
02-06 20:59:20.255  2075  2075 E batterywarning: -------Aron------245---cp=========[SUBSYSTEM=backlight], ret==[36]
02-06 20:59:20.255  2075  2075 E batterywarning: -------Aron------245---cp=========[SOURCE=sysfs], ret==[36]
02-06 20:59:20.255  2075  2075 E batterywarning: -------Aron------245---cp=========[SEQNUM=102636], ret==[72]
02-06 20:59:20.272  2075  2075 E batterywarning: -------Aron------245---cp=========[change@/devices/platform/soc/soc:ap-ahb/31100000.dsi/31100000.dsi.0/display/panel0/sprd_backlight], ret==[52]
02-06 20:59:20.272  2075  2075 E batterywarning: -------Aron------245---cp=========[ACTION=change], ret==[18]
02-06 20:59:20.272  2075  2075 E batterywarning: -------Aron------245---cp=========[DEVPATH=/devices/platform/soc/soc:ap-ahb/31100000.dsi/31100000.dsi.0/display/panel0/sprd_backlight], ret==[21]
02-06 20:59:20.272  2075  2075 E batterywarning: -------Aron------245---cp=========[SUBSYSTEM=backlight], ret==[36]
02-06 20:59:20.272  2075  2075 E batterywarning: -------Aron------245---cp=========[SOURCE=sysfs], ret==[36]
02-06 20:59:20.272  2075  2075 E batterywarning: -------Aron------245---cp=========[SEQNUM=102637], ret==[72]
02-06 20:59:20.289  2075  2075 E batterywarning: -------Aron------245---cp=========[change@/devices/platform/soc/soc:ap-ahb/31100000.dsi/31100000.dsi.0/display/panel0/sprd_backlight], ret==[52]
02-06 20:59:20.289  2075  2075 E batterywarning: -------Aron------245---cp=========[ACTION=change], ret==[18]
02-06 20:59:20.289  2075  2075 E batterywarning: -------Aron------245---cp=========[DEVPATH=/devices/platform/soc/soc:ap-ahb/31100000.dsi/31100000.dsi.0/display/panel0/sprd_backlight], ret==[21]
02-06 20:59:20.289  2075  2075 E batterywarning: -------Aron------245---cp=========[SUBSYSTEM=backlight], ret==[36]
02-06 20:59:20.289  2075  2075 E batterywarning: -------Aron------245---cp=========[SOURCE=sysfs], ret==[36]
02-06 20:59:20.289  2075  2075 E batterywarning: -------Aron------245---cp=========[SEQNUM=102638], ret==[72]
02-06 20:59:20.305  2075  2075 E batterywarning: -------Aron------245---cp=========[change@/devices/platform/soc/soc:ap-ahb/31100000.dsi/31100000.dsi.0/display/panel0/sprd_backlight], ret==[52]
02-06 20:59:20.305  2075  2075 E batterywarning: -------Aron------245---cp=========[ACTION=change], ret==[18]
02-06 20:59:20.305  2075  2075 E batterywarning: -------Aron------245---cp=========[DEVPATH=/devices/platform/soc/soc:ap-ahb/31100000.dsi/31100000.dsi.0/display/panel0/sprd_backlight], ret==[21]
02-06 20:59:20.305  2075  2075 E batterywarning: -------Aron------245---cp=========[SUBSYSTEM=backlight], ret==[36]
02-06 20:59:20.305  2075  2075 E batterywarning: -------Aron------245---cp=========[SOURCE=sysfs], ret==[36]
02-06 20:59:20.305  2075  2075 E batterywarning: -------Aron------245---cp=========[SEQNUM=102639], ret==[72]
02-06 20:59:20.322  2075  2075 E batterywarning: -------Aron------245---cp=========[change@/devices/platform/soc/soc:ap-ahb/31100000.dsi/31100000.dsi.0/display/panel0/sprd_backlight], ret==[52]
02-06 20:59:20.322  2075  2075 E batterywarning: -------Aron------245---cp=========[ACTION=change], ret==[18]
02-06 20:59:20.322  2075  2075 E batterywarning: -------Aron------245---cp=========[DEVPATH=/devices/platform/soc/soc:ap-ahb/31100000.dsi/31100000.dsi.0/display/panel0/sprd_backlight], ret==[21]
02-06 20:59:20.322  2075  2075 E batterywarning: -------Aron------245---cp=========[SUBSYSTEM=backlight], ret==[36]
02-06 20:59:20.322  2075  2075 E batterywarning: -------Aron------245---cp=========[SOURCE=sysfs], ret==[36]
02-06 20:59:20.322  2075  2075 E batterywarning: -------Aron------245---cp=========[SEQNUM=102640], ret==[72]
02-06 20:59:20.339  2075  2075 E batterywarning: -------Aron------245---cp=========[change@/devices/platform/soc/soc:ap-ahb/31100000.dsi/31100000.dsi.0/display/panel0/sprd_backlight], ret==[52]
02-06 20:59:20.339  2075  2075 E batterywarning: -------Aron------245---cp=========[ACTION=change], ret==[18]
02-06 20:59:20.339  2075  2075 E batterywarning: -------Aron------245---cp=========[DEVPATH=/devices/platform/soc/soc:ap-ahb/31100000.dsi/31100000.dsi.0/display/panel0/sprd_backlight], ret==[21]
02-06 20:59:20.339  2075  2075 E batterywarning: -------Aron------245---cp=========[SUBSYSTEM=backlight], ret==[36]
02-06 20:59:20.339  2075  2075 E batterywarning: -------Aron------245---cp=========[SOURCE=sysfs], ret==[36]
02-06 20:59:20.339  2075  2075 E batterywarning: -------Aron------245---cp=========[SEQNUM=102641], ret==[72]
02-06 20:59:20.355  2075  2075 E batterywarning: -------Aron------245---cp=========[change@/devices/platform/soc/soc:ap-ahb/31100000.dsi/31100000.dsi.0/display/panel0/sprd_backlight], ret==[52]
02-06 20:59:20.355  2075  2075 E batterywarning: -------Aron------245---cp=========[ACTION=change], ret==[18]
02-06 20:59:20.355  2075  2075 E batterywarning: -------Aron------245---cp=========[DEVPATH=/devices/platform/soc/soc:ap-ahb/31100000.dsi/31100000.dsi.0/display/panel0/sprd_backlight], ret==[21]
02-06 20:59:20.355  2075  2075 E batterywarning: -------Aron------245---cp=========[SUBSYSTEM=backlight], ret==[36]
02-06 20:59:20.355  2075  2075 E batterywarning: -------Aron------245---cp=========[SOURCE=sysfs], ret==[36]
02-06 20:59:20.355  2075  2075 E batterywarning: -------Aron------245---cp=========[SEQNUM=102642], ret==[72]
02-06 20:59:20.372  2075  2075 E batterywarning: -------Aron------245---cp=========[change@/devices/platform/soc/soc:ap-ahb/31100000.dsi/31100000.dsi.0/display/panel0/sprd_backlight], ret==[52]
02-06 20:59:20.372  2075  2075 E batterywarning: -------Aron------245---cp=========[ACTION=change], ret==[18]
02-06 20:59:20.372  2075  2075 E batterywarning: -------Aron------245---cp=========[DEVPATH=/devices/platform/soc/soc:ap-ahb/31100000.dsi/31100000.dsi.0/display/panel0/sprd_backlight], ret==[21]
02-06 20:59:20.372  2075  2075 E batterywarning: -------Aron------245---cp=========[SUBSYSTEM=backlight], ret==[36]
02-06 20:59:20.372  2075  2075 E batterywarning: -------Aron------245---cp=========[SOURCE=sysfs], ret==[36]
02-06 20:59:20.372  2075  2075 E batterywarning: -------Aron------245---cp=========[SEQNUM=102643], ret==[72]
02-06 20:59:20.389  2075  2075 E batterywarning: -------Aron------245---cp=========[change@/devices/platform/soc/soc:ap-ahb/31100000.dsi/31100000.dsi.0/display/panel0/sprd_backlight], ret==[52]
02-06 20:59:20.389  2075  2075 E batterywarning: -------Aron------245---cp=========[ACTION=change], ret==[18]
02-06 20:59:20.389  2075  2075 E batterywarning: -------Aron------245---cp=========[DEVPATH=/devices/platform/soc/soc:ap-ahb/31100000.dsi/31100000.dsi.0/display/panel0/sprd_backlight], ret==[21]
02-06 20:59:20.389  2075  2075 E batterywarning: -------Aron------245---cp=========[SUBSYSTEM=backlight], ret==[36]
02-06 20:59:20.389  2075  2075 E batterywarning: -------Aron------245---cp=========[SOURCE=sysfs], ret==[36]
02-06 20:59:20.389  2075  2075 E batterywarning: -------Aron------245---cp=========[SEQNUM=102644], ret==[72]
02-06 20:59:20.405  2075  2075 E batterywarning: -------Aron------245---cp=========[change@/devices/platform/soc/soc:ap-ahb/31100000.dsi/31100000.dsi.0/display/panel0/sprd_backlight], ret==[52]
02-06 20:59:20.405  2075  2075 E batterywarning: -------Aron------245---cp=========[ACTION=change], ret==[18]
02-06 20:59:20.405  2075  2075 E batterywarning: -------Aron------245---cp=========[DEVPATH=/devices/platform/soc/soc:ap-ahb/31100000.dsi/31100000.dsi.0/display/panel0/sprd_backlight], ret==[21]
02-06 20:59:20.405  2075  2075 E batterywarning: -------Aron------245---cp=========[SUBSYSTEM=backlight], ret==[36]
02-06 20:59:20.405  2075  2075 E batterywarning: -------Aron------245---cp=========[SOURCE=sysfs], ret==[36]
02-06 20:59:20.405  2075  2075 E batterywarning: -------Aron------245---cp=========[SEQNUM=102645], ret==[72]
02-06 20:59:20.423  2075  2075 E batterywarning: -------Aron------245---cp=========[change@/devices/platform/soc/soc:ap-ahb/31100000.dsi/31100000.dsi.0/display/panel0/sprd_backlight], ret==[52]
02-06 20:59:20.423  2075  2075 E batterywarning: -------Aron------245---cp=========[ACTION=change], ret==[18]
02-06 20:59:20.423  2075  2075 E batterywarning: -------Aron------245---cp=========[DEVPATH=/devices/platform/soc/soc:ap-ahb/31100000.dsi/31100000.dsi.0/display/panel0/sprd_backlight], ret==[21]
02-06 20:59:20.423  2075  2075 E batterywarning: -------Aron------245---cp=========[SUBSYSTEM=backlight], ret==[36]
02-06 20:59:20.423  2075  2075 E batterywarning: -------Aron------245---cp=========[SOURCE=sysfs], ret==[36]
02-06 20:59:20.423  2075  2075 E batterywarning: -------Aron------245---cp=========[SEQNUM=102646], ret==[72]
02-06 20:59:20.438  2075  2075 E batterywarning: -------Aron------245---cp=========[change@/devices/platform/soc/soc:ap-ahb/31100000.dsi/31100000.dsi.0/display/panel0/sprd_backlight], ret==[52]
02-06 20:59:20.438  2075  2075 E batterywarning: -------Aron------245---cp=========[ACTION=change], ret==[18]
02-06 20:59:20.438  2075  2075 E batterywarning: -------Aron------245---cp=========[DEVPATH=/devices/platform/soc/soc:ap-ahb/31100000.dsi/31100000.dsi.0/display/panel0/sprd_backlight], ret==[21]
02-06 20:59:20.439  2075  2075 E batterywarning: -------Aron------245---cp=========[SUBSYSTEM=backlight], ret==[36]
02-06 20:59:20.439  2075  2075 E batterywarning: -------Aron------245---cp=========[SOURCE=sysfs], ret==[36]
02-06 20:59:20.439  2075  2075 E batterywarning: -------Aron------245---cp=========[SEQNUM=102647], ret==[72]
02-06 20:59:20.456  2075  2075 E batterywarning: -------Aron------245---cp=========[change@/devices/platform/soc/soc:ap-ahb/31100000.dsi/31100000.dsi.0/display/panel0/sprd_backlight], ret==[52]
02-06 20:59:20.456  2075  2075 E batterywarning: -------Aron------245---cp=========[ACTION=change], ret==[18]
02-06 20:59:20.456  2075  2075 E batterywarning: -------Aron------245---cp=========[DEVPATH=/devices/platform/soc/soc:ap-ahb/31100000.dsi/31100000.dsi.0/display/panel0/sprd_backlight], ret==[21]
02-06 20:59:20.456  2075  2075 E batterywarning: -------Aron------245---cp=========[SUBSYSTEM=backlight], ret==[36]
02-06 20:59:20.456  2075  2075 E batterywarning: -------Aron------245---cp=========[SOURCE=sysfs], ret==[36]
02-06 20:59:20.456  2075  2075 E batterywarning: -------Aron------245---cp=========[SEQNUM=102648], ret==[72]
02-06 20:59:20.472  2075  2075 E batterywarning: -------Aron------245---cp=========[change@/devices/platform/soc/soc:ap-ahb/31100000.dsi/31100000.dsi.0/display/panel0/sprd_backlight], ret==[52]
02-06 20:59:20.472  2075  2075 E batterywarning: -------Aron------245---cp=========[ACTION=change], ret==[18]
02-06 20:59:20.472  2075  2075 E batterywarning: -------Aron------245---cp=========[DEVPATH=/devices/platform/soc/soc:ap-ahb/31100000.dsi/31100000.dsi.0/display/panel0/sprd_backlight], ret==[21]
02-06 20:59:20.472  2075  2075 E batterywarning: -------Aron------245---cp=========[SUBSYSTEM=backlight], ret==[36]
02-06 20:59:20.472  2075  2075 E batterywarning: -------Aron------245---cp=========[SOURCE=sysfs], ret==[36]
02-06 20:59:20.472  2075  2075 E batterywarning: -------Aron------245---cp=========[SEQNUM=102649], ret==[72]
02-06 20:59:20.488  2075  2075 E batterywarning: -------Aron------245---cp=========[change@/devices/platform/soc/soc:ap-ahb/31100000.dsi/31100000.dsi.0/display/panel0/sprd_backlight], ret==[52]
02-06 20:59:20.488  2075  2075 E batterywarning: -------Aron------245---cp=========[ACTION=change], ret==[18]
02-06 20:59:20.488  2075  2075 E batterywarning: -------Aron------245---cp=========[DEVPATH=/devices/platform/soc/soc:ap-ahb/31100000.dsi/31100000.dsi.0/display/panel0/sprd_backlight], ret==[21]
02-06 20:59:20.488  2075  2075 E batterywarning: -------Aron------245---cp=========[SUBSYSTEM=backlight], ret==[36]
02-06 20:59:20.488  2075  2075 E batterywarning: -------Aron------245---cp=========[SOURCE=sysfs], ret==[36]
02-06 20:59:20.488  2075  2075 E batterywarning: -------Aron------245---cp=========[SEQNUM=102650], ret==[72]
02-06 20:59:20.505  2075  2075 E batterywarning: -------Aron------245---cp=========[change@/devices/platform/soc/soc:ap-ahb/31100000.dsi/31100000.dsi.0/display/panel0/sprd_backlight], ret==[52]
02-06 20:59:20.505  2075  2075 E batterywarning: -------Aron------245---cp=========[ACTION=change], ret==[18]
02-06 20:59:20.505  2075  2075 E batterywarning: -------Aron------245---cp=========[DEVPATH=/devices/platform/soc/soc:ap-ahb/31100000.dsi/31100000.dsi.0/display/panel0/sprd_backlight], ret==[21]
02-06 20:59:20.505  2075  2075 E batterywarning: -------Aron------245---cp=========[SUBSYSTEM=backlight], ret==[36]
02-06 20:59:20.505  2075  2075 E batterywarning: -------Aron------245---cp=========[SOURCE=sysfs], ret==[36]
02-06 20:59:20.505  2075  2075 E batterywarning: -------Aron------245---cp=========[SEQNUM=102651], ret==[72]
02-06 20:59:20.522  2075  2075 E batterywarning: -------Aron------245---cp=========[change@/devices/platform/soc/soc:ap-ahb/31100000.dsi/31100000.dsi.0/display/panel0/sprd_backlight], ret==[52]
02-06 20:59:20.522  2075  2075 E batterywarning: -------Aron------245---cp=========[ACTION=change], ret==[18]
02-06 20:59:20.522  2075  2075 E batterywarning: -------Aron------245---cp=========[DEVPATH=/devices/platform/soc/soc:ap-ahb/31100000.dsi/31100000.dsi.0/display/panel0/sprd_backlight], ret==[21]
02-06 20:59:20.522  2075  2075 E batterywarning: -------Aron------245---cp=========[SUBSYSTEM=backlight], ret==[36]
02-06 20:59:20.522  2075  2075 E batterywarning: -------Aron------245---cp=========[SOURCE=sysfs], ret==[36]
02-06 20:59:20.522  2075  2075 E batterywarning: -------Aron------245---cp=========[SEQNUM=102652], ret==[72]
02-06 20:59:20.539  2075  2075 E batterywarning: -------Aron------245---cp=========[change@/devices/platform/soc/soc:ap-ahb/31100000.dsi/31100000.dsi.0/display/panel0/sprd_backlight], ret==[52]
02-06 20:59:20.539  2075  2075 E batterywarning: -------Aron------245---cp=========[ACTION=change], ret==[18]
02-06 20:59:20.539  2075  2075 E batterywarning: -------Aron------245---cp=========[DEVPATH=/devices/platform/soc/soc:ap-ahb/31100000.dsi/31100000.dsi.0/display/panel0/sprd_backlight], ret==[21]
02-06 20:59:20.539  2075  2075 E batterywarning: -------Aron------245---cp=========[SUBSYSTEM=backlight], ret==[36]
02-06 20:59:20.539  2075  2075 E batterywarning: -------Aron------245---cp=========[SOURCE=sysfs], ret==[36]
02-06 20:59:20.539  2075  2075 E batterywarning: -------Aron------245---cp=========[SEQNUM=102653], ret==[72]
02-06 20:59:20.555  2075  2075 E batterywarning: -------Aron------245---cp=========[change@/devices/platform/soc/soc:ap-ahb/31100000.dsi/31100000.dsi.0/display/panel0/sprd_backlight], ret==[52]
02-06 20:59:20.555  2075  2075 E batterywarning: -------Aron------245---cp=========[ACTION=change], ret==[18]
02-06 20:59:20.555  2075  2075 E batterywarning: -------Aron------245---cp=========[DEVPATH=/devices/platform/soc/soc:ap-ahb/31100000.dsi/31100000.dsi.0/display/panel0/sprd_backlight], ret==[21]
02-06 20:59:20.555  2075  2075 E batterywarning: -------Aron------245---cp=========[SUBSYSTEM=backlight], ret==[36]
02-06 20:59:20.555  2075  2075 E batterywarning: -------Aron------245---cp=========[SOURCE=sysfs], ret==[36]
02-06 20:59:20.555  2075  2075 E batterywarning: -------Aron------245---cp=========[SEQNUM=102654], ret==[72]
02-06 20:59:20.572  2075  2075 E batterywarning: -------Aron------245---cp=========[change@/devices/platform/soc/soc:ap-ahb/31100000.dsi/31100000.dsi.0/display/panel0/sprd_backlight], ret==[52]
02-06 20:59:20.572  2075  2075 E batterywarning: -------Aron------245---cp=========[ACTION=change], ret==[18]
02-06 20:59:20.572  2075  2075 E batterywarning: -------Aron------245---cp=========[DEVPATH=/devices/platform/soc/soc:ap-ahb/31100000.dsi/31100000.dsi.0/display/panel0/sprd_backlight], ret==[21]
02-06 20:59:20.572  2075  2075 E batterywarning: -------Aron------245---cp=========[SUBSYSTEM=backlight], ret==[36]
02-06 20:59:20.572  2075  2075 E batterywarning: -------Aron------245---cp=========[SOURCE=sysfs], ret==[36]
02-06 20:59:20.572  2075  2075 E batterywarning: -------Aron------245---cp=========[SEQNUM=102655], ret==[72]
02-06 20:59:20.588  2075  2075 E batterywarning: -------Aron------245---cp=========[change@/devices/platform/soc/soc:ap-ahb/31100000.dsi/31100000.dsi.0/display/panel0/sprd_backlight], ret==[52]
02-06 20:59:20.588  2075  2075 E batterywarning: -------Aron------245---cp=========[ACTION=change], ret==[18]
02-06 20:59:20.588  2075  2075 E batterywarning: -------Aron------245---cp=========[DEVPATH=/devices/platform/soc/soc:ap-ahb/31100000.dsi/31100000.dsi.0/display/panel0/sprd_backlight], ret==[21]
02-06 20:59:20.588  2075  2075 E batterywarning: -------Aron------245---cp=========[SUBSYSTEM=backlight], ret==[36]
02-06 20:59:20.588  2075  2075 E batterywarning: -------Aron------245---cp=========[SOURCE=sysfs], ret==[36]
02-06 20:59:20.588  2075  2075 E batterywarning: -------Aron------245---cp=========[SEQNUM=102656], ret==[72]
02-06 20:59:20.890   836  3768 E CameraService: notifyMonitoredUids: Failed to trigger permission callback: -129
02-06 20:59:27.563   836  3768 E CameraService: notifyMonitoredUids: Failed to trigger permission callback: -129
02-06 20:59:27.771   836  3768 E CameraService: notifyMonitoredUids: Failed to trigger permission callback: -129
02-06 20:59:27.773   836  5858 E CameraService: notifyMonitoredUids: Failed to trigger permission callback: -129
02-06 20:59:31.866   836  3768 E CameraService: notifyMonitoredUids: Failed to trigger permission callback: -129
02-06 20:59:31.875   836  3768 E CameraService: notifyMonitoredUids: Failed to trigger permission callback: -129
02-06 20:59:31.877   836  3768 E CameraService: notifyMonitoredUids: Failed to trigger permission callback: -129
02-06 20:59:31.880   836  3768 E CameraService: notifyMonitoredUids: Failed to trigger permission callback: -129
02-06 20:59:31.979  2075  2075 E batterywarning: -------Aron------245---cp=========[change@/devices/platform/soc/soc:ap-ahb/31100000.dsi/31100000.dsi.0/display/panel0/sprd_backlight], ret==[52]
02-06 20:59:31.979  2075  2075 E batterywarning: -------Aron------245---cp=========[ACTION=change], ret==[18]
02-06 20:59:31.979  2075  2075 E batterywarning: -------Aron------245---cp=========[DEVPATH=/devices/platform/soc/soc:ap-ahb/31100000.dsi/31100000.dsi.0/display/panel0/sprd_backlight], ret==[21]
02-06 20:59:31.979  2075  2075 E batterywarning: -------Aron------245---cp=========[SUBSYSTEM=backlight], ret==[36]
02-06 20:59:31.979  2075  2075 E batterywarning: -------Aron------245---cp=========[SOURCE=sysfs], ret==[36]
02-06 20:59:31.979  2075  2075 E batterywarning: -------Aron------245---cp=========[SEQNUM=102657], ret==[72]
02-06 20:59:31.995  2075  2075 E batterywarning: -------Aron------245---cp=========[change@/devices/platform/soc/soc:ap-ahb/31100000.dsi/31100000.dsi.0/display/panel0/sprd_backlight], ret==[52]
02-06 20:59:31.995  2075  2075 E batterywarning: -------Aron------245---cp=========[ACTION=change], ret==[18]
02-06 20:59:31.995  2075  2075 E batterywarning: -------Aron------245---cp=========[DEVPATH=/devices/platform/soc/soc:ap-ahb/31100000.dsi/31100000.dsi.0/display/panel0/sprd_backlight], ret==[21]
02-06 20:59:31.995  2075  2075 E batterywarning: -------Aron------245---cp=========[SUBSYSTEM=backlight], ret==[36]
02-06 20:59:31.995  2075  2075 E batterywarning: -------Aron------245---cp=========[SOURCE=sysfs], ret==[36]
02-06 20:59:31.995  2075  2075 E batterywarning: -------Aron------245---cp=========[SEQNUM=102658], ret==[72]
02-06 20:59:32.011  2075  2075 E batterywarning: -------Aron------245---cp=========[change@/devices/platform/soc/soc:ap-ahb/31100000.dsi/31100000.dsi.0/display/panel0/sprd_backlight], ret==[52]
02-06 20:59:32.011  2075  2075 E batterywarning: -------Aron------245---cp=========[ACTION=change], ret==[18]
02-06 20:59:32.011  2075  2075 E batterywarning: -------Aron------245---cp=========[DEVPATH=/devices/platform/soc/soc:ap-ahb/31100000.dsi/31100000.dsi.0/display/panel0/sprd_backlight], ret==[21]
02-06 20:59:32.011  2075  2075 E batterywarning: -------Aron------245---cp=========[SUBSYSTEM=backlight], ret==[36]
02-06 20:59:32.011  2075  2075 E batterywarning: -------Aron------245---cp=========[SOURCE=sysfs], ret==[36]
02-06 20:59:32.011  2075  2075 E batterywarning: -------Aron------245---cp=========[SEQNUM=102659], ret==[72]
02-06 20:59:32.028  2075  2075 E batterywarning: -------Aron------245---cp=========[change@/devices/platform/soc/soc:ap-ahb/31100000.dsi/31100000.dsi.0/display/panel0/sprd_backlight], ret==[52]
02-06 20:59:32.028  2075  2075 E batterywarning: -------Aron------245---cp=========[ACTION=change], ret==[18]
02-06 20:59:32.028  2075  2075 E batterywarning: -------Aron------245---cp=========[DEVPATH=/devices/platform/soc/soc:ap-ahb/31100000.dsi/31100000.dsi.0/display/panel0/sprd_backlight], ret==[21]
02-06 20:59:32.028  2075  2075 E batterywarning: -------Aron------245---cp=========[SUBSYSTEM=backlight], ret==[36]
02-06 20:59:32.028  2075  2075 E batterywarning: -------Aron------245---cp=========[SOURCE=sysfs], ret==[36]
02-06 20:59:32.028  2075  2075 E batterywarning: -------Aron------245---cp=========[SEQNUM=102660], ret==[72]
02-06 20:59:32.045  2075  2075 E batterywarning: -------Aron------245---cp=========[change@/devices/platform/soc/soc:ap-ahb/31100000.dsi/31100000.dsi.0/display/panel0/sprd_backlight], ret==[52]
02-06 20:59:32.045  2075  2075 E batterywarning: -------Aron------245---cp=========[ACTION=change], ret==[18]
02-06 20:59:32.045  2075  2075 E batterywarning: -------Aron------245---cp=========[DEVPATH=/devices/platform/soc/soc:ap-ahb/31100000.dsi/31100000.dsi.0/display/panel0/sprd_backlight], ret==[21]
02-06 20:59:32.045  2075  2075 E batterywarning: -------Aron------245---cp=========[SUBSYSTEM=backlight], ret==[36]
02-06 20:59:32.045  2075  2075 E batterywarning: -------Aron------245---cp=========[SOURCE=sysfs], ret==[36]
02-06 20:59:32.045  2075  2075 E batterywarning: -------Aron------245---cp=========[SEQNUM=102661], ret==[72]
02-06 20:59:32.061  2075  2075 E batterywarning: -------Aron------245---cp=========[change@/devices/platform/soc/soc:ap-ahb/31100000.dsi/31100000.dsi.0/display/panel0/sprd_backlight], ret==[52]
02-06 20:59:32.061  2075  2075 E batterywarning: -------Aron------245---cp=========[ACTION=change], ret==[18]
02-06 20:59:32.061  2075  2075 E batterywarning: -------Aron------245---cp=========[DEVPATH=/devices/platform/soc/soc:ap-ahb/31100000.dsi/31100000.dsi.0/display/panel0/sprd_backlight], ret==[21]
02-06 20:59:32.061  2075  2075 E batterywarning: -------Aron------245---cp=========[SUBSYSTEM=backlight], ret==[36]
02-06 20:59:32.061  2075  2075 E batterywarning: -------Aron------245---cp=========[SOURCE=sysfs], ret==[36]
02-06 20:59:32.061  2075  2075 E batterywarning: -------Aron------245---cp=========[SEQNUM=102662], ret==[72]
02-06 20:59:32.078  2075  2075 E batterywarning: -------Aron------245---cp=========[change@/devices/platform/soc/soc:ap-ahb/31100000.dsi/31100000.dsi.0/display/panel0/sprd_backlight], ret==[52]
02-06 20:59:32.078  2075  2075 E batterywarning: -------Aron------245---cp=========[ACTION=change], ret==[18]
02-06 20:59:32.078  2075  2075 E batterywarning: -------Aron------245---cp=========[DEVPATH=/devices/platform/soc/soc:ap-ahb/31100000.dsi/31100000.dsi.0/display/panel0/sprd_backlight], ret==[21]
02-06 20:59:32.078  2075  2075 E batterywarning: -------Aron------245---cp=========[SUBSYSTEM=backlight], ret==[36]
02-06 20:59:32.078  2075  2075 E batterywarning: -------Aron------245---cp=========[SOURCE=sysfs], ret==[36]
02-06 20:59:32.078  2075  2075 E batterywarning: -------Aron------245---cp=========[SEQNUM=102663], ret==[72]
02-06 20:59:32.095  2075  2075 E batterywarning: -------Aron------245---cp=========[change@/devices/platform/soc/soc:ap-ahb/31100000.dsi/31100000.dsi.0/display/panel0/sprd_backlight], ret==[52]
02-06 20:59:32.095  2075  2075 E batterywarning: -------Aron------245---cp=========[ACTION=change], ret==[18]
02-06 20:59:32.095  2075  2075 E batterywarning: -------Aron------245---cp=========[DEVPATH=/devices/platform/soc/soc:ap-ahb/31100000.dsi/31100000.dsi.0/display/panel0/sprd_backlight], ret==[21]
02-06 20:59:32.095  2075  2075 E batterywarning: -------Aron------245---cp=========[SUBSYSTEM=backlight], ret==[36]
02-06 20:59:32.095  2075  2075 E batterywarning: -------Aron------245---cp=========[SOURCE=sysfs], ret==[36]
02-06 20:59:32.095  2075  2075 E batterywarning: -------Aron------245---cp=========[SEQNUM=102664], ret==[72]
02-06 20:59:32.111  2075  2075 E batterywarning: -------Aron------245---cp=========[change@/devices/platform/soc/soc:ap-ahb/31100000.dsi/31100000.dsi.0/display/panel0/sprd_backlight], ret==[52]
02-06 20:59:32.111  2075  2075 E batterywarning: -------Aron------245---cp=========[ACTION=change], ret==[18]
02-06 20:59:32.111  2075  2075 E batterywarning: -------Aron------245---cp=========[DEVPATH=/devices/platform/soc/soc:ap-ahb/31100000.dsi/31100000.dsi.0/display/panel0/sprd_backlight], ret==[21]
02-06 20:59:32.111  2075  2075 E batterywarning: -------Aron------245---cp=========[SUBSYSTEM=backlight], ret==[36]
02-06 20:59:32.112  2075  2075 E batterywarning: -------Aron------245---cp=========[SOURCE=sysfs], ret==[36]
02-06 20:59:32.112  2075  2075 E batterywarning: -------Aron------245---cp=========[SEQNUM=102665], ret==[72]
02-06 20:59:32.128  2075  2075 E batterywarning: -------Aron------245---cp=========[change@/devices/platform/soc/soc:ap-ahb/31100000.dsi/31100000.dsi.0/display/panel0/sprd_backlight], ret==[52]
02-06 20:59:32.128  2075  2075 E batterywarning: -------Aron------245---cp=========[ACTION=change], ret==[18]
02-06 20:59:32.128  2075  2075 E batterywarning: -------Aron------245---cp=========[DEVPATH=/devices/platform/soc/soc:ap-ahb/31100000.dsi/31100000.dsi.0/display/panel0/sprd_backlight], ret==[21]
02-06 20:59:32.128  2075  2075 E batterywarning: -------Aron------245---cp=========[SUBSYSTEM=backlight], ret==[36]
02-06 20:59:32.128  2075  2075 E batterywarning: -------Aron------245---cp=========[SOURCE=sysfs], ret==[36]
02-06 20:59:32.128  2075  2075 E batterywarning: -------Aron------245---cp=========[SEQNUM=102666], ret==[72]
02-06 20:59:36.010  2075  2075 E batterywarning: -------Aron------245---cp=========[change@/devices/platform/soc/soc:ap-ahb/31100000.dsi/31100000.dsi.0/display/panel0/sprd_backlight], ret==[52]
02-06 20:59:36.010  2075  2075 E batterywarning: -------Aron------245---cp=========[ACTION=change], ret==[18]
02-06 20:59:36.010  2075  2075 E batterywarning: -------Aron------245---cp=========[DEVPATH=/devices/platform/soc/soc:ap-ahb/31100000.dsi/31100000.dsi.0/display/panel0/sprd_backlight], ret==[21]
02-06 20:59:36.010  2075  2075 E batterywarning: -------Aron------245---cp=========[SUBSYSTEM=backlight], ret==[36]
02-06 20:59:36.010  2075  2075 E batterywarning: -------Aron------245---cp=========[SOURCE=sysfs], ret==[36]
02-06 20:59:36.010  2075  2075 E batterywarning: -------Aron------245---cp=========[SEQNUM=102667], ret==[72]
02-06 20:59:36.025  2075  2075 E batterywarning: -------Aron------245---cp=========[change@/devices/platform/soc/soc:ap-ahb/31100000.dsi/31100000.dsi.0/display/panel0/sprd_backlight], ret==[52]
02-06 20:59:36.025  2075  2075 E batterywarning: -------Aron------245---cp=========[ACTION=change], ret==[18]
02-06 20:59:36.025  2075  2075 E batterywarning: -------Aron------245---cp=========[DEVPATH=/devices/platform/soc/soc:ap-ahb/31100000.dsi/31100000.dsi.0/display/panel0/sprd_backlight], ret==[21]
02-06 20:59:36.025  2075  2075 E batterywarning: -------Aron------245---cp=========[SUBSYSTEM=backlight], ret==[36]
02-06 20:59:36.025  2075  2075 E batterywarning: -------Aron------245---cp=========[SOURCE=sysfs], ret==[36]
02-06 20:59:36.025  2075  2075 E batterywarning: -------Aron------245---cp=========[SEQNUM=102668], ret==[72]
02-06 20:59:36.041  2075  2075 E batterywarning: -------Aron------245---cp=========[change@/devices/platform/soc/soc:ap-ahb/31100000.dsi/31100000.dsi.0/display/panel0/sprd_backlight], ret==[52]
02-06 20:59:36.041  2075  2075 E batterywarning: -------Aron------245---cp=========[ACTION=change], ret==[18]
02-06 20:59:36.041  2075  2075 E batterywarning: -------Aron------245---cp=========[DEVPATH=/devices/platform/soc/soc:ap-ahb/31100000.dsi/31100000.dsi.0/display/panel0/sprd_backlight], ret==[21]
02-06 20:59:36.041  2075  2075 E batterywarning: -------Aron------245---cp=========[SUBSYSTEM=backlight], ret==[36]
02-06 20:59:36.041  2075  2075 E batterywarning: -------Aron------245---cp=========[SOURCE=sysfs], ret==[36]
02-06 20:59:36.041  2075  2075 E batterywarning: -------Aron------245---cp=========[SEQNUM=102669], ret==[72]
02-06 20:59:36.058  2075  2075 E batterywarning: -------Aron------245---cp=========[change@/devices/platform/soc/soc:ap-ahb/31100000.dsi/31100000.dsi.0/display/panel0/sprd_backlight], ret==[52]
02-06 20:59:36.058  2075  2075 E batterywarning: -------Aron------245---cp=========[ACTION=change], ret==[18]
02-06 20:59:36.058  2075  2075 E batterywarning: -------Aron------245---cp=========[DEVPATH=/devices/platform/soc/soc:ap-ahb/31100000.dsi/31100000.dsi.0/display/panel0/sprd_backlight], ret==[21]
02-06 20:59:36.058  2075  2075 E batterywarning: -------Aron------245---cp=========[SUBSYSTEM=backlight], ret==[36]
02-06 20:59:36.058  2075  2075 E batterywarning: -------Aron------245---cp=========[SOURCE=sysfs], ret==[36]
02-06 20:59:36.059  2075  2075 E batterywarning: -------Aron------245---cp=========[SEQNUM=102670], ret==[72]
02-06 20:59:36.075  2075  2075 E batterywarning: -------Aron------245---cp=========[change@/devices/platform/soc/soc:ap-ahb/31100000.dsi/31100000.dsi.0/display/panel0/sprd_backlight],