02-06 20:53:08.726  2075  2075 E batterywarning: -------Aron------245---cp=========[DEVPATH=/devices/platform/soc/soc:ap-ahb/31100000.dsi/31100000.dsi.0/display/panel0/sprd_backlight], ret==[21]
02-06 20:53:08.726  2075  2075 E batterywarning: -------Aron------245---cp=========[SUBSYSTEM=backlight], ret==[36]
02-06 20:53:08.726  2075  2075 E batterywarning: -------Aron------245---cp=========[SOURCE=sysfs], ret==[36]
02-06 20:53:08.726  2075  2075 E batterywarning: -------Aron------245---cp=========[SEQNUM=102507], ret==[72]
02-06 20:53:08.742  2075  2075 E batterywarning: -------Aron------245---cp=========[change@/devices/platform/soc/soc:ap-ahb/31100000.dsi/31100000.dsi.0/display/panel0/sprd_backlight], ret==[52]
02-06 20:53:08.742  2075  2075 E batterywarning: -------Aron------245---cp=========[ACTION=change], ret==[18]
02-06 20:53:08.742  2075  2075 E batterywarning: -------Aron------245---cp=========[DEVPATH=/devices/platform/soc/soc:ap-ahb/31100000.dsi/31100000.dsi.0/display/panel0/sprd_backlight], ret==[21]
02-06 20:53:08.742  2075  2075 E batterywarning: -------Aron------245---cp=========[SUBSYSTEM=backlight], ret==[36]
02-06 20:53:08.742  2075  2075 E batterywarning: -------Aron------245---cp=========[SOURCE=sysfs], ret==[36]
02-06 20:53:08.742  2075  2075 E batterywarning: -------Aron------245---cp=========[SEQNUM=102508], ret==[72]
02-06 20:53:08.758  2075  2075 E batterywarning: -------Aron------245---cp=========[change@/devices/platform/soc/soc:ap-ahb/31100000.dsi/31100000.dsi.0/display/panel0/sprd_backlight], ret==[52]
02-06 20:53:08.758  2075  2075 E batterywarning: -------Aron------245---cp=========[ACTION=change], ret==[18]
02-06 20:53:08.758  2075  2075 E batterywarning: -------Aron------245---cp=========[DEVPATH=/devices/platform/soc/soc:ap-ahb/31100000.dsi/31100000.dsi.0/display/panel0/sprd_backlight], ret==[21]
02-06 20:53:08.758  2075  2075 E batterywarning: -------Aron------245---cp=========[SUBSYSTEM=backlight], ret==[36]
02-06 20:53:08.758  2075  2075 E batterywarning: -------Aron------245---cp=========[SOURCE=sysfs], ret==[36]
02-06 20:53:08.758  2075  2075 E batterywarning: -------Aron------245---cp=========[SEQNUM=102509], ret==[72]
02-06 20:53:08.775  2075  2075 E batterywarning: -------Aron------245---cp=========[change@/devices/platform/soc/soc:ap-ahb/31100000.dsi/31100000.dsi.0/display/panel0/sprd_backlight], ret==[52]
02-06 20:53:08.775  2075  2075 E batterywarning: -------Aron------245---cp=========[ACTION=change], ret==[18]
02-06 20:53:08.775  2075  2075 E batterywarning: -------Aron------245---cp=========[DEVPATH=/devices/platform/soc/soc:ap-ahb/31100000.dsi/31100000.dsi.0/display/panel0/sprd_backlight], ret==[21]
02-06 20:53:08.775  2075  2075 E batterywarning: -------Aron------245---cp=========[SUBSYSTEM=backlight], ret==[36]
02-06 20:53:08.775  2075  2075 E batterywarning: -------Aron------245---cp=========[SOURCE=sysfs], ret==[36]
02-06 20:53:08.775  2075  2075 E batterywarning: -------Aron------245---cp=========[SEQNUM=102510], ret==[72]
02-06 20:53:08.791  2075  2075 E batterywarning: -------Aron------245---cp=========[change@/devices/platform/soc/soc:ap-ahb/31100000.dsi/31100000.dsi.0/display/panel0/sprd_backlight], ret==[52]
02-06 20:53:08.791  2075  2075 E batterywarning: -------Aron------245---cp=========[ACTION=change], ret==[18]
02-06 20:53:08.791  2075  2075 E batterywarning: -------Aron------245---cp=========[DEVPATH=/devices/platform/soc/soc:ap-ahb/31100000.dsi/31100000.dsi.0/display/panel0/sprd_backlight], ret==[21]
02-06 20:53:08.791  2075  2075 E batterywarning: -------Aron------245---cp=========[SUBSYSTEM=backlight], ret==[36]
02-06 20:53:08.791  2075  2075 E batterywarning: -------Aron------245---cp=========[SOURCE=sysfs], ret==[36]
02-06 20:53:08.791  2075  2075 E batterywarning: -------Aron------245---cp=========[SEQNUM=102511], ret==[72]
02-06 20:53:08.808  2075  2075 E batterywarning: -------Aron------245---cp=========[change@/devices/platform/soc/soc:ap-ahb/31100000.dsi/31100000.dsi.0/display/panel0/sprd_backlight], ret==[52]
02-06 20:53:08.808  2075  2075 E batterywarning: -------Aron------245---cp=========[ACTION=change], ret==[18]
02-06 20:53:08.808  2075  2075 E batterywarning: -------Aron------245---cp=========[DEVPATH=/devices/platform/soc/soc:ap-ahb/31100000.dsi/31100000.dsi.0/display/panel0/sprd_backlight], ret==[21]
02-06 20:53:08.808  2075  2075 E batterywarning: -------Aron------245---cp=========[SUBSYSTEM=backlight], ret==[36]
02-06 20:53:08.808  2075  2075 E batterywarning: -------Aron------245---cp=========[SOURCE=sysfs], ret==[36]
02-06 20:53:08.808  2075  2075 E batterywarning: -------Aron------245---cp=========[SEQNUM=102512], ret==[72]
02-06 20:53:08.826  2075  2075 E batterywarning: -------Aron------245---cp=========[change@/devices/platform/soc/soc:ap-ahb/31100000.dsi/31100000.dsi.0/display/panel0/sprd_backlight], ret==[52]
02-06 20:53:08.826  2075  2075 E batterywarning: -------Aron------245---cp=========[ACTION=change], ret==[18]
02-06 20:53:08.826  2075  2075 E batterywarning: -------Aron------245---cp=========[DEVPATH=/devices/platform/soc/soc:ap-ahb/31100000.dsi/31100000.dsi.0/display/panel0/sprd_backlight], ret==[21]
02-06 20:53:08.826  2075  2075 E batterywarning: -------Aron------245---cp=========[SUBSYSTEM=backlight], ret==[36]
02-06 20:53:08.826  2075  2075 E batterywarning: -------Aron------245---cp=========[SOURCE=sysfs], ret==[36]
02-06 20:53:08.826  2075  2075 E batterywarning: -------Aron------245---cp=========[SEQNUM=102513], ret==[72]
02-06 20:53:08.973   836  3768 E CameraService: notifyMonitoredUids: Failed to trigger permission callback: -129
02-06 20:53:10.290  1073  1104 E UnisocWatchdog: WDT_Monitor: writeWDTMonitor duration=50,shutdowning=false
02-06 20:53:10.290  1073  1104 E UnisocWatchdog: UnisocWatchdogImpl sendMessage:0
02-06 20:53:10.290  1073  1201 E UnisocWatchdog: UNISOCWATCHDOG_MESSAGE_TIMER30 trigger
02-06 20:53:13.041   836  3768 E CameraService: notifyMonitoredUids: Failed to trigger permission callback: -129
02-06 20:53:13.043   836  5667 E CameraService: notifyMonitoredUids: Failed to trigger permission callback: -129
02-06 20:53:14.270  2075  2075 E batterywarning: -------Aron------245---cp=========[change@/devices/platform/soc/soc:ap-ahb/31100000.dsi/31100000.dsi.0/display/panel0/sprd_backlight], ret==[52]
02-06 20:53:14.270  2075  2075 E batterywarning: -------Aron------245---cp=========[ACTION=change], ret==[18]
02-06 20:53:14.270  2075  2075 E batterywarning: -------Aron------245---cp=========[DEVPATH=/devices/platform/soc/soc:ap-ahb/31100000.dsi/31100000.dsi.0/display/panel0/sprd_backlight], ret==[21]
02-06 20:53:14.270  2075  2075 E batterywarning: -------Aron------245---cp=========[SUBSYSTEM=backlight], ret==[36]
02-06 20:53:14.270  2075  2075 E batterywarning: -------Aron------245---cp=========[SOURCE=sysfs], ret==[36]
02-06 20:53:14.270  2075  2075 E batterywarning: -------Aron------245---cp=========[SEQNUM=102514], ret==[72]
02-06 20:53:14.287  2075  2075 E batterywarning: -------Aron------245---cp=========[change@/devices/platform/soc/soc:ap-ahb/31100000.dsi/31100000.dsi.0/display/panel0/sprd_backlight], ret==[52]
02-06 20:53:14.287  2075  2075 E batterywarning: -------Aron------245---cp=========[ACTION=change], ret==[18]
02-06 20:53:14.287  2075  2075 E batterywarning: -------Aron------245---cp=========[DEVPATH=/devices/platform/soc/soc:ap-ahb/31100000.dsi/31100000.dsi.0/display/panel0/sprd_backlight], ret==[21]
02-06 20:53:14.287  2075  2075 E batterywarning: -------Aron------245---cp=========[SUBSYSTEM=backlight], ret==[36]
02-06 20:53:14.287  2075  2075 E batterywarning: -------Aron------245---cp=========[SOURCE=sysfs], ret==[36]
02-06 20:53:14.287  2075  2075 E batterywarning: -------Aron------245---cp=========[SEQNUM=102515], ret==[72]
02-06 20:53:14.304  2075  2075 E batterywarning: -------Aron------245---cp=========[change@/devices/platform/soc/soc:ap-ahb/31100000.dsi/31100000.dsi.0/display/panel0/sprd_backlight], ret==[52]
02-06 20:53:14.304  2075  2075 E batterywarning: -------Aron------245---cp=========[ACTION=change], ret==[18]
02-06 20:53:14.304  2075  2075 E batterywarning: -------Aron------245---cp=========[DEVPATH=/devices/platform/soc/soc:ap-ahb/31100000.dsi/31100000.dsi.0/display/panel0/sprd_backlight], ret==[21]
02-06 20:53:14.304  2075  2075 E batterywarning: -------Aron------245---cp=========[SUBSYSTEM=backlight], ret==[36]
02-06 20:53:14.304  2075  2075 E batterywarning: -------Aron------245---cp=========[SOURCE=sysfs], ret==[36]
02-06 20:53:14.304  2075  2075 E batterywarning: -------Aron------245---cp=========[SEQNUM=102516], ret==[72]
02-06 20:53:14.320  2075  2075 E batterywarning: -------Aron------245---cp=========[change@/devices/platform/soc/soc:ap-ahb/31100000.dsi/31100000.dsi.0/display/panel0/sprd_backlight], ret==[52]
02-06 20:53:14.320  2075  2075 E batterywarning: -------Aron------245---cp=========[ACTION=change], ret==[18]
02-06 20:53:14.320  2075  2075 E batterywarning: -------Aron------245---cp=========[DEVPATH=/devices/platform/soc/soc:ap-ahb/31100000.dsi/31100000.dsi.0/display/panel0/sprd_backlight], ret==[21]
02-06 20:53:14.320  2075  2075 E batterywarning: -------Aron------245---cp=========[SUBSYSTEM=backlight], ret==[36]
02-06 20:53:14.320  2075  2075 E batterywarning: -------Aron------245---cp=========[SOURCE=sysfs], ret==[36]
02-06 20:53:14.320  2075  2075 E batterywarning: -------Aron------245---cp=========[SEQNUM=102517], ret==[72]
02-06 20:53:14.336  2075  2075 E batterywarning: -------Aron------245---cp=========[change@/devices/platform/soc/soc:ap-ahb/31100000.dsi/31100000.dsi.0/display/panel0/sprd_backlight], ret==[52]
02-06 20:53:14.336  2075  2075 E batterywarning: -------Aron------245---cp=========[ACTION=change], ret==[18]
02-06 20:53:14.336  2075  2075 E batterywarning: -------Aron------245---cp=========[DEVPATH=/devices/platform/soc/soc:ap-ahb/31100000.dsi/31100000.dsi.0/display/panel0/sprd_backlight], ret==[21]
02-06 20:53:14.336  2075  2075 E batterywarning: -------Aron------245---cp=========[SUBSYSTEM=backlight], ret==[36]
02-06 20:53:14.336  2075  2075 E batterywarning: -------Aron------245---cp=========[SOURCE=sysfs], ret==[36]
02-06 20:53:14.336  2075  2075 E batterywarning: -------Aron------245---cp=========[SEQNUM=102518], ret==[72]
02-06 20:53:14.353  2075  2075 E batterywarning: -------Aron------245---cp=========[change@/devices/platform/soc/soc:ap-ahb/31100000.dsi/31100000.dsi.0/display/panel0/sprd_backlight], ret==[52]
02-06 20:53:14.353  2075  2075 E batterywarning: -------Aron------245---cp=========[ACTION=change], ret==[18]
02-06 20:53:14.353  2075  2075 E batterywarning: -------Aron------245---cp=========[DEVPATH=/devices/platform/soc/soc:ap-ahb/31100000.dsi/31100000.dsi.0/display/panel0/sprd_backlight], ret==[21]
02-06 20:53:14.353  2075  2075 E batterywarning: -------Aron------245---cp=========[SUBSYSTEM=backlight], ret==[36]
02-06 20:53:14.353  2075  2075 E batterywarning: -------Aron------245---cp=========[SOURCE=sysfs], ret==[36]
02-06 20:53:14.353  2075  2075 E batterywarning: -------Aron------245---cp=========[SEQNUM=102519], ret==[72]
02-06 20:53:14.370  2075  2075 E batterywarning: -------Aron------245---cp=========[change@/devices/platform/soc/soc:ap-ahb/31100000.dsi/31100000.dsi.0/display/panel0/sprd_backlight], ret==[52]
02-06 20:53:14.370  2075  2075 E batterywarning: -------Aron------245---cp=========[ACTION=change], ret==[18]
02-06 20:53:14.370  2075  2075 E batterywarning: -------Aron------245---cp=========[DEVPATH=/devices/platform/soc/soc:ap-ahb/31100000.dsi/31100000.dsi.0/display/panel0/sprd_backlight], ret==[21]
02-06 20:53:14.370  2075  2075 E batterywarning: -------Aron------245---cp=========[SUBSYSTEM=backlight], ret==[36]
02-06 20:53:14.370  2075  2075 E batterywarning: -------Aron------245---cp=========[SOURCE=sysfs], ret==[36]
02-06 20:53:14.370  2075  2075 E batterywarning: -------Aron------245---cp=========[SEQNUM=102520], ret==[72]
02-06 20:53:14.387  2075  2075 E batterywarning: -------Aron------245---cp=========[change@/devices/platform/soc/soc:ap-ahb/31100000.dsi/31100000.dsi.0/display/panel0/sprd_backlight], ret==[52]
02-06 20:53:14.387  2075  2075 E batterywarning: -------Aron------245---cp=========[ACTION=change], ret==[18]
02-06 20:53:14.387  2075  2075 E batterywarning: -------Aron------245---cp=========[DEVPATH=/devices/platform/soc/soc:ap-ahb/31100000.dsi/31100000.dsi.0/display/panel0/sprd_backlight], ret==[21]
02-06 20:53:14.387  2075  2075 E batterywarning: -------Aron------245---cp=========[SUBSYSTEM=backlight], ret==[36]
02-06 20:53:14.387  2075  2075 E batterywarning: -------Aron------245---cp=========[SOURCE=sysfs], ret==[36]
02-06 20:53:14.387  2075  2075 E batterywarning: -------Aron------245---cp=========[SEQNUM=102521], ret==[72]
02-06 20:53:14.403  2075  2075 E batterywarning: -------Aron------245---cp=========[change@/devices/platform/soc/soc:ap-ahb/31100000.dsi/31100000.dsi.0/display/panel0/sprd_backlight], ret==[52]
02-06 20:53:14.403  2075  2075 E batterywarning: -------Aron------245---cp=========[ACTION=change], ret==[18]
02-06 20:53:14.403  2075  2075 E batterywarning: -------Aron------245---cp=========[DEVPATH=/devices/platform/soc/soc:ap-ahb/31100000.dsi/31100000.dsi.0/display/panel0/sprd_backlight], ret==[21]
02-06 20:53:14.403  2075  2075 E batterywarning: -------Aron------245---cp=========[SUBSYSTEM=backlight], ret==[36]
02-06 20:53:14.403  2075  2075 E batterywarning: -------Aron------245---cp=========[SOURCE=sysfs], ret==[36]
02-06 20:53:14.403  2075  2075 E batterywarning: -------Aron------245---cp=========[SEQNUM=102522], ret==[72]
02-06 20:53:14.420  2075  2075 E batterywarning: -------Aron------245---cp=========[change@/devices/platform/soc/soc:ap-ahb/31100000.dsi/31100000.dsi.0/display/panel0/sprd_backlight], ret==[52]
02-06 20:53:14.420  2075  2075 E batterywarning: -------Aron------245---cp=========[ACTION=change], ret==[18]
02-06 20:53:14.420  2075  2075 E batterywarning: -------Aron------245---cp=========[DEVPATH=/devices/platform/soc/soc:ap-ahb/31100000.dsi/31100000.dsi.0/display/panel0/sprd_backlight], ret==[21]
02-06 20:53:14.420  2075  2075 E batterywarning: -------Aron------245---cp=========[SUBSYSTEM=backlight], ret==[36]
02-06 20:53:14.420  2075  2075 E batterywarning: -------Aron------245---cp=========[SOURCE=sysfs], ret==[36]
02-06 20:53:14.420  2075  2075 E batterywarning: -------Aron------245---cp=========[SEQNUM=102523], ret==[72]
02-06 20:53:17.838  1073  1345 E ThermalHalWrapper: Couldn't get temperatures because of HAL error: can't find this type sensor
02-06 20:53:26.794   836  5858 E CameraService: notifyMonitoredUids: Failed to trigger permission callback: -129
02-06 20:53:26.795   836  4468 E CameraService: notifyMonitoredUids: Failed to trigger permission callback: -129
02-06 20:53:26.850   836  5858 E CameraService: notifyMonitoredUids: Failed to trigger permission callback: -129
02-06 20:53:26.851   836  5858 E CameraService: notifyMonitoredUids: Failed to trigger permission callback: -129
02-06 20:53:40.290  1073  1104 E UnisocWatchdog: WDT_Monitor: writeWDTMonitor duration=50,shutdowning=false
02-06 20:53:40.291  1073  1104 E UnisocWatchdog: UnisocWatchdogImpl sendMessage:0
02-06 20:53:40.291  1073  1201 E UnisocWatchdog: UNISOCWATCHDOG_MESSAGE_TIMER30 trigger
02-06 20:53:46.430  1073  1179 E PackageManager: ERROR: could not load root hash from incremental install
02-06 20:53:46.444   836  5667 E CameraService: notifyMonitoredUids: Failed to trigger permission callback: -129
02-06 20:53:46.445   836  1452 E CameraService: notifyMonitoredUids: Failed to trigger permission callback: -129
02-06 20:53:46.446   836  1452 E CameraService: notifyMonitoredUids: Failed to trigger permission callback: -129
02-06 20:53:46.514 16052 12695 E AbstractLogEventBuilder: The provided ProductIdOrigin 3 is not one of the process-level expected values: 1 or 2
02-06 20:53:46.544 16052 16166 E AbstractLogEventBuilder: The provided ProductIdOrigin 3 is not one of the process-level expected values: 1 or 2
02-06 20:53:46.717   431   431 E TrustyKeymaster: succeeded to send cmd (4) to com.android.trusty.keymaster with rc(286). errno: Success
02-06 20:53:46.718   431   431 E TrustyKeymaster: Getting response size (52)
02-06 20:53:46.720   431   431 E TrustyKeymaster: succeeded to send cmd (8) to com.android.trusty.keymaster with rc(38). errno: Success
02-06 20:53:46.721   431   431 E TrustyKeymaster: Getting response size (38)
02-06 20:53:46.722   431   431 E TrustyKeymaster: succeeded to send cmd (12) to com.android.trusty.keymaster with rc(32). errno: Success
02-06 20:53:46.722   431   431 E TrustyKeymaster: Getting response size (40)
02-06 20:53:46.726   431   431 E TrustyKeymaster: succeeded to send cmd (4) to com.android.trusty.keymaster with rc(310). errno: Success
02-06 20:53:46.726   431   431 E TrustyKeymaster: Getting response size (28)
02-06 20:53:46.729   431   431 E TrustyKeymaster: succeeded to send cmd (8) to com.android.trusty.keymaster with rc(54). errno: Success
02-06 20:53:46.730   431   431 E TrustyKeymaster: Getting response size (38)
02-06 20:53:46.730   431   431 E TrustyKeymaster: succeeded to send cmd (12) to com.android.trusty.keymaster with rc(32). errno: Success
02-06 20:53:46.731   431   431 E TrustyKeymaster: Getting response size (24)
02-06 20:53:46.734   431   431 E TrustyKeymaster: succeeded to send cmd (4) to com.android.trusty.keymaster with rc(310). errno: Success
02-06 20:53:46.736   431   431 E TrustyKeymaster: Getting response size (28)
02-06 20:53:46.738   431   431 E TrustyKeymaster: succeeded to send cmd (8) to com.android.trusty.keymaster with rc(152). errno: Success
02-06 20:53:46.738   431   431 E TrustyKeymaster: Getting response size (136)
02-06 20:53:46.739   431   431 E TrustyKeymaster: succeeded to send cmd (12) to com.android.trusty.keymaster with rc(32). errno: Success
02-06 20:53:46.740   431   431 E TrustyKeymaster: Getting response size (24)
02-06 20:53:46.752 16052 16187 E AbstractLogEventBuilder: The provided ProductIdOrigin 3 is not one of the process-level expected values: 1 or 2
02-06 20:53:46.822   431   431 E TrustyKeymaster: succeeded to send cmd (4) to com.android.trusty.keymaster with rc(286). errno: Success
02-06 20:53:46.823   431   431 E TrustyKeymaster: Getting response size (52)
02-06 20:53:46.826   431   431 E TrustyKeymaster: succeeded to send cmd (8) to com.android.trusty.keymaster with rc(38). errno: Success
02-06 20:53:46.827   431   431 E TrustyKeymaster: Getting response size (38)
02-06 20:53:46.828   431   431 E TrustyKeymaster: succeeded to send cmd (12) to com.android.trusty.keymaster with rc(32). errno: Success
02-06 20:53:46.828   431   431 E TrustyKeymaster: Getting response size (40)
02-06 20:53:46.829 12700 12711 E entsScanService: Could not write anonymous vdex /system_ext/framework/oat/arm64/unisoc-framework.vdex: Could not open /system_ext/framework/oat/arm64/unisoc-framework.vdex for writing
02-06 20:53:46.833 16052 16052 E AbstractLogEventBuilder: The provided ProductIdOrigin 3 is not one of the process-level expected values: 1 or 2
02-06 20:53:46.834   431   431 E TrustyKeymaster: succeeded to send cmd (4) to com.android.trusty.keymaster with rc(310). errno: Success
02-06 20:53:46.836   431   431 E TrustyKeymaster: Getting response size (28)
02-06 20:53:46.840   431   431 E TrustyKeymaster: succeeded to send cmd (8) to com.android.trusty.keymaster with rc(54). errno: Success
02-06 20:53:46.840   431   431 E TrustyKeymaster: Getting response size (38)
02-06 20:53:46.843   431   431 E TrustyKeymaster: succeeded to send cmd (12) to com.android.trusty.keymaster with rc(32). errno: Success
02-06 20:53:46.844   431   431 E TrustyKeymaster: Getting response size (24)
02-06 20:53:46.854   431   431 E TrustyKeymaster: succeeded to send cmd (4) to com.android.trusty.keymaster with rc(310). errno: Success
02-06 20:53:46.856   431   431 E TrustyKeymaster: Getting response size (28)
02-06 20:53:46.861   431   431 E TrustyKeymaster: succeeded to send cmd (8) to com.android.trusty.keymaster with rc(152). errno: Success
02-06 20:53:46.861   431   431 E TrustyKeymaster: Getting response size (136)
02-06 20:53:46.862   431   431 E TrustyKeymaster: succeeded to send cmd (12) to com.android.trusty.keymaster with rc(32). errno: Success
02-06 20:53:46.866   431   431 E TrustyKeymaster: Getting response size (24)
02-06 20:53:46.987   349   349 E SELinux : avc:  denied  { find } for pid=12700 uid=99146 name=content_capture scontext=u:r:isolated_app:s0:c512,c768 tcontext=u:object_r:content_capture_service:s0 tclass=service_manager permissive=0
02-06 20:53:47.382 16052 16161 E AbstractLogEventBuilder: The provided ProductIdOrigin 3 is not one of the process-level expected values: 1 or 2
02-06 20:53:47.426   836  4113 E CameraService: notifyMonitoredUids: Failed to trigger permission callback: -129
02-06 20:53:47.429   836  4113 E CameraService: notifyMonitoredUids: Failed to trigger permission callback: -129
02-06 20:53:47.433   836  5466 E CameraService: notifyMonitoredUids: Failed to trigger permission callback: -129
02-06 20:53:49.044 16052 12729 E AbstractLogEventBuilder: The provided ProductIdOrigin 3 is not one of the process-level expected values: 1 or 2
02-06 20:53:49.044 16052 16166 E AbstractLogEventBuilder: The provided ProductIdOrigin 3 is not one of the process-level expected values: 1 or 2
02-06 20:53:49.048 16052 12695 E AbstractLogEventBuilder: The provided ProductIdOrigin 3 is not one of the process-level expected values: 1 or 2
02-06 20:53:49.048 16052 16166 E AbstractLogEventBuilder: The provided ProductIdOrigin 3 is not one of the process-level expected values: 1 or 2
02-06 20:53:49.054 16052 12695 E Finsky  : [815] Package name null is not an installed package
02-06 20:53:49.059   836  5466 E CameraService: notifyMonitoredUids: Failed to trigger permission callback: -129
02-06 20:53:49.075   836  4113 E CameraService: notifyMonitoredUids: Failed to trigger permission callback: -129
02-06 20:53:49.076   836  5466 E CameraService: notifyMonitoredUids: Failed to trigger permission callback: -129
02-06 20:53:49.205   698   698 E BpTransactionCompletedListener: Failed to transact (-32)
02-06 20:53:49.238   836  3768 E CameraService: notifyMonitoredUids: Failed to trigger permission callback: -129
02-06 20:53:49.240   836  3768 E CameraService: notifyMonitoredUids: Failed to trigger permission callback: -129
02-06 20:53:49.240   836  3096 E CameraService: notifyMonitoredUids: Failed to trigger permission callback: -129
02-06 20:53:49.255   836  1214 E CameraService: notifyMonitoredUids: Failed to trigger permission callback: -129
02-06 20:53:49.259   836  1214 E CameraService: notifyMonitoredUids: Failed to trigger permission callback: -129
02-06 20:53:49.275   836  3096 E CameraService: notifyMonitoredUids: Failed to trigger permission callback: -129
02-06 20:53:49.276   836  3096 E CameraService: notifyMonitoredUids: Failed to trigger permission callback: -129
02-06 20:53:49.276  1073  1100 E SystemServiceRegistry: Manager wrapper not available: payjoy_access_service
02-06 20:53:49.276   836  3096 E CameraService: notifyMonitoredUids: Failed to trigger permission callback: -129
02-06 20:53:49.294   836  3096 E CameraService: notifyMonitoredUids: Failed to trigger permission callback: -129
02-06 20:53:49.295   836  3768 E CameraService: notifyMonitoredUids: Failed to trigger permission callback: -129
02-06 20:53:49.329  1073  1179 E JavaBinder: !!! FAILED BINDER TRANSACTION !!!  (parcel size = 124)
02-06 20:53:49.331  1073  1179 E JavaBinder: !!! FAILED BINDER TRANSACTION !!!  (parcel size = 124)
02-06 20:53:49.332  1073  1179 E JavaBinder: !!! FAILED BINDER TRANSACTION !!!  (parcel size = 124)
02-06 20:53:49.360 16052 16166 E Finsky  : [235] [Counters] attempted to use a non-positive increment for: 4752
02-06 20:53:49.362 16052 16166 E Finsky  : [235] [Counters] attempted to use a non-positive increment for: 4753
02-06 20:53:49.371 16052 16166 E Finsky  : [235] [Counters] attempted to use a non-positive increment for: 4752
02-06 20:53:49.375 16052 16184 E Finsky  : [242] [Counters] attempted to use a non-positive increment for: 4753
02-06 20:53:49.401   836  5667 E CameraService: notifyMonitoredUids: Failed to trigger permission callback: -129
02-06 20:53:49.412   836  5667 E CameraService: notifyMonitoredUids: Failed to trigger permission callback: -129
02-06 20:53:49.446   836  5667 E CameraService: notifyMonitoredUids: Failed to trigger permission callback: -129
02-06 20:53:49.447   836  5858 E CameraService: notifyMonitoredUids: Failed to trigger permission callback: -129
02-06 20:53:49.448   836  5858 E CameraService: notifyMonitoredUids: Failed to trigger permission callback: -129
02-06 20:53:49.448  1073  1179 E JavaBinder: !!! FAILED BINDER TRANSACTION !!!  (parcel size = 124)
02-06 20:53:49.448  1073  1179 E JavaBinder: !!! FAILED BINDER TRANSACTION !!!  (parcel size = 124)
02-06 20:53:49.448  1073  1179 E JavaBinder: !!! FAILED BINDER TRANSACTION !!!  (parcel size = 124)
02-06 20:53:49.466   836   836 E CameraService: notifyMonitoredUids: Failed to trigger permission callback: -129
02-06 20:53:49.477   836   836 E CameraService: notifyMonitoredUids: Failed to trigger permission callback: -129
02-06 20:53:49.485  1073  1179 E JavaBinder: !!! FAILED BINDER TRANSACTION !!!  (parcel size = 124)
02-06 20:53:49.485  1073  1179 E JavaBinder: !!! FAILED BINDER TRANSACTION !!!  (parcel size = 124)
02-06 20:53:49.485  1073  1179 E JavaBinder: !!! FAILED BINDER TRANSACTION !!!  (parcel size = 124)
02-06 20:53:49.488   842 28449 E installd: Couldn't opendir /data/app/vmdl278490994.tmp: No such file or directory
02-06 20:53:49.488   842 28449 E installd: Failed to delete /data/app/vmdl278490994.tmp: No such file or directory
02-06 20:53:49.510 16052 16161 E Finsky  : [232] [Counters] attempted to use a non-positive increment for: 4752
02-06 20:53:49.510 16052 16161 E Finsky  : [232] [Counters] attempted to use a non-positive increment for: 4753
02-06 20:53:49.517 16052 16166 E Finsky  : [235] [Counters] attempted to use a non-positive increment for: 4752
02-06 20:53:49.517 16052 16166 E Finsky  : [235] [Counters] attempted to use a non-positive increment for: 4753
02-06 20:53:49.517  2558  2856 E os_noti_center_NotiCenterManager: parseRuleFile: e = java.io.FileNotFoundException: /data/user/0/com.hoffnung/cache/os_noti_center_config.txt: open failed: ENOENT (No such file or directory)
02-06 20:53:49.517  2558  2856 E os_noti_center_NotiCenterManager: parseRuleFile: Coat time = 1
02-06 20:53:49.519   836  1452 E CameraService: notifyMonitoredUids: Failed to trigger permission callback: -129
02-06 20:53:49.527   836  1452 E CameraService: notifyMonitoredUids: Failed to trigger permission callback: -129
02-06 20:53:49.533   836  4468 E CameraService: notifyMonitoredUids: Failed to trigger permission callback: -129
02-06 20:53:49.537   836  4468 E CameraService: notifyMonitoredUids: Failed to trigger permission callback: -129
02-06 20:53:49.550 14361 14361 E os_lock_noti_DatabaseHelper: notifyChangeForOberver: uri = /allowedlist--- observer from = setNotificationData
02-06 20:53:49.567   836  1452 E CameraService: notifyMonitoredUids: Failed to trigger permission callback: -129
02-06 20:53:49.580  1073  1175 E VerityUtils: Failed to measure fs-verity, errno 1: /data/app/~~oUFqDg-nzcwl95kIyU-auQ==/com.rentman.app-Fx_MBC1ssM8d0ZxtfNB2KA==/base.apk
02-06 20:53:49.625  1073  1236 E ActivityManager: Sending non-protected broadcast sprd.intent.action.powerguru.PKG_CHANGED from system 1073:system/1000 pkg android
02-06 20:53:49.625  1073  1236 E ActivityManager: java.lang.Throwable
02-06 20:53:49.625  1073  1236 E ActivityManager: 	at com.android.server.am.ActivityManagerService.checkBroadcastFromSystem(ActivityManagerService.java:14255)
02-06 20:53:49.625  1073  1236 E ActivityManager: 	at com.android.server.am.ActivityManagerService.broadcastIntentLocked(ActivityManagerService.java:15002)
02-06 20:53:49.625  1073  1236 E ActivityManager: 	at com.android.server.am.ActivityManagerService.broadcastIntentLocked(ActivityManagerService.java:14273)
02-06 20:53:49.625  1073  1236 E ActivityManager: 	at com.android.server.am.ActivityManagerService.broadcastIntentWithFeature(ActivityManagerService.java:15187)
02-06 20:53:49.625  1073  1236 E ActivityManager: 	at android.app.ContextImpl.sendBroadcastAsUser(ContextImpl.java:1473)
02-06 20:53:49.625  1073  1236 E ActivityManager: 	at com.android.server.power.sprdpower.PowerGuruService.notifyDataChanged(PowerGuruService.java:2163)
02-06 20:53:49.625  1073  1236 E ActivityManager: 	at com.android.server.power.sprdpower.PowerGuruService.-$$Nest$mnotifyDataChanged(Unknown Source:0)
02-06 20:53:49.625  1073  1236 E ActivityManager: 	at com.android.server.power.sprdpower.PowerGuruService$InternalHandler.handleMessage(PowerGuruService.java:636)
02-06 20:53:49.625  1073  1236 E ActivityManager: 	at android.os.Handler.dispatchMessage(Handler.java:106)
02-06 20:53:49.625  1073  1236 E ActivityManager: 	at android.os.Looper.loopOnce(Looper.java:201)
02-06 20:53:49.625  1073  1236 E ActivityManager: 	at android.os.Looper.loop(Looper.java:288)
02-06 20:53:49.625  1073  1236 E ActivityManager: 	at android.os.HandlerThread.run(HandlerThread.java:67)
02-06 20:53:49.648  1073  1236 E ActivityManager: Sending non-protected broadcast sprd.intent.action.powerguru.PKG_CHANGED from system 1073:system/1000 pkg android
02-06 20:53:49.648  1073  1236 E ActivityManager: java.lang.Throwable
02-06 20:53:49.648  1073  1236 E ActivityManager: 	at com.android.server.am.ActivityManagerService.checkBroadcastFromSystem(ActivityManagerService.java:14255)
02-06 20:53:49.648  1073  1236 E ActivityManager: 	at com.android.server.am.ActivityManagerService.broadcastIntentLocked(ActivityManagerService.java:15002)
02-06 20:53:49.648  1073  1236 E ActivityManager: 	at com.android.server.am.ActivityManagerService.broadcastIntentLocked(ActivityManagerService.java:14273)
02-06 20:53:49.648  1073  1236 E ActivityManager: 	at com.android.server.am.ActivityManagerService.broadcastIntentWithFeature(ActivityManagerService.java:15187)
02-06 20:53:49.648  1073  1236 E ActivityManager: 	at android.app.ContextImpl.sendBroadcastAsUser(ContextImpl.java:1473)
02-06 20:53:49.648  1073  1236 E ActivityManager: 	at com.android.server.power.sprdpower.PowerGuruService.notifyDataChanged(PowerGuruService.java:2163)
02-06 20:53:49.648  1073  1236 E ActivityManager: 	at com.android.server.power.sprdpower.PowerGuruService.-$$Nest$mnotifyDataChanged(Unknown Source:0)
02-06 20:53:49.648  1073  1236 E ActivityManager: 	at com.android.server.power.sprdpower.PowerGuruService$InternalHandler.handleMessage(PowerGuruService.java:636)
02-06 20:53:49.648  1073  1236 E ActivityManager: 	at android.os.Handler.dispatchMessage(Handler.java:106)
02-06 20:53:49.648  1073  1236 E ActivityManager: 	at android.os.Looper.loopOnce(Looper.java:201)
02-06 20:53:49.648  1073  1236 E ActivityManager: 	at android.os.Looper.loop(Looper.java:288)
02-06 20:53:49.648  1073  1236 E ActivityManager: 	at android.os.HandlerThread.run(HandlerThread.java:67)
02-06 20:53:49.664  1073  1175 E VerityUtils: Failed to measure fs-verity, errno 1: /data/app/~~oUFqDg-nzcwl95kIyU-auQ==/com.rentman.app-Fx_MBC1ssM8d0ZxtfNB2KA==/base.apk
02-06 20:53:49.676   836  1452 E CameraService: notifyMonitoredUids: Failed to trigger permission callback: -129
02-06 20:53:49.818   836  4468 E CameraService: notifyMonitoredUids: Failed to trigger permission callback: -129
02-06 20:53:49.834   431   431 E TrustyKeymaster: succeeded to send cmd (4) to com.android.trusty.keymaster with rc(343). errno: Success
02-06 20:53:49.837   431   431 E TrustyKeymaster: Getting response size (28)
02-06 20:53:49.838   431   431 E TrustyKeymaster: succeeded to send cmd (12) to com.android.trusty.keymaster with rc(833). errno: Success
02-06 20:53:49.841   431   431 E TrustyKeymaster: Getting response size (94)
02-06 20:53:49.853  1073  1073 E JavaBinder: !!! FAILED BINDER TRANSACTION !!!  (parcel size = 136)
02-06 20:53:49.854  1073  1073 E JavaBinder: !!! FAILED BINDER TRANSACTION !!!  (parcel size = 136)
02-06 20:53:49.855  1073  1073 E JavaBinder: !!! FAILED BINDER TRANSACTION !!!  (parcel size = 136)
02-06 20:53:49.855  1073  1073 E JavaBinder: !!! FAILED BINDER TRANSACTION !!!  (parcel size = 136)
02-06 20:53:51.170   836  5667 E CameraService: notifyMonitoredUids: Failed to trigger permission callback: -129
02-06 20:53:51.171   836  5667 E CameraService: notifyMonitoredUids: Failed to trigger permission callback: -129
02-06 20:53:51.173   836  4468 E CameraService: notifyMonitoredUids: Failed to trigger permission callback: -129
02-06 20:53:51.173   349   349 E SELinux : avc:  denied  { find } for pid=1470 uid=10154 name=tran_pwhub scontext=u:r:platform_app:s0:c512,c768 tcontext=u:object_r:default_android_service:s0 tclass=service_manager permissive=0
02-06 20:53:51.228   836  1452 E CameraService: notifyMonitoredUids: Failed to trigger permission callback: -129
02-06 20:53:51.238   836  1452 E CameraService: notifyMonitoredUids: Failed to trigger permission callback: -129
02-06 20:53:51.258  1073  1100 E SystemServiceRegistry: Manager wrapper not available: payjoy_access_service
02-06 20:53:51.813 12832 12832 E libc    : SetHeapTaggingLevel: re-enabling tagging after it was disabled is not supported
02-06 20:53:51.847 12832 12842 E ocessService0:0: Could not write anonymous vdex /system_ext/framework/oat/arm64/unisoc-framework.vdex: Could not open /system_ext/framework/oat/arm64/unisoc-framework.vdex for writing
02-06 20:53:51.862   349   349 E SELinux : avc:  denied  { find } for pid=12832 uid=99147 name=content_capture scontext=u:r:isolated_app:s0:c512,c768 tcontext=u:object_r:content_capture_service:s0 tclass=service_manager permissive=0
02-06 20:53:51.938   836  3096 E CameraService: notifyMonitoredUids: Failed to trigger permission callback: -129
02-06 20:53:52.109 12802 12802 E Capacitor: Unable to read public/cordova.js file, Cordova plugins will not work
02-06 20:53:52.110 12802 12802 E Capacitor: Unable to read public/cordova_plugins.js file, Cordova plugins will not work
02-06 20:53:52.237   836  3096 E CameraService: notifyMonitoredUids: Failed to trigger permission callback: -129
02-06 20:53:52.243   836  3096 E CameraService: notifyMonitoredUids: Failed to trigger permission callback: -129
02-06 20:53:52.256   836  1213 E CameraService: notifyMonitoredUids: Failed to trigger permission callback: -129
02-06 20:53:52.256   836  4812 E CameraService: notifyMonitoredUids: Failed to trigger permission callback: -129
02-06 20:53:52.289   349   349 E SELinux : avc:  denied  { find } for pid=12802 uid=10286 name=tran_pwhub scontext=u:r:untrusted_app:s0:c30,c257,c512,c768 tcontext=u:object_r:default_android_service:s0 tclass=service_manager permissive=0
02-06 20:53:52.547   836  3768 E CameraService: notifyMonitoredUids: Failed to trigger permission callback: -129
02-06 20:53:52.574   836  3768 E CameraService: notifyMonitoredUids: Failed to trigger permission callback: -129
02-06 20:53:52.592   836  3768 E CameraService: notifyMonitoredUids: Failed to trigger permission callback: -129
02-06 20:53:52.598   836  3768 E CameraService: notifyMonitoredUids: Failed to trigger permission callback: -129
02-06 20:53:52.601   836  1213 E CameraService: notifyMonitoredUids: Failed to trigger permission callback: -129
02-06 20:53:52.603   836  3768 E CameraService: notifyMonitoredUids: Failed to trigger permission callback: -129
02-06 20:53:52.604   836  1214 E CameraService: notifyMonitoredUids: Failed to trigger permission callback: -129
02-06 20:53:52.611   836  4812 E CameraService: notifyMonitoredUids: Failed to trigger permission callback: -129
02-06 20:53:52.892   836  1452 E CameraService: notifyMonitoredUids: Failed to trigger permission callback: -129
02-06 20:53:55.338  2075  2075 E batterywarning: -------Aron------245---cp=========[change@/devices/platform/soc/soc:ap-ahb/31100000.dsi/31100000.dsi.0/display/panel0/sprd_backlight], ret==[52]
02-06 20:53:55.338  2075  2075 E batterywarning: -------Aron------245---cp=========[ACTION=change], ret==[18]
02-06 20:53:55.338  2075  2075 E batterywarning: -------Aron------245---cp=========[DEVPATH=/devices/platform/soc/soc:ap-ahb/31100000.dsi/31100000.dsi.0/display/panel0/sprd_backlight], ret==[21]
02-06 20:53:55.338  2075  2075 E batterywarning: -------Aron------245---cp=========[SUBSYSTEM=backlight], ret==[36]
02-06 20:53:55.338  2075  2075 E batterywarning: -------Aron------245---cp=========[SOURCE=sysfs], ret==[36]
02-06 20:53:55.338  2075  2075 E batterywarning: -------Aron------245---cp=========[SEQNUM=102524], ret==[72]
02-06 20:53:55.352  2075  2075 E batterywarning: -------Aron------245---cp=========[change@/devices/platform/soc/soc:ap-ahb/31100000.dsi/31100000.dsi.0/display/panel0/sprd_backlight], ret==[52]
02-06 20:53:55.352  2075  2075 E batterywarning: -------Aron------245---cp=========[ACTION=change], ret==[18]
02-06 20:53:55.352  2075  2075 E batterywarning: -------Aron------245---cp=========[DEVPATH=/devices/platform/soc/soc:ap-ahb/31100000.dsi/31100000.dsi.0/display/panel0/sprd_backlight], ret==[21]
02-06 20:53:55.352  2075  2075 E batterywarning: -------Aron------245---cp=========[SUBSYSTEM=backlight], ret==[36]
02-06 20:53:55.352  2075  2075 E batterywarning: -------Aron------245---cp=========[SOURCE=sysfs], ret==[36]
02-06 20:53:55.352  2075  2075 E batterywarning: -------Aron------245---cp=========[SEQNUM=102525], ret==[72]
02-06 20:53:55.368  2075  2075 E batterywarning: -------Aron------245---cp=========[change@/devices/platform/soc/soc:ap-ahb/31100000.dsi/31100000.dsi.0/display/panel0/sprd_backlight], ret==[52]
02-06 20:53:55.368  2075  2075 E batterywarning: -------Aron------245---cp=========[ACTION=change], ret==[18]
02-06 20:53:55.368  2075  2075 E batterywarning: -------Aron------245---cp=========[DEVPATH=/devices/platform/soc/soc:ap-ahb/31100000.dsi/31100000.dsi.0/display/panel0/sprd_backlight], ret==[21]
02-06 20:53:55.368  2075  2075 E batterywarning: -------Aron------245---cp=========[SUBSYSTEM=backlight], ret==[36]
02-06 20:53:55.368  2075  2075 E batterywarning: -------Aron------245---cp=========[SOURCE=sysfs], ret==[36]
02-06 20:53:55.368  2075  2075 E batterywarning: -------Aron------245---cp=========[SEQNUM=102526], ret==[72]
02-06 20:53:55.385  2075  2075 E batterywarning: -------Aron------245---cp=========[change@/devices/platform/soc/soc:ap-ahb/31100000.dsi/31100000.dsi.0/display/panel0/sprd_backlight], ret==[52]
02-06 20:53:55.385  2075  2075 E batterywarning: -------Aron------245---cp=========[ACTION=change], ret==[18]
02-06 20:53:55.385  2075  2075 E batterywarning: -------Aron------245---cp=========[DEVPATH=/devices/platform/soc/soc:ap-ahb/31100000.dsi/31100000.dsi.0/display/panel0/sprd_backlight], ret==[21]
02-06 20:53:55.385  2075  2075 E batterywarning: -------Aron------245---cp=========[SUBSYSTEM=backlight], ret==[36]
02-06 20:53:55.385  2075  2075 E batterywarning: -------Aron------245---cp=========[SOURCE=sysfs], ret==[36]
02-06 20:53:55.385  2075  2075 E batterywarning: -------Aron------245---cp=========[SEQNUM=102527], ret==[72]
02-06 20:53:55.402  2075  2075 E batterywarning: -------Aron------245---cp=========[change@/devices/platform/soc/soc:ap-ahb/31100000.dsi/31100000.dsi.0/display/panel0/sprd_backlight], ret==[52]
02-06 20:53:55.402  2075  2075 E batterywarning: -------Aron------245---cp=========[ACTION=change], ret==[18]
02-06 20:53:55.402  2075  2075 E batterywarning: -------Aron------245---cp=========[DEVPATH=/devices/platform/soc/soc:ap-ahb/31100000.dsi/31100000.dsi.0/display/panel0/sprd_backlight], ret==[21]
02-06 20:53:55.402  2075  2075 E batterywarning: -------Aron------245---cp=========[SUBSYSTEM=backlight], ret==[36]
02-06 20:53:55.402  2075  2075 E batterywarning: -------Aron------245---cp=========[SOURCE=sysfs], ret==[36]
02-06 20:53:55.402  2075  2075 E batterywarning: -------Aron------245---cp=========[SEQNUM=102528], ret==[72]
02-06 20:53:55.418  2075  2075 E batterywarning: -------Aron------245---cp=========[change@/devices/platform/soc/soc:ap-ahb/31100000.dsi/31100000.dsi.0/display/panel0/sprd_backlight], ret==[52]
02-06 20:53:55.418  2075  2075 E batterywarning: -------Aron------245---cp=========[ACTION=change], ret==[18]
02-06 20:53:55.418  2075  2075 E batterywarning: -------Aron------245---cp=========[DEVPATH=/devices/platform/soc/soc:ap-ahb/31100000.dsi/31100000.dsi.0/display/panel0/sprd_backlight], ret==[21]
02-06 20:53:55.418  2075  2075 E batterywarning: -------Aron------245---cp=========[SUBSYSTEM=backlight], ret==[36]
02-06 20:53:55.418  2075  2075 E batterywarning: -------Aron------245---cp=========[SOURCE=sysfs], ret==[36]
02-06 20:53:55.418  2075  2075 E batterywarning: -------Aron------245---cp=========[SEQNUM=102529], ret==[72]
02-06 20:53:55.435  2075  2075 E batterywarning: -------Aron------245---cp=========[change@/devices/platform/soc/soc:ap-ahb/31100000.dsi/31100000.dsi.0/display/panel0/sprd_backlight], ret==[52]
02-06 20:53:55.435  2075  2075 E batterywarning: -------Aron------245---cp=========[ACTION=change], ret==[18]
02-06 20:53:55.435  2075  2075 E batterywarning: -------Aron------245---cp=========[DEVPATH=/devices/platform/soc/soc:ap-ahb/31100000.dsi/31100000.dsi.0/display/panel0/sprd_backlight], ret==[21]
02-06 20:53:55.435  2075  2075 E batterywarning: -------Aron------245---cp=========[SUBSYSTEM=backlight], ret==[36]
02-06 20:53:55.435  2075  2075 E batterywarning: -------Aron------245---cp=========[SOURCE=sysfs], ret==[36]
02-06 20:53:55.435  2075  2075 E batterywarning: -------Aron------245---cp=========[SEQNUM=102530], ret==[72]
02-06 20:53:55.451  2075  2075 E batterywarning: -------Aron------245---cp=========[change@/devices/platform/soc/soc:ap-ahb/31100000.dsi/31100000.dsi.0/display/panel0/sprd_backlight], ret==[52]
02-06 20:53:55.451  2075  2075 E batterywarning: -------Aron------245---cp=========[ACTION=change], ret==[18]
02-06 20:53:55.451  2075  2075 E batterywarning: -------Aron------245---cp=========[DEVPATH=/devices/platform/soc/soc:ap-ahb/31100000.dsi/31100000.dsi.0/display/panel0/sprd_backlight], ret==[21]
02-06 20:53:55.451  2075  2075 E batterywarning: -------Aron------245---cp=========[SUBSYSTEM=backlight], ret==[36]
02-06 20:53:55.451  2075  2075 E batterywarning: -------Aron------245---cp=========[SOURCE=sysfs], ret==[36]
02-06 20:53:55.451  2075  2075 E batterywarning: -------Aron------245---cp=========[SEQNUM=102531], ret==[72]
02-06 20:53:55.467  2075  2075 E batterywarning: -------Aron------245---cp=========[change@/devices/platform/soc/soc:ap-ahb/31100000.dsi/31100000.dsi.0/display/panel0/sprd_backlight], ret==[52]
02-06 20:53:55.467  2075  2075 E batterywarning: -------Aron------245---cp=========[ACTION=change], ret==[18]
02-06 20:53:55.467  2075  2075 E batterywarning: -------Aron------245---cp=========[DEVPATH=/devices/platform/soc/soc:ap-ahb/31100000.dsi/31100000.dsi.0/display/panel0/sprd_backlight], ret==[21]
02-06 20:53:55.467  2075  2075 E batterywarning: -------Aron------245---cp=========[SUBSYSTEM=backlight], ret==[36]
02-06 20:53:55.467  2075  2075 E batterywarning: -------Aron------245---cp=========[SOURCE=sysfs], ret==[36]
02-06 20:53:55.467  2075  2075 E batterywarning: -------Aron------245---cp=========[SEQNUM=102532], ret==[72]
02-06 20:53:55.473 12802 12802 E Capacitor/Console: File: https://localhost/_next/static/chunks/9d06488ae7d6e382.js - Line 24 - Msg: TypeError: Failed to fetch
02-06 20:53:55.487  2075  2075 E batterywarning: -------Aron------245---cp=========[change@/devices/platform/soc/soc:ap-ahb/31100000.dsi/31100000.dsi.0/display/panel0/sprd_backlight], ret==[52]
02-06 20:53:55.487  2075  2075 E batterywarning: -------Aron------245---cp=========[ACTION=change], ret==[18]
02-06 20:53:55.487  2075  2075 E batterywarning: -------Aron------245---cp=========[DEVPATH=/devices/platform/soc/soc:ap-ahb/31100000.dsi/31100000.dsi.0/display/panel0/sprd_backlight], ret==[21]
02-06 20:53:55.487  2075  2075 E batterywarning: -------Aron------245---cp=========[SUBSYSTEM=backlight], ret==[36]
02-06 20:53:55.487  2075  2075 E batterywarning: -------Aron------245---cp=========[SOURCE=sysfs], ret==[36]
02-06 20:53:55.487  2075  2075 E batterywarning: -------Aron------245---cp=========[SEQNUM=102533], ret==[72]
02-06 20:53:55.501  2075  2075 E batterywarning: -------Aron------245---cp=========[change@/devices/platform/soc/soc:ap-ahb/31100000.dsi/31100000.dsi.0/display/panel0/sprd_backlight], ret==[52]
02-06 20:53:55.501  2075  2075 E batterywarning: -------Aron------245---cp=========[ACTION=change], ret==[18]
02-06 20:53:55.501  2075  2075 E batterywarning: -------Aron------245---cp=========[DEVPATH=/devices/platform/soc/soc:ap-ahb/31100000.dsi/31100000.dsi.0/display/panel0/sprd_backlight], ret==[21]
02-06 20:53:55.501  2075  2075 E batterywarning: -------Aron------245---cp=========[SUBSYSTEM=backlight], ret==[36]
02-06 20:53:55.501  2075  2075 E batterywarning: -------Aron------245---cp=========[SOURCE=sysfs], ret==[36]
02-06 20:53:55.501  2075  2075 E batterywarning: -------Aron------245---cp=========[SEQNUM=102534], ret==[72]
02-06 20:53:55.518  2075  2075 E batterywarning: -------Aron------245---cp=========[change@/devices/platform/soc/soc:ap-ahb/31100000.dsi/31100000.dsi.0/display/panel0/sprd_backlight], ret==[52]
02-06 20:53:55.518  2075  2075 E batterywarning: -------Aron------245---cp=========[ACTION=change], ret==[18]
02-06 20:53:55.518  2075  2075 E batterywarning: -------Aron------245---cp=========[DEVPATH=/devices/platform/soc/soc:ap-ahb/31100000.dsi/31100000.dsi.0/display/panel0/sprd_backlight], ret==[21]
02-06 20:53:55.518  2075  2075 E batterywarning: -------Aron------245---cp=========[SUBSYSTEM=backlight], ret==[36]
02-06 20:53:55.518  2075  2075 E batterywarning: -------Aron------245---cp=========[SOURCE=sysfs], ret==[36]
02-06 20:53:55.518  2075  2075 E batterywarning: -------Aron------245---cp=========[SEQNUM=102535], ret==[72]
02-06 20:53:55.534  2075  2075 E batterywarning: -------Aron------245---cp=========[change@/devices/platform/soc/soc:ap-ahb/31100000.dsi/31100000.dsi.0/display/panel0/sprd_backlight], ret==[52]
02-06 20:53:55.534  2075  2075 E batterywarning: -------Aron------245---cp=========[ACTION=change], ret==[18]
02-06 20:53:55.534  2075  2075 E batterywarning: -------Aron------245---cp=========[DEVPATH=/devices/platform/soc/soc:ap-ahb/31100000.dsi/31100000.dsi.0/display/panel0/sprd_backlight], ret==[21]
02-06 20:53:55.534  2075  2075 E batterywarning: -------Aron------245---cp=========[SUBSYSTEM=backlight], ret==[36]
02-06 20:53:55.534  2075  2075 E batterywarning: -------Aron------245---cp=========[SOURCE=sysfs], ret==[36]
02-06 20:53:55.534  2075  2075 E batterywarning: -------Aron------245---cp=========[SEQNUM=102536], ret==[72]
02-06 20:53:55.552  2075  2075 E batterywarning: -------Aron------245---cp=========[change@/devices/platform/soc/soc:ap-ahb/31100000.dsi/31100000.dsi.0/display/panel0/sprd_backlight], ret==[52]
02-06 20:53:55.552  2075  2075 E batterywarning: -------Aron------245---cp=========[ACTION=change], ret==[18]
02-06 20:53:55.552  2075  2075 E batterywarning: -------Aron------245---cp=========[DEVPATH=/devices/platform/soc/soc:ap-ahb/31100000.dsi/31100000.dsi.0/display/panel0/sprd_backlight], ret==[21]
02-06 20:53:55.552  2075  2075 E batterywarning: -------Aron------245---cp=========[SUBSYSTEM=backlight], ret==[36]
02-06 20:53:55.552  2075  2075 E batterywarning: -------Aron------245---cp=========[SOURCE=sysfs], ret==[36]
02-06 20:53:55.552  2075  2075 E batterywarning: -------Aron------245---cp=========[SEQNUM=102537], ret==[72]
02-06 20:53:55.568  2075  2075 E batterywarning: -------Aron------245---cp=========[change@/devices/platform/soc/soc:ap-ahb/31100000.dsi/31100000.dsi.0/display/panel0/sprd_backlight], ret==[52]
02-06 20:53:55.568  2075  2075 E batterywarning: -------Aron------245---cp=========[ACTION=change], ret==[18]
02-06 20:53:55.568  2075  2075 E batterywarning: -------Aron------245---cp=========[DEVPATH=/devices/platform/soc/soc:ap-ahb/31100000.dsi/31100000.dsi.0/display/panel0/sprd_backlight], ret==[21]
02-06 20:53:55.568  2075  2075 E batterywarning: -------Aron------245---cp=========[SUBSYSTEM=backlight], ret==[36]
02-06 20:53:55.568  2075  2075 E batterywarning: -------Aron------245---cp=========[SOURCE=sysfs], ret==[36]
02-06 20:53:55.568  2075  2075 E batterywarning: -------Aron------245---cp=========[SEQNUM=102538], ret==[72]
02-06 20:53:55.584  2075  2075 E batterywarning: -------Aron------245---cp=========[change@/devices/platform/soc/soc:ap-ahb/31100000.dsi/31100000.dsi.0/display/panel0/sprd_backlight], ret==[52]
02-06 20:53:55.585  2075  2075 E batterywarning: -------Aron------245---cp=========[ACTION=change], ret==[18]
02-06 20:53:55.585  2075  2075 E batterywarning: -------Aron------245---cp=========[DEVPATH=/devices/platform/soc/soc:ap-ahb/31100000.dsi/31100000.dsi.0/display/panel0/sprd_backlight], ret==[21]
02-06 20:53:55.585  2075  2075 E batterywarning: -------Aron------245---cp=========[SUBSYSTEM=backlight], ret==[36]
02-06 20:53:55.585  2075  2075 E batterywarning: -------Aron------245---cp=========[SOURCE=sysfs], ret==[36]
02-06 20:53:55.585  2075  2075 E batterywarning: -------Aron------245---cp=========[SEQNUM=102539], ret==[72]
02-06 20:53:55.601  2075  2075 E batterywarning: -------Aron------245---cp=========[change@/devices/platform/soc/soc:ap-ahb/31100000.dsi/31100000.dsi.0/display/panel0/sprd_backlight], ret==[52]
02-06 20:53:55.601  2075  2075 E batterywarning: -------Aron------245---cp=========[ACTION=change], ret==[18]
02-06 20:53:55.601  2075  2075 E batterywarning: -------Aron------245---cp=========[DEVPATH=/devices/platform/soc/soc:ap-ahb/31100000.dsi/31100000.dsi.0/display/panel0/sprd_backlight], ret==[21]
