02-06 20:53:55.601  2075  2075 E batterywarning: -------Aron------245---cp=========[SUBSYSTEM=backlight], ret==[36]
02-06 20:53:55.601  2075  2075 E batterywarning: -------Aron------245---cp=========[SOURCE=sysfs], ret==[36]
02-06 20:53:55.601  2075  2075 E batterywarning: -------Aron------245---cp=========[SEQNUM=102540], ret==[72]
02-06 20:53:55.618  2075  2075 E batterywarning: -------Aron------245---cp=========[change@/devices/platform/soc/soc:ap-ahb/31100000.dsi/31100000.dsi.0/display/panel0/sprd_backlight], ret==[52]
02-06 20:53:55.618  2075  2075 E batterywarning: -------Aron------245---cp=========[ACTION=change], ret==[18]
02-06 20:53:55.618  2075  2075 E batterywarning: -------Aron------245---cp=========[DEVPATH=/devices/platform/soc/soc:ap-ahb/31100000.dsi/31100000.dsi.0/display/panel0/sprd_backlight], ret==[21]
02-06 20:53:55.618  2075  2075 E batterywarning: -------Aron------245---cp=========[SUBSYSTEM=backlight], ret==[36]
02-06 20:53:55.618  2075  2075 E batterywarning: -------Aron------245---cp=========[SOURCE=sysfs], ret==[36]
02-06 20:53:55.618  2075  2075 E batterywarning: -------Aron------245---cp=========[SEQNUM=102541], ret==[72]
02-06 20:53:55.634  2075  2075 E batterywarning: -------Aron------245---cp=========[change@/devices/platform/soc/soc:ap-ahb/31100000.dsi/31100000.dsi.0/display/panel0/sprd_backlight], ret==[52]
02-06 20:53:55.634  2075  2075 E batterywarning: -------Aron------245---cp=========[ACTION=change], ret==[18]
02-06 20:53:55.634  2075  2075 E batterywarning: -------Aron------245---cp=========[DEVPATH=/devices/platform/soc/soc:ap-ahb/31100000.dsi/31100000.dsi.0/display/panel0/sprd_backlight], ret==[21]
02-06 20:53:55.634  2075  2075 E batterywarning: -------Aron------245---cp=========[SUBSYSTEM=backlight], ret==[36]
02-06 20:53:55.634  2075  2075 E batterywarning: -------Aron------245---cp=========[SOURCE=sysfs], ret==[36]
02-06 20:53:55.634  2075  2075 E batterywarning: -------Aron------245---cp=========[SEQNUM=102542], ret==[72]
02-06 20:53:55.652  2075  2075 E batterywarning: -------Aron------245---cp=========[change@/devices/platform/soc/soc:ap-ahb/31100000.dsi/31100000.dsi.0/display/panel0/sprd_backlight], ret==[52]
02-06 20:53:55.652  2075  2075 E batterywarning: -------Aron------245---cp=========[ACTION=change], ret==[18]
02-06 20:53:55.652  2075  2075 E batterywarning: -------Aron------245---cp=========[DEVPATH=/devices/platform/soc/soc:ap-ahb/31100000.dsi/31100000.dsi.0/display/panel0/sprd_backlight], ret==[21]
02-06 20:53:55.652  2075  2075 E batterywarning: -------Aron------245---cp=========[SUBSYSTEM=backlight], ret==[36]
02-06 20:53:55.652  2075  2075 E batterywarning: -------Aron------245---cp=========[SOURCE=sysfs], ret==[36]
02-06 20:53:55.652  2075  2075 E batterywarning: -------Aron------245---cp=========[SEQNUM=102543], ret==[72]
02-06 20:53:55.668  2075  2075 E batterywarning: -------Aron------245---cp=========[change@/devices/platform/soc/soc:ap-ahb/31100000.dsi/31100000.dsi.0/display/panel0/sprd_backlight], ret==[52]
02-06 20:53:55.668  2075  2075 E batterywarning: -------Aron------245---cp=========[ACTION=change], ret==[18]
02-06 20:53:55.668  2075  2075 E batterywarning: -------Aron------245---cp=========[DEVPATH=/devices/platform/soc/soc:ap-ahb/31100000.dsi/31100000.dsi.0/display/panel0/sprd_backlight], ret==[21]
02-06 20:53:55.668  2075  2075 E batterywarning: -------Aron------245---cp=========[SUBSYSTEM=backlight], ret==[36]
02-06 20:53:55.668  2075  2075 E batterywarning: -------Aron------245---cp=========[SOURCE=sysfs], ret==[36]
02-06 20:53:55.668  2075  2075 E batterywarning: -------Aron------245---cp=========[SEQNUM=102544], ret==[72]
02-06 20:53:55.685  2075  2075 E batterywarning: -------Aron------245---cp=========[change@/devices/platform/soc/soc:ap-ahb/31100000.dsi/31100000.dsi.0/display/panel0/sprd_backlight], ret==[52]
02-06 20:53:55.685  2075  2075 E batterywarning: -------Aron------245---cp=========[ACTION=change], ret==[18]
02-06 20:53:55.685  2075  2075 E batterywarning: -------Aron------245---cp=========[DEVPATH=/devices/platform/soc/soc:ap-ahb/31100000.dsi/31100000.dsi.0/display/panel0/sprd_backlight], ret==[21]
02-06 20:53:55.685  2075  2075 E batterywarning: -------Aron------245---cp=========[SUBSYSTEM=backlight], ret==[36]
02-06 20:53:55.685  2075  2075 E batterywarning: -------Aron------245---cp=========[SOURCE=sysfs], ret==[36]
02-06 20:53:55.685  2075  2075 E batterywarning: -------Aron------245---cp=========[SEQNUM=102545], ret==[72]
02-06 20:53:55.701  2075  2075 E batterywarning: -------Aron------245---cp=========[change@/devices/platform/soc/soc:ap-ahb/31100000.dsi/31100000.dsi.0/display/panel0/sprd_backlight], ret==[52]
02-06 20:53:55.701  2075  2075 E batterywarning: -------Aron------245---cp=========[ACTION=change], ret==[18]
02-06 20:53:55.701  2075  2075 E batterywarning: -------Aron------245---cp=========[DEVPATH=/devices/platform/soc/soc:ap-ahb/31100000.dsi/31100000.dsi.0/display/panel0/sprd_backlight], ret==[21]
02-06 20:53:55.701  2075  2075 E batterywarning: -------Aron------245---cp=========[SUBSYSTEM=backlight], ret==[36]
02-06 20:53:55.701  2075  2075 E batterywarning: -------Aron------245---cp=========[SOURCE=sysfs], ret==[36]
02-06 20:53:55.701  2075  2075 E batterywarning: -------Aron------245---cp=========[SEQNUM=102546], ret==[72]
02-06 20:53:55.717  2075  2075 E batterywarning: -------Aron------245---cp=========[change@/devices/platform/soc/soc:ap-ahb/31100000.dsi/31100000.dsi.0/display/panel0/sprd_backlight], ret==[52]
02-06 20:53:55.717  2075  2075 E batterywarning: -------Aron------245---cp=========[ACTION=change], ret==[18]
02-06 20:53:55.717  2075  2075 E batterywarning: -------Aron------245---cp=========[DEVPATH=/devices/platform/soc/soc:ap-ahb/31100000.dsi/31100000.dsi.0/display/panel0/sprd_backlight], ret==[21]
02-06 20:53:55.717  2075  2075 E batterywarning: -------Aron------245---cp=========[SUBSYSTEM=backlight], ret==[36]
02-06 20:53:55.717  2075  2075 E batterywarning: -------Aron------245---cp=========[SOURCE=sysfs], ret==[36]
02-06 20:53:55.717  2075  2075 E batterywarning: -------Aron------245---cp=========[SEQNUM=102547], ret==[72]
02-06 20:53:55.734  2075  2075 E batterywarning: -------Aron------245---cp=========[change@/devices/platform/soc/soc:ap-ahb/31100000.dsi/31100000.dsi.0/display/panel0/sprd_backlight], ret==[52]
02-06 20:53:55.734  2075  2075 E batterywarning: -------Aron------245---cp=========[ACTION=change], ret==[18]
02-06 20:53:55.734  2075  2075 E batterywarning: -------Aron------245---cp=========[DEVPATH=/devices/platform/soc/soc:ap-ahb/31100000.dsi/31100000.dsi.0/display/panel0/sprd_backlight], ret==[21]
02-06 20:53:55.734  2075  2075 E batterywarning: -------Aron------245---cp=========[SUBSYSTEM=backlight], ret==[36]
02-06 20:53:55.734  2075  2075 E batterywarning: -------Aron------245---cp=========[SOURCE=sysfs], ret==[36]
02-06 20:53:55.734  2075  2075 E batterywarning: -------Aron------245---cp=========[SEQNUM=102548], ret==[72]
02-06 20:53:55.751  2075  2075 E batterywarning: -------Aron------245---cp=========[change@/devices/platform/soc/soc:ap-ahb/31100000.dsi/31100000.dsi.0/display/panel0/sprd_backlight], ret==[52]
02-06 20:53:55.751  2075  2075 E batterywarning: -------Aron------245---cp=========[ACTION=change], ret==[18]
02-06 20:53:55.751  2075  2075 E batterywarning: -------Aron------245---cp=========[DEVPATH=/devices/platform/soc/soc:ap-ahb/31100000.dsi/31100000.dsi.0/display/panel0/sprd_backlight], ret==[21]
02-06 20:53:55.751  2075  2075 E batterywarning: -------Aron------245---cp=========[SUBSYSTEM=backlight], ret==[36]
02-06 20:53:55.751  2075  2075 E batterywarning: -------Aron------245---cp=========[SOURCE=sysfs], ret==[36]
02-06 20:53:55.751  2075  2075 E batterywarning: -------Aron------245---cp=========[SEQNUM=102549], ret==[72]
02-06 20:53:55.767  2075  2075 E batterywarning: -------Aron------245---cp=========[change@/devices/platform/soc/soc:ap-ahb/31100000.dsi/31100000.dsi.0/display/panel0/sprd_backlight], ret==[52]
02-06 20:53:55.767  2075  2075 E batterywarning: -------Aron------245---cp=========[ACTION=change], ret==[18]
02-06 20:53:55.767  2075  2075 E batterywarning: -------Aron------245---cp=========[DEVPATH=/devices/platform/soc/soc:ap-ahb/31100000.dsi/31100000.dsi.0/display/panel0/sprd_backlight], ret==[21]
02-06 20:53:55.767  2075  2075 E batterywarning: -------Aron------245---cp=========[SUBSYSTEM=backlight], ret==[36]
02-06 20:53:55.767  2075  2075 E batterywarning: -------Aron------245---cp=========[SOURCE=sysfs], ret==[36]
02-06 20:53:55.767  2075  2075 E batterywarning: -------Aron------245---cp=========[SEQNUM=102550], ret==[72]
02-06 20:53:55.784  2075  2075 E batterywarning: -------Aron------245---cp=========[change@/devices/platform/soc/soc:ap-ahb/31100000.dsi/31100000.dsi.0/display/panel0/sprd_backlight], ret==[52]
02-06 20:53:55.784  2075  2075 E batterywarning: -------Aron------245---cp=========[ACTION=change], ret==[18]
02-06 20:53:55.784  2075  2075 E batterywarning: -------Aron------245---cp=========[DEVPATH=/devices/platform/soc/soc:ap-ahb/31100000.dsi/31100000.dsi.0/display/panel0/sprd_backlight], ret==[21]
02-06 20:53:55.784  2075  2075 E batterywarning: -------Aron------245---cp=========[SUBSYSTEM=backlight], ret==[36]
02-06 20:53:55.784  2075  2075 E batterywarning: -------Aron------245---cp=========[SOURCE=sysfs], ret==[36]
02-06 20:53:55.784  2075  2075 E batterywarning: -------Aron------245---cp=========[SEQNUM=102551], ret==[72]
02-06 20:53:55.802  2075  2075 E batterywarning: -------Aron------245---cp=========[change@/devices/platform/soc/soc:ap-ahb/31100000.dsi/31100000.dsi.0/display/panel0/sprd_backlight], ret==[52]
02-06 20:53:55.802  2075  2075 E batterywarning: -------Aron------245---cp=========[ACTION=change], ret==[18]
02-06 20:53:55.802  2075  2075 E batterywarning: -------Aron------245---cp=========[DEVPATH=/devices/platform/soc/soc:ap-ahb/31100000.dsi/31100000.dsi.0/display/panel0/sprd_backlight], ret==[21]
02-06 20:53:55.802  2075  2075 E batterywarning: -------Aron------245---cp=========[SUBSYSTEM=backlight], ret==[36]
02-06 20:53:55.802  2075  2075 E batterywarning: -------Aron------245---cp=========[SOURCE=sysfs], ret==[36]
02-06 20:53:55.802  2075  2075 E batterywarning: -------Aron------245---cp=========[SEQNUM=102552], ret==[72]
02-06 20:53:55.818  2075  2075 E batterywarning: -------Aron------245---cp=========[change@/devices/platform/soc/soc:ap-ahb/31100000.dsi/31100000.dsi.0/display/panel0/sprd_backlight], ret==[52]
02-06 20:53:55.818  2075  2075 E batterywarning: -------Aron------245---cp=========[ACTION=change], ret==[18]
02-06 20:53:55.818  2075  2075 E batterywarning: -------Aron------245---cp=========[DEVPATH=/devices/platform/soc/soc:ap-ahb/31100000.dsi/31100000.dsi.0/display/panel0/sprd_backlight], ret==[21]
02-06 20:53:55.818  2075  2075 E batterywarning: -------Aron------245---cp=========[SUBSYSTEM=backlight], ret==[36]
02-06 20:53:55.818  2075  2075 E batterywarning: -------Aron------245---cp=========[SOURCE=sysfs], ret==[36]
02-06 20:53:55.818  2075  2075 E batterywarning: -------Aron------245---cp=========[SEQNUM=102553], ret==[72]
02-06 20:53:55.835  2075  2075 E batterywarning: -------Aron------245---cp=========[change@/devices/platform/soc/soc:ap-ahb/31100000.dsi/31100000.dsi.0/display/panel0/sprd_backlight], ret==[52]
02-06 20:53:55.835  2075  2075 E batterywarning: -------Aron------245---cp=========[ACTION=change], ret==[18]
02-06 20:53:55.835  2075  2075 E batterywarning: -------Aron------245---cp=========[DEVPATH=/devices/platform/soc/soc:ap-ahb/31100000.dsi/31100000.dsi.0/display/panel0/sprd_backlight], ret==[21]
02-06 20:53:55.835  2075  2075 E batterywarning: -------Aron------245---cp=========[SUBSYSTEM=backlight], ret==[36]
02-06 20:53:55.835  2075  2075 E batterywarning: -------Aron------245---cp=========[SOURCE=sysfs], ret==[36]
02-06 20:53:55.835  2075  2075 E batterywarning: -------Aron------245---cp=========[SEQNUM=102554], ret==[72]
02-06 20:53:55.851  2075  2075 E batterywarning: -------Aron------245---cp=========[change@/devices/platform/soc/soc:ap-ahb/31100000.dsi/31100000.dsi.0/display/panel0/sprd_backlight], ret==[52]
02-06 20:53:55.851  2075  2075 E batterywarning: -------Aron------245---cp=========[ACTION=change], ret==[18]
02-06 20:53:55.851  2075  2075 E batterywarning: -------Aron------245---cp=========[DEVPATH=/devices/platform/soc/soc:ap-ahb/31100000.dsi/31100000.dsi.0/display/panel0/sprd_backlight], ret==[21]
02-06 20:53:55.851  2075  2075 E batterywarning: -------Aron------245---cp=========[SUBSYSTEM=backlight], ret==[36]
02-06 20:53:55.851  2075  2075 E batterywarning: -------Aron------245---cp=========[SOURCE=sysfs], ret==[36]
02-06 20:53:55.851  2075  2075 E batterywarning: -------Aron------245---cp=========[SEQNUM=102555], ret==[72]
02-06 20:53:55.868  2075  2075 E batterywarning: -------Aron------245---cp=========[change@/devices/platform/soc/soc:ap-ahb/31100000.dsi/31100000.dsi.0/display/panel0/sprd_backlight], ret==[52]
02-06 20:53:55.868  2075  2075 E batterywarning: -------Aron------245---cp=========[ACTION=change], ret==[18]
02-06 20:53:55.868  2075  2075 E batterywarning: -------Aron------245---cp=========[DEVPATH=/devices/platform/soc/soc:ap-ahb/31100000.dsi/31100000.dsi.0/display/panel0/sprd_backlight], ret==[21]
02-06 20:53:55.868  2075  2075 E batterywarning: -------Aron------245---cp=========[SUBSYSTEM=backlight], ret==[36]
02-06 20:53:55.868  2075  2075 E batterywarning: -------Aron------245---cp=========[SOURCE=sysfs], ret==[36]
02-06 20:53:55.868  2075  2075 E batterywarning: -------Aron------245---cp=========[SEQNUM=102556], ret==[72]
02-06 20:53:55.885  2075  2075 E batterywarning: -------Aron------245---cp=========[change@/devices/platform/soc/soc:ap-ahb/31100000.dsi/31100000.dsi.0/display/panel0/sprd_backlight], ret==[52]
02-06 20:53:55.885  2075  2075 E batterywarning: -------Aron------245---cp=========[ACTION=change], ret==[18]
02-06 20:53:55.885  2075  2075 E batterywarning: -------Aron------245---cp=========[DEVPATH=/devices/platform/soc/soc:ap-ahb/31100000.dsi/31100000.dsi.0/display/panel0/sprd_backlight], ret==[21]
02-06 20:53:55.885  2075  2075 E batterywarning: -------Aron------245---cp=========[SUBSYSTEM=backlight], ret==[36]
02-06 20:53:55.885  2075  2075 E batterywarning: -------Aron------245---cp=========[SOURCE=sysfs], ret==[36]
02-06 20:53:55.885  2075  2075 E batterywarning: -------Aron------245---cp=========[SEQNUM=102557], ret==[72]
02-06 20:53:55.901  2075  2075 E batterywarning: -------Aron------245---cp=========[change@/devices/platform/soc/soc:ap-ahb/31100000.dsi/31100000.dsi.0/display/panel0/sprd_backlight], ret==[52]
02-06 20:53:55.901  2075  2075 E batterywarning: -------Aron------245---cp=========[ACTION=change], ret==[18]
02-06 20:53:55.901  2075  2075 E batterywarning: -------Aron------245---cp=========[DEVPATH=/devices/platform/soc/soc:ap-ahb/31100000.dsi/31100000.dsi.0/display/panel0/sprd_backlight], ret==[21]
02-06 20:53:55.901  2075  2075 E batterywarning: -------Aron------245---cp=========[SUBSYSTEM=backlight], ret==[36]
02-06 20:53:55.901  2075  2075 E batterywarning: -------Aron------245---cp=========[SOURCE=sysfs], ret==[36]
02-06 20:53:55.901  2075  2075 E batterywarning: -------Aron------245---cp=========[SEQNUM=102558], ret==[72]
02-06 20:53:55.919  2075  2075 E batterywarning: -------Aron------245---cp=========[change@/devices/platform/soc/soc:ap-ahb/31100000.dsi/31100000.dsi.0/display/panel0/sprd_backlight], ret==[52]
02-06 20:53:55.919  2075  2075 E batterywarning: -------Aron------245---cp=========[ACTION=change], ret==[18]
02-06 20:53:55.919  2075  2075 E batterywarning: -------Aron------245---cp=========[DEVPATH=/devices/platform/soc/soc:ap-ahb/31100000.dsi/31100000.dsi.0/display/panel0/sprd_backlight], ret==[21]
02-06 20:53:55.919  2075  2075 E batterywarning: -------Aron------245---cp=========[SUBSYSTEM=backlight], ret==[36]
02-06 20:53:55.919  2075  2075 E batterywarning: -------Aron------245---cp=========[SOURCE=sysfs], ret==[36]
02-06 20:53:55.919  2075  2075 E batterywarning: -------Aron------245---cp=========[SEQNUM=102559], ret==[72]
02-06 20:53:55.935  2075  2075 E batterywarning: -------Aron------245---cp=========[change@/devices/platform/soc/soc:ap-ahb/31100000.dsi/31100000.dsi.0/display/panel0/sprd_backlight], ret==[52]
02-06 20:53:55.935  2075  2075 E batterywarning: -------Aron------245---cp=========[ACTION=change], ret==[18]
02-06 20:53:55.935  2075  2075 E batterywarning: -------Aron------245---cp=========[DEVPATH=/devices/platform/soc/soc:ap-ahb/31100000.dsi/31100000.dsi.0/display/panel0/sprd_backlight], ret==[21]
02-06 20:53:55.935  2075  2075 E batterywarning: -------Aron------245---cp=========[SUBSYSTEM=backlight], ret==[36]
02-06 20:53:55.935  2075  2075 E batterywarning: -------Aron------245---cp=========[SOURCE=sysfs], ret==[36]
02-06 20:53:55.935  2075  2075 E batterywarning: -------Aron------245---cp=========[SEQNUM=102560], ret==[72]
02-06 20:53:56.768   836  3096 E CameraService: notifyMonitoredUids: Failed to trigger permission callback: -129
02-06 20:53:59.663   893   918 E SLOGCP  : data_rate_stat: agdsp rate: total size(MB)=0.000000; per second(bytes)=0.000000, drop_cnt_=0, drop_data_size_=0
02-06 20:54:03.226   836  3096 E CameraService: notifyMonitoredUids: Failed to trigger permission callback: -129
02-06 20:54:03.477   836  3096 E CameraService: notifyMonitoredUids: Failed to trigger permission callback: -129
02-06 20:54:03.479   836  4812 E CameraService: notifyMonitoredUids: Failed to trigger permission callback: -129
02-06 20:54:06.080   836  3096 E CameraService: notifyMonitoredUids: Failed to trigger permission callback: -129
02-06 20:54:06.303   836  3096 E CameraService: notifyMonitoredUids: Failed to trigger permission callback: -129
02-06 20:54:07.326  2075  2075 E batterywarning: -------Aron------245---cp=========[change@/devices/platform/soc/soc:ap-ahb/31100000.dsi/31100000.dsi.0/display/panel0/sprd_backlight], ret==[52]
02-06 20:54:07.326  2075  2075 E batterywarning: -------Aron------245---cp=========[ACTION=change], ret==[18]
02-06 20:54:07.326  2075  2075 E batterywarning: -------Aron------245---cp=========[DEVPATH=/devices/platform/soc/soc:ap-ahb/31100000.dsi/31100000.dsi.0/display/panel0/sprd_backlight], ret==[21]
02-06 20:54:07.326  2075  2075 E batterywarning: -------Aron------245---cp=========[SUBSYSTEM=backlight], ret==[36]
02-06 20:54:07.326  2075  2075 E batterywarning: -------Aron------245---cp=========[SOURCE=sysfs], ret==[36]
02-06 20:54:07.326  2075  2075 E batterywarning: -------Aron------245---cp=========[SEQNUM=102561], ret==[72]
02-06 20:54:07.341  2075  2075 E batterywarning: -------Aron------245---cp=========[change@/devices/platform/soc/soc:ap-ahb/31100000.dsi/31100000.dsi.0/display/panel0/sprd_backlight], ret==[52]
02-06 20:54:07.341  2075  2075 E batterywarning: -------Aron------245---cp=========[ACTION=change], ret==[18]
02-06 20:54:07.341  2075  2075 E batterywarning: -------Aron------245---cp=========[DEVPATH=/devices/platform/soc/soc:ap-ahb/31100000.dsi/31100000.dsi.0/display/panel0/sprd_backlight], ret==[21]
02-06 20:54:07.341  2075  2075 E batterywarning: -------Aron------245---cp=========[SUBSYSTEM=backlight], ret==[36]
02-06 20:54:07.341  2075  2075 E batterywarning: -------Aron------245---cp=========[SOURCE=sysfs], ret==[36]
02-06 20:54:07.341  2075  2075 E batterywarning: -------Aron------245---cp=========[SEQNUM=102562], ret==[72]
02-06 20:54:07.358  2075  2075 E batterywarning: -------Aron------245---cp=========[change@/devices/platform/soc/soc:ap-ahb/31100000.dsi/31100000.dsi.0/display/panel0/sprd_backlight], ret==[52]
02-06 20:54:07.358  2075  2075 E batterywarning: -------Aron------245---cp=========[ACTION=change], ret==[18]
02-06 20:54:07.358  2075  2075 E batterywarning: -------Aron------245---cp=========[DEVPATH=/devices/platform/soc/soc:ap-ahb/31100000.dsi/31100000.dsi.0/display/panel0/sprd_backlight], ret==[21]
02-06 20:54:07.358  2075  2075 E batterywarning: -------Aron------245---cp=========[SUBSYSTEM=backlight], ret==[36]
02-06 20:54:07.358  2075  2075 E batterywarning: -------Aron------245---cp=========[SOURCE=sysfs], ret==[36]
02-06 20:54:07.358  2075  2075 E batterywarning: -------Aron------245---cp=========[SEQNUM=102563], ret==[72]
02-06 20:54:07.374  2075  2075 E batterywarning: -------Aron------245---cp=========[change@/devices/platform/soc/soc:ap-ahb/31100000.dsi/31100000.dsi.0/display/panel0/sprd_backlight], ret==[52]
02-06 20:54:07.374  2075  2075 E batterywarning: -------Aron------245---cp=========[ACTION=change], ret==[18]
02-06 20:54:07.374  2075  2075 E batterywarning: -------Aron------245---cp=========[DEVPATH=/devices/platform/soc/soc:ap-ahb/31100000.dsi/31100000.dsi.0/display/panel0/sprd_backlight], ret==[21]
02-06 20:54:07.374  2075  2075 E batterywarning: -------Aron------245---cp=========[SUBSYSTEM=backlight], ret==[36]
02-06 20:54:07.374  2075  2075 E batterywarning: -------Aron------245---cp=========[SOURCE=sysfs], ret==[36]
02-06 20:54:07.374  2075  2075 E batterywarning: -------Aron------245---cp=========[SEQNUM=102564], ret==[72]
02-06 20:54:07.392  2075  2075 E batterywarning: -------Aron------245---cp=========[change@/devices/platform/soc/soc:ap-ahb/31100000.dsi/31100000.dsi.0/display/panel0/sprd_backlight], ret==[52]
02-06 20:54:07.392  2075  2075 E batterywarning: -------Aron------245---cp=========[ACTION=change], ret==[18]
02-06 20:54:07.392  2075  2075 E batterywarning: -------Aron------245---cp=========[DEVPATH=/devices/platform/soc/soc:ap-ahb/31100000.dsi/31100000.dsi.0/display/panel0/sprd_backlight], ret==[21]
02-06 20:54:07.392  2075  2075 E batterywarning: -------Aron------245---cp=========[SUBSYSTEM=backlight], ret==[36]
02-06 20:54:07.392  2075  2075 E batterywarning: -------Aron------245---cp=========[SOURCE=sysfs], ret==[36]
02-06 20:54:07.392  2075  2075 E batterywarning: -------Aron------245---cp=========[SEQNUM=102565], ret==[72]
02-06 20:54:07.408  2075  2075 E batterywarning: -------Aron------245---cp=========[change@/devices/platform/soc/soc:ap-ahb/31100000.dsi/31100000.dsi.0/display/panel0/sprd_backlight], ret==[52]
02-06 20:54:07.408  2075  2075 E batterywarning: -------Aron------245---cp=========[ACTION=change], ret==[18]
02-06 20:54:07.408  2075  2075 E batterywarning: -------Aron------245---cp=========[DEVPATH=/devices/platform/soc/soc:ap-ahb/31100000.dsi/31100000.dsi.0/display/panel0/sprd_backlight], ret==[21]
02-06 20:54:07.408  2075  2075 E batterywarning: -------Aron------245---cp=========[SUBSYSTEM=backlight], ret==[36]
02-06 20:54:07.408  2075  2075 E batterywarning: -------Aron------245---cp=========[SOURCE=sysfs], ret==[36]
02-06 20:54:07.408  2075  2075 E batterywarning: -------Aron------245---cp=========[SEQNUM=102566], ret==[72]
02-06 20:54:07.425  2075  2075 E batterywarning: -------Aron------245---cp=========[change@/devices/platform/soc/soc:ap-ahb/31100000.dsi/31100000.dsi.0/display/panel0/sprd_backlight], ret==[52]
02-06 20:54:07.425  2075  2075 E batterywarning: -------Aron------245---cp=========[ACTION=change], ret==[18]
02-06 20:54:07.425  2075  2075 E batterywarning: -------Aron------245---cp=========[DEVPATH=/devices/platform/soc/soc:ap-ahb/31100000.dsi/31100000.dsi.0/display/panel0/sprd_backlight], ret==[21]
02-06 20:54:07.425  2075  2075 E batterywarning: -------Aron------245---cp=========[SUBSYSTEM=backlight], ret==[36]
02-06 20:54:07.425  2075  2075 E batterywarning: -------Aron------245---cp=========[SOURCE=sysfs], ret==[36]
02-06 20:54:07.425  2075  2075 E batterywarning: -------Aron------245---cp=========[SEQNUM=102567], ret==[72]
02-06 20:54:07.442  2075  2075 E batterywarning: -------Aron------245---cp=========[change@/devices/platform/soc/soc:ap-ahb/31100000.dsi/31100000.dsi.0/display/panel0/sprd_backlight], ret==[52]
02-06 20:54:07.442  2075  2075 E batterywarning: -------Aron------245---cp=========[ACTION=change], ret==[18]
02-06 20:54:07.442  2075  2075 E batterywarning: -------Aron------245---cp=========[DEVPATH=/devices/platform/soc/soc:ap-ahb/31100000.dsi/31100000.dsi.0/display/panel0/sprd_backlight], ret==[21]
02-06 20:54:07.442  2075  2075 E batterywarning: -------Aron------245---cp=========[SUBSYSTEM=backlight], ret==[36]
02-06 20:54:07.442  2075  2075 E batterywarning: -------Aron------245---cp=========[SOURCE=sysfs], ret==[36]
02-06 20:54:07.442  2075  2075 E batterywarning: -------Aron------245---cp=========[SEQNUM=102568], ret==[72]
02-06 20:54:07.459  2075  2075 E batterywarning: -------Aron------245---cp=========[change@/devices/platform/soc/soc:ap-ahb/31100000.dsi/31100000.dsi.0/display/panel0/sprd_backlight], ret==[52]
02-06 20:54:07.459  2075  2075 E batterywarning: -------Aron------245---cp=========[ACTION=change], ret==[18]
02-06 20:54:07.459  2075  2075 E batterywarning: -------Aron------245---cp=========[DEVPATH=/devices/platform/soc/soc:ap-ahb/31100000.dsi/31100000.dsi.0/display/panel0/sprd_backlight], ret==[21]
02-06 20:54:07.459  2075  2075 E batterywarning: -------Aron------245---cp=========[SUBSYSTEM=backlight], ret==[36]
02-06 20:54:07.459  2075  2075 E batterywarning: -------Aron------245---cp=========[SOURCE=sysfs], ret==[36]
02-06 20:54:07.459  2075  2075 E batterywarning: -------Aron------245---cp=========[SEQNUM=102569], ret==[72]
02-06 20:54:07.475  2075  2075 E batterywarning: -------Aron------245---cp=========[change@/devices/platform/soc/soc:ap-ahb/31100000.dsi/31100000.dsi.0/display/panel0/sprd_backlight], ret==[52]
02-06 20:54:07.475  2075  2075 E batterywarning: -------Aron------245---cp=========[ACTION=change], ret==[18]
02-06 20:54:07.475  2075  2075 E batterywarning: -------Aron------245---cp=========[DEVPATH=/devices/platform/soc/soc:ap-ahb/31100000.dsi/31100000.dsi.0/display/panel0/sprd_backlight], ret==[21]
02-06 20:54:07.475  2075  2075 E batterywarning: -------Aron------245---cp=========[SUBSYSTEM=backlight], ret==[36]
02-06 20:54:07.475  2075  2075 E batterywarning: -------Aron------245---cp=========[SOURCE=sysfs], ret==[36]
02-06 20:54:07.475  2075  2075 E batterywarning: -------Aron------245---cp=========[SEQNUM=102570], ret==[72]
02-06 20:54:07.604   836  3096 E CameraService: notifyMonitoredUids: Failed to trigger permission callback: -129
02-06 20:54:07.611   836  3096 E CameraService: notifyMonitoredUids: Failed to trigger permission callback: -129
02-06 20:54:07.616   836  3096 E CameraService: notifyMonitoredUids: Failed to trigger permission callback: -129
02-06 20:54:07.621   836  1452 E CameraService: notifyMonitoredUids: Failed to trigger permission callback: -129
02-06 20:54:10.291  1073  1104 E UnisocWatchdog: WDT_Monitor: writeWDTMonitor duration=50,shutdowning=false
02-06 20:54:10.292  1073  1104 E UnisocWatchdog: UnisocWatchdogImpl sendMessage:0
02-06 20:54:10.292  1073  1201 E UnisocWatchdog: UNISOCWATCHDOG_MESSAGE_TIMER30 trigger
02-06 20:54:17.275   836  1452 E CameraService: notifyMonitoredUids: Failed to trigger permission callback: -129
02-06 20:54:18.133  1073  1345 E ThermalHalWrapper: Couldn't get temperatures because of HAL error: can't find this type sensor
02-06 20:54:19.534   836  1452 E CameraService: notifyMonitoredUids: Failed to trigger permission callback: -129
02-06 20:54:19.536   836  4468 E CameraService: notifyMonitoredUids: Failed to trigger permission callback: -129
02-06 20:54:19.536   836  1214 E CameraService: notifyMonitoredUids: Failed to trigger permission callback: -129
02-06 20:54:21.252   836  1452 E CameraService: notifyMonitoredUids: Failed to trigger permission callback: -129
02-06 20:54:21.257   836  1214 E CameraService: notifyMonitoredUids: Failed to trigger permission callback: -129
02-06 20:54:34.944   836  1452 E CameraService: notifyMonitoredUids: Failed to trigger permission callback: -129
02-06 20:54:34.959   836  1452 E CameraService: notifyMonitoredUids: Failed to trigger permission callback: -129
02-06 20:54:34.969   836  3096 E CameraService: notifyMonitoredUids: Failed to trigger permission callback: -129
02-06 20:54:34.978   836  3096 E CameraService: notifyMonitoredUids: Failed to trigger permission callback: -129
02-06 20:54:34.986   836  3096 E CameraService: notifyMonitoredUids: Failed to trigger permission callback: -129
02-06 20:54:34.991   917   917 E GNSSMGT : gps_set_position_mode: optMode[255]
02-06 20:54:34.992   917   917 E GNSSMGT : gps_sendData: command will not send, because the gps engine is not working
02-06 20:54:34.992   917   917 E GNSSMGT : gps_set_position_mode: nUseSecgpsConf 0, bEnable 1!
02-06 20:54:34.995   917   917 E LCS_MGT : LCSMGT Version:W23.30.3_V3.7.38, android:VANDROID_TIRAMISU(64bit), gcc:VAndroid (8490178, based on r450784d) Clang 14.0.6 (https://android.googlesource.com/toolchain/llvm-project 4c603efb0cca074e9238af8b4106c30add4418f6)
02-06 20:54:35.020   917   917 E LCS_MGT : LCSMGT Version:W23.30.3_V3.7.38, android:VANDROID_TIRAMISU(64bit), gcc:VAndroid (8490178, based on r450784d) Clang 14.0.6 (https://android.googlesource.com/toolchain/llvm-project 4c603efb0cca074e9238af8b4106c30add4418f6)
02-06 20:54:35.023   917   917 E LCS_MGT : LCSMGT Version:W23.30.3_V3.7.38, android:VANDROID_TIRAMISU(64bit), gcc:VAndroid (8490178, based on r450784d) Clang 14.0.6 (https://android.googlesource.com/toolchain/llvm-project 4c603efb0cca074e9238af8b4106c30add4418f6)
02-06 20:54:35.023   836  3096 E CameraService: notifyMonitoredUids: Failed to trigger permission callback: -129
02-06 20:54:35.025   917   917 E LCS_MGT : LCSMGT Version:W23.30.3_V3.7.38, android:VANDROID_TIRAMISU(64bit), gcc:VAndroid (8490178, based on r450784d) Clang 14.0.6 (https://android.googlesource.com/toolchain/llvm-project 4c603efb0cca074e9238af8b4106c30add4418f6)
02-06 20:54:35.029  2075  2075 E batterywarning: -------Aron------245---cp=========[add@/devices/virtual/firmware/gnssmodem.bin], ret==[50]
02-06 20:54:35.029  2075  2075 E batterywarning: -------Aron------245---cp=========[ACTION=add], ret==[36]
02-06 20:54:35.029  2075  2075 E batterywarning: -------Aron------245---cp=========[DEVPATH=/devices/virtual/firmware/gnssmodem.bin], ret==[21]
02-06 20:54:35.029  2075  2075 E batterywarning: -------Aron------245---cp=========[SUBSYSTEM=firmware], ret==[36]
02-06 20:54:35.029  2075  2075 E batterywarning: -------Aron------245---cp=========[FIRMWARE=gnssmodem.bin], ret==[23]
02-06 20:54:35.029  2075  2075 E batterywarning: -------Aron------245---cp=========[TIMEOUT=60], ret==[74]
02-06 20:54:35.029  2075  2075 E batterywarning: -------Aron------245---cp=========[ASYNC=0], ret==[36]
02-06 20:54:35.029  2075  2075 E batterywarning: -------Aron------245---cp=========[SEQNUM=102571], ret==[72]
02-06 20:54:35.040   836  1452 E CameraService: notifyMonitoredUids: Failed to trigger permission callback: -129
02-06 20:54:35.046  2075  2075 E batterywarning: -------Aron------245---cp=========[remove@/devices/virtual/firmware/gnssmodem.bin], ret==[67]
02-06 20:54:35.046  2075  2075 E batterywarning: -------Aron------245---cp=========[ACTION=remove], ret==[18]
02-06 20:54:35.046  2075  2075 E batterywarning: -------Aron------245---cp=========[DEVPATH=/devices/virtual/firmware/gnssmodem.bin], ret==[21]
02-06 20:54:35.046  2075  2075 E batterywarning: -------Aron------245---cp=========[SUBSYSTEM=firmware], ret==[36]
02-06 20:54:35.046  2075  2075 E batterywarning: -------Aron------245---cp=========[FIRMWARE=gnssmodem.bin], ret==[23]
02-06 20:54:35.046  2075  2075 E batterywarning: -------Aron------245---cp=========[TIMEOUT=60], ret==[37]
02-06 20:54:35.046  2075  2075 E batterywarning: -------Aron------245---cp=========[ASYNC=0], ret==[18]
02-06 20:54:35.046  2075  2075 E batterywarning: -------Aron------245---cp=========[SEQNUM=102572], ret==[36]
02-06 20:54:35.066   836  3096 E CameraService: notifyMonitoredUids: Failed to trigger permission callback: -129
02-06 20:54:35.133  1382  1382 E PhoneInterfaceManager: Exception retrieving CellInfo=com.android.internal.telephony.CommandException: NO_NETWORK_FOUND
02-06 20:54:35.566   917  1562 E GNSSMGT : gnss_get_chiptype: enter, type 4
02-06 20:54:35.568   917  1562 E GNSSMGT : gps_setPowerState: current state is CP IDLED, can not set to new state CP IDLED
02-06 20:54:35.583   917  1558 E GNSSMGT : preprocessGnssLog: [gnss_log]Process Set BBMode:g_BBMode = 0 
02-06 20:54:35.583   917  1558 E GNSSMGT : 3_W23.34.5  0alue 1
02-06 20:54:35.583   917  1558 E GNSSMGT : 0,0,2816,4923392,0,(B2500,-1972373592,65477,-837082630,r8313,3000.754356,-884.802818,400.687218,-0.000000931,-0.000000931,-0.000001862,
02-06 20:54:35.583   917  1558 E GNSSMGT : xd"EWorkMode 1 0,SatInTrack 0,0,0,0,0,CMCCEn 0,AGPS 1,UseApT 0,bdalmflag: 0
02-06 20:54:35.583   917  1558 E GNSSMGT : &
02-06 20:54:35.597   917  1558 E GNSSMGT : preprocessGnssLog: [gnss_log]InEph:Flag 0,0
02-06 20:54:35.597   917  1558 E GNSSMGT : :g_BBMode = 0 
02-06 20:54:35.597   917  1558 E GNSSMGT : 3_W23.34.5  0alue 1
02-06 20:54:35.597   917  1558 E GNSSMGT : 0,0,2816,4923392,0,(B2500,-1972373592,65477,-837082630,r8313,3000.754356,-884.802818,400.687218,-0.000000931,-0.000000931,-0.000001862,
02-06 20:54:35.597   917  1558 E GNSSMGT : xd"EWorkMode 1 0,SatInTrack 0,0,0,0,0,CMCCEn 0,AGPS 1,UseApT 0,bdalmflag: 0
02-06 20:54:35.597   917  1558 E GNSSMGT : &
02-06 20:54:35.597   917  1558 E GNSSMGT : preprocessGnssLog: [gnss_log]AGPS_GPS_runtime: 0
02-06 20:54:35.597   917  1558 E GNSSMGT : Mode = 0 
02-06 20:54:35.597   917  1558 E GNSSMGT : 3_W23.34.5  0alue 1
02-06 20:54:35.597   917  1558 E GNSSMGT : 0,0,2816,4923392,0,(B2500,-1972373592,65477,-837082630,r8313,3000.754356,-884.802818,400.687218,-0.000000931,-0.000000931,-0.000001862,
02-06 20:54:35.597   917  1558 E GNSSMGT : xd"EWorkMode 1 0,SatInTrack 0,0,0,0,0,CMCCEn 0,AGPS 1,UseApT 0,bdalmflag: 0
02-06 20:54:35.597   917  1558 E GNSSMGT : &
02-06 20:54:35.609   917  1558 E GNSSMGT : preprocessGnssLog: [gnss_log]Inject gps alm suc(boot load mode)
02-06 20:54:35.609   917  1558 E GNSSMGT : Ym23.34.5  0alue 1
02-06 20:54:35.609   917  1558 E GNSSMGT : 0,0,2816,4923392,0,(B2500,-1972373592,65477,-837082630,r8313,3000.754356,-884.802818,400.687218,-0.000000931,-0.000000931,-0.000001862,
02-06 20:54:35.609   917  1558 E GNSSMGT : xd"EWorkMode 1 0,SatInTrack 0,0,0,0,0,CMCCEn 0,AGPS 1,UseApT 0,bdalmflag: 0
02-06 20:54:35.609   917  1558 E GNSSMGT : &
02-06 20:54:35.650   917  1558 E GNSSMGT : preprocessGnssLog: [gnss_log]InjectGpsAlmCpy -395882430,-197941215,0
02-06 20:54:35.650   917  1558 E GNSSMGT : .5  0alue 1
02-06 20:54:35.650   917  1558 E GNSSMGT : 0,0,2816,4923392,0,(B2500,-1972373592,65477,-837082630,r8313,3000.754356,-884.802818,400.687218,-0.000000931,-0.000000931,-0.000001862,
02-06 20:54:35.650   917  1558 E GNSSMGT : xd"EWorkMode 1 0,SatInTrack 0,0,0,0,0,CMCCEn 0,AGPS 1,UseApT 0,bdalmflag: 0
02-06 20:54:35.650   917  1558 E GNSSMGT : &
02-06 20:54:35.650   917  1558 E GNSSMGT : preprocessGnssLog: [gnss_log]BOOT:GPSAlmCpySuc 0
02-06 20:54:35.650   917  1558 E GNSSMGT : 430,-197941215,0
02-06 20:54:35.650   917  1558 E GNSSMGT : .5  0alue 1
02-06 20:54:35.650   917  1558 E GNSSMGT : 0,0,2816,4923392,0,(B2500,-1972373592,65477,-837082630,r8313,3000.754356,-884.802818,400.687218,-0.000000931,-0.000000931,-0.000001862,
02-06 20:54:35.650   917  1558 E GNSSMGT : xd"EWorkMode 1 0,SatInTrack 0,0,0,0,0,CMCCEn 0,AGPS 1,UseApT 0,bdalmflag: 0
02-06 20:54:35.650   917  1558 E GNSSMGT : &
02-06 20:54:35.661   917  1558 E GNSSMGT : preprocessGnssLog: [gnss_log]InjectGpsAlmCpy -646748244,1824109526,1
02-06 20:54:35.661   917  1558 E GNSSMGT : .5  0alue 1
02-06 20:54:35.661   917  1558 E GNSSMGT : 0,0,2816,4923392,0,(B2500,-1972373592,65477,-837082630,r8313,3000.754356,-884.802818,400.687218,-0.000000931,-0.000000931,-0.000001862,
02-06 20:54:35.661   917  1558 E GNSSMGT : xd"EWorkMode 1 0,SatInTrack 0,0,0,0,0,CMCCEn 0,AGPS 1,UseApT 0,bdalmflag: 0
02-06 20:54:35.661   917  1558 E GNSSMGT : &
02-06 20:54:35.661   917  1558 E GNSSMGT : preprocessGnssLog: [gnss_log]BOOT:GPSAlmCpySuc 1
02-06 20:54:35.661   917  1558 E GNSSMGT : 244,1824109526,1
02-06 20:54:35.661   917  1558 E GNSSMGT : .5  0alue 1
02-06 20:54:35.661   917  1558 E GNSSMGT : 0,0,2816,4923392,0,(B2500,-1972373592,65477,-837082630,r8313,3000.754356,-884.802818,400.687218,-0.000000931,-0.000000931,-0.000001862,
02-06 20:54:35.661   917  1558 E GNSSMGT : xd"EWorkMode 1 0,SatInTrack 0,0,0,0,0,CMCCEn 0,AGPS 1,UseApT 0,bdalmflag: 0
02-06 20:54:35.661   917  1558 E GNSSMGT : &
02-06 20:54:35.671   917  1558 E GNSSMGT : preprocessGnssLog: [gnss_log]InjectGpsAlmCpy -1375785440,-687892720,2
02-06 20:54:35.671   917  1558 E GNSSMGT : 5  0alue 1
02-06 20:54:35.671   917  1558 E GNSSMGT : 0,0,2816,4923392,0,(B2500,-1972373592,65477,-837082630,r8313,3000.754356,-884.802818,400.687218,-0.000000931,-0.000000931,-0.000001862,
02-06 20:54:35.671   917  1558 E GNSSMGT : xd"EWorkMode 1 0,SatInTrack 0,0,0,0,0,CMCCEn 0,AGPS 1,UseApT 0,bdalmflag: 0
02-06 20:54:35.671   917  1558 E GNSSMGT : &
02-06 20:54:35.671   917  1558 E GNSSMGT : preprocessGnssLog: [gnss_log]BOOT:GPSAlmCpySuc 2
02-06 20:54:35.671   917  1558 E GNSSMGT : 5440,-687892720,2
02-06 20:54:35.671   917  1558 E GNSSMGT : 5  0alue 1
02-06 20:54:35.671   917  1558 E GNSSMGT : 0,0,2816,4923392,0,(B2500,-1972373592,65477,-837082630,r8313,3000.754356,-884.802818,400.687218,-0.000000931,-0.000000931,-0.000001862,
02-06 20:54:35.671   917  1558 E GNSSMGT : xd"EWorkMode 1 0,SatInTrack 0,0,0,0,0,CMCCEn 0,AGPS 1,UseApT 0,bdalmflag: 0
02-06 20:54:35.671   917  1558 E GNSSMGT : &
02-06 20:54:35.682   917  1558 E GNSSMGT : preprocessGnssLog: [gnss_log]InjectGpsAlmCpy -1939808160,-969904080,3
02-06 20:54:35.682   917  1558 E GNSSMGT : 5  0alue 1
02-06 20:54:35.682   917  1558 E GNSSMGT : 0,0,2816,4923392,0,(B2500,-1972373592,65477,-837082630,r8313,3000.754356,-884.802818,400.687218,-0.000000931,-0.000000931,-0.000001862,
02-06 20:54:35.682   917  1558 E GNSSMGT : xd"EWorkMode 1 0,SatInTrack 0,0,0,0,0,CMCCEn 0,AGPS 1,UseApT 0,bdalmflag: 0
02-06 20:54:35.682   917  1558 E GNSSMGT : &
02-06 20:54:35.682   917  1558 E GNSSMGT : preprocessGnssLog: [gnss_log]BOOT:GPSAlmCpySuc 3
02-06 20:54:35.682   917  1558 E GNSSMGT : 8160,-969904080,3
02-06 20:54:35.682   917  1558 E GNSSMGT : 5  0alue 1
02-06 20:54:35.682   917  1558 E GNSSMGT : 0,0,2816,4923392,0,(B2500,-1972373592,65477,-837082630,r8313,3000.754356,-884.802818,400.687218,-0.000000931,-0.000000931,-0.000001862,
02-06 20:54:35.682   917  1558 E GNSSMGT : xd"EWorkMode 1 0,SatInTrack 0,0,0,0,0,CMCCEn 0,AGPS 1,UseApT 0,bdalmflag: 0
02-06 20:54:35.682   917  1558 E GNSSMGT : &
02-06 20:54:35.713   917  1558 E GNSSMGT : preprocessGnssLog: [gnss_log]Inject gps alm Other 1032,1032
02-06 20:54:35.713   917  1558 E GNSSMGT : 4080,3
02-06 20:54:35.713   917  1558 E GNSSMGT : 5  0alue 1
02-06 20:54:35.713   917  1558 E GNSSMGT : 0,0,2816,4923392,0,(B2500,-1972373592,65477,-837082630,r8313,3000.754356,-884.802818,400.687218,-0.000000931,-0.000000931,-0.000001862,
02-06 20:54:35.713   917  1558 E GNSSMGT : xd"EWorkMode 1 0,SatInTrack 0,0,0,0,0,CMCCEn 0,AGPS 1,UseApT 0,bdalmflag: 0
02-06 20:54:35.713   917  1558 E GNSSMGT : &
02-06 20:54:35.713   917  1558 E GNSSMGT : preprocessGnssLog: [gnss_log]Inject gps alm check Other 0,0
02-06 20:54:35.713   917  1558 E GNSSMGT : F4080,3
02-06 20:54:35.713   917  1558 E GNSSMGT : 5  0alue 1
02-06 20:54:35.713   917  1558 E GNSSMGT : 0,0,2816,4923392,0,(B2500,-1972373592,65477,-837082630,r8313,3000.754356,-884.802818,400.687218,-0.000000931,-0.000000931,-0.000001862,
02-06 20:54:35.713   917  1558 E GNSSMGT : xd"EWorkMode 1 0,SatInTrack 0,0,0,0,0,CMCCEn 0,AGPS 1,UseApT 0,bdalmflag: 0
02-06 20:54:35.713   917  1558 E GNSSMGT : &
02-06 20:54:35.724   917  1558 E GNSSMGT : preprocessGnssLog: [gnss_log]Inject glo alm suc idx 1,0,3fff
02-06 20:54:35.724   917  1558 E GNSSMGT : eR080,3
02-06 20:54:35.724   917  1558 E GNSSMGT : 5  0alue 1
02-06 20:54:35.724   917  1558 E GNSSMGT : 0,0,2816,4923392,0,(B2500,-1972373592,65477,-837082630,r8313,3000.754356,-884.802818,400.687218,-0.000000931,-0.000000931,-0.000001862,
02-06 20:54:35.724   917  1558 E GNSSMGT : xd"EWorkMode 1 0,SatInTrack 0,0,0,0,0,CMCCEn 0,AGPS 1,UseApT 0,bdalmflag: 0
02-06 20:54:35.724   917  1558 E GNSSMGT : &
02-06 20:54:35.734   917  1558 E GNSSMGT : preprocessGnssLog: [gnss_log]Inject glo alm suc idx 2,14,ffffff
02-06 20:54:35.734   917  1558 E GNSSMGT : ,3
02-06 20:54:35.734   917  1558 E GNSSMGT : 5  0alue 1
02-06 20:54:35.734   917  1558 E GNSSMGT : 0,0,2816,4923392,0,(B2500,-1972373592,65477,-837082630,r8313,3000.754356,-884.802818,400.687218,-0.000000931,-0.000000931,-0.000001862,
02-06 20:54:35.734   917  1558 E GNSSMGT : xd"EWorkMode 1 0,SatInTrack 0,0,0,0,0,CMCCEn 0,AGPS 1,UseApT 0,bdalmflag: 0
02-06 20:54:35.734   917  1558 E GNSSMGT : &
02-06 20:54:35.745   917  1558 E GNSSMGT : preprocessGnssLog: [gnss_log]$INGLOEPH:1,1,0,1,5,1,0,0,60300,0,0.000000000,-0.000157356,0.000000000,-7163020.507813,-17701572.753906,16925742.675781,-26.555061,-2319.831848,-2436.868668,-0.000001862,0.000000931,-0.000001862,
02-06 20:54:35.745   917  1558 E GNSSMGT : qxd"EWorkMode 1 0,SatInTrack 0,0,0,0,0,CMCCEn 0,AGPS 1,UseApT 0,bdalmflag: 0
02-06 20:54:35.745   917  1558 E GNSSMGT : &
02-06 20:54:35.745   917  1558 E GNSSMGT : preprocessGnssLog: [gnss_log]$INGLOEPH:1,-4,0,1,5,2,0,0,62100,0,0.000000000,-0.000012342,0.000000000,-10568274.414063,-6235626.953125,22402999.023438,-185.893059,-3052.316666,-945.724487,-0.000000931,0.000000931,-0.000002793,
02-06 20:54:35.745   917  1558 E GNSSMGT : nd"EWorkMode 1 0,SatInTrack 0,0,0,0,0,CMCCEn 0,AGPS 1,UseApT 0,bdalmflag: 0
02-06 20:54:35.745   917  1558 E GNSSMGT : &
02-06 20:54:35.746   917  1558 E GNSSMGT : preprocessGnssLog: [gnss_log]$INGLOEPH:1,5,0,1,5,7,0,0,60300,0,0.000000000,-0.000118252,0.000000000,8574043.457031,-18333400.878906,-15444131.835938,-308.554649,2110.510826,-2673.018456,0.000000000,0.000000931,0.000000931,
02-06 20:54:35.746   917  1558 E GNSSMGT : 
02-06 20:54:35.746   917  1558 E GNSSMGT : nd"EWorkMode 1 0,SatInTrack 0,0,0,0,0,CMCCEn 0,AGPS 1,UseApT 0,bdalmflag: 0
02-06 20:54:35.746   917  1558 E GNSSMGT : &
02-06 20:54:35.747   917  1558 E GNSSMGT : preprocessGnssLog: [gnss_log]Inject glo eph suc idx 1,0,43
02-06 20:54:35.747   917  1558 E GNSSMGT : ,0.000000000,-0.000118252,0.000000000,8574043.457031,-18333400.878906,-15444131.835938,-308.554649,2110.510826,-2673.018456,0.000000000,0.000000931,0.000000931,
02-06 20:54:35.747   917  1558 E GNSSMGT : 
02-06 20:54:35.747   917  1558 E GNSSMGT : nd"EWorkMode 1 0,SatInTrack 0,0,0,0,0,CMCCEn 0,AGPS 1,UseApT 0,bdalmflag: 0
02-06 20:54:35.747   917  1558 E GNSSMGT : &
02-06 20:54:35.747   917  1558 E GNSSMGT : preprocessGnssLog: [gnss_log]AGPS_GLO_runtime: 2, 1
02-06 20:54:35.747   917  1558 E GNSSMGT : r,43
02-06 20:54:35.747   917  1558 E GNSSMGT : ,0.000000000,-0.000118252,0.000000000,8574043.457031,-18333400.878906,-15444131.835938,-308.554649,2110.510826,-2673.018456,0.000000000,0.000000931,0.000000931,
02-06 20:54:35.747   917  1558 E GNSSMGT : 
02-06 20:54:35.747   917  1558 E GNSSMGT : nd"EWorkMode 1 0,SatInTrack 0,0,0,0,0,CMCCEn 0,AGPS 1,UseApT 0,bdalmflag: 0
02-06 20:54:35.747   917  1558 E GNSSMGT : &
02-06 20:54:35.756   917  1558 E GNSSMGT : preprocessGnssLog: [gnss_log]$INGLOEPH:1,6,0,1,5,8,0,0,60300,0,0.000000000,0.000002843,0.000000000,1482540.527344,-25425458.984375,1049666.015625,-188.031197,-149.387360,-3587.751389,-0.000000931,0.000000931,0.000000000,
02-06 20:54:35.756   917  1558 E GNSSMGT : ?
02-06 20:54:35.756   917  1558 E GNSSMGT : nd"EWorkMode 1 0,SatInTrack 0,0,0,0,0,CMCCEn 0,AGPS 1,UseApT 0,bdalmflag: 0
02-06 20:54:35.756   917  1558 E GNSSMGT : &
02-06 20:54:35.756   917  1558 E GNSSMGT : preprocessGnssLog: [gnss_log]$INGLOEPH:1,-7,0,1,5,10,0,0,62100,0,-0.000000000,0.000446906,0.000000000,17021638.671875,-1850346.191406,18926356.933594,2368.887901,1053.803444,-2018.071175,0.000002793,0.000000931,-0.000000931,
02-06 20:54:35.756   917  1558 E GNSSMGT : nd"EWorkMode 1 0,SatInTrack 0,0,0,0,0,CMCCEn 0,AGPS 1,UseApT 0,bdalmflag: 0
02-06 20:54:35.756   917  1558 E GNSSMGT : &
02-06 20:54:35.756   917  1558 E GNSSMGT : preprocessGnssLog: [gnss_log]$INGLOEPH:1,0,0,1,5,11,0,0,62100,0,-0.000000000,-0.000009666,0.000000000,815399.414063,-11628529.785156,22696592.285156,2770.012856,1404.794693,618.460655,0.000000000,0.000000931,-0.000002793,
02-06 20:54:35.756   917  1558 E GNSSMGT : 
02-06 20:54:35.756   917  1558 E GNSSMGT : nd"EWorkMode 1 0,SatInTrack 0,0,0,0,0,CMCCEn 0,AGPS 1,UseApT 0,bdalmflag: 0
02-06 20:54:35.756   917  1558 E GNSSMGT : &
02-06 20:54:35.757   917  1558 E GNSSMGT : preprocessGnssLog: [gnss_log]$INGLOEPH:1,-1,0,1,5,12,0,0,83700,0,0.000000000,-0.000065003,0.000000000,14996245.117188,-13113033.203125,-15920455.078125,-1062.998772,1909.345627,-2570.243835,0.000000000,-0.000001862,0.000001862,
02-06 20:54:35.757   917  1558 E GNSSMGT : d"EWorkMode 1 0,SatInTrack 0,0,0,0,0,CMCCEn 0,AGPS 1,UseApT 0,bdalmflag: 0
02-06 20:54:35.757   917  1558 E GNSSMGT : &
02-06 20:54:35.757   917  1558 E GNSSMGT : preprocessGnssLog: [gnss_log]$INGLOEPH:1,-2,0,1,5,13,0,0,83700,0,0.000000000,0.000066515,0.000000000,11597492.187500,-22682542.480469,-1384502.441406,-213.068962,105.064392,-3555.433273,0.000000000,-0.000003725,0.000000000,
02-06 20:54:35.757   917  1558 E GNSSMGT : 
02-06 20:54:35.757   917  1558 E GNSSMGT : d"EWorkMode 1 0,SatInTrack 0,0,0,0,0,CMCCEn 0,AGPS 1,UseApT 0,bdalmflag: 0
02-06 20:54:35.757   917  1558 E GNSSMGT : &
02-06 20:54:35.758   917  1558 E GNSSMGT : preprocessGnssLog: [gnss_log]$INGLOEPH:1,-7,0,1,5,14,0,0,83700,0,0.000000000,-0.000031359,0.000000000,437761.230469,-19461493.164063,16476753.417969,892.252922,-2072.751045,-2474.726677,0.000000931,-0.000002793,-0.000000931,
02-06 20:54:35.758   917  1558 E GNSSMGT : 
02-06 20:54:35.758   917  1558 E GNSSMGT : d"EWorkMode 1 0,SatInTrack 0,0,0,0,0,CMCCEn 0,AGPS 1,UseApT 0,bdalmflag: 0
02-06 20:54:35.758   917  1558 E GNSSMGT : &
02-06 20:54:35.758   917  1558 E GNSSMGT : preprocessGnssLog: [gnss_log]Inject glo eph suc idx 2,7,3ec3
02-06 20:54:35.758   917  1558 E GNSSMGT : N,0.000000000,-0.000031359,0.000000000,437761.230469,-19461493.164063,16476753.417969,892.252922,-2072.751045,-2474.726677,0.000000931,-0.000002793,-0.000000931,
02-06 20:54:35.758   917  1558 E GNSSMGT : 
02-06 20:54:35.758   917  1558 E GNSSMGT : d"EWorkMode 1 0,SatInTrack 0,0,0,0,0,CMCCEn 0,AGPS 1,UseApT 0,bdalmflag: 0
02-06 20:54:35.758   917  1558 E GNSSMGT : &
02-06 20:54:35.758   917  1558 E GNSSMGT : preprocessGnssLog: [gnss_log]AGPS_GLO_runtime: 3, 2
02-06 20:54:35.758   917  1558 E GNSSMGT : q,3ec3
02-06 20:54:35.758   917  1558 E GNSSMGT : N,0.000000000,-0.000031359,0.000000000,437761.230469,-19461493.164063,16476753.417969,892.252922,-2072.751045,-2474.726677,0.000000931,-0.000002793,-0.000000931,
02-06 20:54:35.758   917  1558 E GNSSMGT : 
02-06 20:54:35.758   917  1558 E GNSSMGT : d"EWorkMode 1 0,SatInTrack 0,0,0,0,0,CMCCEn 0,AGPS 1,UseApT 0,bdalmflag: 0
02-06 20:54:35.758   917  1558 E GNSSMGT : &
02-06 20:54:35.766   917  1558 E GNSSMGT : preprocessGnssLog: [gnss_log]$INGLOEPH:1,4,0,1,5,17,1,0,83700,0,0.000000000,-0.000267892,0.000000000,-12250084.472656,-22044891.113281,3967221.191406,132.453918,561.060905,3530.242920,0.000000931,-0.000002793,0.000000000,
02-06 20:54:35.766   917  1558 E GNSSMGT : .
02-06 20:54:35.766   917  1558 E GNSSMGT : 
02-06 20:54:35.766   917  1558 E GNSSMGT : d"EWorkMode 1 0,SatInTrack 0,0,0,0,0,CMCCEn 0,AGPS 1,UseApT 0,bdalmflag: 0
02-06 20:54:35.766   917  1558 E GNSSMGT : &
02-06 20:54:35.766   917  1558 E GNSSMGT : preprocessGnssLog: [gnss_log]$INGLOEPH:1,-3,0,1,5,18,0,0,8100,0,0.000000000,-0.000245926,0.000000000,-8427708.984375,-11734375.976563,21023611.816406,2791.340828,710.278511,1521.200180,-0.000000931,-0.000001862,-0.000001862,
02-06 20:54:35.766   917  1558 E GNSSMGT : 
02-06 20:54:35.766   917  1558 E GNSSMGT : d"EWorkMode 1 0,SatInTrack 0,0,0,0,0,CMCCEn 0,AGPS 1,UseApT 0,bdalmflag: 0
02-06 20:54:35.766   917  1558 E GNSSMGT : &
02-06 20:54:35.767   917  1558 E GNSSMGT : preprocessGnssLog: [gnss_log]$INGLOEPH:1,3,0,1,5,19,0,0,60300,0,0.000000000,-0.000032599,0.000000000,22692197.265625,-3757218.750000,11078909.179688,-1449.829102,462.173462,3120.228767,0.000003725,0.000000931,-0.000000931,
02-06 20:54:35.767   917  1558 E GNSSMGT : 
02-06 20:54:35.767   917  1558 E GNSSMGT : d"EWorkMode 1 0,SatInTrack 0,0,0,0,0,CMCCEn 0,AGPS 1,UseApT 0,bdalmflag: 0
02-06 20:54:35.767   917  1558 E GNSSMGT : &
02-06 20:54:35.767   917  1558 E GNSSMGT : preprocessGnssLog: [gnss_log]$INGLOEPH:1,2,0,1,5,20,0,0,58500,0,0.000000000,-0.000228579,0.000000000,24473619.140625,-4117855.468750,5817956.542969,-809.245110,59.877396,3462.328911,0.000002793,0.000001862,0.000000000,
02-06 20:54:35.767   917  1558 E GNSSMGT : %5
02-06 20:54:35.767   917  1558 E GNSSMGT : 
02-06 20:54:35.767   917  1558 E GNSSMGT : d"EWorkMode 1 0,SatInTrack 0,0,0,0,0,CMCCEn 0,AGPS 1,UseApT 0,bdalmflag: 0
02-06 20:54:35.767   917  1558 E GNSSMGT : &
02-06 20:54:35.768   917  1558 E GNSSMGT : preprocessGnssLog: [gnss_log]$INGLOEPH:1,4,0,1,5,21,0,0,56700,0,-0.000000000,0.000278923,0.000000000,17417156.738281,-10261760.253906,-15570541.015625,2075.378418,-517.123222,2659.955025,0.000000931,0.000000931,0.000000931,
02-06 20:54:35.768   917  1558 E GNSSMGT : 
02-06 20:54:35.768   917  1558 E GNSSMGT : d"EWorkMode 1 0,SatInTrack 0,0,0,0,0,CMCCEn 0,AGPS 1,UseApT 0,bdalmflag: 0
02-06 20:54:35.768   917  1558 E GNSSMGT : &
02-06 20:54:35.768   917  1558 E GNSSMGT : preprocessGnssLog: [gnss_log]Inject glo eph suc idx 3,14,1f3ec3
02-06 20:54:35.768   917  1558 E GNSSMGT : Z000000000,0.000278923,0.000000000,17417156.738281,-10261760.253906,-15570541.015625,2075.378418,-517.123222,2659.955025,0.000000931,0.000000931,0.000000931,
02-06 20:54:35.768   917  1558 E GNSSMGT : 
