02-06 20:58:39.940  2075  2075 E batterywarning: -------Aron------245---cp=========[ACTION=change], ret==[18]
02-06 20:58:39.940  2075  2075 E batterywarning: -------Aron------245---cp=========[DEVPATH=/devices/platform/soc/soc:ap-ahb/31100000.dsi/31100000.dsi.0/display/panel0/sprd_backlight], ret==[21]
02-06 20:58:39.940  2075  2075 E batterywarning: -------Aron------245---cp=========[SUBSYSTEM=backlight], ret==[36]
02-06 20:58:39.940  2075  2075 E batterywarning: -------Aron------245---cp=========[SOURCE=sysfs], ret==[36]
02-06 20:58:39.940  2075  2075 E batterywarning: -------Aron------245---cp=========[SEQNUM=102584], ret==[72]
02-06 20:58:39.958  2075  2075 E batterywarning: -------Aron------245---cp=========[change@/devices/platform/soc/soc:ap-ahb/31100000.dsi/31100000.dsi.0/display/panel0/sprd_backlight], ret==[52]
02-06 20:58:39.958  2075  2075 E batterywarning: -------Aron------245---cp=========[ACTION=change], ret==[18]
02-06 20:58:39.958  2075  2075 E batterywarning: -------Aron------245---cp=========[DEVPATH=/devices/platform/soc/soc:ap-ahb/31100000.dsi/31100000.dsi.0/display/panel0/sprd_backlight], ret==[21]
02-06 20:58:39.958  2075  2075 E batterywarning: -------Aron------245---cp=========[SUBSYSTEM=backlight], ret==[36]
02-06 20:58:39.958  2075  2075 E batterywarning: -------Aron------245---cp=========[SOURCE=sysfs], ret==[36]
02-06 20:58:39.958  2075  2075 E batterywarning: -------Aron------245---cp=========[SEQNUM=102585], ret==[72]
02-06 20:58:39.973  2075  2075 E batterywarning: -------Aron------245---cp=========[change@/devices/platform/soc/soc:ap-ahb/31100000.dsi/31100000.dsi.0/display/panel0/sprd_backlight], ret==[52]
02-06 20:58:39.973  2075  2075 E batterywarning: -------Aron------245---cp=========[ACTION=change], ret==[18]
02-06 20:58:39.973  2075  2075 E batterywarning: -------Aron------245---cp=========[DEVPATH=/devices/platform/soc/soc:ap-ahb/31100000.dsi/31100000.dsi.0/display/panel0/sprd_backlight], ret==[21]
02-06 20:58:39.973  2075  2075 E batterywarning: -------Aron------245---cp=========[SUBSYSTEM=backlight], ret==[36]
02-06 20:58:39.973  2075  2075 E batterywarning: -------Aron------245---cp=========[SOURCE=sysfs], ret==[36]
02-06 20:58:39.973  2075  2075 E batterywarning: -------Aron------245---cp=========[SEQNUM=102586], ret==[72]
02-06 20:58:39.991  2075  2075 E batterywarning: -------Aron------245---cp=========[change@/devices/platform/soc/soc:ap-ahb/31100000.dsi/31100000.dsi.0/display/panel0/sprd_backlight], ret==[52]
02-06 20:58:39.991  2075  2075 E batterywarning: -------Aron------245---cp=========[ACTION=change], ret==[18]
02-06 20:58:39.991  2075  2075 E batterywarning: -------Aron------245---cp=========[DEVPATH=/devices/platform/soc/soc:ap-ahb/31100000.dsi/31100000.dsi.0/display/panel0/sprd_backlight], ret==[21]
02-06 20:58:39.991  2075  2075 E batterywarning: -------Aron------245---cp=========[SUBSYSTEM=backlight], ret==[36]
02-06 20:58:39.991  2075  2075 E batterywarning: -------Aron------245---cp=========[SOURCE=sysfs], ret==[36]
02-06 20:58:39.991  2075  2075 E batterywarning: -------Aron------245---cp=========[SEQNUM=102587], ret==[72]
02-06 20:58:40.008  2075  2075 E batterywarning: -------Aron------245---cp=========[change@/devices/platform/soc/soc:ap-ahb/31100000.dsi/31100000.dsi.0/display/panel0/sprd_backlight], ret==[52]
02-06 20:58:40.008  2075  2075 E batterywarning: -------Aron------245---cp=========[ACTION=change], ret==[18]
02-06 20:58:40.008  2075  2075 E batterywarning: -------Aron------245---cp=========[DEVPATH=/devices/platform/soc/soc:ap-ahb/31100000.dsi/31100000.dsi.0/display/panel0/sprd_backlight], ret==[21]
02-06 20:58:40.008  2075  2075 E batterywarning: -------Aron------245---cp=========[SUBSYSTEM=backlight], ret==[36]
02-06 20:58:40.008  2075  2075 E batterywarning: -------Aron------245---cp=========[SOURCE=sysfs], ret==[36]
02-06 20:58:40.008  2075  2075 E batterywarning: -------Aron------245---cp=========[SEQNUM=102588], ret==[72]
02-06 20:58:40.026  2075  2075 E batterywarning: -------Aron------245---cp=========[change@/devices/platform/soc/soc:ap-ahb/31100000.dsi/31100000.dsi.0/display/panel0/sprd_backlight], ret==[52]
02-06 20:58:40.026  2075  2075 E batterywarning: -------Aron------245---cp=========[ACTION=change], ret==[18]
02-06 20:58:40.026  2075  2075 E batterywarning: -------Aron------245---cp=========[DEVPATH=/devices/platform/soc/soc:ap-ahb/31100000.dsi/31100000.dsi.0/display/panel0/sprd_backlight], ret==[21]
02-06 20:58:40.026  2075  2075 E batterywarning: -------Aron------245---cp=========[SUBSYSTEM=backlight], ret==[36]
02-06 20:58:40.026  2075  2075 E batterywarning: -------Aron------245---cp=========[SOURCE=sysfs], ret==[36]
02-06 20:58:40.026  2075  2075 E batterywarning: -------Aron------245---cp=========[SEQNUM=102589], ret==[72]
02-06 20:58:40.040  2075  2075 E batterywarning: -------Aron------245---cp=========[change@/devices/platform/soc/soc:ap-ahb/31100000.dsi/31100000.dsi.0/display/panel0/sprd_backlight], ret==[52]
02-06 20:58:40.041  2075  2075 E batterywarning: -------Aron------245---cp=========[ACTION=change], ret==[18]
02-06 20:58:40.041  2075  2075 E batterywarning: -------Aron------245---cp=========[DEVPATH=/devices/platform/soc/soc:ap-ahb/31100000.dsi/31100000.dsi.0/display/panel0/sprd_backlight], ret==[21]
02-06 20:58:40.041  2075  2075 E batterywarning: -------Aron------245---cp=========[SUBSYSTEM=backlight], ret==[36]
02-06 20:58:40.041  2075  2075 E batterywarning: -------Aron------245---cp=========[SOURCE=sysfs], ret==[36]
02-06 20:58:40.041  2075  2075 E batterywarning: -------Aron------245---cp=========[SEQNUM=102590], ret==[72]
02-06 20:58:40.058  2075  2075 E batterywarning: -------Aron------245---cp=========[change@/devices/platform/soc/soc:ap-ahb/31100000.dsi/31100000.dsi.0/display/panel0/sprd_backlight], ret==[52]
02-06 20:58:40.058  2075  2075 E batterywarning: -------Aron------245---cp=========[ACTION=change], ret==[18]
02-06 20:58:40.058  2075  2075 E batterywarning: -------Aron------245---cp=========[DEVPATH=/devices/platform/soc/soc:ap-ahb/31100000.dsi/31100000.dsi.0/display/panel0/sprd_backlight], ret==[21]
02-06 20:58:40.058  2075  2075 E batterywarning: -------Aron------245---cp=========[SUBSYSTEM=backlight], ret==[36]
02-06 20:58:40.058  2075  2075 E batterywarning: -------Aron------245---cp=========[SOURCE=sysfs], ret==[36]
02-06 20:58:40.058  2075  2075 E batterywarning: -------Aron------245---cp=========[SEQNUM=102591], ret==[72]
02-06 20:58:40.073  2075  2075 E batterywarning: -------Aron------245---cp=========[change@/devices/platform/soc/soc:ap-ahb/31100000.dsi/31100000.dsi.0/display/panel0/sprd_backlight], ret==[52]
02-06 20:58:40.073  2075  2075 E batterywarning: -------Aron------245---cp=========[ACTION=change], ret==[18]
02-06 20:58:40.073  2075  2075 E batterywarning: -------Aron------245---cp=========[DEVPATH=/devices/platform/soc/soc:ap-ahb/31100000.dsi/31100000.dsi.0/display/panel0/sprd_backlight], ret==[21]
02-06 20:58:40.073  2075  2075 E batterywarning: -------Aron------245---cp=========[SUBSYSTEM=backlight], ret==[36]
02-06 20:58:40.073  2075  2075 E batterywarning: -------Aron------245---cp=========[SOURCE=sysfs], ret==[36]
02-06 20:58:40.073  2075  2075 E batterywarning: -------Aron------245---cp=========[SEQNUM=102592], ret==[72]
02-06 20:58:40.090  2075  2075 E batterywarning: -------Aron------245---cp=========[change@/devices/platform/soc/soc:ap-ahb/31100000.dsi/31100000.dsi.0/display/panel0/sprd_backlight], ret==[52]
02-06 20:58:40.090  2075  2075 E batterywarning: -------Aron------245---cp=========[ACTION=change], ret==[18]
02-06 20:58:40.090  2075  2075 E batterywarning: -------Aron------245---cp=========[DEVPATH=/devices/platform/soc/soc:ap-ahb/31100000.dsi/31100000.dsi.0/display/panel0/sprd_backlight], ret==[21]
02-06 20:58:40.090  2075  2075 E batterywarning: -------Aron------245---cp=========[SUBSYSTEM=backlight], ret==[36]
02-06 20:58:40.090  2075  2075 E batterywarning: -------Aron------245---cp=========[SOURCE=sysfs], ret==[36]
02-06 20:58:40.090  2075  2075 E batterywarning: -------Aron------245---cp=========[SEQNUM=102593], ret==[72]
02-06 20:58:40.107  2075  2075 E batterywarning: -------Aron------245---cp=========[change@/devices/platform/soc/soc:ap-ahb/31100000.dsi/31100000.dsi.0/display/panel0/sprd_backlight], ret==[52]
02-06 20:58:40.107  2075  2075 E batterywarning: -------Aron------245---cp=========[ACTION=change], ret==[18]
02-06 20:58:40.107  2075  2075 E batterywarning: -------Aron------245---cp=========[DEVPATH=/devices/platform/soc/soc:ap-ahb/31100000.dsi/31100000.dsi.0/display/panel0/sprd_backlight], ret==[21]
02-06 20:58:40.107  2075  2075 E batterywarning: -------Aron------245---cp=========[SUBSYSTEM=backlight], ret==[36]
02-06 20:58:40.107  2075  2075 E batterywarning: -------Aron------245---cp=========[SOURCE=sysfs], ret==[36]
02-06 20:58:40.107  2075  2075 E batterywarning: -------Aron------245---cp=========[SEQNUM=102594], ret==[72]
02-06 20:58:40.123  2075  2075 E batterywarning: -------Aron------245---cp=========[change@/devices/platform/soc/soc:ap-ahb/31100000.dsi/31100000.dsi.0/display/panel0/sprd_backlight], ret==[52]
02-06 20:58:40.123  2075  2075 E batterywarning: -------Aron------245---cp=========[ACTION=change], ret==[18]
02-06 20:58:40.123  2075  2075 E batterywarning: -------Aron------245---cp=========[DEVPATH=/devices/platform/soc/soc:ap-ahb/31100000.dsi/31100000.dsi.0/display/panel0/sprd_backlight], ret==[21]
02-06 20:58:40.123  2075  2075 E batterywarning: -------Aron------245---cp=========[SUBSYSTEM=backlight], ret==[36]
02-06 20:58:40.123  2075  2075 E batterywarning: -------Aron------245---cp=========[SOURCE=sysfs], ret==[36]
02-06 20:58:40.123  2075  2075 E batterywarning: -------Aron------245---cp=========[SEQNUM=102595], ret==[72]
02-06 20:58:40.140  2075  2075 E batterywarning: -------Aron------245---cp=========[change@/devices/platform/soc/soc:ap-ahb/31100000.dsi/31100000.dsi.0/display/panel0/sprd_backlight], ret==[52]
02-06 20:58:40.140  2075  2075 E batterywarning: -------Aron------245---cp=========[ACTION=change], ret==[18]
02-06 20:58:40.140  2075  2075 E batterywarning: -------Aron------245---cp=========[DEVPATH=/devices/platform/soc/soc:ap-ahb/31100000.dsi/31100000.dsi.0/display/panel0/sprd_backlight], ret==[21]
02-06 20:58:40.140  2075  2075 E batterywarning: -------Aron------245---cp=========[SUBSYSTEM=backlight], ret==[36]
02-06 20:58:40.140  2075  2075 E batterywarning: -------Aron------245---cp=========[SOURCE=sysfs], ret==[36]
02-06 20:58:40.140  2075  2075 E batterywarning: -------Aron------245---cp=========[SEQNUM=102596], ret==[72]
02-06 20:58:40.156  2075  2075 E batterywarning: -------Aron------245---cp=========[change@/devices/platform/soc/soc:ap-ahb/31100000.dsi/31100000.dsi.0/display/panel0/sprd_backlight], ret==[52]
02-06 20:58:40.156  2075  2075 E batterywarning: -------Aron------245---cp=========[ACTION=change], ret==[18]
02-06 20:58:40.156  2075  2075 E batterywarning: -------Aron------245---cp=========[DEVPATH=/devices/platform/soc/soc:ap-ahb/31100000.dsi/31100000.dsi.0/display/panel0/sprd_backlight], ret==[21]
02-06 20:58:40.156  2075  2075 E batterywarning: -------Aron------245---cp=========[SUBSYSTEM=backlight], ret==[36]
02-06 20:58:40.156  2075  2075 E batterywarning: -------Aron------245---cp=========[SOURCE=sysfs], ret==[36]
02-06 20:58:40.156  2075  2075 E batterywarning: -------Aron------245---cp=========[SEQNUM=102597], ret==[72]
02-06 20:58:40.174  2075  2075 E batterywarning: -------Aron------245---cp=========[change@/devices/platform/soc/soc:ap-ahb/31100000.dsi/31100000.dsi.0/display/panel0/sprd_backlight], ret==[52]
02-06 20:58:40.174  2075  2075 E batterywarning: -------Aron------245---cp=========[ACTION=change], ret==[18]
02-06 20:58:40.174  2075  2075 E batterywarning: -------Aron------245---cp=========[DEVPATH=/devices/platform/soc/soc:ap-ahb/31100000.dsi/31100000.dsi.0/display/panel0/sprd_backlight], ret==[21]
02-06 20:58:40.174  2075  2075 E batterywarning: -------Aron------245---cp=========[SUBSYSTEM=backlight], ret==[36]
02-06 20:58:40.174  2075  2075 E batterywarning: -------Aron------245---cp=========[SOURCE=sysfs], ret==[36]
02-06 20:58:40.174  2075  2075 E batterywarning: -------Aron------245---cp=========[SEQNUM=102598], ret==[72]
02-06 20:58:40.191  2075  2075 E batterywarning: -------Aron------245---cp=========[change@/devices/platform/soc/soc:ap-ahb/31100000.dsi/31100000.dsi.0/display/panel0/sprd_backlight], ret==[52]
02-06 20:58:40.191  2075  2075 E batterywarning: -------Aron------245---cp=========[ACTION=change], ret==[18]
02-06 20:58:40.191  2075  2075 E batterywarning: -------Aron------245---cp=========[DEVPATH=/devices/platform/soc/soc:ap-ahb/31100000.dsi/31100000.dsi.0/display/panel0/sprd_backlight], ret==[21]
02-06 20:58:40.191  2075  2075 E batterywarning: -------Aron------245---cp=========[SUBSYSTEM=backlight], ret==[36]
02-06 20:58:40.191  2075  2075 E batterywarning: -------Aron------245---cp=========[SOURCE=sysfs], ret==[36]
02-06 20:58:40.191  2075  2075 E batterywarning: -------Aron------245---cp=========[SEQNUM=102599], ret==[72]
02-06 20:58:40.207  2075  2075 E batterywarning: -------Aron------245---cp=========[change@/devices/platform/soc/soc:ap-ahb/31100000.dsi/31100000.dsi.0/display/panel0/sprd_backlight], ret==[52]
02-06 20:58:40.207  2075  2075 E batterywarning: -------Aron------245---cp=========[ACTION=change], ret==[18]
02-06 20:58:40.207  2075  2075 E batterywarning: -------Aron------245---cp=========[DEVPATH=/devices/platform/soc/soc:ap-ahb/31100000.dsi/31100000.dsi.0/display/panel0/sprd_backlight], ret==[21]
02-06 20:58:40.207  2075  2075 E batterywarning: -------Aron------245---cp=========[SUBSYSTEM=backlight], ret==[36]
02-06 20:58:40.207  2075  2075 E batterywarning: -------Aron------245---cp=========[SOURCE=sysfs], ret==[36]
02-06 20:58:40.207  2075  2075 E batterywarning: -------Aron------245---cp=========[SEQNUM=102600], ret==[72]
02-06 20:58:40.223  2075  2075 E batterywarning: -------Aron------245---cp=========[change@/devices/platform/soc/soc:ap-ahb/31100000.dsi/31100000.dsi.0/display/panel0/sprd_backlight], ret==[52]
02-06 20:58:40.223  2075  2075 E batterywarning: -------Aron------245---cp=========[ACTION=change], ret==[18]
02-06 20:58:40.223  2075  2075 E batterywarning: -------Aron------245---cp=========[DEVPATH=/devices/platform/soc/soc:ap-ahb/31100000.dsi/31100000.dsi.0/display/panel0/sprd_backlight], ret==[21]
02-06 20:58:40.223  2075  2075 E batterywarning: -------Aron------245---cp=========[SUBSYSTEM=backlight], ret==[36]
02-06 20:58:40.223  2075  2075 E batterywarning: -------Aron------245---cp=========[SOURCE=sysfs], ret==[36]
02-06 20:58:40.223  2075  2075 E batterywarning: -------Aron------245---cp=========[SEQNUM=102601], ret==[72]
02-06 20:58:40.240  2075  2075 E batterywarning: -------Aron------245---cp=========[change@/devices/platform/soc/soc:ap-ahb/31100000.dsi/31100000.dsi.0/display/panel0/sprd_backlight], ret==[52]
02-06 20:58:40.240  2075  2075 E batterywarning: -------Aron------245---cp=========[ACTION=change], ret==[18]
02-06 20:58:40.240  2075  2075 E batterywarning: -------Aron------245---cp=========[DEVPATH=/devices/platform/soc/soc:ap-ahb/31100000.dsi/31100000.dsi.0/display/panel0/sprd_backlight], ret==[21]
02-06 20:58:40.240  2075  2075 E batterywarning: -------Aron------245---cp=========[SUBSYSTEM=backlight], ret==[36]
02-06 20:58:40.240  2075  2075 E batterywarning: -------Aron------245---cp=========[SOURCE=sysfs], ret==[36]
02-06 20:58:40.240  2075  2075 E batterywarning: -------Aron------245---cp=========[SEQNUM=102602], ret==[72]
02-06 20:58:40.256  2075  2075 E batterywarning: -------Aron------245---cp=========[change@/devices/platform/soc/soc:ap-ahb/31100000.dsi/31100000.dsi.0/display/panel0/sprd_backlight], ret==[52]
02-06 20:58:40.256  2075  2075 E batterywarning: -------Aron------245---cp=========[ACTION=change], ret==[18]
02-06 20:58:40.256  2075  2075 E batterywarning: -------Aron------245---cp=========[DEVPATH=/devices/platform/soc/soc:ap-ahb/31100000.dsi/31100000.dsi.0/display/panel0/sprd_backlight], ret==[21]
02-06 20:58:40.256  2075  2075 E batterywarning: -------Aron------245---cp=========[SUBSYSTEM=backlight], ret==[36]
02-06 20:58:40.256  2075  2075 E batterywarning: -------Aron------245---cp=========[SOURCE=sysfs], ret==[36]
02-06 20:58:40.256  2075  2075 E batterywarning: -------Aron------245---cp=========[SEQNUM=102603], ret==[72]
02-06 20:58:40.273  2075  2075 E batterywarning: -------Aron------245---cp=========[change@/devices/platform/soc/soc:ap-ahb/31100000.dsi/31100000.dsi.0/display/panel0/sprd_backlight], ret==[52]
02-06 20:58:40.273  2075  2075 E batterywarning: -------Aron------245---cp=========[ACTION=change], ret==[18]
02-06 20:58:40.273  2075  2075 E batterywarning: -------Aron------245---cp=========[DEVPATH=/devices/platform/soc/soc:ap-ahb/31100000.dsi/31100000.dsi.0/display/panel0/sprd_backlight], ret==[21]
02-06 20:58:40.273  2075  2075 E batterywarning: -------Aron------245---cp=========[SUBSYSTEM=backlight], ret==[36]
02-06 20:58:40.273  2075  2075 E batterywarning: -------Aron------245---cp=========[SOURCE=sysfs], ret==[36]
02-06 20:58:40.273  2075  2075 E batterywarning: -------Aron------245---cp=========[SEQNUM=102604], ret==[72]
02-06 20:58:40.290  2075  2075 E batterywarning: -------Aron------245---cp=========[change@/devices/platform/soc/soc:ap-ahb/31100000.dsi/31100000.dsi.0/display/panel0/sprd_backlight], ret==[52]
02-06 20:58:40.290  2075  2075 E batterywarning: -------Aron------245---cp=========[ACTION=change], ret==[18]
02-06 20:58:40.290  2075  2075 E batterywarning: -------Aron------245---cp=========[DEVPATH=/devices/platform/soc/soc:ap-ahb/31100000.dsi/31100000.dsi.0/display/panel0/sprd_backlight], ret==[21]
02-06 20:58:40.290  2075  2075 E batterywarning: -------Aron------245---cp=========[SUBSYSTEM=backlight], ret==[36]
02-06 20:58:40.290  2075  2075 E batterywarning: -------Aron------245---cp=========[SOURCE=sysfs], ret==[36]
02-06 20:58:40.290  2075  2075 E batterywarning: -------Aron------245---cp=========[SEQNUM=102605], ret==[72]
02-06 20:58:40.299  1073  1104 E UnisocWatchdog: WDT_Monitor: writeWDTMonitor duration=50,shutdowning=false
02-06 20:58:40.299  1073  1104 E UnisocWatchdog: UnisocWatchdogImpl sendMessage:0
02-06 20:58:40.300  1073  1201 E UnisocWatchdog: UNISOCWATCHDOG_MESSAGE_TIMER30 trigger
02-06 20:58:40.306  2075  2075 E batterywarning: -------Aron------245---cp=========[change@/devices/platform/soc/soc:ap-ahb/31100000.dsi/31100000.dsi.0/display/panel0/sprd_backlight], ret==[52]
02-06 20:58:40.307  2075  2075 E batterywarning: -------Aron------245---cp=========[ACTION=change], ret==[18]
02-06 20:58:40.307  2075  2075 E batterywarning: -------Aron------245---cp=========[DEVPATH=/devices/platform/soc/soc:ap-ahb/31100000.dsi/31100000.dsi.0/display/panel0/sprd_backlight], ret==[21]
02-06 20:58:40.307  2075  2075 E batterywarning: -------Aron------245---cp=========[SUBSYSTEM=backlight], ret==[36]
02-06 20:58:40.307  2075  2075 E batterywarning: -------Aron------245---cp=========[SOURCE=sysfs], ret==[36]
02-06 20:58:40.307  2075  2075 E batterywarning: -------Aron------245---cp=========[SEQNUM=102606], ret==[72]
02-06 20:58:40.326  2075  2075 E batterywarning: -------Aron------245---cp=========[change@/devices/platform/soc/soc:ap-ahb/31100000.dsi/31100000.dsi.0/display/panel0/sprd_backlight], ret==[52]
02-06 20:58:40.326  2075  2075 E batterywarning: -------Aron------245---cp=========[ACTION=change], ret==[18]
02-06 20:58:40.326  2075  2075 E batterywarning: -------Aron------245---cp=========[DEVPATH=/devices/platform/soc/soc:ap-ahb/31100000.dsi/31100000.dsi.0/display/panel0/sprd_backlight], ret==[21]
02-06 20:58:40.326  2075  2075 E batterywarning: -------Aron------245---cp=========[SUBSYSTEM=backlight], ret==[36]
02-06 20:58:40.326  2075  2075 E batterywarning: -------Aron------245---cp=========[SOURCE=sysfs], ret==[36]
02-06 20:58:40.326  2075  2075 E batterywarning: -------Aron------245---cp=========[SEQNUM=102607], ret==[72]
02-06 20:58:40.341  2075  2075 E batterywarning: -------Aron------245---cp=========[change@/devices/platform/soc/soc:ap-ahb/31100000.dsi/31100000.dsi.0/display/panel0/sprd_backlight], ret==[52]
02-06 20:58:40.341  2075  2075 E batterywarning: -------Aron------245---cp=========[ACTION=change], ret==[18]
02-06 20:58:40.341  2075  2075 E batterywarning: -------Aron------245---cp=========[DEVPATH=/devices/platform/soc/soc:ap-ahb/31100000.dsi/31100000.dsi.0/display/panel0/sprd_backlight], ret==[21]
02-06 20:58:40.341  2075  2075 E batterywarning: -------Aron------245---cp=========[SUBSYSTEM=backlight], ret==[36]
02-06 20:58:40.341  2075  2075 E batterywarning: -------Aron------245---cp=========[SOURCE=sysfs], ret==[36]
02-06 20:58:40.341  2075  2075 E batterywarning: -------Aron------245---cp=========[SEQNUM=102608], ret==[72]
02-06 20:58:40.356  2075  2075 E batterywarning: -------Aron------245---cp=========[change@/devices/platform/soc/soc:ap-ahb/31100000.dsi/31100000.dsi.0/display/panel0/sprd_backlight], ret==[52]
02-06 20:58:40.356  2075  2075 E batterywarning: -------Aron------245---cp=========[ACTION=change], ret==[18]
02-06 20:58:40.356  2075  2075 E batterywarning: -------Aron------245---cp=========[DEVPATH=/devices/platform/soc/soc:ap-ahb/31100000.dsi/31100000.dsi.0/display/panel0/sprd_backlight], ret==[21]
02-06 20:58:40.356  2075  2075 E batterywarning: -------Aron------245---cp=========[SUBSYSTEM=backlight], ret==[36]
02-06 20:58:40.356  2075  2075 E batterywarning: -------Aron------245---cp=========[SOURCE=sysfs], ret==[36]
02-06 20:58:40.356  2075  2075 E batterywarning: -------Aron------245---cp=========[SEQNUM=102609], ret==[72]
02-06 20:58:40.687 12802 12802 E Capacitor/Console: File: https://localhost/_next/static/chunks/9d06488ae7d6e382.js - Line 24 - Msg: TypeError: Failed to fetch
02-06 20:58:40.886 12802 12802 E Capacitor/Console: File: https://localhost/_next/static/chunks/9d06488ae7d6e382.js - Line 24 - Msg: TypeError: Failed to fetch
02-06 20:58:41.034 12802 12802 E Capacitor/Console: File: https://localhost/_next/static/chunks/9d06488ae7d6e382.js - Line 24 - Msg: TypeError: Failed to fetch
02-06 20:58:41.221 12802 12802 E Capacitor/Console: File: https://localhost/_next/static/chunks/9d06488ae7d6e382.js - Line 24 - Msg: TypeError: Failed to fetch
02-06 20:58:53.130  2075  2075 E batterywarning: -------Aron------245---cp=========[change@/devices/platform/soc/soc:ap-ahb/31100000.dsi/31100000.dsi.0/display/panel0/sprd_backlight], ret==[52]
02-06 20:58:53.130  2075  2075 E batterywarning: -------Aron------245---cp=========[ACTION=change], ret==[18]
02-06 20:58:53.130  2075  2075 E batterywarning: -------Aron------245---cp=========[DEVPATH=/devices/platform/soc/soc:ap-ahb/31100000.dsi/31100000.dsi.0/display/panel0/sprd_backlight], ret==[21]
02-06 20:58:53.130  2075  2075 E batterywarning: -------Aron------245---cp=========[SUBSYSTEM=backlight], ret==[36]
02-06 20:58:53.130  2075  2075 E batterywarning: -------Aron------245---cp=========[SOURCE=sysfs], ret==[36]
02-06 20:58:53.130  2075  2075 E batterywarning: -------Aron------245---cp=========[SEQNUM=102610], ret==[72]
02-06 20:58:53.146  2075  2075 E batterywarning: -------Aron------245---cp=========[change@/devices/platform/soc/soc:ap-ahb/31100000.dsi/31100000.dsi.0/display/panel0/sprd_backlight], ret==[52]
02-06 20:58:53.146  2075  2075 E batterywarning: -------Aron------245---cp=========[ACTION=change], ret==[18]
02-06 20:58:53.146  2075  2075 E batterywarning: -------Aron------245---cp=========[DEVPATH=/devices/platform/soc/soc:ap-ahb/31100000.dsi/31100000.dsi.0/display/panel0/sprd_backlight], ret==[21]
02-06 20:58:53.146  2075  2075 E batterywarning: -------Aron------245---cp=========[SUBSYSTEM=backlight], ret==[36]
02-06 20:58:53.146  2075  2075 E batterywarning: -------Aron------245---cp=========[SOURCE=sysfs], ret==[36]
02-06 20:58:53.146  2075  2075 E batterywarning: -------Aron------245---cp=========[SEQNUM=102611], ret==[72]
02-06 20:58:53.162  2075  2075 E batterywarning: -------Aron------245---cp=========[change@/devices/platform/soc/soc:ap-ahb/31100000.dsi/31100000.dsi.0/display/panel0/sprd_backlight], ret==[52]
02-06 20:58:53.162  2075  2075 E batterywarning: -------Aron------245---cp=========[ACTION=change], ret==[18]
02-06 20:58:53.162  2075  2075 E batterywarning: -------Aron------245---cp=========[DEVPATH=/devices/platform/soc/soc:ap-ahb/31100000.dsi/31100000.dsi.0/display/panel0/sprd_backlight], ret==[21]
02-06 20:58:53.162  2075  2075 E batterywarning: -------Aron------245---cp=========[SUBSYSTEM=backlight], ret==[36]
02-06 20:58:53.162  2075  2075 E batterywarning: -------Aron------245---cp=========[SOURCE=sysfs], ret==[36]
02-06 20:58:53.162  2075  2075 E batterywarning: -------Aron------245---cp=========[SEQNUM=102612], ret==[72]
02-06 20:58:53.179  2075  2075 E batterywarning: -------Aron------245---cp=========[change@/devices/platform/soc/soc:ap-ahb/31100000.dsi/31100000.dsi.0/display/panel0/sprd_backlight], ret==[52]
02-06 20:58:53.179  2075  2075 E batterywarning: -------Aron------245---cp=========[ACTION=change], ret==[18]
02-06 20:58:53.179  2075  2075 E batterywarning: -------Aron------245---cp=========[DEVPATH=/devices/platform/soc/soc:ap-ahb/31100000.dsi/31100000.dsi.0/display/panel0/sprd_backlight], ret==[21]
02-06 20:58:53.179  2075  2075 E batterywarning: -------Aron------245---cp=========[SUBSYSTEM=backlight], ret==[36]
02-06 20:58:53.179  2075  2075 E batterywarning: -------Aron------245---cp=========[SOURCE=sysfs], ret==[36]
02-06 20:58:53.179  2075  2075 E batterywarning: -------Aron------245---cp=========[SEQNUM=102613], ret==[72]
02-06 20:58:53.196  2075  2075 E batterywarning: -------Aron------245---cp=========[change@/devices/platform/soc/soc:ap-ahb/31100000.dsi/31100000.dsi.0/display/panel0/sprd_backlight], ret==[52]
02-06 20:58:53.196  2075  2075 E batterywarning: -------Aron------245---cp=========[ACTION=change], ret==[18]
02-06 20:58:53.196  2075  2075 E batterywarning: -------Aron------245---cp=========[DEVPATH=/devices/platform/soc/soc:ap-ahb/31100000.dsi/31100000.dsi.0/display/panel0/sprd_backlight], ret==[21]
02-06 20:58:53.196  2075  2075 E batterywarning: -------Aron------245---cp=========[SUBSYSTEM=backlight], ret==[36]
02-06 20:58:53.196  2075  2075 E batterywarning: -------Aron------245---cp=========[SOURCE=sysfs], ret==[36]
02-06 20:58:53.196  2075  2075 E batterywarning: -------Aron------245---cp=========[SEQNUM=102614], ret==[72]
02-06 20:58:53.212  2075  2075 E batterywarning: -------Aron------245---cp=========[change@/devices/platform/soc/soc:ap-ahb/31100000.dsi/31100000.dsi.0/display/panel0/sprd_backlight], ret==[52]
02-06 20:58:53.212  2075  2075 E batterywarning: -------Aron------245---cp=========[ACTION=change], ret==[18]
02-06 20:58:53.213  2075  2075 E batterywarning: -------Aron------245---cp=========[DEVPATH=/devices/platform/soc/soc:ap-ahb/31100000.dsi/31100000.dsi.0/display/panel0/sprd_backlight], ret==[21]
02-06 20:58:53.213  2075  2075 E batterywarning: -------Aron------245---cp=========[SUBSYSTEM=backlight], ret==[36]
02-06 20:58:53.213  2075  2075 E batterywarning: -------Aron------245---cp=========[SOURCE=sysfs], ret==[36]
02-06 20:58:53.213  2075  2075 E batterywarning: -------Aron------245---cp=========[SEQNUM=102615], ret==[72]
02-06 20:58:53.229  2075  2075 E batterywarning: -------Aron------245---cp=========[change@/devices/platform/soc/soc:ap-ahb/31100000.dsi/31100000.dsi.0/display/panel0/sprd_backlight], ret==[52]
02-06 20:58:53.229  2075  2075 E batterywarning: -------Aron------245---cp=========[ACTION=change], ret==[18]
02-06 20:58:53.229  2075  2075 E batterywarning: -------Aron------245---cp=========[DEVPATH=/devices/platform/soc/soc:ap-ahb/31100000.dsi/31100000.dsi.0/display/panel0/sprd_backlight], ret==[21]
02-06 20:58:53.229  2075  2075 E batterywarning: -------Aron------245---cp=========[SUBSYSTEM=backlight], ret==[36]
02-06 20:58:53.229  2075  2075 E batterywarning: -------Aron------245---cp=========[SOURCE=sysfs], ret==[36]
02-06 20:58:53.229  2075  2075 E batterywarning: -------Aron------245---cp=========[SEQNUM=102616], ret==[72]
02-06 20:58:53.246  2075  2075 E batterywarning: -------Aron------245---cp=========[change@/devices/platform/soc/soc:ap-ahb/31100000.dsi/31100000.dsi.0/display/panel0/sprd_backlight], ret==[52]
02-06 20:58:53.246  2075  2075 E batterywarning: -------Aron------245---cp=========[ACTION=change], ret==[18]
02-06 20:58:53.246  2075  2075 E batterywarning: -------Aron------245---cp=========[DEVPATH=/devices/platform/soc/soc:ap-ahb/31100000.dsi/31100000.dsi.0/display/panel0/sprd_backlight], ret==[21]
02-06 20:58:53.246  2075  2075 E batterywarning: -------Aron------245---cp=========[SUBSYSTEM=backlight], ret==[36]
02-06 20:58:53.246  2075  2075 E batterywarning: -------Aron------245---cp=========[SOURCE=sysfs], ret==[36]
02-06 20:58:53.246  2075  2075 E batterywarning: -------Aron------245---cp=========[SEQNUM=102617], ret==[72]
02-06 20:58:53.262  2075  2075 E batterywarning: -------Aron------245---cp=========[change@/devices/platform/soc/soc:ap-ahb/31100000.dsi/31100000.dsi.0/display/panel0/sprd_backlight], ret==[52]
02-06 20:58:53.262  2075  2075 E batterywarning: -------Aron------245---cp=========[ACTION=change], ret==[18]
02-06 20:58:53.262  2075  2075 E batterywarning: -------Aron------245---cp=========[DEVPATH=/devices/platform/soc/soc:ap-ahb/31100000.dsi/31100000.dsi.0/display/panel0/sprd_backlight], ret==[21]
02-06 20:58:53.262  2075  2075 E batterywarning: -------Aron------245---cp=========[SUBSYSTEM=backlight], ret==[36]
02-06 20:58:53.262  2075  2075 E batterywarning: -------Aron------245---cp=========[SOURCE=sysfs], ret==[36]
02-06 20:58:53.262  2075  2075 E batterywarning: -------Aron------245---cp=========[SEQNUM=102618], ret==[72]
02-06 20:58:53.281  2075  2075 E batterywarning: -------Aron------245---cp=========[change@/devices/platform/soc/soc:ap-ahb/31100000.dsi/31100000.dsi.0/display/panel0/sprd_backlight], ret==[52]
02-06 20:58:53.281  2075  2075 E batterywarning: -------Aron------245---cp=========[ACTION=change], ret==[18]
02-06 20:58:53.281  2075  2075 E batterywarning: -------Aron------245---cp=========[DEVPATH=/devices/platform/soc/soc:ap-ahb/31100000.dsi/31100000.dsi.0/display/panel0/sprd_backlight], ret==[21]
02-06 20:58:53.281  2075  2075 E batterywarning: -------Aron------245---cp=========[SUBSYSTEM=backlight], ret==[36]
02-06 20:58:53.281  2075  2075 E batterywarning: -------Aron------245---cp=========[SOURCE=sysfs], ret==[36]
02-06 20:58:53.281  2075  2075 E batterywarning: -------Aron------245---cp=========[SEQNUM=102619], ret==[72]
02-06 20:58:59.703   893   918 E SLOGCP  : data_rate_stat: agdsp rate: total size(MB)=0.000000; per second(bytes)=0.000000, drop_cnt_=0, drop_data_size_=0
02-06 20:59:10.300  1073  1104 E UnisocWatchdog: WDT_Monitor: writeWDTMonitor duration=50,shutdowning=false
02-06 20:59:10.300  1073  1104 E UnisocWatchdog: UnisocWatchdogImpl sendMessage:0
02-06 20:59:10.300  1073  1201 E UnisocWatchdog: UNISOCWATCHDOG_MESSAGE_TIMER30 trigger
02-06 20:59:10.727  1073  1179 E PackageManager: ERROR: could not load root hash from incremental install
02-06 20:59:10.732   836  3768 E CameraService: notifyMonitoredUids: Failed to trigger permission callback: -129
02-06 20:59:10.734   836  1452 E CameraService: notifyMonitoredUids: Failed to trigger permission callback: -129
02-06 20:59:10.795 16052 13139 E AbstractLogEventBuilder: The provided ProductIdOrigin 3 is not one of the process-level expected values: 1 or 2
02-06 20:59:10.824 16052 16166 E AbstractLogEventBuilder: The provided ProductIdOrigin 3 is not one of the process-level expected values: 1 or 2
02-06 20:59:10.980   431   431 E TrustyKeymaster: succeeded to send cmd (4) to com.android.trusty.keymaster with rc(286). errno: Success
02-06 20:59:10.981   431   431 E TrustyKeymaster: Getting response size (52)
02-06 20:59:10.984   431   431 E TrustyKeymaster: succeeded to send cmd (8) to com.android.trusty.keymaster with rc(38). errno: Success
02-06 20:59:10.984   431   431 E TrustyKeymaster: Getting response size (38)
02-06 20:59:10.985   431   431 E TrustyKeymaster: succeeded to send cmd (12) to com.android.trusty.keymaster with rc(32). errno: Success
02-06 20:59:10.986   431   431 E TrustyKeymaster: Getting response size (40)
02-06 20:59:10.989   431   431 E TrustyKeymaster: succeeded to send cmd (4) to com.android.trusty.keymaster with rc(310). errno: Success
02-06 20:59:10.989   431   431 E TrustyKeymaster: Getting response size (28)
02-06 20:59:10.991   431   431 E TrustyKeymaster: succeeded to send cmd (8) to com.android.trusty.keymaster with rc(54). errno: Success
02-06 20:59:10.991   431   431 E TrustyKeymaster: Getting response size (38)
02-06 20:59:10.992   431   431 E TrustyKeymaster: succeeded to send cmd (12) to com.android.trusty.keymaster with rc(32). errno: Success
02-06 20:59:10.993   431   431 E TrustyKeymaster: Getting response size (24)
02-06 20:59:10.996   431   431 E TrustyKeymaster: succeeded to send cmd (4) to com.android.trusty.keymaster with rc(310). errno: Success
02-06 20:59:10.996   431   431 E TrustyKeymaster: Getting response size (28)
02-06 20:59:10.998   431   431 E TrustyKeymaster: succeeded to send cmd (8) to com.android.trusty.keymaster with rc(152). errno: Success
02-06 20:59:10.999   431   431 E TrustyKeymaster: Getting response size (136)
02-06 20:59:10.999   431   431 E TrustyKeymaster: succeeded to send cmd (12) to com.android.trusty.keymaster with rc(32). errno: Success
02-06 20:59:11.000   431   431 E TrustyKeymaster: Getting response size (24)
02-06 20:59:11.012 16052 16187 E AbstractLogEventBuilder: The provided ProductIdOrigin 3 is not one of the process-level expected values: 1 or 2
02-06 20:59:11.058   431   431 E TrustyKeymaster: succeeded to send cmd (4) to com.android.trusty.keymaster with rc(286). errno: Success
02-06 20:59:11.059   431   431 E TrustyKeymaster: Getting response size (52)
02-06 20:59:11.061   431   431 E TrustyKeymaster: succeeded to send cmd (8) to com.android.trusty.keymaster with rc(38). errno: Success
02-06 20:59:11.061   431   431 E TrustyKeymaster: Getting response size (38)
02-06 20:59:11.063   431   431 E TrustyKeymaster: succeeded to send cmd (12) to com.android.trusty.keymaster with rc(32). errno: Success
02-06 20:59:11.063   431   431 E TrustyKeymaster: Getting response size (40)
02-06 20:59:11.067   431   431 E TrustyKeymaster: succeeded to send cmd (4) to com.android.trusty.keymaster with rc(310). errno: Success
02-06 20:59:11.067   431   431 E TrustyKeymaster: Getting response size (28)
02-06 20:59:11.069   431   431 E TrustyKeymaster: succeeded to send cmd (8) to com.android.trusty.keymaster with rc(54). errno: Success
02-06 20:59:11.069   431   431 E TrustyKeymaster: Getting response size (38)
02-06 20:59:11.070   431   431 E TrustyKeymaster: succeeded to send cmd (12) to com.android.trusty.keymaster with rc(32). errno: Success
02-06 20:59:11.071   431   431 E TrustyKeymaster: Getting response size (24)
02-06 20:59:11.077 13145 13156 E entsScanService: Could not write anonymous vdex /system_ext/framework/oat/arm64/unisoc-framework.vdex: Could not open /system_ext/framework/oat/arm64/unisoc-framework.vdex for writing
02-06 20:59:11.079   431   431 E TrustyKeymaster: succeeded to send cmd (4) to com.android.trusty.keymaster with rc(310). errno: Success
02-06 20:59:11.079   431   431 E TrustyKeymaster: Getting response size (28)
02-06 20:59:11.084   431   431 E TrustyKeymaster: succeeded to send cmd (8) to com.android.trusty.keymaster with rc(152). errno: Success
02-06 20:59:11.085   431   431 E TrustyKeymaster: Getting response size (136)
02-06 20:59:11.088   431   431 E TrustyKeymaster: succeeded to send cmd (12) to com.android.trusty.keymaster with rc(32). errno: Success
02-06 20:59:11.088   431   431 E TrustyKeymaster: Getting response size (24)
02-06 20:59:11.215   349   349 E SELinux : avc:  denied  { find } for pid=13145 uid=99148 name=content_capture scontext=u:r:isolated_app:s0:c512,c768 tcontext=u:object_r:content_capture_service:s0 tclass=service_manager permissive=0
02-06 20:59:11.257 16052 16052 E AbstractLogEventBuilder: The provided ProductIdOrigin 3 is not one of the process-level expected values: 1 or 2
02-06 20:59:11.606 16052 16187 E AbstractLogEventBuilder: The provided ProductIdOrigin 3 is not one of the process-level expected values: 1 or 2
02-06 20:59:11.646   836  4468 E CameraService: notifyMonitoredUids: Failed to trigger permission callback: -129
02-06 20:59:11.646   836  4468 E CameraService: notifyMonitoredUids: Failed to trigger permission callback: -129
02-06 20:59:11.647   836  4468 E CameraService: notifyMonitoredUids: Failed to trigger permission callback: -129
02-06 20:59:13.245 16052 13161 E AbstractLogEventBuilder: The provided ProductIdOrigin 3 is not one of the process-level expected values: 1 or 2
02-06 20:59:13.245 16052 16184 E AbstractLogEventBuilder: The provided ProductIdOrigin 3 is not one of the process-level expected values: 1 or 2
02-06 20:59:13.248 16052 13139 E AbstractLogEventBuilder: The provided ProductIdOrigin 3 is not one of the process-level expected values: 1 or 2
02-06 20:59:13.249 16052 16184 E AbstractLogEventBuilder: The provided ProductIdOrigin 3 is not one of the process-level expected values: 1 or 2
02-06 20:59:13.251 16052 13139 E Finsky  : [829] Package name null is not an installed package
02-06 20:59:13.258   836  4113 E CameraService: notifyMonitoredUids: Failed to trigger permission callback: -129
02-06 20:59:13.267  1073  1131 E system_server: updateValue is called with a value {0, 0, 0, 0, 0, 0, 0, 0, 0, 0, 0, 0, 0, 0}, which is lower than the previous value {0, 0, 0, 0, 0, 0, 0, 667, 0, 0, 0, 0, 0, 24}
02-06 20:59:13.267  1073  1131 E system_server: updateValue is called with a value {0, 0, 0, 0, 0, 0, 0, 0, 0, 0, 0, 0, 0, 0}, which is lower than the previous value {0, 0, 0, 0, 0, 0, 0, 633, 0, 0, 0, 0, 0, 21}
02-06 20:59:13.271   836   836 E CameraService: notifyMonitoredUids: Failed to trigger permission callback: -129
02-06 20:59:13.277   836  4468 E CameraService: notifyMonitoredUids: Failed to trigger permission callback: -129
02-06 20:59:13.283  1073  1131 E system_server: updateValue is called with a value {0, 0, 0, 0, 0, 0, 0, 0, 0, 0, 0, 0, 0, 0}, which is lower than the previous value {9, 138, 932, 8263, 12297, 4569, 1969, 3925, 21, 147, 127, 173, 140, 1359}
02-06 20:59:13.283  1073  1131 E system_server: updateValue is called with a value {0, 0, 0, 0, 0, 0, 0, 0, 0, 0, 0, 0, 0, 0}, which is lower than the previous value {4, 271, 524, 710, 780, 555, 387, 1449, 48, 98, 52, 81, 46, 447}
02-06 20:59:13.393   698   698 E BpTransactionCompletedListener: Failed to transact (-32)
02-06 20:59:13.423   836  4468 E CameraService: notifyMonitoredUids: Failed to trigger permission callback: -129
02-06 20:59:13.423   836  4468 E CameraService: notifyMonitoredUids: Failed to trigger permission callback: -129
02-06 20:59:13.424   836  4468 E CameraService: notifyMonitoredUids: Failed to trigger permission callback: -129
02-06 20:59:13.440   836  4468 E CameraService: notifyMonitoredUids: Failed to trigger permission callback: -129
02-06 20:59:13.445   836  4468 E CameraService: notifyMonitoredUids: Failed to trigger permission callback: -129
02-06 20:59:13.448  1073  1100 E SystemServiceRegistry: Manager wrapper not available: payjoy_access_service
02-06 20:59:13.454   836  1452 E CameraService: notifyMonitoredUids: Failed to trigger permission callback: -129
02-06 20:59:13.454   836  1452 E CameraService: notifyMonitoredUids: Failed to trigger permission callback: -129
02-06 20:59:13.455   836  1452 E CameraService: notifyMonitoredUids: Failed to trigger permission callback: -129
02-06 20:59:13.455   836  2431 E CameraService: notifyMonitoredUids: Failed to trigger permission callback: -129
02-06 20:59:13.456   836  4812 E CameraService: notifyMonitoredUids: Failed to trigger permission callback: -129
02-06 20:59:13.460  1073  1179 E JavaBinder: !!! FAILED BINDER TRANSACTION !!!  (parcel size = 124)
02-06 20:59:13.460  1073  1179 E JavaBinder: !!! FAILED BINDER TRANSACTION !!!  (parcel size = 124)
02-06 20:59:13.460  1073  1179 E JavaBinder: !!! FAILED BINDER TRANSACTION !!!  (parcel size = 124)
02-06 20:59:13.466   836  4468 E CameraService: notifyMonitoredUids: Failed to trigger permission callback: -129
02-06 20:59:13.467   836   836 E CameraService: notifyMonitoredUids: Failed to trigger permission callback: -129
02-06 20:59:13.476   836   836 E CameraService: notifyMonitoredUids: Failed to trigger permission callback: -129
02-06 20:59:13.476   836   836 E CameraService: notifyMonitoredUids: Failed to trigger permission callback: -129
02-06 20:59:13.477   836  5858 E CameraService: notifyMonitoredUids: Failed to trigger permission callback: -129
02-06 20:59:13.497   836  4468 E CameraService: notifyMonitoredUids: Failed to trigger permission callback: -129
02-06 20:59:13.507   836  4468 E CameraService: notifyMonitoredUids: Failed to trigger permission callback: -129
02-06 20:59:13.520 16052 16184 E Finsky  : [242] [Counters] attempted to use a non-positive increment for: 4752
02-06 20:59:13.520 16052 16184 E Finsky  : [242] [Counters] attempted to use a non-positive increment for: 4753
02-06 20:59:13.533   836  4468 E CameraService: notifyMonitoredUids: Failed to trigger permission callback: -129
02-06 20:59:13.539 16052 16184 E Finsky  : [242] [Counters] attempted to use a non-positive increment for: 4752
02-06 20:59:13.539 16052 16184 E Finsky  : [242] [Counters] attempted to use a non-positive increment for: 4753
02-06 20:59:13.553   836  4468 E CameraService: notifyMonitoredUids: Failed to trigger permission callback: -129
02-06 20:59:13.562   836  4468 E CameraService: notifyMonitoredUids: Failed to trigger permission callback: -129
02-06 20:59:13.589   836  4468 E CameraService: notifyMonitoredUids: Failed to trigger permission callback: -129
02-06 20:59:13.590  1073  1236 E ActivityManager: Sending non-protected broadcast sprd.intent.action.powerguru.PKG_CHANGED from system 1073:system/1000 pkg android
02-06 20:59:13.590  1073  1236 E ActivityManager: java.lang.Throwable
02-06 20:59:13.590  1073  1236 E ActivityManager: 	at com.android.server.am.ActivityManagerService.checkBroadcastFromSystem(ActivityManagerService.java:14255)
02-06 20:59:13.590  1073  1236 E ActivityManager: 	at com.android.server.am.ActivityManagerService.broadcastIntentLocked(ActivityManagerService.java:15002)
02-06 20:59:13.590  1073  1236 E ActivityManager: 	at com.android.server.am.ActivityManagerService.broadcastIntentLocked(ActivityManagerService.java:14273)
02-06 20:59:13.590  1073  1236 E ActivityManager: 	at com.android.server.am.ActivityManagerService.broadcastIntentWithFeature(ActivityManagerService.java:15187)
02-06 20:59:13.590  1073  1236 E ActivityManager: 	at android.app.ContextImpl.sendBroadcastAsUser(ContextImpl.java:1473)
02-06 20:59:13.590  1073  1236 E ActivityManager: 	at com.android.server.power.sprdpower.PowerGuruService.notifyDataChanged(PowerGuruService.java:2163)
02-06 20:59:13.590  1073  1236 E ActivityManager: 	at com.android.server.power.sprdpower.PowerGuruService.-$$Nest$mnotifyDataChanged(Unknown Source:0)
02-06 20:59:13.590  1073  1236 E ActivityManager: 	at com.android.server.power.sprdpower.PowerGuruService$InternalHandler.handleMessage(PowerGuruService.java:636)
02-06 20:59:13.590  1073  1236 E ActivityManager: 	at android.os.Handler.dispatchMessage(Handler.java:106)
02-06 20:59:13.590  1073  1236 E ActivityManager: 	at android.os.Looper.loopOnce(Looper.java:201)
02-06 20:59:13.590  1073  1236 E ActivityManager: 	at android.os.Looper.loop(Looper.java:288)
02-06 20:59:13.590  1073  1236 E ActivityManager: 	at android.os.HandlerThread.run(HandlerThread.java:67)
02-06 20:59:13.590   836  4468 E CameraService: notifyMonitoredUids: Failed to trigger permission callback: -129
02-06 20:59:13.604   836  4468 E CameraService: notifyMonitoredUids: Failed to trigger permission callback: -129
02-06 20:59:13.613   836  4468 E CameraService: notifyMonitoredUids: Failed to trigger permission callback: -129
02-06 20:59:13.630  1073  1179 E JavaBinder: !!! FAILED BINDER TRANSACTION !!!  (parcel size = 124)
02-06 20:59:13.631   836  4468 E CameraService: notifyMonitoredUids: Failed to trigger permission callback: -129
02-06 20:59:13.631  1073  1179 E JavaBinder: !!! FAILED BINDER TRANSACTION !!!  (parcel size = 124)
02-06 20:59:13.636  1073  1179 E JavaBinder: !!! FAILED BINDER TRANSACTION !!!  (parcel size = 124)
02-06 20:59:13.637 16052 16166 E Finsky  : [235] [Counters] attempted to use a non-positive increment for: 4752
02-06 20:59:13.637 16052 16166 E Finsky  : [235] [Counters] attempted to use a non-positive increment for: 4753
02-06 20:59:13.657  2558  2856 E os_noti_center_NotiCenterManager: parseRuleFile: e = java.io.FileNotFoundException: /data/user/0/com.hoffnung/cache/os_noti_center_config.txt: open failed: ENOENT (No such file or directory)
02-06 20:59:13.657  2558  2856 E os_noti_center_NotiCenterManager: parseRuleFile: Coat time = 0
02-06 20:59:13.665 16052 16166 E Finsky  : [235] [Counters] attempted to use a non-positive increment for: 4752
02-06 20:59:13.665 16052 16166 E Finsky  : [235] [Counters] attempted to use a non-positive increment for: 4753
02-06 20:59:13.692  1073  1179 E JavaBinder: !!! FAILED BINDER TRANSACTION !!!  (parcel size = 124)
02-06 20:59:13.693  1073  1179 E JavaBinder: !!! FAILED BINDER TRANSACTION !!!  (parcel size = 124)
02-06 20:59:13.693  1073  1179 E JavaBinder: !!! FAILED BINDER TRANSACTION !!!  (parcel size = 124)
02-06 20:59:13.696   842 28449 E installd: Couldn't opendir /data/app/vmdl1275410188.tmp: No such file or directory
02-06 20:59:13.696   842 28449 E installd: Failed to delete /data/app/vmdl1275410188.tmp: No such file or directory
02-06 20:59:13.720  1073  1236 E ActivityManager: Sending non-protected broadcast sprd.intent.action.powerguru.PKG_CHANGED from system 1073:system/1000 pkg android
02-06 20:59:13.720  1073  1236 E ActivityManager: java.lang.Throwable
02-06 20:59:13.720  1073  1236 E ActivityManager: 	at com.android.server.am.ActivityManagerService.checkBroadcastFromSystem(ActivityManagerService.java:14255)
02-06 20:59:13.720  1073  1236 E ActivityManager: 	at com.android.server.am.ActivityManagerService.broadcastIntentLocked(ActivityManagerService.java:15002)
02-06 20:59:13.720  1073  1236 E ActivityManager: 	at com.android.server.am.ActivityManagerService.broadcastIntentLocked(ActivityManagerService.java:14273)
02-06 20:59:13.720  1073  1236 E ActivityManager: 	at com.android.server.am.ActivityManagerService.broadcastIntentWithFeature(ActivityManagerService.java:15187)
02-06 20:59:13.720  1073  1236 E ActivityManager: 	at android.app.ContextImpl.sendBroadcastAsUser(ContextImpl.java:1473)
02-06 20:59:13.720  1073  1236 E ActivityManager: 	at com.android.server.power.sprdpower.PowerGuruService.notifyDataChanged(PowerGuruService.java:2163)
02-06 20:59:13.720  1073  1236 E ActivityManager: 	at com.android.server.power.sprdpower.PowerGuruService.-$$Nest$mnotifyDataChanged(Unknown Source:0)
02-06 20:59:13.720  1073  1236 E ActivityManager: 	at com.android.server.power.sprdpower.PowerGuruService$InternalHandler.handleMessage(PowerGuruService.java:636)
02-06 20:59:13.720  1073  1236 E ActivityManager: 	at android.os.Handler.dispatchMessage(Handler.java:106)
02-06 20:59:13.720  1073  1236 E ActivityManager: 	at android.os.Looper.loopOnce(Looper.java:201)
02-06 20:59:13.720  1073  1236 E ActivityManager: 	at android.os.Looper.loop(Looper.java:288)
02-06 20:59:13.720  1073  1236 E ActivityManager: 	at android.os.HandlerThread.run(HandlerThread.java:67)
02-06 20:59:13.724 14361 14361 E os_lock_noti_DatabaseHelper: notifyChangeForOberver: uri = /allowedlist--- observer from = setNotificationData
02-06 20:59:13.745  1073  1175 E VerityUtils: Failed to measure fs-verity, errno 1: /data/app/~~LD4PGKXILBCoguX-V5FqZg==/com.rentman.app-a8rDCMv2p64kpkspCMuv5Q==/base.apk
02-06 20:59:13.802   836  3767 E CameraService: notifyMonitoredUids: Failed to trigger permission callback: -129
02-06 20:59:13.808   836  4468 E CameraService: notifyMonitoredUids: Failed to trigger permission callback: -129
02-06 20:59:13.825   836  4468 E CameraService: notifyMonitoredUids: Failed to trigger permission callback: -129
02-06 20:59:13.830  1073  1175 E VerityUtils: Failed to measure fs-verity, errno 1: /data/app/~~LD4PGKXILBCoguX-V5FqZg==/com.rentman.app-a8rDCMv2p64kpkspCMuv5Q==/base.apk
02-06 20:59:13.869   836  4468 E CameraService: notifyMonitoredUids: Failed to trigger permission callback: -129
02-06 20:59:13.937  1073  1073 E JavaBinder: !!! FAILED BINDER TRANSACTION !!!  (parcel size = 136)
02-06 20:59:13.939  1073  1073 E JavaBinder: !!! FAILED BINDER TRANSACTION !!!  (parcel size = 136)
02-06 20:59:13.942  1073  1073 E JavaBinder: !!! FAILED BINDER TRANSACTION !!!  (parcel size = 136)
02-06 20:59:13.944  1073  1073 E JavaBinder: !!! FAILED BINDER TRANSACTION !!!  (parcel size = 136)
02-06 20:59:15.513   349   349 E SELinux : avc:  denied  { find } for pid=1470 uid=10154 name=tran_pwhub scontext=u:r:platform_app:s0:c512,c768 tcontext=u:object_r:default_android_service:s0 tclass=service_manager permissive=0
02-06 20:59:15.517   836  4468 E CameraService: notifyMonitoredUids: Failed to trigger permission callback: -129
02-06 20:59:15.521   836  1214 E CameraService: notifyMonitoredUids: Failed to trigger permission callback: -129
02-06 20:59:15.521   836  2431 E CameraService: notifyMonitoredUids: Failed to trigger permission callback: -129
02-06 20:59:15.565   836  4468 E CameraService: notifyMonitoredUids: Failed to trigger permission callback: -129
