02-06 21:06:30.869 E/batterywarning( 2075): -------Aron------245---cp=========[change@/devices/platform/soc/soc:ap-ahb/31100000.dsi/31100000.dsi.0/display/panel0/sprd_backlight], ret==[52]
02-06 21:06:30.869 E/batterywarning( 2075): -------Aron------245---cp=========[ACTION=change], ret==[18]
02-06 21:06:30.869 E/batterywarning( 2075): -------Aron------245---cp=========[DEVPATH=/devices/platform/soc/soc:ap-ahb/31100000.dsi/31100000.dsi.0/display/panel0/sprd_backlight], ret==[21]
02-06 21:06:30.869 E/batterywarning( 2075): -------Aron------245---cp=========[SUBSYSTEM=backlight], ret==[36]
02-06 21:06:30.869 E/batterywarning( 2075): -------Aron------245---cp=========[SOURCE=sysfs], ret==[36]
02-06 21:06:30.869 E/batterywarning( 2075): -------Aron------245---cp=========[SEQNUM=103260], ret==[72]
02-06 21:06:30.871 D/refnotify(  911): refnotify_parse_event: SOURCE = sysfs!
02-06 21:06:30.872 D/refnotify(  911): status : refnotify_sleep=0 
02-06 21:06:30.885 D/LIGHTS  (  679): func:write_int, path=/sys/class/backlight/sprd_backlight/brightness, value=456
02-06 21:06:30.887 D/batterywarning( 2075):  ---Aron---- buffer = 0
02-06 21:06:30.887 D/batterywarning( 2075): 
02-06 21:06:30.887 D/batterywarning( 2075):  ---Aron---- n = 258
02-06 21:06:30.887 D/batterywarning( 2075):  ---Aron---- cp = change@/devices/platform/soc/soc:ap-ahb/31100000.dsi/31100000.dsi.0/display/panel0/sprd_backlight
02-06 21:06:30.887 E/batterywarning( 2075): -------Aron------245---cp=========[change@/devices/platform/soc/soc:ap-ahb/31100000.dsi/31100000.dsi.0/display/panel0/sprd_backlight], ret==[52]
02-06 21:06:30.887 E/batterywarning( 2075): -------Aron------245---cp=========[ACTION=change], ret==[18]
02-06 21:06:30.887 E/batterywarning( 2075): -------Aron------245---cp=========[DEVPATH=/devices/platform/soc/soc:ap-ahb/31100000.dsi/31100000.dsi.0/display/panel0/sprd_backlight], ret==[21]
02-06 21:06:30.887 D/refnotify(  911): refnotify_parse_event: SOURCE = sysfs!
02-06 21:06:30.887 E/batterywarning( 2075): -------Aron------245---cp=========[SUBSYSTEM=backlight], ret==[36]
02-06 21:06:30.887 E/batterywarning( 2075): -------Aron------245---cp=========[SOURCE=sysfs], ret==[36]
02-06 21:06:30.888 E/batterywarning( 2075): -------Aron------245---cp=========[SEQNUM=103261], ret==[72]
02-06 21:06:30.891 D/refnotify(  911): status : refnotify_sleep=0 
02-06 21:06:30.901 D/LIGHTS  (  679): func:write_int, path=/sys/class/backlight/sprd_backlight/brightness, value=388
02-06 21:06:30.901 D/batterywarning( 2075):  ---Aron---- buffer = 0
02-06 21:06:30.901 D/batterywarning( 2075): 
02-06 21:06:30.901 D/batterywarning( 2075):  ---Aron---- n = 258
02-06 21:06:30.901 D/batterywarning( 2075):  ---Aron---- cp = change@/devices/platform/soc/soc:ap-ahb/31100000.dsi/31100000.dsi.0/display/panel0/sprd_backlight
02-06 21:06:30.901 E/batterywarning( 2075): -------Aron------245---cp=========[change@/devices/platform/soc/soc:ap-ahb/31100000.dsi/31100000.dsi.0/display/panel0/sprd_backlight], ret==[52]
02-06 21:06:30.901 E/batterywarning( 2075): -------Aron------245---cp=========[ACTION=change], ret==[18]
02-06 21:06:30.901 E/batterywarning( 2075): -------Aron------245---cp=========[DEVPATH=/devices/platform/soc/soc:ap-ahb/31100000.dsi/31100000.dsi.0/display/panel0/sprd_backlight], ret==[21]
02-06 21:06:30.901 E/batterywarning( 2075): -------Aron------245---cp=========[SUBSYSTEM=backlight], ret==[36]
02-06 21:06:30.901 E/batterywarning( 2075): -------Aron------245---cp=========[SOURCE=sysfs], ret==[36]
02-06 21:06:30.901 E/batterywarning( 2075): -------Aron------245---cp=========[SEQNUM=103262], ret==[72]
02-06 21:06:30.902 D/refnotify(  911): refnotify_parse_event: SOURCE = sysfs!
02-06 21:06:30.903 D/refnotify(  911): status : refnotify_sleep=0 
02-06 21:06:30.918 D/LIGHTS  (  679): func:write_int, path=/sys/class/backlight/sprd_backlight/brightness, value=319
02-06 21:06:30.919 D/batterywarning( 2075):  ---Aron---- buffer = 0
02-06 21:06:30.919 D/batterywarning( 2075): 
02-06 21:06:30.919 D/batterywarning( 2075):  ---Aron---- n = 258
02-06 21:06:30.919 D/batterywarning( 2075):  ---Aron---- cp = change@/devices/platform/soc/soc:ap-ahb/31100000.dsi/31100000.dsi.0/display/panel0/sprd_backlight
02-06 21:06:30.919 E/batterywarning( 2075): -------Aron------245---cp=========[change@/devices/platform/soc/soc:ap-ahb/31100000.dsi/31100000.dsi.0/display/panel0/sprd_backlight], ret==[52]
02-06 21:06:30.919 E/batterywarning( 2075): -------Aron------245---cp=========[ACTION=change], ret==[18]
02-06 21:06:30.919 E/batterywarning( 2075): -------Aron------245---cp=========[DEVPATH=/devices/platform/soc/soc:ap-ahb/31100000.dsi/31100000.dsi.0/display/panel0/sprd_backlight], ret==[21]
02-06 21:06:30.919 E/batterywarning( 2075): -------Aron------245---cp=========[SUBSYSTEM=backlight], ret==[36]
02-06 21:06:30.919 E/batterywarning( 2075): -------Aron------245---cp=========[SOURCE=sysfs], ret==[36]
02-06 21:06:30.919 E/batterywarning( 2075): -------Aron------245---cp=========[SEQNUM=103263], ret==[72]
02-06 21:06:30.920 D/refnotify(  911): refnotify_parse_event: SOURCE = sysfs!
02-06 21:06:30.922 D/refnotify(  911): status : refnotify_sleep=0 
02-06 21:06:30.935 D/LIGHTS  (  679): func:write_int, path=/sys/class/backlight/sprd_backlight/brightness, value=251
02-06 21:06:30.935 D/batterywarning( 2075):  ---Aron---- buffer = 0
02-06 21:06:30.935 D/batterywarning( 2075): 
02-06 21:06:30.935 D/batterywarning( 2075):  ---Aron---- n = 258
02-06 21:06:30.935 D/batterywarning( 2075):  ---Aron---- cp = change@/devices/platform/soc/soc:ap-ahb/31100000.dsi/31100000.dsi.0/display/panel0/sprd_backlight
02-06 21:06:30.935 E/batterywarning( 2075): -------Aron------245---cp=========[change@/devices/platform/soc/soc:ap-ahb/31100000.dsi/31100000.dsi.0/display/panel0/sprd_backlight], ret==[52]
02-06 21:06:30.935 E/batterywarning( 2075): -------Aron------245---cp=========[ACTION=change], ret==[18]
02-06 21:06:30.935 E/batterywarning( 2075): -------Aron------245---cp=========[DEVPATH=/devices/platform/soc/soc:ap-ahb/31100000.dsi/31100000.dsi.0/display/panel0/sprd_backlight], ret==[21]
02-06 21:06:30.935 E/batterywarning( 2075): -------Aron------245---cp=========[SUBSYSTEM=backlight], ret==[36]
02-06 21:06:30.935 E/batterywarning( 2075): -------Aron------245---cp=========[SOURCE=sysfs], ret==[36]
02-06 21:06:30.935 E/batterywarning( 2075): -------Aron------245---cp=========[SEQNUM=103264], ret==[72]
02-06 21:06:30.936 D/refnotify(  911): refnotify_parse_event: SOURCE = sysfs!
02-06 21:06:30.938 D/refnotify(  911): status : refnotify_sleep=0 
02-06 21:06:30.951 D/TranThermalBacklightCtrl( 1073): Brightness=0.05 AutoBackLight=true AmbientLux=7.0000005 APTemp=35.573
02-06 21:06:30.951 I/TranThermalBacklightCtrl( 1073): current status=level_0
02-06 21:06:30.951 D/LIGHTS  (  679): func:write_int, path=/sys/class/backlight/sprd_backlight/brightness, value=208
02-06 21:06:30.951 D/batterywarning( 2075):  ---Aron---- buffer = 0
02-06 21:06:30.951 D/batterywarning( 2075): 
02-06 21:06:30.951 D/batterywarning( 2075):  ---Aron---- n = 258
02-06 21:06:30.951 D/batterywarning( 2075):  ---Aron---- cp = change@/devices/platform/soc/soc:ap-ahb/31100000.dsi/31100000.dsi.0/display/panel0/sprd_backlight
02-06 21:06:30.951 E/batterywarning( 2075): -------Aron------245---cp=========[change@/devices/platform/soc/soc:ap-ahb/31100000.dsi/31100000.dsi.0/display/panel0/sprd_backlight], ret==[52]
02-06 21:06:30.951 E/batterywarning( 2075): -------Aron------245---cp=========[ACTION=change], ret==[18]
02-06 21:06:30.951 E/batterywarning( 2075): -------Aron------245---cp=========[DEVPATH=/devices/platform/soc/soc:ap-ahb/31100000.dsi/31100000.dsi.0/display/panel0/sprd_backlight], ret==[21]
02-06 21:06:30.951 E/batterywarning( 2075): -------Aron------245---cp=========[SUBSYSTEM=backlight], ret==[36]
02-06 21:06:30.951 E/batterywarning( 2075): -------Aron------245---cp=========[SOURCE=sysfs], ret==[36]
02-06 21:06:30.951 E/batterywarning( 2075): -------Aron------245---cp=========[SEQNUM=103265], ret==[72]
02-06 21:06:30.952 D/refnotify(  911): refnotify_parse_event: SOURCE = sysfs!
02-06 21:06:30.953 D/refnotify(  911): status : refnotify_sleep=0 
02-06 21:06:31.715 W/VSyncPredictor(  698): VSyncPredictor::setPeriod current period =16666667
02-06 21:06:31.751 I/DPUModule(  662): DpuR5P0::checkLayerFormat <142>: checkLayerFormat: Format(1)
02-06 21:06:31.751 I/DPUModule(  662): DpuR5P0::checkTransform <35>: checkTransform: Transform(0), SRCRect(0,0)
02-06 21:06:31.751 I/DPUModule(  662): DpuR5P0::checkAFBCBlockSize <97>: checkAFBCBlockSize: compressed(1),format(1), pitch(720), vstride(1616)
02-06 21:06:31.751 I/DPUModule(  662): DpuR5P0::checkLayerFormat <142>: checkLayerFormat: Format(1)
02-06 21:06:31.751 I/DPUModule(  662): DpuR5P0::checkTransform <35>: checkTransform: Transform(0), SRCRect(0,0)
02-06 21:06:31.751 I/DPUModule(  662): DpuR5P0::checkAFBCBlockSize <97>: checkAFBCBlockSize: compressed(1),format(1), pitch(720), vstride(80)
02-06 21:06:31.752 I/DPUModule(  662): DpuR5P0::checkLayerFormat <142>: checkLayerFormat: Format(1)
02-06 21:06:31.752 I/DPUModule(  662): DpuR5P0::checkTransform <35>: checkTransform: Transform(0), SRCRect(0,0)
02-06 21:06:31.752 I/DPUModule(  662): DpuR5P0::checkAFBCBlockSize <97>: checkAFBCBlockSize: compressed(1),format(1), pitch(720), vstride(96)
02-06 21:06:31.752 D/DPUModule(  662): [ﾀポu] support: 0
02-06 21:06:32.034 I/DPUModule(  662): DpuR5P0::checkLayerFormat <142>: checkLayerFormat: Format(1)
02-06 21:06:32.034 I/DPUModule(  662): DpuR5P0::checkTransform <35>: checkTransform: Transform(0), SRCRect(0,0)
02-06 21:06:32.034 I/DPUModule(  662): DpuR5P0::checkAFBCBlockSize <97>: checkAFBCBlockSize: compressed(1),format(1), pitch(720), vstride(1616)
02-06 21:06:32.034 I/DPUModule(  662): DpuR5P0::checkLayerFormat <142>: checkLayerFormat: Format(1)
02-06 21:06:32.034 I/DPUModule(  662): DpuR5P0::checkTransform <35>: checkTransform: Transform(0), SRCRect(0,0)
02-06 21:06:32.034 I/DPUModule(  662): DpuR5P0::checkAFBCBlockSize <97>: checkAFBCBlockSize: compressed(1),format(1), pitch(720), vstride(80)
02-06 21:06:32.034 I/DPUModule(  662): DpuR5P0::checkLayerFormat <142>: checkLayerFormat: Format(1)
02-06 21:06:32.034 I/DPUModule(  662): DpuR5P0::checkTransform <35>: checkTransform: Transform(0), SRCRect(0,0)
02-06 21:06:32.034 I/DPUModule(  662): DpuR5P0::checkAFBCBlockSize <97>: checkAFBCBlockSize: compressed(1),format(1), pitch(720), vstride(96)
02-06 21:06:32.034 D/DPUModule(  662): [ﾀポu] support: 0
02-06 21:06:32.186 W/Thread-1138( 1073): type=1400 audit(0.0:192107): avc: denied { read } for name="raw_data_als_thermal" dev="sysfs" ino=32673 scontext=u:r:system_server:s0 tcontext=u:object_r:sysfs:s0 tclass=file permissive=0
02-06 21:06:32.191 W/TranThermalBacklightCtrl( 1073): queryAmbientLux FileNotFoundException
02-06 21:06:33.365 D/ip_monitor-878(15330): 192.168.80.1 dev wlan0 lladdr ac:80:ae:6d:13:11 REACHABLE
02-06 21:06:34.030 W/VSyncPredictor(  698): VSyncPredictor::setPeriod current period =16666667
02-06 21:06:34.278 W/ThreadPoolForeg( 6420): type=1400 audit(0.0:192108): avc: denied { write } for name="traced_producer" dev="tmpfs" ino=26611 scontext=u:r:gmscore_app:s0:c512,c768 tcontext=u:object_r:traced_producer_socket:s0 tclass=sock_file permissive=0 app=com.google.android.gms
02-06 21:06:34.765 I/DPUModule(  662): DpuR5P0::checkLayerFormat <142>: checkLayerFormat: Format(1)
02-06 21:06:34.765 I/DPUModule(  662): DpuR5P0::checkTransform <35>: checkTransform: Transform(0), SRCRect(0,0)
02-06 21:06:34.765 I/DPUModule(  662): DpuR5P0::checkAFBCBlockSize <97>: checkAFBCBlockSize: compressed(1),format(1), pitch(720), vstride(1616)
02-06 21:06:34.765 I/DPUModule(  662): DpuR5P0::checkLayerFormat <142>: checkLayerFormat: Format(1)
02-06 21:06:34.765 I/DPUModule(  662): DpuR5P0::checkTransform <35>: checkTransform: Transform(0), SRCRect(0,0)
02-06 21:06:34.765 I/DPUModule(  662): DpuR5P0::checkAFBCBlockSize <97>: checkAFBCBlockSize: compressed(1),format(1), pitch(720), vstride(80)
02-06 21:06:34.765 I/DPUModule(  662): DpuR5P0::checkLayerFormat <142>: checkLayerFormat: Format(1)
02-06 21:06:34.765 I/DPUModule(  662): DpuR5P0::checkTransform <35>: checkTransform: Transform(0), SRCRect(0,0)
02-06 21:06:34.765 I/DPUModule(  662): DpuR5P0::checkAFBCBlockSize <97>: checkAFBCBlockSize: compressed(1),format(1), pitch(720), vstride(96)
02-06 21:06:34.765 D/DPUModule(  662): [ﾀポu] support: 0
02-06 21:06:35.192 D/AlarmManager( 1073): waitForAlarm result:8currentTime=1770429995192, elapsedRealtime=219746295
02-06 21:06:35.193 I/AlarmManager( 1073): going to acquire mWakeLock actually.
02-06 21:06:35.196 D/AlarmManager( 1073): sending alarm.type = 3, action = null, alarm = Alarm{9d2c295 type 3 origWhen 219746295 whenElapsed 219746295 com.google.android.gms}, cn = null, operation = null, listener=android.app.IAlarmListener$Stub$Proxy@db9f94, listenerTag=NLPShim:inferred_location_delivery, workSource=WorkSource{1001 com.unisoc.phone}
02-06 21:06:35.196 D/AlarmManagerService( 1073): set alarm to kernel: 219846.798000000, type=2 
02-06 21:06:35.196 D/AlarmManagerService( 1073): set alarm to kernel: 219755.543000000, type=3 
02-06 21:06:35.210 V/AlarmManager( 1073): set(null) : type=3 listener=android.app.IAlarmListener$Stub$Proxy@a446faa listenerTag=NLPShim:inferred_location_delivery workSource=WorkSource{1001 com.unisoc.phone} callingPackage=com.google.android.gms callingUid=10108 triggerAtTime=219926311 win=0 tElapsed=219926311 maxElapsed=219926311 interval=0 flags=0x1
02-06 21:06:35.210 D/AlarmManager( 1073): Add alarm packageName=com.google.android.gms, type=3, when=219926311, tag=NLPShim:inferred_location_delivery, callingUid=10108, callingPackage=com.google.android.gms
02-06 21:06:35.211 D/AlarmManagerService( 1073): set alarm to kernel: 219846.798000000, type=2 
02-06 21:06:35.211 D/AlarmManagerService( 1073): set alarm to kernel: 219755.543000000, type=3 
02-06 21:06:35.214 I/LocationManagerService( 1073): incoming location: locationResult [[Location[network 11****** ,-75******  hAcc=100.0 et=+2d13h2m26s311ms alt=20.5 vAcc=100.0]]]
02-06 21:06:35.214 I/LocationManagerService( 1073): incoming location: locationResult [[Location[network 11****** ,-75******  hAcc=100.0 et=+2d13h2m26s311ms alt=20.5 vAcc=100.0]]]
02-06 21:06:35.217 D/GPS_HAL (  917): gps_injectLocation enter
02-06 21:06:35.218 D/GNSSMGT (  917): gnssmgt_injectLocation: enter
02-06 21:06:35.218 D/GNSSMGT (  917): gps_inject_location: enter
02-06 21:06:35.974 D/enhanceHAL(  668): sunlightRead: current ambient = 7
02-06 21:06:36.028 W/VSyncPredictor(  698): VSyncPredictor::setPeriod current period =16666667
02-06 21:06:36.047 I/DPUModule(  662): DpuR5P0::checkLayerFormat <142>: checkLayerFormat: Format(1)
02-06 21:06:36.048 I/DPUModule(  662): DpuR5P0::checkTransform <35>: checkTransform: Transform(0), SRCRect(0,0)
02-06 21:06:36.048 I/DPUModule(  662): DpuR5P0::checkAFBCBlockSize <97>: checkAFBCBlockSize: compressed(1),format(1), pitch(720), vstride(1616)
02-06 21:06:36.048 I/DPUModule(  662): DpuR5P0::checkLayerFormat <142>: checkLayerFormat: Format(1)
02-06 21:06:36.048 I/DPUModule(  662): DpuR5P0::checkTransform <35>: checkTransform: Transform(0), SRCRect(0,0)
02-06 21:06:36.048 I/DPUModule(  662): DpuR5P0::checkAFBCBlockSize <97>: checkAFBCBlockSize: compressed(1),format(1), pitch(720), vstride(80)
02-06 21:06:36.048 I/DPUModule(  662): DpuR5P0::checkLayerFormat <142>: checkLayerFormat: Format(1)
02-06 21:06:36.048 I/DPUModule(  662): DpuR5P0::checkTransform <35>: checkTransform: Transform(0), SRCRect(0,0)
02-06 21:06:36.048 I/DPUModule(  662): DpuR5P0::checkAFBCBlockSize <97>: checkAFBCBlockSize: compressed(1),format(1), pitch(720), vstride(96)
02-06 21:06:36.048 D/DPUModule(  662): [ﾀポu] support: 0
02-06 21:06:36.213 I/AlarmManager( 1073): going to release mWakeLock actually.
02-06 21:06:36.941 D/enhanceHAL(  668): sunlightRead: current ambient = 7
02-06 21:06:37.973 D/ip_monitor-878(15332): 192.168.210.158 dev usb0 lladdr 06:47:97:72:fa:8c STALE
02-06 21:06:38.043 W/VSyncPredictor(  698): VSyncPredictor::setPeriod current period =16666667
02-06 21:06:38.644 I/Finsky  (16052): [242] AIM: AppInfoManager-Perf > Destroying AppInfoManager ...
02-06 21:06:38.807 I/Finsky  (16052): [232] AIM: AppInfoManager-Perf > Destroying AppInfoManager ...
02-06 21:06:39.036 D/enhanceHAL(  668): sunlightRead: current ambient = 7
02-06 21:06:39.825 D/Griffin/ResourceTracker( 1073): Cat meminfo coast time: 10ms
02-06 21:06:40.041 W/VSyncPredictor(  698): VSyncPredictor::setPeriod current period =16666667
02-06 21:06:40.315 E/UnisocWatchdog( 1073): WDT_Monitor: writeWDTMonitor duration=50,shutdowning=false
02-06 21:06:40.316 E/UnisocWatchdog( 1073): UnisocWatchdogImpl sendMessage:0
02-06 21:06:40.316 E/UnisocWatchdog( 1073): UNISOCWATCHDOG_MESSAGE_TIMER30 trigger
02-06 21:06:40.726 W/PerfettoTrace(21113): type=1400 audit(0.0:192109): avc: denied { write } for name="traced_producer" dev="tmpfs" ino=26611 scontext=u:r:gmscore_app:s0:c512,c768 tcontext=u:object_r:traced_producer_socket:s0 tclass=sock_file permissive=0 app=com.google.android.gms
02-06 21:06:40.793 I/DPUModule(  662): DpuR5P0::checkLayerFormat <142>: checkLayerFormat: Format(1)
02-06 21:06:40.794 I/DPUModule(  662): DpuR5P0::checkTransform <35>: checkTransform: Transform(0), SRCRect(0,0)
02-06 21:06:40.794 I/DPUModule(  662): DpuR5P0::checkAFBCBlockSize <97>: checkAFBCBlockSize: compressed(1),format(1), pitch(720), vstride(1616)
02-06 21:06:40.794 I/DPUModule(  662): DpuR5P0::checkLayerFormat <142>: checkLayerFormat: Format(1)
02-06 21:06:40.794 I/DPUModule(  662): DpuR5P0::checkTransform <35>: checkTransform: Transform(0), SRCRect(0,0)
02-06 21:06:40.794 I/DPUModule(  662): DpuR5P0::checkAFBCBlockSize <97>: checkAFBCBlockSize: compressed(1),format(1), pitch(720), vstride(80)
02-06 21:06:40.794 I/DPUModule(  662): DpuR5P0::checkLayerFormat <142>: checkLayerFormat: Format(1)
02-06 21:06:40.794 I/DPUModule(  662): DpuR5P0::checkTransform <35>: checkTransform: Transform(0), SRCRect(0,0)
02-06 21:06:40.794 I/DPUModule(  662): DpuR5P0::checkAFBCBlockSize <97>: checkAFBCBlockSize: compressed(1),format(1), pitch(720), vstride(96)
02-06 21:06:40.794 D/DPUModule(  662): [ﾀポu] support: 0
02-06 21:06:41.461 W/BatteryExternalStatsWorker( 1073): error reading Bluetooth stats: 9
02-06 21:06:41.462 D/PhoneInterfaceManager( 1382): requestModemActivityInfo start.
02-06 21:06:41.462 D/PhoneInterfaceManager( 1382): requestModemActivityInfo finish, result send.
02-06 21:06:41.516 D/TelephonyManager( 1073): requestModemActivityInfo: Sending result to app: ModemActivityInfo{ mTimestamp=215666449 mSleepTimeMs=0 mIdleTimeMs=0 mActivityStatsTechSpecificInfo=[{mRat=UNKNOWN,mFrequencyRange=UNKNOWN,mTxTimeMs[]=[112, 74, 2586, 5692, 1295664],mRxTimeMs=196459464}]}
02-06 21:06:41.581 D/TLinkBrush_DATA( 1073): [NetdEvent]Wifi connect true, screen state true, do nothing!
02-06 21:06:41.650 D/KernelCpuUidUserSysTimeReader( 1073): Removing uids 99149-99149
02-06 21:06:41.742 W/ProcessStats( 1073): Tracking association SourceState{f662736 system/1000 BTopFgs #263515} whose proc state 2 is better than process ProcessState{b356bd1 com.microsoft.appmanager:pnsvc/10206 pkg=com.microsoft.appmanager} proc state 3 (1 skipped)
02-06 21:06:41.775 D/enhanceHAL(  668): sunlightRead: current ambient = 4
02-06 21:06:41.921 D/InputReader( 1073): syncTouch: pointerCount 0 -> 1, touching ids 0x00000000 -> 0x80000000, hovering ids 0x00000000 -> 0x00000000, canceled ids 0x00000000
02-06 21:06:41.921 D/InputReader( 1073): dispatchTouches action DOWN now(ns): 160201558222451
02-06 21:06:41.921 D/InputReader( 1073): notifyMotion call dispatcher
02-06 21:06:41.923 D/EdgeBackGestureHandler( 1470): isWithinTouchRegion: false withinRange:false
02-06 21:06:41.928 D/TranThermalBacklightCtrl( 1073): Brightness=0.15070921 AutoBackLight=true AmbientLux=7.0000005 APTemp=35.155
02-06 21:06:41.928 I/TranThermalBacklightCtrl( 1073): current status=level_0
02-06 21:06:41.928 D/DisplayPowerController[0]( 1073): animateScreenBrightness: target=0.15070921, rate=0.23809525    mShouldUpdateBrightnessSettingLater=false
02-06 21:06:41.930 V/DisplayPowerController[0]( 1073): Brightness [0.15070921] reason changing to: 'automatic', previous reason: 'automatic [ dim ]'.
02-06 21:06:41.930 I/DisplayPowerController[0]( 1073): BrightnessEvent: disp=0, brt=0.15070921, rcmdBrt=0.15070921, preBrt=0.23216948, lux=7.0000005, preLux=13.779476, hbmMax=1.0, hbmMode=off, thrmMax=1.0, flags=, reason=automatic
02-06 21:06:41.936 D/enhanceHAL(  668): sunlightRead: current ambient = 6
02-06 21:06:41.940 W/VSyncPredictor(  698): VSyncPredictor::setPeriod current period =16666667
02-06 21:06:41.944 D/LIGHTS  (  679): func:write_int, path=/sys/class/backlight/sprd_backlight/brightness, value=221
02-06 21:06:41.945 D/batterywarning( 2075):  ---Aron---- buffer = 0
02-06 21:06:41.945 D/batterywarning( 2075): 
02-06 21:06:41.945 D/batterywarning( 2075):  ---Aron---- n = 258
02-06 21:06:41.945 D/batterywarning( 2075):  ---Aron---- cp = change@/devices/platform/soc/soc:ap-ahb/31100000.dsi/31100000.dsi.0/display/panel0/sprd_backlight
02-06 21:06:41.945 E/batterywarning( 2075): -------Aron------245---cp=========[change@/devices/platform/soc/soc:ap-ahb/31100000.dsi/31100000.dsi.0/display/panel0/sprd_backlight], ret==[52]
02-06 21:06:41.945 E/batterywarning( 2075): -------Aron------245---cp=========[ACTION=change], ret==[18]
02-06 21:06:41.945 E/batterywarning( 2075): -------Aron------245---cp=========[DEVPATH=/devices/platform/soc/soc:ap-ahb/31100000.dsi/31100000.dsi.0/display/panel0/sprd_backlight], ret==[21]
02-06 21:06:41.945 E/batterywarning( 2075): -------Aron------245---cp=========[SUBSYSTEM=backlight], ret==[36]
02-06 21:06:41.945 E/batterywarning( 2075): -------Aron------245---cp=========[SOURCE=sysfs], ret==[36]
02-06 21:06:41.945 E/batterywarning( 2075): -------Aron------245---cp=========[SEQNUM=103266], ret==[72]
02-06 21:06:41.946 D/refnotify(  911): refnotify_parse_event: SOURCE = sysfs!
02-06 21:06:41.947 D/refnotify(  911): status : refnotify_sleep=0 
02-06 21:06:41.956 D/InputReader( 1073): syncTouch: pointerCount 1 -> 1, touching ids 0x80000000 -> 0x80000000, hovering ids 0x00000000 -> 0x00000000, canceled ids 0x00000000
02-06 21:06:41.956 D/InputReader( 1073): dispatchTouches action MOVE now(ns): 160201593399759
02-06 21:06:41.956 D/InputReader( 1073): notifyMotion call dispatcher
02-06 21:06:41.959 D/LIGHTS  (  679): func:write_int, path=/sys/class/backlight/sprd_backlight/brightness, value=236
02-06 21:06:41.960 D/batterywarning( 2075):  ---Aron---- buffer = 0
02-06 21:06:41.960 D/batterywarning( 2075): 
02-06 21:06:41.960 D/batterywarning( 2075):  ---Aron---- n = 258
02-06 21:06:41.960 D/batterywarning( 2075):  ---Aron---- cp = change@/devices/platform/soc/soc:ap-ahb/31100000.dsi/31100000.dsi.0/display/panel0/sprd_backlight
02-06 21:06:41.960 E/batterywarning( 2075): -------Aron------245---cp=========[change@/devices/platform/soc/soc:ap-ahb/31100000.dsi/31100000.dsi.0/display/panel0/sprd_backlight], ret==[52]
02-06 21:06:41.960 E/batterywarning( 2075): -------Aron------245---cp=========[ACTION=change], ret==[18]
02-06 21:06:41.960 E/batterywarning( 2075): -------Aron------245---cp=========[DEVPATH=/devices/platform/soc/soc:ap-ahb/31100000.dsi/31100000.dsi.0/display/panel0/sprd_backlight], ret==[21]
02-06 21:06:41.960 E/batterywarning( 2075): -------Aron------245---cp=========[SUBSYSTEM=backlight], ret==[36]
02-06 21:06:41.960 E/batterywarning( 2075): -------Aron------245---cp=========[SOURCE=sysfs], ret==[36]
02-06 21:06:41.960 E/batterywarning( 2075): -------Aron------245---cp=========[SEQNUM=103267], ret==[72]
02-06 21:06:41.960 D/refnotify(  911): refnotify_parse_event: SOURCE = sysfs!
02-06 21:06:41.961 D/refnotify(  911): status : refnotify_sleep=0 
02-06 21:06:41.972 I/InputReader( 1073): processEventsLocked: type=3 Count=5 code=48 value=0 deviceId=2 when=160201609252000
02-06 21:06:41.973 D/InputReader( 1073): syncTouch: pointerCount 1 -> 0, touching ids 0x80000000 -> 0x00000000, hovering ids 0x00000000 -> 0x00000000, canceled ids 0x00000000
02-06 21:06:41.973 D/InputReader( 1073): dispatchTouches action UP now(ns): 160201609593836
02-06 21:06:41.973 D/InputReader( 1073): notifyMotion call dispatcher
02-06 21:06:41.976 D/LIGHTS  (  679): func:write_int, path=/sys/class/backlight/sprd_backlight/brightness, value=252
02-06 21:06:41.976 D/batterywarning( 2075):  ---Aron---- buffer = 0
02-06 21:06:41.976 D/batterywarning( 2075): 
02-06 21:06:41.976 D/batterywarning( 2075):  ---Aron---- n = 258
02-06 21:06:41.976 D/batterywarning( 2075):  ---Aron---- cp = change@/devices/platform/soc/soc:ap-ahb/31100000.dsi/31100000.dsi.0/display/panel0/sprd_backlight
02-06 21:06:41.976 E/batterywarning( 2075): -------Aron------245---cp=========[change@/devices/platform/soc/soc:ap-ahb/31100000.dsi/31100000.dsi.0/display/panel0/sprd_backlight], ret==[52]
02-06 21:06:41.976 E/batterywarning( 2075): -------Aron------245---cp=========[ACTION=change], ret==[18]
02-06 21:06:41.976 E/batterywarning( 2075): -------Aron------245---cp=========[DEVPATH=/devices/platform/soc/soc:ap-ahb/31100000.dsi/31100000.dsi.0/display/panel0/sprd_backlight], ret==[21]
02-06 21:06:41.976 E/batterywarning( 2075): -------Aron------245---cp=========[SUBSYSTEM=backlight], ret==[36]
02-06 21:06:41.976 E/batterywarning( 2075): -------Aron------245---cp=========[SOURCE=sysfs], ret==[36]
02-06 21:06:41.976 E/batterywarning( 2075): -------Aron------245---cp=========[SEQNUM=103268], ret==[72]
02-06 21:06:41.977 D/refnotify(  911): refnotify_parse_event: SOURCE = sysfs!
02-06 21:06:41.979 D/refnotify(  911): status : refnotify_sleep=0 
02-06 21:06:41.992 D/LIGHTS  (  679): func:write_int, path=/sys/class/backlight/sprd_backlight/brightness, value=268
02-06 21:06:41.992 D/refnotify(  911): status : refnotify_sleep=0 
02-06 21:06:41.993 D/batterywarning( 2075):  ---Aron---- buffer = 0
02-06 21:06:41.993 D/batterywarning( 2075): 
02-06 21:06:41.993 D/batterywarning( 2075):  ---Aron---- n = 258
02-06 21:06:41.993 D/batterywarning( 2075):  ---Aron---- cp = change@/devices/platform/soc/soc:ap-ahb/31100000.dsi/31100000.dsi.0/display/panel0/sprd_backlight
02-06 21:06:41.993 E/batterywarning( 2075): -------Aron------245---cp=========[change@/devices/platform/soc/soc:ap-ahb/31100000.dsi/31100000.dsi.0/display/panel0/sprd_backlight], ret==[52]
02-06 21:06:41.993 E/batterywarning( 2075): -------Aron------245---cp=========[ACTION=change], ret==[18]
02-06 21:06:41.993 E/batterywarning( 2075): -------Aron------245---cp=========[DEVPATH=/devices/platform/soc/soc:ap-ahb/31100000.dsi/31100000.dsi.0/display/panel0/sprd_backlight], ret==[21]
02-06 21:06:41.993 E/batterywarning( 2075): -------Aron------245---cp=========[SUBSYSTEM=backlight], ret==[36]
02-06 21:06:41.993 E/batterywarning( 2075): -------Aron------245---cp=========[SOURCE=sysfs], ret==[36]
02-06 21:06:41.993 E/batterywarning( 2075): -------Aron------245---cp=========[SEQNUM=103269], ret==[72]
02-06 21:06:41.993 D/refnotify(  911): refnotify_parse_event: SOURCE = sysfs!
02-06 21:06:42.008 D/LIGHTS  (  679): func:write_int, path=/sys/class/backlight/sprd_backlight/brightness, value=284
02-06 21:06:42.009 D/refnotify(  911): status : refnotify_sleep=0 
02-06 21:06:42.009 D/batterywarning( 2075):  ---Aron---- buffer = 0
02-06 21:06:42.009 D/batterywarning( 2075): 
02-06 21:06:42.009 D/batterywarning( 2075):  ---Aron---- n = 258
02-06 21:06:42.009 D/batterywarning( 2075):  ---Aron---- cp = change@/devices/platform/soc/soc:ap-ahb/31100000.dsi/31100000.dsi.0/display/panel0/sprd_backlight
02-06 21:06:42.009 E/batterywarning( 2075): -------Aron------245---cp=========[change@/devices/platform/soc/soc:ap-ahb/31100000.dsi/31100000.dsi.0/display/panel0/sprd_backlight], ret==[52]
02-06 21:06:42.009 E/batterywarning( 2075): -------Aron------245---cp=========[ACTION=change], ret==[18]
02-06 21:06:42.009 E/batterywarning( 2075): -------Aron------245---cp=========[DEVPATH=/devices/platform/soc/soc:ap-ahb/31100000.dsi/31100000.dsi.0/display/panel0/sprd_backlight], ret==[21]
02-06 21:06:42.009 E/batterywarning( 2075): -------Aron------245---cp=========[SUBSYSTEM=backlight], ret==[36]
02-06 21:06:42.009 E/batterywarning( 2075): -------Aron------245---cp=========[SOURCE=sysfs], ret==[36]
02-06 21:06:42.009 E/batterywarning( 2075): -------Aron------245---cp=========[SEQNUM=103270], ret==[72]
02-06 21:06:42.009 D/refnotify(  911): refnotify_parse_event: SOURCE = sysfs!
02-06 21:06:42.017 E/Capacitor/Console(15120): File: https://localhost/_next/static/chunks/9d06488ae7d6e382.js - Line 24 - Msg: TypeError: Failed to fetch
02-06 21:06:42.025 D/LIGHTS  (  679): func:write_int, path=/sys/class/backlight/sprd_backlight/brightness, value=301
02-06 21:06:42.026 D/refnotify(  911): status : refnotify_sleep=0 
02-06 21:06:42.027 D/batterywarning( 2075):  ---Aron---- buffer = 0
02-06 21:06:42.027 D/batterywarning( 2075): 
02-06 21:06:42.027 D/batterywarning( 2075):  ---Aron---- n = 258
02-06 21:06:42.027 D/batterywarning( 2075):  ---Aron---- cp = change@/devices/platform/soc/soc:ap-ahb/31100000.dsi/31100000.dsi.0/display/panel0/sprd_backlight
02-06 21:06:42.027 E/batterywarning( 2075): -------Aron------245---cp=========[change@/devices/platform/soc/soc:ap-ahb/31100000.dsi/31100000.dsi.0/display/panel0/sprd_backlight], ret==[52]
02-06 21:06:42.027 E/batterywarning( 2075): -------Aron------245---cp=========[ACTION=change], ret==[18]
02-06 21:06:42.027 E/batterywarning( 2075): -------Aron------245---cp=========[DEVPATH=/devices/platform/soc/soc:ap-ahb/31100000.dsi/31100000.dsi.0/display/panel0/sprd_backlight], ret==[21]
02-06 21:06:42.027 E/batterywarning( 2075): -------Aron------245---cp=========[SUBSYSTEM=backlight], ret==[36]
02-06 21:06:42.027 E/batterywarning( 2075): -------Aron------245---cp=========[SOURCE=sysfs], ret==[36]
02-06 21:06:42.027 E/batterywarning( 2075): -------Aron------245---cp=========[SEQNUM=103271], ret==[72]
02-06 21:06:42.027 D/refnotify(  911): refnotify_parse_event: SOURCE = sysfs!
02-06 21:06:42.041 D/LIGHTS  (  679): func:write_int, path=/sys/class/backlight/sprd_backlight/brightness, value=317
02-06 21:06:42.042 D/refnotify(  911): status : refnotify_sleep=0 
02-06 21:06:42.042 D/batterywarning( 2075):  ---Aron---- buffer = 0
02-06 21:06:42.042 D/batterywarning( 2075): 
02-06 21:06:42.042 D/batterywarning( 2075):  ---Aron---- n = 258
02-06 21:06:42.042 D/batterywarning( 2075):  ---Aron---- cp = change@/devices/platform/soc/soc:ap-ahb/31100000.dsi/31100000.dsi.0/display/panel0/sprd_backlight
02-06 21:06:42.042 E/batterywarning( 2075): -------Aron------245---cp=========[change@/devices/platform/soc/soc:ap-ahb/31100000.dsi/31100000.dsi.0/display/panel0/sprd_backlight], ret==[52]
02-06 21:06:42.042 E/batterywarning( 2075): -------Aron------245---cp=========[ACTION=change], ret==[18]
02-06 21:06:42.042 E/batterywarning( 2075): -------Aron------245---cp=========[DEVPATH=/devices/platform/soc/soc:ap-ahb/31100000.dsi/31100000.dsi.0/display/panel0/sprd_backlight], ret==[21]
02-06 21:06:42.042 E/batterywarning( 2075): -------Aron------245---cp=========[SUBSYSTEM=backlight], ret==[36]
02-06 21:06:42.042 E/batterywarning( 2075): -------Aron------245---cp=========[SOURCE=sysfs], ret==[36]
02-06 21:06:42.042 E/batterywarning( 2075): -------Aron------245---cp=========[SEQNUM=103272], ret==[72]
02-06 21:06:42.042 D/refnotify(  911): refnotify_parse_event: SOURCE = sysfs!
02-06 21:06:42.059 D/LIGHTS  (  679): func:write_int, path=/sys/class/backlight/sprd_backlight/brightness, value=333
02-06 21:06:42.059 I/DPUModule(  662): DpuR5P0::checkLayerFormat <142>: checkLayerFormat: Format(1)
02-06 21:06:42.059 I/DPUModule(  662): DpuR5P0::checkTransform <35>: checkTransform: Transform(0), SRCRect(0,0)
02-06 21:06:42.059 I/DPUModule(  662): DpuR5P0::checkAFBCBlockSize <97>: checkAFBCBlockSize: compressed(1),format(1), pitch(720), vstride(1616)
02-06 21:06:42.059 I/DPUModule(  662): DpuR5P0::checkLayerFormat <142>: checkLayerFormat: Format(1)
02-06 21:06:42.059 I/DPUModule(  662): DpuR5P0::checkTransform <35>: checkTransform: Transform(0), SRCRect(0,0)
02-06 21:06:42.059 I/DPUModule(  662): DpuR5P0::checkAFBCBlockSize <97>: checkAFBCBlockSize: compressed(1),format(1), pitch(720), vstride(80)
02-06 21:06:42.059 I/DPUModule(  662): DpuR5P0::checkLayerFormat <142>: checkLayerFormat: Format(1)
02-06 21:06:42.059 I/DPUModule(  662): DpuR5P0::checkTransform <35>: checkTransform: Transform(0), SRCRect(0,0)
02-06 21:06:42.059 I/DPUModule(  662): DpuR5P0::checkAFBCBlockSize <97>: checkAFBCBlockSize: compressed(1),format(1), pitch(720), vstride(96)
02-06 21:06:42.059 D/DPUModule(  662): [ﾀポu] support: 0
02-06 21:06:42.059 D/refnotify(  911): status : refnotify_sleep=0 
02-06 21:06:42.059 D/batterywarning( 2075):  ---Aron---- buffer = 0
02-06 21:06:42.059 D/batterywarning( 2075): 
02-06 21:06:42.059 D/batterywarning( 2075):  ---Aron---- n = 258
02-06 21:06:42.059 D/batterywarning( 2075):  ---Aron---- cp = change@/devices/platform/soc/soc:ap-ahb/31100000.dsi/31100000.dsi.0/display/panel0/sprd_backlight
02-06 21:06:42.060 E/batterywarning( 2075): -------Aron------245---cp=========[change@/devices/platform/soc/soc:ap-ahb/31100000.dsi/31100000.dsi.0/display/panel0/sprd_backlight], ret==[52]
02-06 21:06:42.060 E/batterywarning( 2075): -------Aron------245---cp=========[ACTION=change], ret==[18]
02-06 21:06:42.060 E/batterywarning( 2075): -------Aron------245---cp=========[DEVPATH=/devices/platform/soc/soc:ap-ahb/31100000.dsi/31100000.dsi.0/display/panel0/sprd_backlight], ret==[21]
02-06 21:06:42.060 E/batterywarning( 2075): -------Aron------245---cp=========[SUBSYSTEM=backlight], ret==[36]
02-06 21:06:42.060 E/batterywarning( 2075): -------Aron------245---cp=========[SOURCE=sysfs], ret==[36]
02-06 21:06:42.060 E/batterywarning( 2075): -------Aron------245---cp=========[SEQNUM=103273], ret==[72]
02-06 21:06:42.060 D/refnotify(  911): refnotify_parse_event: SOURCE = sysfs!
02-06 21:06:42.074 D/LIGHTS  (  679): func:write_int, path=/sys/class/backlight/sprd_backlight/brightness, value=349
02-06 21:06:42.075 D/batterywarning( 2075):  ---Aron---- buffer = 0
02-06 21:06:42.075 D/batterywarning( 2075): 
02-06 21:06:42.075 D/batterywarning( 2075):  ---Aron---- n = 258
02-06 21:06:42.075 D/batterywarning( 2075):  ---Aron---- cp = change@/devices/platform/soc/soc:ap-ahb/31100000.dsi/31100000.dsi.0/display/panel0/sprd_backlight
02-06 21:06:42.075 E/batterywarning( 2075): -------Aron------245---cp=========[change@/devices/platform/soc/soc:ap-ahb/31100000.dsi/31100000.dsi.0/display/panel0/sprd_backlight], ret==[52]
02-06 21:06:42.075 E/batterywarning( 2075): -------Aron------245---cp=========[ACTION=change], ret==[18]
02-06 21:06:42.075 E/batterywarning( 2075): -------Aron------245---cp=========[DEVPATH=/devices/platform/soc/soc:ap-ahb/31100000.dsi/31100000.dsi.0/display/panel0/sprd_backlight], ret==[21]
02-06 21:06:42.075 E/batterywarning( 2075): -------Aron------245---cp=========[SUBSYSTEM=backlight], ret==[36]
02-06 21:06:42.075 E/batterywarning( 2075): -------Aron------245---cp=========[SOURCE=sysfs], ret==[36]
02-06 21:06:42.075 E/batterywarning( 2075): -------Aron------245---cp=========[SEQNUM=103274], ret==[72]
02-06 21:06:42.075 D/refnotify(  911): refnotify_parse_event: SOURCE = sysfs!
02-06 21:06:42.075 D/refnotify(  911): status : refnotify_sleep=0 
02-06 21:06:42.090 D/SurfaceFlinger(  698): unisoc-graphics, commit has frameMissed:2, vysncId:28775912
02-06 21:06:42.092 I/DPUModule(  662): DpuR5P0::checkLayerFormat <142>: checkLayerFormat: Format(1)
02-06 21:06:42.092 D/LIGHTS  (  679): func:write_int, path=/sys/class/backlight/sprd_backlight/brightness, value=365
02-06 21:06:42.092 I/DPUModule(  662): DpuR5P0::checkTransform <35>: checkTransform: Transform(0), SRCRect(0,0)
02-06 21:06:42.092 I/DPUModule(  662): DpuR5P0::checkAFBCBlockSize <97>: checkAFBCBlockSize: compressed(1),format(1), pitch(720), vstride(1616)
02-06 21:06:42.092 I/DPUModule(  662): DpuR5P0::checkLayerFormat <142>: checkLayerFormat: Format(1)
02-06 21:06:42.092 I/DPUModule(  662): DpuR5P0::checkTransform <35>: checkTransform: Transform(0), SRCRect(0,0)
02-06 21:06:42.092 I/DPUModule(  662): DpuR5P0::checkAFBCBlockSize <97>: checkAFBCBlockSize: compressed(1),format(1), pitch(720), vstride(80)
02-06 21:06:42.092 I/DPUModule(  662): DpuR5P0::checkLayerFormat <142>: checkLayerFormat: Format(1)
02-06 21:06:42.092 I/DPUModule(  662): DpuR5P0::checkTransform <35>: checkTransform: Transform(0), SRCRect(0,0)
02-06 21:06:42.092 I/DPUModule(  662): DpuR5P0::checkAFBCBlockSize <97>: checkAFBCBlockSize: compressed(1),format(1), pitch(720), vstride(96)
02-06 21:06:42.092 D/DPUModule(  662): [ﾀポu] support: 0
02-06 21:06:42.093 D/batterywarning( 2075):  ---Aron---- buffer = 0
02-06 21:06:42.093 D/batterywarning( 2075): 
02-06 21:06:42.093 D/batterywarning( 2075):  ---Aron---- n = 258
02-06 21:06:42.093 D/batterywarning( 2075):  ---Aron---- cp = change@/devices/platform/soc/soc:ap-ahb/31100000.dsi/31100000.dsi.0/display/panel0/sprd_backlight
02-06 21:06:42.093 E/batterywarning( 2075): -------Aron------245---cp=========[change@/devices/platform/soc/soc:ap-ahb/31100000.dsi/31100000.dsi.0/display/panel0/sprd_backlight], ret==[52]
02-06 21:06:42.093 E/batterywarning( 2075): -------Aron------245---cp=========[ACTION=change], ret==[18]
02-06 21:06:42.093 E/batterywarning( 2075): -------Aron------245---cp=========[DEVPATH=/devices/platform/soc/soc:ap-ahb/31100000.dsi/31100000.dsi.0/display/panel0/sprd_backlight], ret==[21]
02-06 21:06:42.093 E/batterywarning( 2075): -------Aron------245---cp=========[SUBSYSTEM=backlight], ret==[36]
02-06 21:06:42.093 E/batterywarning( 2075): -------Aron------245---cp=========[SOURCE=sysfs], ret==[36]
02-06 21:06:42.093 E/batterywarning( 2075): -------Aron------245---cp=========[SEQNUM=103275], ret==[72]
02-06 21:06:42.093 D/refnotify(  911): refnotify_parse_event: SOURCE = sysfs!
02-06 21:06:42.093 D/refnotify(  911): status : refnotify_sleep=0 
02-06 21:06:42.108 D/LIGHTS  (  679): func:write_int, path=/sys/class/backlight/sprd_backlight/brightness, value=381
02-06 21:06:42.109 D/batterywarning( 2075):  ---Aron---- buffer = 0
02-06 21:06:42.109 D/batterywarning( 2075): 
02-06 21:06:42.109 D/batterywarning( 2075):  ---Aron---- n = 258
02-06 21:06:42.109 D/batterywarning( 2075):  ---Aron---- cp = change@/devices/platform/soc/soc:ap-ahb/31100000.dsi/31100000.dsi.0/display/panel0/sprd_backlight
02-06 21:06:42.109 E/batterywarning( 2075): -------Aron------245---cp=========[change@/devices/platform/soc/soc:ap-ahb/31100000.dsi/31100000.dsi.0/display/panel0/sprd_backlight], ret==[52]
02-06 21:06:42.109 E/batterywarning( 2075): -------Aron------245---cp=========[ACTION=change], ret==[18]
02-06 21:06:42.109 E/batterywarning( 2075): -------Aron------245---cp=========[DEVPATH=/devices/platform/soc/soc:ap-ahb/31100000.dsi/31100000.dsi.0/display/panel0/sprd_backlight], ret==[21]
02-06 21:06:42.109 D/refnotify(  911): refnotify_parse_event: SOURCE = sysfs!
02-06 21:06:42.109 E/batterywarning( 2075): -------Aron------245---cp=========[SUBSYSTEM=backlight], ret==[36]
02-06 21:06:42.109 E/batterywarning( 2075): -------Aron------245---cp=========[SOURCE=sysfs], ret==[36]
02-06 21:06:42.109 E/batterywarning( 2075): -------Aron------245---cp=========[SEQNUM=103276], ret==[72]
02-06 21:06:42.109 D/refnotify(  911): status : refnotify_sleep=0 
02-06 21:06:42.125 D/LIGHTS  (  679): func:write_int, path=/sys/class/backlight/sprd_backlight/brightness, value=398
02-06 21:06:42.125 D/batterywarning( 2075):  ---Aron---- buffer = 0
02-06 21:06:42.125 D/batterywarning( 2075): 
02-06 21:06:42.125 D/batterywarning( 2075):  ---Aron---- n = 258
02-06 21:06:42.125 D/batterywarning( 2075):  ---Aron---- cp = change@/devices/platform/soc/soc:ap-ahb/31100000.dsi/31100000.dsi.0/display/panel0/sprd_backlight
02-06 21:06:42.125 E/batterywarning( 2075): -------Aron------245---cp=========[change@/devices/platform/soc/soc:ap-ahb/31100000.dsi/31100000.dsi.0/display/panel0/sprd_backlight], ret==[52]
02-06 21:06:42.125 E/batterywarning( 2075): -------Aron------245---cp=========[ACTION=change], ret==[18]
02-06 21:06:42.125 E/batterywarning( 2075): -------Aron------245---cp=========[DEVPATH=/devices/platform/soc/soc:ap-ahb/31100000.dsi/31100000.dsi.0/display/panel0/sprd_backlight], ret==[21]
02-06 21:06:42.125 E/batterywarning( 2075): -------Aron------245---cp=========[SUBSYSTEM=backlight], ret==[36]
02-06 21:06:42.125 E/batterywarning( 2075): -------Aron------245---cp=========[SOURCE=sysfs], ret==[36]
02-06 21:06:42.125 E/batterywarning( 2075): -------Aron------245---cp=========[SEQNUM=103277], ret==[72]
02-06 21:06:42.125 D/refnotify(  911): refnotify_parse_event: SOURCE = sysfs!
02-06 21:06:42.126 D/refnotify(  911): status : refnotify_sleep=0 
02-06 21:06:42.142 D/LIGHTS  (  679): func:write_int, path=/sys/class/backlight/sprd_backlight/brightness, value=414
02-06 21:06:42.142 D/batterywarning( 2075):  ---Aron---- buffer = 0
02-06 21:06:42.142 D/batterywarning( 2075): 
02-06 21:06:42.142 D/batterywarning( 2075):  ---Aron---- n = 258
02-06 21:06:42.142 D/batterywarning( 2075):  ---Aron---- cp = change@/devices/platform/soc/soc:ap-ahb/31100000.dsi/31100000.dsi.0/display/panel0/sprd_backlight
02-06 21:06:42.142 E/batterywarning( 2075): -------Aron------245---cp=========[change@/devices/platform/soc/soc:ap-ahb/31100000.dsi/31100000.dsi.0/display/panel0/sprd_backlight], ret==[52]
02-06 21:06:42.142 E/batterywarning( 2075): -------Aron------245---cp=========[ACTION=change], ret==[18]
02-06 21:06:42.142 E/batterywarning( 2075): -------Aron------245---cp=========[DEVPATH=/devices/platform/soc/soc:ap-ahb/31100000.dsi/31100000.dsi.0/display/panel0/sprd_backlight], ret==[21]
02-06 21:06:42.142 E/batterywarning( 2075): -------Aron------245---cp=========[SUBSYSTEM=backlight], ret==[36]
02-06 21:06:42.142 E/batterywarning( 2075): -------Aron------245---cp=========[SOURCE=sysfs], ret==[36]
02-06 21:06:42.142 E/batterywarning( 2075): -------Aron------245---cp=========[SEQNUM=103278], ret==[72]
02-06 21:06:42.142 D/refnotify(  911): refnotify_parse_event: SOURCE = sysfs!
02-06 21:06:42.143 D/refnotify(  911): status : refnotify_sleep=0 
02-06 21:06:42.158 D/LIGHTS  (  679): func:write_int, path=/sys/class/backlight/sprd_backlight/brightness, value=430
02-06 21:06:42.158 D/refnotify(  911): refnotify_parse_event: SOURCE = sysfs!
02-06 21:06:42.159 D/refnotify(  911): status : refnotify_sleep=0 
02-06 21:06:42.159 D/batterywarning( 2075):  ---Aron---- buffer = 0
02-06 21:06:42.159 D/batterywarning( 2075): 
02-06 21:06:42.159 D/batterywarning( 2075):  ---Aron---- n = 258
02-06 21:06:42.159 D/batterywarning( 2075):  ---Aron---- cp = change@/devices/platform/soc/soc:ap-ahb/31100000.dsi/31100000.dsi.0/display/panel0/sprd_backlight
02-06 21:06:42.159 E/batterywarning( 2075): -------Aron------245---cp=========[change@/devices/platform/soc/soc:ap-ahb/31100000.dsi/31100000.dsi.0/display/panel0/sprd_backlight], ret==[52]
02-06 21:06:42.159 E/batterywarning( 2075): -------Aron------245---cp=========[ACTION=change], ret==[18]
02-06 21:06:42.159 E/batterywarning( 2075): -------Aron------245---cp=========[DEVPATH=/devices/platform/soc/soc:ap-ahb/31100000.dsi/31100000.dsi.0/display/panel0/sprd_backlight], ret==[21]
02-06 21:06:42.159 E/batterywarning( 2075): -------Aron------245---cp=========[SUBSYSTEM=backlight], ret==[36]
02-06 21:06:42.159 E/batterywarning( 2075): -------Aron------245---cp=========[SOURCE=sysfs], ret==[36]
02-06 21:06:42.159 E/batterywarning( 2075): -------Aron------245---cp=========[SEQNUM=103279], ret==[72]
02-06 21:06:42.178 D/LIGHTS  (  679): func:write_int, path=/sys/class/backlight/sprd_backlight/brightness, value=446
02-06 21:06:42.178 D/refnotify(  911): refnotify_parse_event: SOURCE = sysfs!
02-06 21:06:42.178 D/refnotify(  911): status : refnotify_sleep=0 
02-06 21:06:42.179 D/batterywarning( 2075):  ---Aron---- buffer = 0
02-06 21:06:42.179 D/batterywarning( 2075): 
02-06 21:06:42.179 D/batterywarning( 2075):  ---Aron---- n = 258
02-06 21:06:42.179 D/batterywarning( 2075):  ---Aron---- cp = change@/devices/platform/soc/soc:ap-ahb/31100000.dsi/31100000.dsi.0/display/panel0/sprd_backlight
02-06 21:06:42.179 E/batterywarning( 2075): -------Aron------245---cp=========[change@/devices/platform/soc/soc:ap-ahb/31100000.dsi/31100000.dsi.0/display/panel0/sprd_backlight], ret==[52]
02-06 21:06:42.179 E/batterywarning( 2075): -------Aron------245---cp=========[ACTION=change], ret==[18]
02-06 21:06:42.179 E/batterywarning( 2075): -------Aron------245---cp=========[DEVPATH=/devices/platform/soc/soc:ap-ahb/31100000.dsi/31100000.dsi.0/display/panel0/sprd_backlight], ret==[21]
02-06 21:06:42.179 E/batterywarning( 2075): -------Aron------245---cp=========[SUBSYSTEM=backlight], ret==[36]
02-06 21:06:42.179 E/batterywarning( 2075): -------Aron------245---cp=========[SOURCE=sysfs], ret==[36]
02-06 21:06:42.179 E/batterywarning( 2075): -------Aron------245---cp=========[SEQNUM=103280], ret==[72]
02-06 21:06:42.193 D/LIGHTS  (  679): func:write_int, path=/sys/class/backlight/sprd_backlight/brightness, value=463
02-06 21:06:42.193 D/batterywarning( 2075):  ---Aron---- buffer = 0
02-06 21:06:42.193 D/batterywarning( 2075): 
02-06 21:06:42.193 D/batterywarning( 2075):  ---Aron---- n = 258
02-06 21:06:42.193 D/batterywarning( 2075):  ---Aron---- cp = change@/devices/platform/soc/soc:ap-ahb/31100000.dsi/31100000.dsi.0/display/panel0/sprd_backlight
02-06 21:06:42.193 E/batterywarning( 2075): -------Aron------245---cp=========[change@/devices/platform/soc/soc:ap-ahb/31100000.dsi/31100000.dsi.0/display/panel0/sprd_backlight], ret==[52]
02-06 21:06:42.193 E/batterywarning( 2075): -------Aron------245---cp=========[ACTION=change], ret==[18]
02-06 21:06:42.193 E/batterywarning( 2075): -------Aron------245---cp=========[DEVPATH=/devices/platform/soc/soc:ap-ahb/31100000.dsi/31100000.dsi.0/display/panel0/sprd_backlight], ret==[21]
02-06 21:06:42.194 E/batterywarning( 2075): -------Aron------245---cp=========[SUBSYSTEM=backlight], ret==[36]
02-06 21:06:42.194 D/refnotify(  911): refnotify_parse_event: SOURCE = sysfs!
02-06 21:06:42.194 E/batterywarning( 2075): -------Aron------245---cp=========[SOURCE=sysfs], ret==[36]
02-06 21:06:42.194 E/batterywarning( 2075): -------Aron------245---cp=========[SEQNUM=103281], ret==[72]
02-06 21:06:42.194 D/refnotify(  911): status : refnotify_sleep=0 
02-06 21:06:42.208 D/LIGHTS  (  679): func:write_int, path=/sys/class/backlight/sprd_backlight/brightness, value=479
02-06 21:06:42.208 D/batterywarning( 2075):  ---Aron---- buffer = 0
02-06 21:06:42.208 D/batterywarning( 2075): 
02-06 21:06:42.209 D/batterywarning( 2075):  ---Aron---- n = 258
02-06 21:06:42.209 D/batterywarning( 2075):  ---Aron---- cp = change@/devices/platform/soc/soc:ap-ahb/31100000.dsi/31100000.dsi.0/display/panel0/sprd_backlight
02-06 21:06:42.209 E/batterywarning( 2075): -------Aron------245---cp=========[change@/devices/platform/soc/soc:ap-ahb/31100000.dsi/31100000.dsi.0/display/panel0/sprd_backlight], ret==[52]
02-06 21:06:42.209 E/batterywarning( 2075): -------Aron------245---cp=========[ACTION=change], ret==[18]
02-06 21:06:42.209 E/batterywarning( 2075): -------Aron------245---cp=========[DEVPATH=/devices/platform/soc/soc:ap-ahb/31100000.dsi/31100000.dsi.0/display/panel0/sprd_backlight], ret==[21]
02-06 21:06:42.209 E/batterywarning( 2075): -------Aron------245---cp=========[SUBSYSTEM=backlight], ret==[36]
02-06 21:06:42.209 E/batterywarning( 2075): -------Aron------245---cp=========[SOURCE=sysfs], ret==[36]
02-06 21:06:42.209 E/batterywarning( 2075): -------Aron------245---cp=========[SEQNUM=103282], ret==[72]
02-06 21:06:42.209 D/refnotify(  911): refnotify_parse_event: SOURCE = sysfs!
02-06 21:06:42.209 D/refnotify(  911): status : refnotify_sleep=0 
02-06 21:06:42.225 D/LIGHTS  (  679): func:write_int, path=/sys/class/backlight/sprd_backlight/brightness, value=495
02-06 21:06:42.225 D/batterywarning( 2075):  ---Aron---- buffer = 0
02-06 21:06:42.225 D/batterywarning( 2075): 
02-06 21:06:42.225 D/batterywarning( 2075):  ---Aron---- n = 258
02-06 21:06:42.225 D/batterywarning( 2075):  ---Aron---- cp = change@/devices/platform/soc/soc:ap-ahb/31100000.dsi/31100000.dsi.0/display/panel0/sprd_backlight
02-06 21:06:42.225 E/batterywarning( 2075): -------Aron------245---cp=========[change@/devices/platform/soc/soc:ap-ahb/31100000.dsi/31100000.dsi.0/display/panel0/sprd_backlight], ret==[52]
02-06 21:06:42.225 E/batterywarning( 2075): -------Aron------245---cp=========[ACTION=change], ret==[18]
02-06 21:06:42.226 E/batterywarning( 2075): -------Aron------245---cp=========[DEVPATH=/devices/platform/soc/soc:ap-ahb/31100000.dsi/31100000.dsi.0/display/panel0/sprd_backlight], ret==[21]
02-06 21:06:42.226 E/batterywarning( 2075): -------Aron------245---cp=========[SUBSYSTEM=backlight], ret==[36]
02-06 21:06:42.226 E/batterywarning( 2075): -------Aron------245---cp=========[SOURCE=sysfs], ret==[36]
02-06 21:06:42.226 E/batterywarning( 2075): -------Aron------245---cp=========[SEQNUM=103283], ret==[72]
02-06 21:06:42.226 D/refnotify(  911): refnotify_parse_event: SOURCE = sysfs!
02-06 21:06:42.226 D/refnotify(  911): status : refnotify_sleep=0 
02-06 21:06:42.242 D/LIGHTS  (  679): func:write_int, path=/sys/class/backlight/sprd_backlight/brightness, value=511
02-06 21:06:42.242 D/batterywarning( 2075):  ---Aron---- buffer = 0
02-06 21:06:42.242 D/batterywarning( 2075): 
02-06 21:06:42.242 D/batterywarning( 2075):  ---Aron---- n = 258
02-06 21:06:42.242 D/batterywarning( 2075):  ---Aron---- cp = change@/devices/platform/soc/soc:ap-ahb/31100000.dsi/31100000.dsi.0/display/panel0/sprd_backlight
02-06 21:06:42.242 E/batterywarning( 2075): -------Aron------245---cp=========[change@/devices/platform/soc/soc:ap-ahb/31100000.dsi/31100000.dsi.0/display/panel0/sprd_backlight], ret==[52]
