--------- beginning of main
02-06 21:05:47.541 D/ip_monitor-878(15267): 192.168.80.1 dev wlan0 lladdr ac:80:ae:6d:13:11 STALE
02-06 21:05:47.919 W/VSyncPredictor(  698): VSyncPredictor::setPeriod current period =16666667
02-06 21:05:48.053 D/ip_monitor-878(15268): 192.168.210.158 dev usb0 lladdr 06:47:97:72:fa:8c PROBE
02-06 21:05:48.068 D/ip_monitor-878(15269): 192.168.210.158 dev usb0 lladdr 06:47:97:72:fa:8c REACHABLE
02-06 21:05:49.501 W/VSyncPredictor(  698): VSyncPredictor::setPeriod current period =16666667
02-06 21:05:49.538 I/DPUModule(  662): DpuR5P0::checkLayerFormat <142>: checkLayerFormat: Format(1)
02-06 21:05:49.538 I/DPUModule(  662): DpuR5P0::checkTransform <35>: checkTransform: Transform(0), SRCRect(0,0)
02-06 21:05:49.538 I/DPUModule(  662): DpuR5P0::checkAFBCBlockSize <97>: checkAFBCBlockSize: compressed(1),format(1), pitch(720), vstride(1616)
02-06 21:05:49.538 I/DPUModule(  662): DpuR5P0::checkLayerFormat <142>: checkLayerFormat: Format(1)
02-06 21:05:49.538 I/DPUModule(  662): DpuR5P0::checkTransform <35>: checkTransform: Transform(0), SRCRect(0,0)
02-06 21:05:49.538 I/DPUModule(  662): DpuR5P0::checkAFBCBlockSize <97>: checkAFBCBlockSize: compressed(1),format(1), pitch(720), vstride(80)
02-06 21:05:49.538 I/DPUModule(  662): DpuR5P0::checkLayerFormat <142>: checkLayerFormat: Format(1)
02-06 21:05:49.538 I/DPUModule(  662): DpuR5P0::checkTransform <35>: checkTransform: Transform(0), SRCRect(0,0)
02-06 21:05:49.538 I/DPUModule(  662): DpuR5P0::checkAFBCBlockSize <97>: checkAFBCBlockSize: compressed(1),format(1), pitch(720), vstride(96)
02-06 21:05:49.538 D/DPUModule(  662): [ﾀポu] support: 0
02-06 21:05:49.937 I/DPUModule(  662): DpuR5P0::checkLayerFormat <142>: checkLayerFormat: Format(1)
02-06 21:05:49.937 I/DPUModule(  662): DpuR5P0::checkTransform <35>: checkTransform: Transform(0), SRCRect(0,0)
02-06 21:05:49.937 I/DPUModule(  662): DpuR5P0::checkAFBCBlockSize <97>: checkAFBCBlockSize: compressed(1),format(1), pitch(720), vstride(1616)
02-06 21:05:49.937 I/DPUModule(  662): DpuR5P0::checkLayerFormat <142>: checkLayerFormat: Format(1)
02-06 21:05:49.937 I/DPUModule(  662): DpuR5P0::checkTransform <35>: checkTransform: Transform(0), SRCRect(0,0)
02-06 21:05:49.937 I/DPUModule(  662): DpuR5P0::checkAFBCBlockSize <97>: checkAFBCBlockSize: compressed(1),format(1), pitch(720), vstride(80)
02-06 21:05:49.937 I/DPUModule(  662): DpuR5P0::checkLayerFormat <142>: checkLayerFormat: Format(1)
02-06 21:05:49.937 I/DPUModule(  662): DpuR5P0::checkTransform <35>: checkTransform: Transform(0), SRCRect(0,0)
02-06 21:05:49.937 I/DPUModule(  662): DpuR5P0::checkAFBCBlockSize <97>: checkAFBCBlockSize: compressed(1),format(1), pitch(720), vstride(96)
02-06 21:05:49.937 D/DPUModule(  662): [ﾀポu] support: 0
02-06 21:05:50.052 D/enhanceHAL(  668): sunlightRead: current ambient = 7
02-06 21:05:51.018 D/enhanceHAL(  668): sunlightRead: current ambient = 7
02-06 21:05:51.134 W/ThreadPoolForeg( 5704): type=1400 audit(0.0:192061): avc: denied { write } for name="traced_producer" dev="tmpfs" ino=26611 scontext=u:r:gmscore_app:s0:c512,c768 tcontext=u:object_r:traced_producer_socket:s0 tclass=sock_file permissive=0 app=com.google.android.gms
--------- beginning of system
02-06 21:05:51.225 W/ProcessStats( 1073): Tracking association SourceState{f662736 system/1000 BTopFgs #263432} whose proc state 2 is better than process ProcessState{b356bd1 com.microsoft.appmanager:pnsvc/10206 pkg=com.microsoft.appmanager} proc state 3 (5 skipped)
02-06 21:05:51.909 D/AlarmManager( 1073): waitForAlarm result:8currentTime=1770429951909, elapsedRealtime=219703012
02-06 21:05:51.909 V/AlarmManager( 1073): setRepeat(PendingIntent{787f761: PendingIntentRecord{84a1286 com.hoffnung broadcastIntent}}) : type=3 workSource=null nextElapsed=220240043 orginAlarm=Alarm{b94465e type 3 origWhen 219640043 whenElapsed 219640043 com.hoffnung}
02-06 21:05:51.910 D/AlarmManager( 1073): Add alarm packageName=com.hoffnung, type=3, when=220240043, tag=null, callingUid=10161, callingPackage=com.hoffnung
02-06 21:05:51.910 D/AlarmManagerService( 1073): set alarm to kernel: 219846.798000000, type=2 
02-06 21:05:51.910 D/AlarmManagerService( 1073): set alarm to kernel: 219711.103000000, type=3 
02-06 21:05:51.911 V/AlarmManager( 1073): setRepeat(PendingIntent{d87dcf3: PendingIntentRecord{f1d4db0 android broadcastIntent}}) : type=3 workSource=null nextElapsed=221418143 orginAlarm=Alarm{646ca3f type 3 origWhen 219618143 whenElapsed 219618143 android}
02-06 21:05:51.911 D/AlarmManager( 1073): Add alarm packageName=android, type=3, when=221418143, tag=null, callingUid=1000, callingPackage=android
02-06 21:05:51.912 D/AlarmManagerService( 1073): set alarm to kernel: 219846.798000000, type=2 
02-06 21:05:51.912 D/AlarmManagerService( 1073): set alarm to kernel: 219711.103000000, type=3 
02-06 21:05:51.913 D/Griffin/filterReceiveBroadcast( 1073): not limit Intent { act=com.android.server.action.NETWORK_STATS_POLL flg=0x10 } for resultTo not null
02-06 21:05:51.913 D/BroadcastQueue( 1073): Add broadcast <BroadcastRecord{97d7f0c u0 com.android.server.action.NETWORK_STATS_POLL}> into [ordered | background], pending size 0
02-06 21:05:51.914 I/AlarmManager( 1073): going to acquire mWakeLock actually.
02-06 21:05:51.917 D/AlarmManager( 1073): sending alarm.type = 3, action = com.android.server.action.NETWORK_STATS_POLL, alarm = Alarm{646ca3f type 3 origWhen 219618143 whenElapsed 219618143 android}, cn = null, operation = PendingIntent{d87dcf3: PendingIntentRecord{f1d4db0 android broadcastIntent}}, listener=null, listenerTag=null, workSource=null
02-06 21:05:51.921 D/NetworkAdapter( 1073): UnisocOffloadUsbTetheringStatsProvider.onRequestStatsUpdate
02-06 21:05:51.921 D/Griffin/filterReceiveBroadcast( 1073): not limit Intent { act=com.hoffnung.wake_up_action flg=0x10000010 (has extras) } for resultTo not null
02-06 21:05:51.921 D/NetworkAdapter( 1073): UnisocOffloadUsbTetheringStatsProvider.pushTetherStats
02-06 21:05:51.921 D/BroadcastQueue( 1073): Add broadcast <BroadcastRecord{66cf055 u0 com.hoffnung.wake_up_action}> into [ordered | foreground], pending size 0
02-06 21:05:51.922 D/NetworkAdapter( 1073): Unisoc Offload UsbTethering StatsProvider getTetherStats
02-06 21:05:51.922 D/NetworkAdapter( 1073): OFFLOAD_USB_TETHERING_PROP = 0
02-06 21:05:51.922 D/NetworkAdapter( 1073): Unisoc Offload UsbTethering StatsProvider getTetherStats
02-06 21:05:51.923 D/NetworkAdapter( 1073): OFFLOAD_USB_TETHERING_PROP = 0
02-06 21:05:51.925 I/Hoffnung( 2558): Universal onReceive: Intent { act=com.hoffnung.wake_up_action flg=0x10000010 (has extras) }
02-06 21:05:51.925 D/AlarmManager( 1073): sending alarm.type = 3, action = com.hoffnung.wake_up_action, alarm = Alarm{b94465e type 3 origWhen 219640043 whenElapsed 219640043 com.hoffnung}, cn = null, operation = PendingIntent{787f761: PendingIntentRecord{84a1286 com.hoffnung broadcastIntent}}, listener=null, listenerTag=null, workSource=null
02-06 21:05:51.926 D/TPMS    ( 2558): wakeup to keep alive:10
02-06 21:05:51.927 D/Griffin/filterReceiveBroadcast( 1073): not limit Intent { act=com.google.android.gms.gcm.ACTION_CHECK_QUEUE flg=0x14 cmp=com.google.android.gms/.gcm.nts.SchedulerInternalReceiver (has extras) } for resultTo not null
02-06 21:05:51.927 D/BroadcastQueue( 1073): Add broadcast <BroadcastRecord{45a6a6a u0 com.google.android.gms.gcm.ACTION_CHECK_QUEUE}> into [ordered | background], pending size 0
02-06 21:05:51.927 D/BroadcastQueue( 1073): Finished with ordered broadcast BroadcastRecord{66cf055 u0 com.hoffnung.wake_up_action} receivers:([BroadcastFilter{725603 10161/u0 ReceiverList{dfc2e33 2558 com.hoffnung.mobile.service/10161/u0 remote:5d47584}}]) take 6ms in [foreground], remains -1
02-06 21:05:51.930 D/AlarmManager( 1073): sending alarm.type = 3, action = com.google.android.gms.gcm.ACTION_CHECK_QUEUE, alarm = Alarm{ee7cb5b type 3 origWhen 219640134 whenElapsed 219640134 com.google.android.gms}, cn = ComponentInfo{com.google.android.gms/com.google.android.gms.gcm.nts.SchedulerInternalReceiver}, operation = PendingIntent{c3086e: PendingIntentRecord{348535 com.google.android.gms/com.google.android.gms.scheduler broadcastIntent}}, listener=null, listenerTag=null, workSource=WorkSource{10108 com.google.android.gms}
02-06 21:05:51.930 D/AlarmManager( 1073): sending alarm.type = 3, action = null, alarm = Alarm{c097ff8 type 3 origWhen 219647412 whenElapsed 219647412 android}, cn = null, operation = null, listener=android.app.AlarmManager$ListenerWrapper@efaba60, listenerTag=*job.cleanup*, workSource=null
02-06 21:05:51.930 D/os.permission.PermissionInfo( 1073): checkPermission 10161:android.permission.POST_NOTIFICATIONS:false
02-06 21:05:51.932 W/VSyncPredictor(  698): VSyncPredictor::setPeriod current period =16666667
02-06 21:05:51.939 D/RemoteService(14361): onCreate
02-06 21:05:51.940 D/BroadcastQueue( 1073): Add broadcast <BroadcastRecord{952a3a4 u0 com.android.server.powercontroller.CHECK_APPSTATE}> into [ordered | background], pending size 1
02-06 21:05:51.940 D/BroadcastQueue( 1073): Header is BroadcastRecord{45a6a6a u0 com.google.android.gms.gcm.ACTION_CHECK_QUEUE} now
02-06 21:05:51.940 D/AlarmManager( 1073): sending alarm.type = 3, action = com.android.server.powercontroller.CHECK_APPSTATE, alarm = Alarm{ae3d50d type 3 origWhen 219675510 whenElapsed 219675510 android}, cn = null, operation = PendingIntent{df4525f: PendingIntentRecord{69a34ac android broadcastIntent}}, listener=null, listenerTag=null, workSource=null
02-06 21:05:51.941 D/AlarmManager( 1073): sending alarm.type = 3, action = null, alarm = Alarm{2f9dcc2 type 3 origWhen 219691947 whenElapsed 219691947 android}, cn = null, operation = null, listener=android.app.AlarmManager$ListenerWrapper@fc35022, listenerTag=*job.delay*, workSource=WorkSource{10113 com.android.vending}
02-06 21:05:51.941 D/AlarmManagerService( 1073): set alarm to kernel: 219846.798000000, type=2 
02-06 21:05:51.941 D/AlarmManagerService( 1073): set alarm to kernel: 219711.103000000, type=3 
02-06 21:05:51.944 V/AlarmManager( 1073): set(null) : type=3 listener=android.app.AlarmManager$ListenerWrapper@fc35022 listenerTag=*job.delay* workSource=WorkSource{10111 com.transsnet.store} callingPackage=android callingUid=1000 triggerAtTime=219733045 win=22498 tElapsed=219733045 maxElapsed=219755543 interval=0 flags=0x0
02-06 21:05:51.946 D/RemoteService(14361): onReceive: Intent { act=com.hoffnung.wake_up_action flg=0x10000010 (has extras) }
02-06 21:05:51.946 D/AlarmManager( 1073): Add alarm packageName=android, type=3, when=219733045, tag=*job.delay*, callingUid=1000, callingPackage=android
02-06 21:05:51.946 D/AlarmManagerService( 1073): set alarm to kernel: 219846.798000000, type=2 
02-06 21:05:51.946 D/AlarmManagerService( 1073): set alarm to kernel: 219711.103000000, type=3 
02-06 21:05:51.947 V/AlarmManager( 1073): set(null) : type=3 listener=android.app.AlarmManager$ListenerWrapper@efaba60 listenerTag=*job.cleanup* workSource=null callingPackage=android callingUid=1000 triggerAtTime=220554838 win=638841 tElapsed=220554838 maxElapsed=221193679 interval=0 flags=0x8
02-06 21:05:51.948 D/AlarmManager( 1073): Add alarm packageName=android, type=3, when=220554838, tag=*job.cleanup*, callingUid=1000, callingPackage=android
02-06 21:05:51.948 D/AlarmManagerService( 1073): set alarm to kernel: 219846.798000000, type=2 
02-06 21:05:51.948 D/AlarmManagerService( 1073): set alarm to kernel: 219711.103000000, type=3 
02-06 21:05:51.953 D/os.permission.PermissionInfo( 1073): checkPermission 10161:android.permission.POST_NOTIFICATIONS:false
02-06 21:05:51.957 D/RemoteService(14361): onCreate
02-06 21:05:51.971 D/RemoteService(14361): onKeepAliveTrigger type: 2, interval: 10
02-06 21:05:51.973 I/Finsky  (16052): [2] SCH: job service start with id 9472.
02-06 21:05:51.974 I/TPMS_EVENT(14361): onKeepAliveTrigger Time out, type = 2, interval = 10
02-06 21:05:51.976 D/BroadcastQueue( 1073): Finished with ordered broadcast BroadcastRecord{97d7f0c u0 com.android.server.action.NETWORK_STATS_POLL} receivers:([BroadcastFilter{d2da9b2 1000/u0 ReceiverList{7e3ffbd 1073 system/1000/u0 local:ac30b14}}]) take 63ms in [background], remains 1
02-06 21:05:51.979 E/CameraService(  836): notifyMonitoredUids: Failed to trigger permission callback: -129
02-06 21:05:51.985 I/Finsky  (16052): [866] SCH: Satisfied jobs for 9472 are: 12-1
02-06 21:05:51.986 I/Finsky  (16052): [869] SCH: Job 12-1 starting
02-06 21:05:51.987 I/Finsky  (16052): [2] WM::SCH: Logging work start for 12-1
02-06 21:05:51.987 I/Finsky  (16052): [2] [ContentSync] job started
02-06 21:05:51.991 D/BroadcastQueue( 1073): Finished with ordered broadcast BroadcastRecord{45a6a6a u0 com.google.android.gms.gcm.ACTION_CHECK_QUEUE} receivers:([ResolveInfo{ad8d728 com.google.android.gms/.gcm.nts.SchedulerInternalReceiver m=0x0}]) take 15ms in [background], remains 0
02-06 21:05:51.994 V/AlarmManager( 1073): set(PendingIntent{df4525f: PendingIntentRecord{69a34ac android broadcastIntent}}) : type=3 listener=null listenerTag=null workSource=null callingPackage=android callingUid=1000 triggerAtTime=220003097 win=225000 tElapsed=220003097 maxElapsed=220228097 interval=0 flags=0x8
02-06 21:05:51.994 D/AlarmManager( 1073): Add alarm packageName=android, type=3, when=220003097, tag=null, callingUid=1000, callingPackage=android
02-06 21:05:51.994 D/AlarmManagerService( 1073): set alarm to kernel: 219846.798000000, type=2 
02-06 21:05:51.994 D/AlarmManagerService( 1073): set alarm to kernel: 219711.103000000, type=3 
02-06 21:05:51.995 D/BroadcastQueue( 1073): Finished with ordered broadcast BroadcastRecord{952a3a4 u0 com.android.server.powercontroller.CHECK_APPSTATE} receivers:([BroadcastFilter{4ba9d85 1000/u0 ReceiverList{3cde2fc 1073 system/1000/u0 local:c2b87ef}}]) take 4ms in [background], remains -1
02-06 21:05:51.995 V/AlarmManager( 1073): set(PendingIntent{d1fc41: PendingIntentRecord{f8a65e6 com.google.android.gms/com.google.android.gms.container startService}}) : type=3 listener=null listenerTag=null workSource=null callingPackage=com.google.android.gms callingUid=10108 triggerAtTime=315579703096 win=3600000 tElapsed=315579703096 maxElapsed=315583303096 interval=0 flags=0x0
02-06 21:05:51.997 D/AlarmManager( 1073): Add alarm packageName=com.google.android.gms, type=3, when=315579703096, tag=null, callingUid=10108, callingPackage=com.google.android.gms
02-06 21:05:51.997 D/AlarmManagerService( 1073): set alarm to kernel: 219846.798000000, type=2 
02-06 21:05:51.997 D/AlarmManagerService( 1073): set alarm to kernel: 219711.103000000, type=3 
02-06 21:05:51.998 E/CameraService(  836): notifyMonitoredUids: Failed to trigger permission callback: -129
02-06 21:05:52.056 E/CameraService(  836): notifyMonitoredUids: Failed to trigger permission callback: -129
02-06 21:05:52.059 I/NetworkScheduler.Stats( 6420): (REDACTED) Task %s/%s started execution. cause:%s exec_start_elapsed_seconds: %s
02-06 21:05:52.083 V/AlarmManager( 1073): set(PendingIntent{f210ddd: PendingIntentRecord{348535 com.google.android.gms/com.google.android.gms.scheduler broadcastIntent}}) : type=3 listener=null listenerTag=null workSource=WorkSource{10108 com.google.android.gms} callingPackage=com.google.android.gms callingUid=10108 triggerAtTime=220826171 win=842239 tElapsed=220826171 maxElapsed=221668410 interval=0 flags=0x0
02-06 21:05:52.087 E/CameraService(  836): notifyMonitoredUids: Failed to trigger permission callback: -129
02-06 21:05:52.090 D/AlarmManager( 1073): Add alarm packageName=com.google.android.gms, type=3, when=220826171, tag=null, callingUid=10108, callingPackage=com.google.android.gms
02-06 21:05:52.090 D/AlarmManagerService( 1073): set alarm to kernel: 219846.798000000, type=2 
02-06 21:05:52.090 D/AlarmManagerService( 1073): set alarm to kernel: 219711.103000000, type=3 
02-06 21:05:52.090 E/CameraService(  836): notifyMonitoredUids: Failed to trigger permission callback: -129
02-06 21:05:52.093 I/NetworkScheduler.Stats( 6420): (REDACTED) Task %s/%s finished executing. cause:%s result: %s elapsed_millis: %s uptime_millis: %s exec_start_elapsed_seconds: %s
02-06 21:05:52.095 E/CameraService(  836): notifyMonitoredUids: Failed to trigger permission callback: -129
02-06 21:05:52.097 E/CameraService(  836): notifyMonitoredUids: Failed to trigger permission callback: -129
02-06 21:05:52.099 E/CameraService(  836): notifyMonitoredUids: Failed to trigger permission callback: -129
02-06 21:05:52.106 I/NetworkScheduler.Stats( 6420): (REDACTED) Task %s/%s started execution. cause:%s exec_start_elapsed_seconds: %s
02-06 21:05:52.107 D/AlarmManagerService( 1073): set alarm to kernel: 219846.798000000, type=2 
02-06 21:05:52.108 D/AlarmManagerService( 1073): set alarm to kernel: 219711.103000000, type=3 
02-06 21:05:52.112 E/CameraService(  836): notifyMonitoredUids: Failed to trigger permission callback: -129
02-06 21:05:52.119 V/AlarmManager( 1073): set(PendingIntent{bc3c3cf: PendingIntentRecord{91da15c com.google.android.gms/com.google.android.gms.container startService}}) : type=3 listener=null listenerTag=null workSource=null callingPackage=com.google.android.gms callingUid=10108 triggerAtTime=315579703222 win=3600000 tElapsed=315579703222 maxElapsed=315583303222 interval=0 flags=0x0
02-06 21:05:52.120 D/AlarmManager( 1073): Add alarm packageName=com.google.android.gms, type=3, when=315579703222, tag=null, callingUid=10108, callingPackage=com.google.android.gms
02-06 21:05:52.120 D/AlarmManagerService( 1073): set alarm to kernel: 219846.798000000, type=2 
02-06 21:05:52.120 D/AlarmManagerService( 1073): set alarm to kernel: 219711.103000000, type=3 
02-06 21:05:52.121 E/CameraService(  836): notifyMonitoredUids: Failed to trigger permission callback: -129
02-06 21:05:52.126 E/CameraService(  836): notifyMonitoredUids: Failed to trigger permission callback: -129
02-06 21:05:52.130 E/CameraService(  836): notifyMonitoredUids: Failed to trigger permission callback: -129
02-06 21:05:52.132 V/AlarmManager( 1073): set(PendingIntent{562cdeb: PendingIntentRecord{348535 com.google.android.gms/com.google.android.gms.scheduler broadcastIntent}}) : type=3 listener=null listenerTag=null workSource=WorkSource{10108 com.google.android.gms} callingPackage=com.google.android.gms callingUid=10108 triggerAtTime=220849073 win=859378 tElapsed=220849073 maxElapsed=221708451 interval=0 flags=0x0
02-06 21:05:52.132 D/AlarmManager( 1073): Add alarm packageName=com.google.android.gms, type=3, when=220849073, tag=null, callingUid=10108, callingPackage=com.google.android.gms
02-06 21:05:52.132 D/AlarmManagerService( 1073): set alarm to kernel: 219846.798000000, type=2 
02-06 21:05:52.132 D/AlarmManagerService( 1073): set alarm to kernel: 219711.103000000, type=3 
02-06 21:05:52.133 W/Finsky  (16052): [2] STU: Failed to get storage stats for package 'com.google.android.go.permission' (1601: Error getting stats: android.content.pm.PackageManager.NameNotFoundException)
02-06 21:05:52.136 E/CameraService(  836): notifyMonitoredUids: Failed to trigger permission callback: -129
02-06 21:05:52.140 D/BoundBrokerSvc( 6420): onRebind: Intent { act=com.google.android.gms.findmydevice.spot.locationreporting.LocationReportUploadGmsTaskService.ACTION_TASK_READY dat=chimera-action:/... cmp=com.google.android.gms/.chimera.PersistentInternalBoundBrokerService }
02-06 21:05:52.141 E/CameraService(  836): notifyMonitoredUids: Failed to trigger permission callback: -129
02-06 21:05:52.143 E/CameraService(  836): notifyMonitoredUids: Failed to trigger permission callback: -129
02-06 21:05:52.148 E/CameraService(  836): notifyMonitoredUids: Failed to trigger permission callback: -129
02-06 21:05:52.157 I/NetworkScheduler.Stats( 6420): (REDACTED) Task %s/%s finished executing. cause:%s result: %s elapsed_millis: %s uptime_millis: %s exec_start_elapsed_seconds: %s
02-06 21:05:52.172 I/NetworkScheduler.Stats( 6420): (REDACTED) Task %s/%s started execution. cause:%s exec_start_elapsed_seconds: %s
02-06 21:05:52.173 E/CameraService(  836): notifyMonitoredUids: Failed to trigger permission callback: -129
02-06 21:05:52.177 D/AlarmManagerService( 1073): set alarm to kernel: 219846.798000000, type=2 
02-06 21:05:52.177 D/AlarmManagerService( 1073): set alarm to kernel: 219711.103000000, type=3 
02-06 21:05:52.190 I/.gms.persistent( 6420): Background young concurrent mark compact GC freed 20MB AllocSpace bytes, 5(116KB) LOS objects, 46% free, 22MB/41MB, paused 880us,7.541ms total 76.951ms
02-06 21:05:52.218 V/AlarmManager( 1073): set(PendingIntent{a28431d: PendingIntentRecord{348535 com.google.android.gms/com.google.android.gms.scheduler broadcastIntent}}) : type=3 listener=null listenerTag=null workSource=WorkSource{10108 com.google.android.gms} callingPackage=com.google.android.gms callingUid=10108 triggerAtTime=220849073 win=859314 tElapsed=220849073 maxElapsed=221708387 interval=0 flags=0x0
02-06 21:05:52.218 D/AlarmManager( 1073): Add alarm packageName=com.google.android.gms, type=3, when=220849073, tag=null, callingUid=10108, callingPackage=com.google.android.gms
02-06 21:05:52.218 D/AlarmManagerService( 1073): set alarm to kernel: 219846.798000000, type=2 
02-06 21:05:52.218 D/AlarmManagerService( 1073): set alarm to kernel: 219711.103000000, type=3 
02-06 21:05:52.222 E/CameraService(  836): notifyMonitoredUids: Failed to trigger permission callback: -129
02-06 21:05:52.226 I/NetworkScheduler.Stats( 6420): (REDACTED) Task %s/%s finished executing. cause:%s result: %s elapsed_millis: %s uptime_millis: %s exec_start_elapsed_seconds: %s
02-06 21:05:52.227 D/BoundBrokerSvc( 6420): onUnbind: Intent { act=com.google.android.gms.findmydevice.spot.locationreporting.LocationReportUploadGmsTaskService.ACTION_TASK_READY dat=chimera-action:/... cmp=com.google.android.gms/.chimera.PersistentInternalBoundBrokerService }
02-06 21:05:52.227 E/CameraService(  836): notifyMonitoredUids: Failed to trigger permission callback: -129
02-06 21:05:52.229 I/NetworkScheduler.Stats( 6420): (REDACTED) Task %s/%s started execution. cause:%s exec_start_elapsed_seconds: %s
02-06 21:05:52.232 D/AlarmManagerService( 1073): set alarm to kernel: 219846.798000000, type=2 
02-06 21:05:52.232 D/AlarmManagerService( 1073): set alarm to kernel: 219711.103000000, type=3 
02-06 21:05:52.233 V/AlarmManager( 1073): set(PendingIntent{50af419: PendingIntentRecord{348535 com.google.android.gms/com.google.android.gms.scheduler broadcastIntent}}) : type=3 listener=null listenerTag=null workSource=WorkSource{10108 com.google.android.gms} callingPackage=com.google.android.gms callingUid=10108 triggerAtTime=220849073 win=859302 tElapsed=220849073 maxElapsed=221708375 interval=0 flags=0x0
02-06 21:05:52.234 D/AlarmManager( 1073): Add alarm packageName=com.google.android.gms, type=3, when=220849073, tag=null, callingUid=10108, callingPackage=com.google.android.gms
02-06 21:05:52.234 D/AlarmManagerService( 1073): set alarm to kernel: 219846.798000000, type=2 
02-06 21:05:52.234 D/AlarmManagerService( 1073): set alarm to kernel: 219711.103000000, type=3 
02-06 21:05:52.236 E/CameraService(  836): notifyMonitoredUids: Failed to trigger permission callback: -129
02-06 21:05:52.242 W/ServiceBindIntentUtils( 6420): Dynamic lookup for intent failed for action: com.google.android.gms.onboardingconsent.api.ConsentManagerApiService.START
02-06 21:05:52.243 W/ActivityManager( 1073): Unable to start service Intent { act=com.google.android.gms.onboardingconsent.api.ConsentManagerApiService.START pkg=com.google.android.gms } U=0: not found
02-06 21:05:52.244 W/ActivityManager( 1073): Unbind failed: could not find connection for android.os.BinderProxy@ca6c8ea
02-06 21:05:52.244 W/GmsClient( 6420): unable to connect to service: com.google.android.gms.onboardingconsent.api.ConsentManagerApiService.START on com.google.android.gms
02-06 21:05:52.245 I/GmsCoreXrpcWrapper( 6420): (REDACTED) Creating a custom channel provider with trafficStatsTag=%d trafficStatsUid=%d
02-06 21:05:52.262 I/LocationReportUplIntOp( 6420): Uploading owner sightings. [CONTEXT service_id=284 ratelimit_period="5 MINUTES" ]
02-06 21:05:52.262 I/GmsCoreXrpcWrapper( 6420): (REDACTED) Returning a channel provider with trafficStatsTag=%d trafficStatsUid=%d
02-06 21:05:52.277 E/CameraService(  836): notifyMonitoredUids: Failed to trigger permission callback: -129
02-06 21:05:52.285 E/CameraService(  836): notifyMonitoredUids: Failed to trigger permission callback: -129
02-06 21:05:52.289 D/BoundBrokerSvc( 6420): onRebind: Intent { act=com.google.android.gms.auth.aang.events.services.START dat=chimera-action:/... cmp=com.google.android.gms/.chimera.PersistentApiService }
02-06 21:05:52.308 W/Finsky  (16052): [2] STU: Failed to get storage stats for package 'com.google.android.go.adservices' (1601: Error getting stats: android.content.pm.PackageManager.NameNotFoundException)
02-06 21:05:52.323 W/Finsky  (16052): [2] STU: Failed to get storage stats for package 'com.google.android.go.tethering' (1601: Error getting stats: android.content.pm.PackageManager.NameNotFoundException)
02-06 21:05:52.330 E/gftj    ( 6420): *~*~*~ Previous channel {0} was garbage collected without being shut down! ~*~*~*
02-06 21:05:52.330 E/gftj    ( 6420):     Make sure to call shutdown()/shutdownNow()
02-06 21:05:52.330 E/gftj    ( 6420): java.lang.RuntimeException: ManagedChannel allocation site
02-06 21:05:52.330 E/gftj    ( 6420): 	at gfti.<init>(:com.google.android.gms@260434062@26.04.34 (200400-862941407):21)
02-06 21:05:52.330 E/gftj    ( 6420): 	at gftj.<init>(:com.google.android.gms@260434062@26.04.34 (200400-862941407):10)
02-06 21:05:52.330 E/gftj    ( 6420): 	at gfth.a(:com.google.android.gms@260434062@26.04.34 (200400-862941407):300)
02-06 21:05:52.330 E/gftj    ( 6420): 	at gfdi.a(:com.google.android.gms@260434062@26.04.34 (200400-862941407):5)
02-06 21:05:52.330 E/gftj    ( 6420): 	at cevt.h(:com.google.android.gms@260434062@26.04.34 (200400-862941407):154)
02-06 21:05:52.330 E/gftj    ( 6420): 	at ezla.a(:com.google.android.gms@260434062@26.04.34 (200400-862941407):152)
02-06 21:05:52.330 E/gftj    ( 6420): 	at eoev.a(:com.google.android.gms@260434062@26.04.34 (200400-862941407):17)
02-06 21:05:52.330 E/gftj    ( 6420): 	at ewem.a(:com.google.android.gms@260434062@26.04.34 (200400-862941407):3)
02-06 21:05:52.330 E/gftj    ( 6420): 	at ewdn.run(:com.google.android.gms@260434062@26.04.34 (200400-862941407):19)
02-06 21:05:52.330 E/gftj    ( 6420): 	at eweo.run(:com.google.android.gms@260434062@26.04.34 (200400-862941407):5)
02-06 21:05:52.330 E/gftj    ( 6420): 	at aywx.c(:com.google.android.gms@260434062@26.04.34 (200400-862941407):50)
02-06 21:05:52.330 E/gftj    ( 6420): 	at aywx.run(:com.google.android.gms@260434062@26.04.34 (200400-862941407):66)
02-06 21:05:52.330 E/gftj    ( 6420): 	at java.util.concurrent.ThreadPoolExecutor.runWorker(ThreadPoolExecutor.java:1154)
02-06 21:05:52.330 E/gftj    ( 6420): 	at java.util.concurrent.ThreadPoolExecutor$Worker.run(ThreadPoolExecutor.java:652)
02-06 21:05:52.330 E/gftj    ( 6420): 	at azcl.run(:com.google.android.gms@260434062@26.04.34 (200400-862941407):8)
02-06 21:05:52.330 E/gftj    ( 6420): 	at java.lang.Thread.run(Thread.java:1564)
02-06 21:05:52.360 W/Finsky  (16052): [2] STU: Failed to get storage stats for package 'com.google.android.go.tzdata4' (1601: Error getting stats: android.content.pm.PackageManager.NameNotFoundException)
02-06 21:05:52.373 D/TrafficStats( 6420): tagSocket(169) with statsTag=0x5065fff, statsUid=10128
02-06 21:05:52.391 D/TrafficStats( 6420): tagSocket(170) with statsTag=0xc007401, statsUid=10108
02-06 21:05:52.411 W/Finsky  (16052): [2] STU: Failed to get storage stats for package 'com.google.android.go.art' (1601: Error getting stats: android.content.pm.PackageManager.NameNotFoundException)
02-06 21:05:52.424 W/Finsky  (16052): [2] STU: Failed to get storage stats for package 'com.google.android.go.cellbroadcast' (1601: Error getting stats: android.content.pm.PackageManager.NameNotFoundException)
02-06 21:05:52.539 W/Finsky  (16052): [2] STU: Failed to get storage stats for package 'com.google.android.go.mediaprovider' (1601: Error getting stats: android.content.pm.PackageManager.NameNotFoundException)
02-06 21:05:52.567 W/Finsky  (16052): [2] STU: Failed to get storage stats for package 'com.google.android.go.ipsec' (1601: Error getting stats: android.content.pm.PackageManager.NameNotFoundException)
02-06 21:05:52.615 W/Finsky  (16052): [2] STU: Failed to get storage stats for package 'com.google.android.go.neuralnetworks' (1601: Error getting stats: android.content.pm.PackageManager.NameNotFoundException)
02-06 21:05:52.616 D/TrafficStats( 6420): tagSocket(102) with statsTag=0x5065fff, statsUid=-1
02-06 21:05:52.617 W/Finsky  (16052): [2] STU: Failed to get storage stats for package 'com.google.android.go.media' (1601: Error getting stats: android.content.pm.PackageManager.NameNotFoundException)
02-06 21:05:52.630 I/cn_CronetUrlRequestContext( 6420): destroyNativeStreamLocked org.chromium.net.impl.CronetBidirectionalStream@b7e5de1
02-06 21:05:52.642 D/TranThermalBacklightCtrl( 1073): Brightness=0.05 AutoBackLight=true AmbientLux=7.0000005 APTemp=36.157
02-06 21:05:52.642 I/TranThermalBacklightCtrl( 1073): current status=level_0
02-06 21:05:52.642 D/DisplayPowerController[0]( 1073): animateScreenBrightness: target=0.05, rate=1.0    mShouldUpdateBrightnessSettingLater=false
02-06 21:05:52.644 V/DisplayPowerController[0]( 1073): Brightness [0.05] reason changing to: 'automatic [ dim ]', previous reason: 'automatic'.
02-06 21:05:52.644 I/DisplayPowerController[0]( 1073): BrightnessEvent: disp=0, brt=0.05, rcmdBrt=0.15070921, preBrt=0.23216948, lux=7.0000005, preLux=13.779476, hbmMax=1.0, hbmMode=off, thrmMax=1.0, flags=, reason=automatic [ dim ]
02-06 21:05:52.654 D/LIGHTS  (  679): func:write_int, path=/sys/class/backlight/sprd_backlight/brightness, value=590
02-06 21:05:52.655 D/batterywarning( 2075):  ---Aron---- buffer = 0
02-06 21:05:52.655 D/batterywarning( 2075): 
02-06 21:05:52.655 D/batterywarning( 2075):  ---Aron---- n = 258
02-06 21:05:52.655 D/batterywarning( 2075):  ---Aron---- cp = change@/devices/platform/soc/soc:ap-ahb/31100000.dsi/31100000.dsi.0/display/panel0/sprd_backlight
02-06 21:05:52.655 E/batterywarning( 2075): -------Aron------245---cp=========[change@/devices/platform/soc/soc:ap-ahb/31100000.dsi/31100000.dsi.0/display/panel0/sprd_backlight], ret==[52]
02-06 21:05:52.655 E/batterywarning( 2075): -------Aron------245---cp=========[ACTION=change], ret==[18]
02-06 21:05:52.655 E/batterywarning( 2075): -------Aron------245---cp=========[DEVPATH=/devices/platform/soc/soc:ap-ahb/31100000.dsi/31100000.dsi.0/display/panel0/sprd_backlight], ret==[21]
02-06 21:05:52.655 E/batterywarning( 2075): -------Aron------245---cp=========[SUBSYSTEM=backlight], ret==[36]
02-06 21:05:52.655 E/batterywarning( 2075): -------Aron------245---cp=========[SOURCE=sysfs], ret==[36]
02-06 21:05:52.655 E/batterywarning( 2075): -------Aron------245---cp=========[SEQNUM=103193], ret==[72]
02-06 21:05:52.655 D/refnotify(  911): refnotify_parse_event: SOURCE = sysfs!
02-06 21:05:52.656 D/refnotify(  911): status : refnotify_sleep=0 
02-06 21:05:52.667 D/ip_monitor-878(15291): 192.168.80.1 dev wlan0 lladdr ac:80:ae:6d:13:11 PROBE
02-06 21:05:52.669 D/LIGHTS  (  679): func:write_int, path=/sys/class/backlight/sprd_backlight/brightness, value=522
02-06 21:05:52.670 D/batterywarning( 2075):  ---Aron---- buffer = 0
02-06 21:05:52.670 D/batterywarning( 2075): 
02-06 21:05:52.670 D/batterywarning( 2075):  ---Aron---- n = 258
02-06 21:05:52.670 D/batterywarning( 2075):  ---Aron---- cp = change@/devices/platform/soc/soc:ap-ahb/31100000.dsi/31100000.dsi.0/display/panel0/sprd_backlight
02-06 21:05:52.670 E/batterywarning( 2075): -------Aron------245---cp=========[change@/devices/platform/soc/soc:ap-ahb/31100000.dsi/31100000.dsi.0/display/panel0/sprd_backlight], ret==[52]
02-06 21:05:52.670 E/batterywarning( 2075): -------Aron------245---cp=========[ACTION=change], ret==[18]
02-06 21:05:52.670 E/batterywarning( 2075): -------Aron------245---cp=========[DEVPATH=/devices/platform/soc/soc:ap-ahb/31100000.dsi/31100000.dsi.0/display/panel0/sprd_backlight], ret==[21]
02-06 21:05:52.670 E/batterywarning( 2075): -------Aron------245---cp=========[SUBSYSTEM=backlight], ret==[36]
02-06 21:05:52.670 E/batterywarning( 2075): -------Aron------245---cp=========[SOURCE=sysfs], ret==[36]
02-06 21:05:52.670 E/batterywarning( 2075): -------Aron------245---cp=========[SEQNUM=103194], ret==[72]
02-06 21:05:52.670 D/refnotify(  911): status : refnotify_sleep=0 
02-06 21:05:52.671 D/refnotify(  911): refnotify_parse_event: SOURCE = sysfs!
02-06 21:05:52.684 D/LIGHTS  (  679): func:write_int, path=/sys/class/backlight/sprd_backlight/brightness, value=454
02-06 21:05:52.684 D/ip_monitor-878(15292): 192.168.80.1 dev wlan0 lladdr ac:80:ae:6d:13:11 REACHABLE
02-06 21:05:52.685 D/batterywarning( 2075):  ---Aron---- buffer = 0
02-06 21:05:52.685 D/batterywarning( 2075): 
02-06 21:05:52.685 D/batterywarning( 2075):  ---Aron---- n = 258
02-06 21:05:52.685 D/batterywarning( 2075):  ---Aron---- cp = change@/devices/platform/soc/soc:ap-ahb/31100000.dsi/31100000.dsi.0/display/panel0/sprd_backlight
02-06 21:05:52.685 E/batterywarning( 2075): -------Aron------245---cp=========[change@/devices/platform/soc/soc:ap-ahb/31100000.dsi/31100000.dsi.0/display/panel0/sprd_backlight], ret==[52]
02-06 21:05:52.685 E/batterywarning( 2075): -------Aron------245---cp=========[ACTION=change], ret==[18]
02-06 21:05:52.685 E/batterywarning( 2075): -------Aron------245---cp=========[DEVPATH=/devices/platform/soc/soc:ap-ahb/31100000.dsi/31100000.dsi.0/display/panel0/sprd_backlight], ret==[21]
02-06 21:05:52.685 E/batterywarning( 2075): -------Aron------245---cp=========[SUBSYSTEM=backlight], ret==[36]
02-06 21:05:52.685 E/batterywarning( 2075): -------Aron------245---cp=========[SOURCE=sysfs], ret==[36]
02-06 21:05:52.685 E/batterywarning( 2075): -------Aron------245---cp=========[SEQNUM=103195], ret==[72]
02-06 21:05:52.685 D/refnotify(  911): refnotify_parse_event: SOURCE = sysfs!
02-06 21:05:52.686 D/refnotify(  911): status : refnotify_sleep=0 
02-06 21:05:52.689 D/PackageManager( 1073): Integrity verification : verificationId = 79
02-06 21:05:52.692 W/Finsky  (16052): [2] STU: Failed to get storage stats for package 'com.google.android.go.media.swcodec' (1601: Error getting stats: android.content.pm.PackageManager.NameNotFoundException)
02-06 21:05:52.701 D/LIGHTS  (  679): func:write_int, path=/sys/class/backlight/sprd_backlight/brightness, value=386
02-06 21:05:52.701 D/batterywarning( 2075):  ---Aron---- buffer = 0
02-06 21:05:52.701 D/batterywarning( 2075): 
02-06 21:05:52.702 D/batterywarning( 2075):  ---Aron---- n = 258
02-06 21:05:52.702 D/batterywarning( 2075):  ---Aron---- cp = change@/devices/platform/soc/soc:ap-ahb/31100000.dsi/31100000.dsi.0/display/panel0/sprd_backlight
02-06 21:05:52.702 E/batterywarning( 2075): -------Aron------245---cp=========[change@/devices/platform/soc/soc:ap-ahb/31100000.dsi/31100000.dsi.0/display/panel0/sprd_backlight], ret==[52]
02-06 21:05:52.702 E/batterywarning( 2075): -------Aron------245---cp=========[ACTION=change], ret==[18]
02-06 21:05:52.702 E/batterywarning( 2075): -------Aron------245---cp=========[DEVPATH=/devices/platform/soc/soc:ap-ahb/31100000.dsi/31100000.dsi.0/display/panel0/sprd_backlight], ret==[21]
02-06 21:05:52.702 E/batterywarning( 2075): -------Aron------245---cp=========[SUBSYSTEM=backlight], ret==[36]
02-06 21:05:52.702 E/batterywarning( 2075): -------Aron------245---cp=========[SOURCE=sysfs], ret==[36]
02-06 21:05:52.702 E/batterywarning( 2075): -------Aron------245---cp=========[SEQNUM=103196], ret==[72]
02-06 21:05:52.703 D/refnotify(  911): refnotify_parse_event: SOURCE = sysfs!
02-06 21:05:52.703 D/refnotify(  911): status : refnotify_sleep=0 
02-06 21:05:52.717 D/LIGHTS  (  679): func:write_int, path=/sys/class/backlight/sprd_backlight/brightness, value=317
02-06 21:05:52.717 D/batterywarning( 2075):  ---Aron---- buffer = 0
02-06 21:05:52.717 D/batterywarning( 2075): 
02-06 21:05:52.717 D/batterywarning( 2075):  ---Aron---- n = 258
02-06 21:05:52.717 D/batterywarning( 2075):  ---Aron---- cp = change@/devices/platform/soc/soc:ap-ahb/31100000.dsi/31100000.dsi.0/display/panel0/sprd_backlight
02-06 21:05:52.717 E/batterywarning( 2075): -------Aron------245---cp=========[change@/devices/platform/soc/soc:ap-ahb/31100000.dsi/31100000.dsi.0/display/panel0/sprd_backlight], ret==[52]
02-06 21:05:52.717 E/batterywarning( 2075): -------Aron------245---cp=========[ACTION=change], ret==[18]
02-06 21:05:52.717 E/batterywarning( 2075): -------Aron------245---cp=========[DEVPATH=/devices/platform/soc/soc:ap-ahb/31100000.dsi/31100000.dsi.0/display/panel0/sprd_backlight], ret==[21]
02-06 21:05:52.717 E/batterywarning( 2075): -------Aron------245---cp=========[SUBSYSTEM=backlight], ret==[36]
02-06 21:05:52.717 E/batterywarning( 2075): -------Aron------245---cp=========[SOURCE=sysfs], ret==[36]
02-06 21:05:52.717 E/batterywarning( 2075): -------Aron------245---cp=========[SEQNUM=103197], ret==[72]
02-06 21:05:52.717 D/refnotify(  911): refnotify_parse_event: SOURCE = sysfs!
02-06 21:05:52.718 D/refnotify(  911): status : refnotify_sleep=0 
02-06 21:05:52.734 D/LIGHTS  (  679): func:write_int, path=/sys/class/backlight/sprd_backlight/brightness, value=249
02-06 21:05:52.734 D/batterywarning( 2075):  ---Aron---- buffer = 0
02-06 21:05:52.734 D/batterywarning( 2075): 
02-06 21:05:52.734 D/batterywarning( 2075):  ---Aron---- n = 258
02-06 21:05:52.734 D/batterywarning( 2075):  ---Aron---- cp = change@/devices/platform/soc/soc:ap-ahb/31100000.dsi/31100000.dsi.0/display/panel0/sprd_backlight
02-06 21:05:52.734 E/batterywarning( 2075): -------Aron------245---cp=========[change@/devices/platform/soc/soc:ap-ahb/31100000.dsi/31100000.dsi.0/display/panel0/sprd_backlight], ret==[52]
02-06 21:05:52.734 E/batterywarning( 2075): -------Aron------245---cp=========[ACTION=change], ret==[18]
02-06 21:05:52.734 E/batterywarning( 2075): -------Aron------245---cp=========[DEVPATH=/devices/platform/soc/soc:ap-ahb/31100000.dsi/31100000.dsi.0/display/panel0/sprd_backlight], ret==[21]
02-06 21:05:52.734 E/batterywarning( 2075): -------Aron------245---cp=========[SUBSYSTEM=backlight], ret==[36]
02-06 21:05:52.734 E/batterywarning( 2075): -------Aron------245---cp=========[SOURCE=sysfs], ret==[36]
02-06 21:05:52.734 E/batterywarning( 2075): -------Aron------245---cp=========[SEQNUM=103198], ret==[72]
02-06 21:05:52.734 D/refnotify(  911): refnotify_parse_event: SOURCE = sysfs!
02-06 21:05:52.735 D/refnotify(  911): status : refnotify_sleep=0 
02-06 21:05:52.750 D/TranThermalBacklightCtrl( 1073): Brightness=0.05 AutoBackLight=true AmbientLux=7.0000005 APTemp=36.157
02-06 21:05:52.750 I/TranThermalBacklightCtrl( 1073): current status=level_0
02-06 21:05:52.750 D/LIGHTS  (  679): func:write_int, path=/sys/class/backlight/sprd_backlight/brightness, value=208
02-06 21:05:52.751 D/batterywarning( 2075):  ---Aron---- buffer = 0
02-06 21:05:52.751 D/batterywarning( 2075): 
02-06 21:05:52.751 D/batterywarning( 2075):  ---Aron---- n = 258
02-06 21:05:52.751 D/batterywarning( 2075):  ---Aron---- cp = change@/devices/platform/soc/soc:ap-ahb/31100000.dsi/31100000.dsi.0/display/panel0/sprd_backlight
02-06 21:05:52.751 E/batterywarning( 2075): -------Aron------245---cp=========[change@/devices/platform/soc/soc:ap-ahb/31100000.dsi/31100000.dsi.0/display/panel0/sprd_backlight], ret==[52]
02-06 21:05:52.751 E/batterywarning( 2075): -------Aron------245---cp=========[ACTION=change], ret==[18]
02-06 21:05:52.751 E/batterywarning( 2075): -------Aron------245---cp=========[DEVPATH=/devices/platform/soc/soc:ap-ahb/31100000.dsi/31100000.dsi.0/display/panel0/sprd_backlight], ret==[21]
02-06 21:05:52.751 E/batterywarning( 2075): -------Aron------245---cp=========[SUBSYSTEM=backlight], ret==[36]
02-06 21:05:52.751 E/batterywarning( 2075): -------Aron------245---cp=========[SOURCE=sysfs], ret==[36]
02-06 21:05:52.751 E/batterywarning( 2075): -------Aron------245---cp=========[SEQNUM=103199], ret==[72]
02-06 21:05:52.751 D/refnotify(  911): refnotify_parse_event: SOURCE = sysfs!
02-06 21:05:52.752 D/refnotify(  911): status : refnotify_sleep=0 
02-06 21:05:52.999 I/AlarmManager( 1073): going to release mWakeLock actually.
02-06 21:05:53.042 W/ThreadPoolForeg(21870): type=1400 audit(0.0:192062): avc: denied { write } for name="traced_producer" dev="tmpfs" ino=26611 scontext=u:r:gmscore_app:s0:c512,c768 tcontext=u:object_r:traced_producer_socket:s0 tclass=sock_file permissive=0 app=com.google.android.gms
02-06 21:05:53.076 D/TrafficStats( 6420): tagSocket(112) with statsTag=0x5065fff, statsUid=10217
02-06 21:05:53.154 W/Thread-1138( 1073): type=1400 audit(0.0:192063): avc: denied { read } for name="raw_data_als_thermal" dev="sysfs" ino=32673 scontext=u:r:system_server:s0 tcontext=u:object_r:sysfs:s0 tclass=file permissive=0
02-06 21:05:53.156 W/TranThermalBacklightCtrl( 1073): queryAmbientLux FileNotFoundException
02-06 21:05:53.521 I/NetworkScheduler.Stats( 6420): (REDACTED) Task %s/%s finished executing. cause:%s result: %s elapsed_millis: %s uptime_millis: %s exec_start_elapsed_seconds: %s
02-06 21:05:53.523 E/CameraService(  836): notifyMonitoredUids: Failed to trigger permission callback: -129
02-06 21:05:53.530 D/AlarmManagerService( 1073): set alarm to kernel: 219846.798000000, type=2 
02-06 21:05:53.530 D/AlarmManagerService( 1073): set alarm to kernel: 219711.103000000, type=3 
02-06 21:05:53.532 V/AlarmManager( 1073): set(PendingIntent{d7b409a: PendingIntentRecord{348535 com.google.android.gms/com.google.android.gms.scheduler broadcastIntent}}) : type=3 listener=null listenerTag=null workSource=WorkSource{10108 com.google.android.gms} callingPackage=com.google.android.gms callingUid=10108 triggerAtTime=220849073 win=858329 tElapsed=220849073 maxElapsed=221707402 interval=0 flags=0x0
02-06 21:05:53.532 D/AlarmManager( 1073): Add alarm packageName=com.google.android.gms, type=3, when=220849073, tag=null, callingUid=10108, callingPackage=com.google.android.gms
02-06 21:05:53.532 D/AlarmManagerService( 1073): set alarm to kernel: 219846.798000000, type=2 
02-06 21:05:53.532 D/AlarmManagerService( 1073): set alarm to kernel: 219711.103000000, type=3 
02-06 21:05:53.931 W/VSyncPredictor(  698): VSyncPredictor::setPeriod current period =16666667
02-06 21:05:54.044 W/Finsky  (16052): [2] STU: Failed to get storage stats for package 'com.google.android.go.appsearch' (1601: Error getting stats: android.content.pm.PackageManager.NameNotFoundException)
02-06 21:05:54.051 W/Finsky  (16052): [2] STU: Failed to get storage stats for package 'com.google.mainline.go.primary.libs' (1601: Error getting stats: android.content.pm.PackageManager.NameNotFoundException)
02-06 21:05:54.065 W/Finsky  (16052): [2] STU: Failed to get storage stats for package 'com.google.android.go.scheduling' (1601: Error getting stats: android.content.pm.PackageManager.NameNotFoundException)
02-06 21:05:54.090 W/Finsky  (16052): [2] STU: Failed to get storage stats for package 'com.google.android.go.ondevicepersonalization' (1601: Error getting stats: android.content.pm.PackageManager.NameNotFoundException)
02-06 21:05:54.225 W/Finsky  (16052): [2] STU: Failed to get storage stats for package 'com.google.android.go.os.statsd' (1601: Error getting stats: android.content.pm.PackageManager.NameNotFoundException)
02-06 21:05:54.310 W/Finsky  (16052): [2] STU: Failed to get storage stats for package 'com.google.android.go.conscrypt' (1601: Error getting stats: android.content.pm.PackageManager.NameNotFoundException)
02-06 21:05:54.496 W/Finsky  (16052): [2] STU: Failed to get storage stats for package 'com.google.android.go.sdkext' (1601: Error getting stats: android.content.pm.PackageManager.NameNotFoundException)
02-06 21:05:54.520 W/Finsky  (16052): [2] STU: Failed to get storage stats for package 'com.google.android.go.resolv' (1601: Error getting stats: android.content.pm.PackageManager.NameNotFoundException)
02-06 21:05:54.532 W/Finsky  (16052): [2] STU: Failed to get storage stats for package 'com.google.android.go.adbd' (1601: Error getting stats: android.content.pm.PackageManager.NameNotFoundException)
02-06 21:05:54.609 W/Finsky  (16052): [2] STU: Failed to get storage stats for package 'com.google.android.go.extservices' (1601: Error getting stats: android.content.pm.PackageManager.NameNotFoundException)
02-06 21:05:54.696 I/Finsky  (16052): [2] App states replicator found 22 unowned apps
02-06 21:05:54.712 I/Finsky  (16052): [242] Completed 0 account content syncs with 0 successful.
02-06 21:05:54.712 I/Finsky  (16052): [2] [ContentSync] Installation state replication succeeded.
02-06 21:05:54.712 I/Finsky  (16052): [2] SCH: jobFinished: 12-1. TimeElapsed: 2726ms.
02-06 21:05:54.712 I/Finsky  (16052): [2] WM::SCH: Logging work end for 12-1
02-06 21:05:54.725 I/Finsky  (16052): [242] SCH: Scheduling phonesky job Id: 1-1337, CT: 1770410939005, Constraints: [{ L: 43181745, D: 86381745, C: CHARGING_NONE, I: IDLE_NONE, N: NET_ANY, B: BATTERY_ANY }]
02-06 21:05:54.725 I/Finsky  (16052): [242] SCH: Scheduling phonesky job Id: 34-3214, CT: 1770410949363, Constraints: [{ L: 604800000, D: 2572487302, C: CHARGING_NONE, I: IDLE_NONE, N: NET_ANY, B: BATTERY_ANY }]
02-06 21:05:54.726 I/Finsky  (16052): [242] SCH: Scheduling phonesky job Id: 34-3217, CT: 1770410949363, Constraints: [{ L: 59686806, D: 1355686806, C: CHARGING_NONE, I: IDLE_NONE, N: NET_ANY, B: BATTERY_ANY }]
02-06 21:05:54.730 I/Finsky  (16052): [235] SCH: Scheduling 1 system job(s)
02-06 21:05:54.731 I/Finsky  (16052): [235] SCH: Scheduling system job Id: 9477, L: 24166020, D: 67366020, C: false, I: false, N: 1
02-06 21:05:54.738 I/Finsky  (16052): [869] SCH: job service finished with id 9472.
02-06 21:05:54.746 E/CameraService(  836): notifyMonitoredUids: Failed to trigger permission callback: -129
02-06 21:05:55.546 W/VSyncPredictor(  698): VSyncPredictor::setPeriod current period =16666667
02-06 21:05:55.582 I/DPUModule(  662): DpuR5P0::checkLayerFormat <142>: checkLayerFormat: Format(1)
02-06 21:05:55.582 I/DPUModule(  662): DpuR5P0::checkTransform <35>: checkTransform: Transform(0), SRCRect(0,0)
02-06 21:05:55.582 I/DPUModule(  662): DpuR5P0::checkAFBCBlockSize <97>: checkAFBCBlockSize: compressed(1),format(1), pitch(720), vstride(1616)
02-06 21:05:55.582 I/DPUModule(  662): DpuR5P0::checkLayerFormat <142>: checkLayerFormat: Format(1)
02-06 21:05:55.583 I/DPUModule(  662): DpuR5P0::checkTransform <35>: checkTransform: Transform(0), SRCRect(0,0)
02-06 21:05:55.583 I/DPUModule(  662): DpuR5P0::checkAFBCBlockSize <97>: checkAFBCBlockSize: compressed(1),format(1), pitch(720), vstride(80)
02-06 21:05:55.583 I/DPUModule(  662): DpuR5P0::checkLayerFormat <142>: checkLayerFormat: Format(1)
02-06 21:05:55.583 I/DPUModule(  662): DpuR5P0::checkTransform <35>: checkTransform: Transform(0), SRCRect(0,0)
02-06 21:05:55.583 I/DPUModule(  662): DpuR5P0::checkAFBCBlockSize <97>: checkAFBCBlockSize: compressed(1),format(1), pitch(720), vstride(96)
02-06 21:05:55.583 D/DPUModule(  662): [ﾀポu] support: 0
02-06 21:05:55.773 E/CameraService(  836): notifyMonitoredUids: Failed to trigger permission callback: -129
02-06 21:05:55.773 D/BroadcastQueue( 1073): Add broadcast <BroadcastRecord{5ba39a8 u0 android.os.action.POWER_SAVE_TEMP_WHITELIST_CHANGED}> into [parallel | background], pending size 0
02-06 21:05:55.774 E/CameraService(  836): notifyMonitoredUids: Failed to trigger permission callback: -129
02-06 21:05:55.774 D/BroadcastQueue( 1073): Done with parallel broadcast [background] [BroadcastRecord{5ba39a8 u0 android.os.action.POWER_SAVE_TEMP_WHITELIST_CHANGED}]
02-06 21:05:55.774 E/CameraService(  836): notifyMonitoredUids: Failed to trigger permission callback: -129
02-06 21:05:55.775 E/CameraService(  836): notifyMonitoredUids: Failed to trigger permission callback: -129
02-06 21:05:55.965 I/DPUModule(  662): DpuR5P0::checkLayerFormat <142>: checkLayerFormat: Format(1)
02-06 21:05:55.965 I/DPUModule(  662): DpuR5P0::checkTransform <35>: checkTransform: Transform(0), SRCRect(0,0)
02-06 21:05:55.965 I/DPUModule(  662): DpuR5P0::checkAFBCBlockSize <97>: checkAFBCBlockSize: compressed(1),format(1), pitch(720), vstride(1616)
02-06 21:05:55.965 I/DPUModule(  662): DpuR5P0::checkLayerFormat <142>: checkLayerFormat: Format(1)
02-06 21:05:55.965 I/DPUModule(  662): DpuR5P0::checkTransform <35>: checkTransform: Transform(0), SRCRect(0,0)
02-06 21:05:55.966 I/DPUModule(  662): DpuR5P0::checkAFBCBlockSize <97>: checkAFBCBlockSize: compressed(1),format(1), pitch(720), vstride(80)
02-06 21:05:55.966 I/DPUModule(  662): DpuR5P0::checkLayerFormat <142>: checkLayerFormat: Format(1)
02-06 21:05:55.966 I/DPUModule(  662): DpuR5P0::checkTransform <35>: checkTransform: Transform(0), SRCRect(0,0)
02-06 21:05:55.966 I/DPUModule(  662): DpuR5P0::checkAFBCBlockSize <97>: checkAFBCBlockSize: compressed(1),format(1), pitch(720), vstride(96)
02-06 21:05:55.966 D/DPUModule(  662): [ﾀポu] support: 0
02-06 21:05:56.414 W/PerfettoTrace( 5704): type=1400 audit(0.0:192064): avc: denied { write } for name="traced_producer" dev="tmpfs" ino=26611 scontext=u:r:gmscore_app:s0:c512,c768 tcontext=u:object_r:traced_producer_socket:s0 tclass=sock_file permissive=0 app=com.google.android.gms
02-06 21:05:57.305 E/CameraService(  836): notifyMonitoredUids: Failed to trigger permission callback: -129
02-06 21:05:57.505 E/CameraService(  836): notifyMonitoredUids: Failed to trigger permission callback: -129
02-06 21:05:57.944 W/VSyncPredictor(  698): VSyncPredictor::setPeriod current period =16666667
02-06 21:05:58.596 I/DPUModule(  662): DpuR5P0::checkLayerFormat <142>: checkLayerFormat: Format(1)
02-06 21:05:58.596 I/DPUModule(  662): DpuR5P0::checkTransform <35>: checkTransform: Transform(0), SRCRect(0,0)
