02-06 21:07:34.181 I/DPUModule(  662): DpuR5P0::checkTransform <35>: checkTransform: Transform(0), SRCRect(0,0)
02-06 21:07:34.181 I/DPUModule(  662): DpuR5P0::checkAFBCBlockSize <97>: checkAFBCBlockSize: compressed(1),format(1), pitch(720), vstride(1616)
02-06 21:07:34.181 I/DPUModule(  662): DpuR5P0::checkLayerFormat <142>: checkLayerFormat: Format(1)
02-06 21:07:34.181 I/DPUModule(  662): DpuR5P0::checkTransform <35>: checkTransform: Transform(0), SRCRect(0,0)
02-06 21:07:34.181 I/DPUModule(  662): DpuR5P0::checkAFBCBlockSize <97>: checkAFBCBlockSize: compressed(1),format(1), pitch(720), vstride(80)
02-06 21:07:34.181 I/DPUModule(  662): DpuR5P0::checkLayerFormat <142>: checkLayerFormat: Format(1)
02-06 21:07:34.181 I/DPUModule(  662): DpuR5P0::checkTransform <35>: checkTransform: Transform(0), SRCRect(0,0)
02-06 21:07:34.181 I/DPUModule(  662): DpuR5P0::checkAFBCBlockSize <97>: checkAFBCBlockSize: compressed(1),format(1), pitch(720), vstride(96)
02-06 21:07:34.181 D/DPUModule(  662): [ﾀポu] support: 0
02-06 21:07:34.197 I/DPUModule(  662): DpuR5P0::checkLayerFormat <142>: checkLayerFormat: Format(1)
02-06 21:07:34.197 I/DPUModule(  662): DpuR5P0::checkTransform <35>: checkTransform: Transform(0), SRCRect(0,0)
02-06 21:07:34.197 I/DPUModule(  662): DpuR5P0::checkAFBCBlockSize <97>: checkAFBCBlockSize: compressed(1),format(1), pitch(720), vstride(1616)
02-06 21:07:34.197 I/DPUModule(  662): DpuR5P0::checkLayerFormat <142>: checkLayerFormat: Format(1)
02-06 21:07:34.197 I/DPUModule(  662): DpuR5P0::checkTransform <35>: checkTransform: Transform(0), SRCRect(0,0)
02-06 21:07:34.197 I/DPUModule(  662): DpuR5P0::checkAFBCBlockSize <97>: checkAFBCBlockSize: compressed(1),format(1), pitch(720), vstride(80)
02-06 21:07:34.197 I/DPUModule(  662): DpuR5P0::checkLayerFormat <142>: checkLayerFormat: Format(1)
02-06 21:07:34.197 I/DPUModule(  662): DpuR5P0::checkTransform <35>: checkTransform: Transform(0), SRCRect(0,0)
02-06 21:07:34.197 I/DPUModule(  662): DpuR5P0::checkAFBCBlockSize <97>: checkAFBCBlockSize: compressed(1),format(1), pitch(720), vstride(96)
02-06 21:07:34.197 D/DPUModule(  662): [ﾀポu] support: 0
02-06 21:07:34.314 W/ThreadPoolForeg( 6420): type=1400 audit(0.0:192155): avc: denied { write } for name="traced_producer" dev="tmpfs" ino=26611 scontext=u:r:gmscore_app:s0:c512,c768 tcontext=u:object_r:traced_producer_socket:s0 tclass=sock_file permissive=0 app=com.google.android.gms
02-06 21:07:34.626 D/enhanceHAL(  668): sunlightRead: current ambient = 7
02-06 21:07:34.787 D/enhanceHAL(  668): sunlightRead: current ambient = 7
02-06 21:07:35.242 W/Thread-1138( 1073): type=1400 audit(0.0:192156): avc: denied { read } for name="raw_data_als_thermal" dev="sysfs" ino=32673 scontext=u:r:system_server:s0 tcontext=u:object_r:sysfs:s0 tclass=file permissive=0
02-06 21:07:35.244 W/TranThermalBacklightCtrl( 1073): queryAmbientLux FileNotFoundException
02-06 21:07:35.915 D/enhanceHAL(  668): sunlightRead: current ambient = 7
02-06 21:07:36.196 I/DPUModule(  662): DpuR5P0::checkLayerFormat <142>: checkLayerFormat: Format(1)
02-06 21:07:36.196 I/DPUModule(  662): DpuR5P0::checkTransform <35>: checkTransform: Transform(0), SRCRect(0,0)
02-06 21:07:36.196 I/DPUModule(  662): DpuR5P0::checkAFBCBlockSize <97>: checkAFBCBlockSize: compressed(1),format(1), pitch(720), vstride(1616)
02-06 21:07:36.196 I/DPUModule(  662): DpuR5P0::checkLayerFormat <142>: checkLayerFormat: Format(1)
02-06 21:07:36.196 I/DPUModule(  662): DpuR5P0::checkTransform <35>: checkTransform: Transform(0), SRCRect(0,0)
02-06 21:07:36.196 I/DPUModule(  662): DpuR5P0::checkAFBCBlockSize <97>: checkAFBCBlockSize: compressed(1),format(1), pitch(720), vstride(80)
02-06 21:07:36.196 I/DPUModule(  662): DpuR5P0::checkLayerFormat <142>: checkLayerFormat: Format(1)
02-06 21:07:36.196 I/DPUModule(  662): DpuR5P0::checkTransform <35>: checkTransform: Transform(0), SRCRect(0,0)
02-06 21:07:36.196 I/DPUModule(  662): DpuR5P0::checkAFBCBlockSize <97>: checkAFBCBlockSize: compressed(1),format(1), pitch(720), vstride(96)
02-06 21:07:36.196 D/DPUModule(  662): [ﾀポu] support: 0
02-06 21:07:36.212 I/DPUModule(  662): DpuR5P0::checkLayerFormat <142>: checkLayerFormat: Format(1)
02-06 21:07:36.212 I/DPUModule(  662): DpuR5P0::checkTransform <35>: checkTransform: Transform(0), SRCRect(0,0)
02-06 21:07:36.212 I/DPUModule(  662): DpuR5P0::checkAFBCBlockSize <97>: checkAFBCBlockSize: compressed(1),format(1), pitch(720), vstride(1616)
02-06 21:07:36.212 I/DPUModule(  662): DpuR5P0::checkLayerFormat <142>: checkLayerFormat: Format(1)
02-06 21:07:36.212 I/DPUModule(  662): DpuR5P0::checkTransform <35>: checkTransform: Transform(0), SRCRect(0,0)
02-06 21:07:36.212 I/DPUModule(  662): DpuR5P0::checkAFBCBlockSize <97>: checkAFBCBlockSize: compressed(1),format(1), pitch(720), vstride(80)
02-06 21:07:36.212 I/DPUModule(  662): DpuR5P0::checkLayerFormat <142>: checkLayerFormat: Format(1)
02-06 21:07:36.212 I/DPUModule(  662): DpuR5P0::checkTransform <35>: checkTransform: Transform(0), SRCRect(0,0)
02-06 21:07:36.212 I/DPUModule(  662): DpuR5P0::checkAFBCBlockSize <97>: checkAFBCBlockSize: compressed(1),format(1), pitch(720), vstride(96)
02-06 21:07:36.212 D/DPUModule(  662): [ﾀポu] support: 0
02-06 21:07:36.560 D/enhanceHAL(  668): sunlightRead: current ambient = 7
02-06 21:07:36.721 D/enhanceHAL(  668): sunlightRead: current ambient = 7
02-06 21:07:38.010 D/enhanceHAL(  668): sunlightRead: current ambient = 7
02-06 21:07:38.078 I/DPUModule(  662): DpuR5P0::checkLayerFormat <142>: checkLayerFormat: Format(1)
02-06 21:07:38.078 I/DPUModule(  662): DpuR5P0::checkTransform <35>: checkTransform: Transform(0), SRCRect(0,0)
02-06 21:07:38.078 I/DPUModule(  662): DpuR5P0::checkAFBCBlockSize <97>: checkAFBCBlockSize: compressed(1),format(1), pitch(720), vstride(1616)
02-06 21:07:38.078 I/DPUModule(  662): DpuR5P0::checkLayerFormat <142>: checkLayerFormat: Format(1)
02-06 21:07:38.078 I/DPUModule(  662): DpuR5P0::checkTransform <35>: checkTransform: Transform(0), SRCRect(0,0)
02-06 21:07:38.078 I/DPUModule(  662): DpuR5P0::checkAFBCBlockSize <97>: checkAFBCBlockSize: compressed(1),format(1), pitch(720), vstride(80)
02-06 21:07:38.078 I/DPUModule(  662): DpuR5P0::checkLayerFormat <142>: checkLayerFormat: Format(1)
02-06 21:07:38.078 I/DPUModule(  662): DpuR5P0::checkTransform <35>: checkTransform: Transform(0), SRCRect(0,0)
02-06 21:07:38.078 I/DPUModule(  662): DpuR5P0::checkAFBCBlockSize <97>: checkAFBCBlockSize: compressed(1),format(1), pitch(720), vstride(96)
02-06 21:07:38.078 D/DPUModule(  662): [ﾀポu] support: 0
02-06 21:07:38.194 I/DPUModule(  662): DpuR5P0::checkLayerFormat <142>: checkLayerFormat: Format(1)
02-06 21:07:38.194 I/DPUModule(  662): DpuR5P0::checkTransform <35>: checkTransform: Transform(0), SRCRect(0,0)
02-06 21:07:38.194 I/DPUModule(  662): DpuR5P0::checkAFBCBlockSize <97>: checkAFBCBlockSize: compressed(1),format(1), pitch(720), vstride(1616)
02-06 21:07:38.194 I/DPUModule(  662): DpuR5P0::checkLayerFormat <142>: checkLayerFormat: Format(1)
02-06 21:07:38.194 I/DPUModule(  662): DpuR5P0::checkTransform <35>: checkTransform: Transform(0), SRCRect(0,0)
02-06 21:07:38.194 I/DPUModule(  662): DpuR5P0::checkAFBCBlockSize <97>: checkAFBCBlockSize: compressed(1),format(1), pitch(720), vstride(80)
02-06 21:07:38.194 I/DPUModule(  662): DpuR5P0::checkLayerFormat <142>: checkLayerFormat: Format(1)
02-06 21:07:38.194 I/DPUModule(  662): DpuR5P0::checkTransform <35>: checkTransform: Transform(0), SRCRect(0,0)
02-06 21:07:38.194 I/DPUModule(  662): DpuR5P0::checkAFBCBlockSize <97>: checkAFBCBlockSize: compressed(1),format(1), pitch(720), vstride(96)
02-06 21:07:38.194 D/DPUModule(  662): [ﾀポu] support: 0
02-06 21:07:38.494 D/enhanceHAL(  668): sunlightRead: current ambient = 7
02-06 21:07:38.645 D/ip_monitor-878(15412): 192.168.210.158 dev usb0 lladdr 06:47:97:72:fa:8c PROBE
02-06 21:07:38.660 D/ip_monitor-878(15413): 192.168.210.158 dev usb0 lladdr 06:47:97:72:fa:8c REACHABLE
02-06 21:07:39.107 W/VSyncPredictor(  698): VSyncPredictor::setPeriod current period =16666667
02-06 21:07:39.896 D/Griffin/ResourceTracker( 1073): Cat meminfo coast time: 10ms
02-06 21:07:40.189 W/VSyncPredictor(  698): VSyncPredictor::setPeriod current period =16666667
02-06 21:07:40.317 E/UnisocWatchdog( 1073): WDT_Monitor: writeWDTMonitor duration=50,shutdowning=false
02-06 21:07:40.317 E/UnisocWatchdog( 1073): UnisocWatchdogImpl sendMessage:0
02-06 21:07:40.318 E/UnisocWatchdog( 1073): UNISOCWATCHDOG_MESSAGE_TIMER30 trigger
02-06 21:07:40.766 W/PerfettoTrace(21113): type=1400 audit(0.0:192157): avc: denied { write } for name="traced_producer" dev="tmpfs" ino=26611 scontext=u:r:gmscore_app:s0:c512,c768 tcontext=u:object_r:traced_producer_socket:s0 tclass=sock_file permissive=0 app=com.google.android.gms
02-06 21:07:41.588 D/TLinkBrush_DATA( 1073): [NetdEvent]Wifi connect true, screen state true, do nothing!
02-06 21:07:41.716 D/enhanceHAL(  668): sunlightRead: current ambient = 7
02-06 21:07:42.188 W/VSyncPredictor(  698): VSyncPredictor::setPeriod current period =16666667
02-06 21:07:43.006 D/enhanceHAL(  668): sunlightRead: current ambient = 7
02-06 21:07:43.235 D/AlarmManager( 1073): waitForAlarm result:8currentTime=1770430063235, elapsedRealtime=219814338
02-06 21:07:43.235 I/AlarmManager( 1073): going to acquire mWakeLock actually.
02-06 21:07:43.240 D/AlarmManager( 1073): sending alarm.type = 3, action = null, alarm = Alarm{749f7be type 3 origWhen 219789141 whenElapsed 219789141 android}, cn = null, operation = null, listener=android.app.AlarmManager$ListenerWrapper@fc35022, listenerTag=*job.delay*, workSource=WorkSource{10111 com.transsnet.store}
02-06 21:07:43.240 D/AlarmManagerService( 1073): set alarm to kernel: 219986.737000000, type=2 
02-06 21:07:43.240 D/AlarmManagerService( 1073): set alarm to kernel: 219831.103000000, type=3 
02-06 21:07:43.240 V/AlarmManager( 1073): set(null) : type=3 listener=android.app.AlarmManager$ListenerWrapper@fc35022 listenerTag=*job.delay* workSource=WorkSource{10126 com.whatsapp.w4b} callingPackage=android callingUid=1000 triggerAtTime=219901430 win=65316 tElapsed=219901430 maxElapsed=219966746 interval=0 flags=0x0
02-06 21:07:43.241 D/AlarmManager( 1073): Add alarm packageName=android, type=3, when=219901430, tag=*job.delay*, callingUid=1000, callingPackage=android
02-06 21:07:43.241 D/AlarmManagerService( 1073): set alarm to kernel: 219986.737000000, type=2 
02-06 21:07:43.241 D/AlarmManagerService( 1073): set alarm to kernel: 219831.103000000, type=3 
02-06 21:07:43.247 D/os.permission.PermissionInfo( 1073): checkPermission 10111:android.permission.POST_NOTIFICATIONS:false
02-06 21:07:43.252 W/ProcessStats( 1073): Tracking association SourceState{f662736 system/1000 BTopFgs #263524} whose proc state 2 is better than process ProcessState{b356bd1 com.microsoft.appmanager:pnsvc/10206 pkg=com.microsoft.appmanager} proc state 3 (0 skipped)
02-06 21:07:43.255 V/TMS_APP ( 3067):  
02-06 21:07:43.255 V/TMS_APP ( 3067): -------- NewPhoneJobServie: NewPhoneRecommend job !!!
02-06 21:07:43.256 D/TMS_Recommend( 3067):  
02-06 21:07:43.256 D/TMS_Recommend( 3067): NewPhoneRecommend function closed!
02-06 21:07:43.257 D/TMS_APP ( 3067):  
02-06 21:07:43.257 D/TMS_APP ( 3067):  ---> call startJob  NewPhoneJobServie ...
02-06 21:07:43.261 V/AlarmManager( 1073): set(null) : type=2 listener=android.app.AlarmManager$ListenerWrapper@4dfaab3 listenerTag=*job.deadline* workSource=WorkSource{10126 com.whatsapp.w4b} callingPackage=android callingUid=1000 triggerAtTime=220201430 win=290299 tElapsed=220201430 maxElapsed=220491729 interval=0 flags=0x0
02-06 21:07:43.261 D/AlarmManager( 1073): Add alarm packageName=android, type=2, when=220201430, tag=*job.deadline*, callingUid=1000, callingPackage=android
02-06 21:07:43.262 D/AlarmManagerService( 1073): set alarm to kernel: 219986.737000000, type=2 
02-06 21:07:43.262 D/AlarmManagerService( 1073): set alarm to kernel: 219831.103000000, type=3 
02-06 21:07:43.263 D/AlarmManagerService( 1073): set alarm to kernel: 219986.737000000, type=2 
02-06 21:07:43.263 D/AlarmManagerService( 1073): set alarm to kernel: 219831.103000000, type=3 
02-06 21:07:43.265 V/AlarmManager( 1073): set(null) : type=2 listener=android.app.AlarmManager$ListenerWrapper@4dfaab3 listenerTag=*job.deadline* workSource=WorkSource{10111 com.transsnet.store} callingPackage=android callingUid=1000 triggerAtTime=220174362 win=269996 tElapsed=220174362 maxElapsed=220444358 interval=0 flags=0x0
02-06 21:07:43.265 D/AlarmManager( 1073): Add alarm packageName=android, type=2, when=220174362, tag=*job.deadline*, callingUid=1000, callingPackage=android
02-06 21:07:43.266 D/AlarmManagerService( 1073): set alarm to kernel: 219986.737000000, type=2 
02-06 21:07:43.266 D/AlarmManagerService( 1073): set alarm to kernel: 219831.103000000, type=3 
02-06 21:07:43.266 D/AlarmManagerService( 1073): set alarm to kernel: 219986.737000000, type=2 
02-06 21:07:43.267 D/AlarmManagerService( 1073): set alarm to kernel: 219831.103000000, type=3 
02-06 21:07:43.273 W/JobScheduler( 1073): Job didn't exist in JobStore: fbe7196 #u0a111/5185 com.transsnet.store/com.transsion.newphonerecommend.service.NewPhoneJobService
02-06 21:07:43.328 D/enhanceHAL(  668): sunlightRead: current ambient = 7
02-06 21:07:44.069 W/VSyncPredictor(  698): VSyncPredictor::setPeriod current period =16666667
02-06 21:07:44.106 I/DPUModule(  662): DpuR5P0::checkLayerFormat <142>: checkLayerFormat: Format(1)
02-06 21:07:44.106 I/DPUModule(  662): DpuR5P0::checkTransform <35>: checkTransform: Transform(0), SRCRect(0,0)
02-06 21:07:44.106 I/DPUModule(  662): DpuR5P0::checkAFBCBlockSize <97>: checkAFBCBlockSize: compressed(1),format(1), pitch(720), vstride(1616)
02-06 21:07:44.106 I/DPUModule(  662): DpuR5P0::checkLayerFormat <142>: checkLayerFormat: Format(1)
02-06 21:07:44.106 I/DPUModule(  662): DpuR5P0::checkTransform <35>: checkTransform: Transform(0), SRCRect(0,0)
02-06 21:07:44.106 I/DPUModule(  662): DpuR5P0::checkAFBCBlockSize <97>: checkAFBCBlockSize: compressed(1),format(1), pitch(720), vstride(80)
02-06 21:07:44.106 I/DPUModule(  662): DpuR5P0::checkLayerFormat <142>: checkLayerFormat: Format(1)
02-06 21:07:44.106 I/DPUModule(  662): DpuR5P0::checkTransform <35>: checkTransform: Transform(0), SRCRect(0,0)
02-06 21:07:44.106 I/DPUModule(  662): DpuR5P0::checkAFBCBlockSize <97>: checkAFBCBlockSize: compressed(1),format(1), pitch(720), vstride(96)
02-06 21:07:44.106 D/DPUModule(  662): [ﾀポu] support: 0
02-06 21:07:44.205 I/DPUModule(  662): DpuR5P0::checkLayerFormat <142>: checkLayerFormat: Format(1)
02-06 21:07:44.206 I/DPUModule(  662): DpuR5P0::checkTransform <35>: checkTransform: Transform(0), SRCRect(0,0)
02-06 21:07:44.206 I/DPUModule(  662): DpuR5P0::checkAFBCBlockSize <97>: checkAFBCBlockSize: compressed(1),format(1), pitch(720), vstride(1616)
02-06 21:07:44.206 I/DPUModule(  662): DpuR5P0::checkLayerFormat <142>: checkLayerFormat: Format(1)
02-06 21:07:44.206 I/DPUModule(  662): DpuR5P0::checkTransform <35>: checkTransform: Transform(0), SRCRect(0,0)
02-06 21:07:44.206 I/DPUModule(  662): DpuR5P0::checkAFBCBlockSize <97>: checkAFBCBlockSize: compressed(1),format(1), pitch(720), vstride(80)
02-06 21:07:44.206 I/DPUModule(  662): DpuR5P0::checkLayerFormat <142>: checkLayerFormat: Format(1)
02-06 21:07:44.206 I/DPUModule(  662): DpuR5P0::checkTransform <35>: checkTransform: Transform(0), SRCRect(0,0)
02-06 21:07:44.206 I/DPUModule(  662): DpuR5P0::checkAFBCBlockSize <97>: checkAFBCBlockSize: compressed(1),format(1), pitch(720), vstride(96)
02-06 21:07:44.206 D/DPUModule(  662): [ﾀポu] support: 0
02-06 21:07:44.243 I/AlarmManager( 1073): going to release mWakeLock actually.
02-06 21:07:45.162 D/TranThermalBacklightCtrl( 1073): Brightness=0.05 AutoBackLight=true AmbientLux=7.0000005 APTemp=35.155
02-06 21:07:45.163 I/TranThermalBacklightCtrl( 1073): current status=level_0
02-06 21:07:45.164 D/DisplayPowerController[0]( 1073): animateScreenBrightness: target=0.05, rate=1.0    mShouldUpdateBrightnessSettingLater=false
02-06 21:07:45.166 V/DisplayPowerController[0]( 1073): Brightness [0.05] reason changing to: 'automatic [ dim ]', previous reason: 'automatic'.
02-06 21:07:45.166 I/DisplayPowerController[0]( 1073): BrightnessEvent: disp=0, brt=0.05, rcmdBrt=0.15070921, preBrt=0.23216948, lux=7.0000005, preLux=13.779476, hbmMax=1.0, hbmMode=off, thrmMax=1.0, flags=, reason=automatic [ dim ]
02-06 21:07:45.168 W/VSyncPredictor(  698): VSyncPredictor::setPeriod current period =16666667
02-06 21:07:45.172 D/LIGHTS  (  679): func:write_int, path=/sys/class/backlight/sprd_backlight/brightness, value=593
02-06 21:07:45.173 D/batterywarning( 2075):  ---Aron---- buffer = 0
02-06 21:07:45.173 D/batterywarning( 2075): 
02-06 21:07:45.173 D/batterywarning( 2075):  ---Aron---- n = 258
02-06 21:07:45.173 D/batterywarning( 2075):  ---Aron---- cp = change@/devices/platform/soc/soc:ap-ahb/31100000.dsi/31100000.dsi.0/display/panel0/sprd_backlight
02-06 21:07:45.173 E/batterywarning( 2075): -------Aron------245---cp=========[change@/devices/platform/soc/soc:ap-ahb/31100000.dsi/31100000.dsi.0/display/panel0/sprd_backlight], ret==[52]
02-06 21:07:45.173 D/refnotify(  911): refnotify_parse_event: SOURCE = sysfs!
02-06 21:07:45.173 E/batterywarning( 2075): -------Aron------245---cp=========[ACTION=change], ret==[18]
02-06 21:07:45.173 E/batterywarning( 2075): -------Aron------245---cp=========[DEVPATH=/devices/platform/soc/soc:ap-ahb/31100000.dsi/31100000.dsi.0/display/panel0/sprd_backlight], ret==[21]
02-06 21:07:45.173 E/batterywarning( 2075): -------Aron------245---cp=========[SUBSYSTEM=backlight], ret==[36]
02-06 21:07:45.173 E/batterywarning( 2075): -------Aron------245---cp=========[SOURCE=sysfs], ret==[36]
02-06 21:07:45.173 E/batterywarning( 2075): -------Aron------245---cp=========[SEQNUM=103325], ret==[72]
02-06 21:07:45.174 D/refnotify(  911): status : refnotify_sleep=0 
02-06 21:07:45.187 D/LIGHTS  (  679): func:write_int, path=/sys/class/backlight/sprd_backlight/brightness, value=528
02-06 21:07:45.188 D/batterywarning( 2075):  ---Aron---- buffer = 0
02-06 21:07:45.188 D/batterywarning( 2075): 
02-06 21:07:45.188 D/batterywarning( 2075):  ---Aron---- n = 258
02-06 21:07:45.188 D/batterywarning( 2075):  ---Aron---- cp = change@/devices/platform/soc/soc:ap-ahb/31100000.dsi/31100000.dsi.0/display/panel0/sprd_backlight
02-06 21:07:45.188 E/batterywarning( 2075): -------Aron------245---cp=========[change@/devices/platform/soc/soc:ap-ahb/31100000.dsi/31100000.dsi.0/display/panel0/sprd_backlight], ret==[52]
02-06 21:07:45.188 E/batterywarning( 2075): -------Aron------245---cp=========[ACTION=change], ret==[18]
02-06 21:07:45.188 E/batterywarning( 2075): -------Aron------245---cp=========[DEVPATH=/devices/platform/soc/soc:ap-ahb/31100000.dsi/31100000.dsi.0/display/panel0/sprd_backlight], ret==[21]
02-06 21:07:45.188 E/batterywarning( 2075): -------Aron------245---cp=========[SUBSYSTEM=backlight], ret==[36]
02-06 21:07:45.188 E/batterywarning( 2075): -------Aron------245---cp=========[SOURCE=sysfs], ret==[36]
02-06 21:07:45.188 E/batterywarning( 2075): -------Aron------245---cp=========[SEQNUM=103326], ret==[72]
02-06 21:07:45.188 D/refnotify(  911): refnotify_parse_event: SOURCE = sysfs!
02-06 21:07:45.190 D/refnotify(  911): status : refnotify_sleep=0 
02-06 21:07:45.204 D/LIGHTS  (  679): func:write_int, path=/sys/class/backlight/sprd_backlight/brightness, value=460
02-06 21:07:45.205 D/batterywarning( 2075):  ---Aron---- buffer = 0
02-06 21:07:45.205 D/batterywarning( 2075): 
02-06 21:07:45.205 D/batterywarning( 2075):  ---Aron---- n = 258
02-06 21:07:45.205 D/batterywarning( 2075):  ---Aron---- cp = change@/devices/platform/soc/soc:ap-ahb/31100000.dsi/31100000.dsi.0/display/panel0/sprd_backlight
02-06 21:07:45.205 E/batterywarning( 2075): -------Aron------245---cp=========[change@/devices/platform/soc/soc:ap-ahb/31100000.dsi/31100000.dsi.0/display/panel0/sprd_backlight], ret==[52]
02-06 21:07:45.205 E/batterywarning( 2075): -------Aron------245---cp=========[ACTION=change], ret==[18]
02-06 21:07:45.205 E/batterywarning( 2075): -------Aron------245---cp=========[DEVPATH=/devices/platform/soc/soc:ap-ahb/31100000.dsi/31100000.dsi.0/display/panel0/sprd_backlight], ret==[21]
02-06 21:07:45.205 E/batterywarning( 2075): -------Aron------245---cp=========[SUBSYSTEM=backlight], ret==[36]
02-06 21:07:45.205 E/batterywarning( 2075): -------Aron------245---cp=========[SOURCE=sysfs], ret==[36]
02-06 21:07:45.205 E/batterywarning( 2075): -------Aron------245---cp=========[SEQNUM=103327], ret==[72]
02-06 21:07:45.206 D/refnotify(  911): refnotify_parse_event: SOURCE = sysfs!
02-06 21:07:45.208 D/refnotify(  911): status : refnotify_sleep=0 
02-06 21:07:45.221 D/LIGHTS  (  679): func:write_int, path=/sys/class/backlight/sprd_backlight/brightness, value=392
02-06 21:07:45.221 D/batterywarning( 2075):  ---Aron---- buffer = 0
02-06 21:07:45.221 D/batterywarning( 2075): 
02-06 21:07:45.221 D/batterywarning( 2075):  ---Aron---- n = 258
02-06 21:07:45.221 D/batterywarning( 2075):  ---Aron---- cp = change@/devices/platform/soc/soc:ap-ahb/31100000.dsi/31100000.dsi.0/display/panel0/sprd_backlight
02-06 21:07:45.222 E/batterywarning( 2075): -------Aron------245---cp=========[change@/devices/platform/soc/soc:ap-ahb/31100000.dsi/31100000.dsi.0/display/panel0/sprd_backlight], ret==[52]
02-06 21:07:45.222 E/batterywarning( 2075): -------Aron------245---cp=========[ACTION=change], ret==[18]
02-06 21:07:45.222 E/batterywarning( 2075): -------Aron------245---cp=========[DEVPATH=/devices/platform/soc/soc:ap-ahb/31100000.dsi/31100000.dsi.0/display/panel0/sprd_backlight], ret==[21]
02-06 21:07:45.222 E/batterywarning( 2075): -------Aron------245---cp=========[SUBSYSTEM=backlight], ret==[36]
02-06 21:07:45.222 E/batterywarning( 2075): -------Aron------245---cp=========[SOURCE=sysfs], ret==[36]
02-06 21:07:45.222 E/batterywarning( 2075): -------Aron------245---cp=========[SEQNUM=103328], ret==[72]
02-06 21:07:45.223 D/refnotify(  911): refnotify_parse_event: SOURCE = sysfs!
02-06 21:07:45.224 D/refnotify(  911): status : refnotify_sleep=0 
02-06 21:07:45.237 D/LIGHTS  (  679): func:write_int, path=/sys/class/backlight/sprd_backlight/brightness, value=324
02-06 21:07:45.238 D/batterywarning( 2075):  ---Aron---- buffer = 0
02-06 21:07:45.238 D/batterywarning( 2075): 
02-06 21:07:45.238 D/batterywarning( 2075):  ---Aron---- n = 258
02-06 21:07:45.238 D/batterywarning( 2075):  ---Aron---- cp = change@/devices/platform/soc/soc:ap-ahb/31100000.dsi/31100000.dsi.0/display/panel0/sprd_backlight
02-06 21:07:45.238 E/batterywarning( 2075): -------Aron------245---cp=========[change@/devices/platform/soc/soc:ap-ahb/31100000.dsi/31100000.dsi.0/display/panel0/sprd_backlight], ret==[52]
02-06 21:07:45.238 E/batterywarning( 2075): -------Aron------245---cp=========[ACTION=change], ret==[18]
02-06 21:07:45.238 E/batterywarning( 2075): -------Aron------245---cp=========[DEVPATH=/devices/platform/soc/soc:ap-ahb/31100000.dsi/31100000.dsi.0/display/panel0/sprd_backlight], ret==[21]
02-06 21:07:45.238 E/batterywarning( 2075): -------Aron------245---cp=========[SUBSYSTEM=backlight], ret==[36]
02-06 21:07:45.238 E/batterywarning( 2075): -------Aron------245---cp=========[SOURCE=sysfs], ret==[36]
02-06 21:07:45.238 E/batterywarning( 2075): -------Aron------245---cp=========[SEQNUM=103329], ret==[72]
02-06 21:07:45.239 D/refnotify(  911): refnotify_parse_event: SOURCE = sysfs!
02-06 21:07:45.240 D/refnotify(  911): status : refnotify_sleep=0 
02-06 21:07:45.254 D/LIGHTS  (  679): func:write_int, path=/sys/class/backlight/sprd_backlight/brightness, value=256
02-06 21:07:45.255 D/batterywarning( 2075):  ---Aron---- buffer = 0
02-06 21:07:45.255 D/batterywarning( 2075): 
02-06 21:07:45.255 D/batterywarning( 2075):  ---Aron---- n = 258
02-06 21:07:45.255 D/batterywarning( 2075):  ---Aron---- cp = change@/devices/platform/soc/soc:ap-ahb/31100000.dsi/31100000.dsi.0/display/panel0/sprd_backlight
02-06 21:07:45.255 E/batterywarning( 2075): -------Aron------245---cp=========[change@/devices/platform/soc/soc:ap-ahb/31100000.dsi/31100000.dsi.0/display/panel0/sprd_backlight], ret==[52]
02-06 21:07:45.255 E/batterywarning( 2075): -------Aron------245---cp=========[ACTION=change], ret==[18]
02-06 21:07:45.255 E/batterywarning( 2075): -------Aron------245---cp=========[DEVPATH=/devices/platform/soc/soc:ap-ahb/31100000.dsi/31100000.dsi.0/display/panel0/sprd_backlight], ret==[21]
02-06 21:07:45.255 E/batterywarning( 2075): -------Aron------245---cp=========[SUBSYSTEM=backlight], ret==[36]
02-06 21:07:45.255 E/batterywarning( 2075): -------Aron------245---cp=========[SOURCE=sysfs], ret==[36]
02-06 21:07:45.255 E/batterywarning( 2075): -------Aron------245---cp=========[SEQNUM=103330], ret==[72]
02-06 21:07:45.255 D/refnotify(  911): refnotify_parse_event: SOURCE = sysfs!
02-06 21:07:45.256 D/refnotify(  911): status : refnotify_sleep=0 
02-06 21:07:45.270 D/TranThermalBacklightCtrl( 1073): Brightness=0.05 AutoBackLight=true AmbientLux=7.0000005 APTemp=35.155
02-06 21:07:45.270 I/TranThermalBacklightCtrl( 1073): current status=level_0
02-06 21:07:45.271 D/LIGHTS  (  679): func:write_int, path=/sys/class/backlight/sprd_backlight/brightness, value=208
02-06 21:07:45.271 D/batterywarning( 2075):  ---Aron---- buffer = 0
02-06 21:07:45.271 D/batterywarning( 2075): 
02-06 21:07:45.271 D/batterywarning( 2075):  ---Aron---- n = 258
02-06 21:07:45.271 D/batterywarning( 2075):  ---Aron---- cp = change@/devices/platform/soc/soc:ap-ahb/31100000.dsi/31100000.dsi.0/display/panel0/sprd_backlight
02-06 21:07:45.271 E/batterywarning( 2075): -------Aron------245---cp=========[change@/devices/platform/soc/soc:ap-ahb/31100000.dsi/31100000.dsi.0/display/panel0/sprd_backlight], ret==[52]
02-06 21:07:45.271 E/batterywarning( 2075): -------Aron------245---cp=========[ACTION=change], ret==[18]
02-06 21:07:45.271 E/batterywarning( 2075): -------Aron------245---cp=========[DEVPATH=/devices/platform/soc/soc:ap-ahb/31100000.dsi/31100000.dsi.0/display/panel0/sprd_backlight], ret==[21]
02-06 21:07:45.271 E/batterywarning( 2075): -------Aron------245---cp=========[SUBSYSTEM=backlight], ret==[36]
02-06 21:07:45.271 E/batterywarning( 2075): -------Aron------245---cp=========[SOURCE=sysfs], ret==[36]
02-06 21:07:45.271 E/batterywarning( 2075): -------Aron------245---cp=========[SEQNUM=103331], ret==[72]
02-06 21:07:45.271 D/refnotify(  911): refnotify_parse_event: SOURCE = sysfs!
02-06 21:07:45.273 D/refnotify(  911): status : refnotify_sleep=0 
02-06 21:07:45.292 I/BaseFilesVerify( 1073): Base File verify start
02-06 21:07:45.292 W/BaseFilesVerify( 1073): the file protect is not available, open the cloud switch
02-06 21:07:45.745 D/enhanceHAL(  668): sunlightRead: current ambient = 7
02-06 21:07:46.201 W/VSyncPredictor(  698): VSyncPredictor::setPeriod current period =16666667
02-06 21:07:47.083 W/VSyncPredictor(  698): VSyncPredictor::setPeriod current period =16666667
02-06 21:07:47.120 I/DPUModule(  662): DpuR5P0::checkLayerFormat <142>: checkLayerFormat: Format(1)
02-06 21:07:47.120 I/DPUModule(  662): DpuR5P0::checkTransform <35>: checkTransform: Transform(0), SRCRect(0,0)
02-06 21:07:47.120 I/DPUModule(  662): DpuR5P0::checkAFBCBlockSize <97>: checkAFBCBlockSize: compressed(1),format(1), pitch(720), vstride(1616)
02-06 21:07:47.120 I/DPUModule(  662): DpuR5P0::checkLayerFormat <142>: checkLayerFormat: Format(1)
02-06 21:07:47.120 I/DPUModule(  662): DpuR5P0::checkTransform <35>: checkTransform: Transform(0), SRCRect(0,0)
02-06 21:07:47.120 I/DPUModule(  662): DpuR5P0::checkAFBCBlockSize <97>: checkAFBCBlockSize: compressed(1),format(1), pitch(720), vstride(80)
02-06 21:07:47.120 I/DPUModule(  662): DpuR5P0::checkLayerFormat <142>: checkLayerFormat: Format(1)
02-06 21:07:47.120 I/DPUModule(  662): DpuR5P0::checkTransform <35>: checkTransform: Transform(0), SRCRect(0,0)
02-06 21:07:47.120 I/DPUModule(  662): DpuR5P0::checkAFBCBlockSize <97>: checkAFBCBlockSize: compressed(1),format(1), pitch(720), vstride(96)
02-06 21:07:47.120 D/DPUModule(  662): [ﾀポu] support: 0
02-06 21:07:47.250 W/Thread-1138( 1073): type=1400 audit(0.0:192158): avc: denied { read } for name="raw_data_als_thermal" dev="sysfs" ino=32673 scontext=u:r:system_server:s0 tcontext=u:object_r:sysfs:s0 tclass=file permissive=0
02-06 21:07:47.254 W/TranThermalBacklightCtrl( 1073): queryAmbientLux FileNotFoundException
02-06 21:07:47.861 D/ip_monitor-878(15414): 192.168.80.1 dev wlan0 lladdr ac:80:ae:6d:13:11 STALE
02-06 21:07:48.199 W/VSyncPredictor(  698): VSyncPredictor::setPeriod current period =16666667
02-06 21:07:48.219 I/DPUModule(  662): DpuR5P0::checkLayerFormat <142>: checkLayerFormat: Format(1)
02-06 21:07:48.219 I/DPUModule(  662): DpuR5P0::checkTransform <35>: checkTransform: Transform(0), SRCRect(0,0)
02-06 21:07:48.219 I/DPUModule(  662): DpuR5P0::checkAFBCBlockSize <97>: checkAFBCBlockSize: compressed(1),format(1), pitch(720), vstride(1616)
02-06 21:07:48.219 I/DPUModule(  662): DpuR5P0::checkLayerFormat <142>: checkLayerFormat: Format(1)
02-06 21:07:48.219 I/DPUModule(  662): DpuR5P0::checkTransform <35>: checkTransform: Transform(0), SRCRect(0,0)
02-06 21:07:48.219 I/DPUModule(  662): DpuR5P0::checkAFBCBlockSize <97>: checkAFBCBlockSize: compressed(1),format(1), pitch(720), vstride(80)
02-06 21:07:48.219 I/DPUModule(  662): DpuR5P0::checkLayerFormat <142>: checkLayerFormat: Format(1)
02-06 21:07:48.219 I/DPUModule(  662): DpuR5P0::checkTransform <35>: checkTransform: Transform(0), SRCRect(0,0)
02-06 21:07:48.219 I/DPUModule(  662): DpuR5P0::checkAFBCBlockSize <97>: checkAFBCBlockSize: compressed(1),format(1), pitch(720), vstride(96)
02-06 21:07:48.219 D/DPUModule(  662): [ﾀポu] support: 0
02-06 21:07:49.934 D/enhanceHAL(  668): sunlightRead: current ambient = 7
02-06 21:07:50.097 W/VSyncPredictor(  698): VSyncPredictor::setPeriod current period =16666667
02-06 21:07:50.134 I/DPUModule(  662): DpuR5P0::checkLayerFormat <142>: checkLayerFormat: Format(1)
02-06 21:07:50.134 I/DPUModule(  662): DpuR5P0::checkTransform <35>: checkTransform: Transform(0), SRCRect(0,0)
02-06 21:07:50.134 I/DPUModule(  662): DpuR5P0::checkAFBCBlockSize <97>: checkAFBCBlockSize: compressed(1),format(1), pitch(720), vstride(1616)
02-06 21:07:50.134 I/DPUModule(  662): DpuR5P0::checkLayerFormat <142>: checkLayerFormat: Format(1)
02-06 21:07:50.134 I/DPUModule(  662): DpuR5P0::checkTransform <35>: checkTransform: Transform(0), SRCRect(0,0)
02-06 21:07:50.134 I/DPUModule(  662): DpuR5P0::checkAFBCBlockSize <97>: checkAFBCBlockSize: compressed(1),format(1), pitch(720), vstride(80)
02-06 21:07:50.134 I/DPUModule(  662): DpuR5P0::checkLayerFormat <142>: checkLayerFormat: Format(1)
02-06 21:07:50.134 I/DPUModule(  662): DpuR5P0::checkTransform <35>: checkTransform: Transform(0), SRCRect(0,0)
02-06 21:07:50.134 I/DPUModule(  662): DpuR5P0::checkAFBCBlockSize <97>: checkAFBCBlockSize: compressed(1),format(1), pitch(720), vstride(96)
02-06 21:07:50.134 D/DPUModule(  662): [ﾀポu] support: 0
02-06 21:07:50.195 I/system_server( 1073): Background young concurrent mark compact GC freed 19MB AllocSpace bytes, 63(2164KB) LOS objects, 29% free, 56MB/80MB, paused 1.992ms,6.858ms total 102.795ms
02-06 21:07:50.234 I/DPUModule(  662): DpuR5P0::checkLayerFormat <142>: checkLayerFormat: Format(1)
02-06 21:07:50.234 I/DPUModule(  662): DpuR5P0::checkTransform <35>: checkTransform: Transform(0), SRCRect(0,0)
02-06 21:07:50.234 I/DPUModule(  662): DpuR5P0::checkAFBCBlockSize <97>: checkAFBCBlockSize: compressed(1),format(1), pitch(720), vstride(1616)
02-06 21:07:50.234 I/DPUModule(  662): DpuR5P0::checkLayerFormat <142>: checkLayerFormat: Format(1)
02-06 21:07:50.234 I/DPUModule(  662): DpuR5P0::checkTransform <35>: checkTransform: Transform(0), SRCRect(0,0)
02-06 21:07:50.234 I/DPUModule(  662): DpuR5P0::checkAFBCBlockSize <97>: checkAFBCBlockSize: compressed(1),format(1), pitch(720), vstride(80)
02-06 21:07:50.234 I/DPUModule(  662): DpuR5P0::checkLayerFormat <142>: checkLayerFormat: Format(1)
02-06 21:07:50.234 I/DPUModule(  662): DpuR5P0::checkTransform <35>: checkTransform: Transform(0), SRCRect(0,0)
02-06 21:07:50.234 I/DPUModule(  662): DpuR5P0::checkAFBCBlockSize <97>: checkAFBCBlockSize: compressed(1),format(1), pitch(720), vstride(96)
02-06 21:07:50.234 D/DPUModule(  662): [ﾀポu] support: 0
02-06 21:07:50.418 D/enhanceHAL(  668): sunlightRead: current ambient = 7
02-06 21:07:50.901 D/enhanceHAL(  668): sunlightRead: current ambient = 7
02-06 21:07:51.198 W/ThreadPoolForeg( 5704): type=1400 audit(0.0:192159): avc: denied { write } for name="traced_producer" dev="tmpfs" ino=26611 scontext=u:r:gmscore_app:s0:c512,c768 tcontext=u:object_r:traced_producer_socket:s0 tclass=sock_file permissive=0 app=com.google.android.gms
02-06 21:07:51.701 D/ip_monitor-878(15415): 192.168.210.158 dev usb0 lladdr 06:47:97:72:fa:8c STALE
02-06 21:07:52.212 W/VSyncPredictor(  698): VSyncPredictor::setPeriod current period =16666667
02-06 21:07:52.351 D/enhanceHAL(  668): sunlightRead: current ambient = 7
02-06 21:07:52.981 D/ip_monitor-878(15416): 192.168.80.1 dev wlan0 lladdr ac:80:ae:6d:13:11 PROBE
02-06 21:07:52.995 D/ip_monitor-878(15417): 192.168.80.1 dev wlan0 lladdr ac:80:ae:6d:13:11 REACHABLE
02-06 21:07:53.112 W/VSyncPredictor(  698): VSyncPredictor::setPeriod current period =16666667
02-06 21:07:53.148 I/DPUModule(  662): DpuR5P0::checkLayerFormat <142>: checkLayerFormat: Format(1)
02-06 21:07:53.148 I/DPUModule(  662): DpuR5P0::checkTransform <35>: checkTransform: Transform(0), SRCRect(0,0)
02-06 21:07:53.148 I/DPUModule(  662): DpuR5P0::checkAFBCBlockSize <97>: checkAFBCBlockSize: compressed(1),format(1), pitch(720), vstride(1616)
02-06 21:07:53.148 I/DPUModule(  662): DpuR5P0::checkLayerFormat <142>: checkLayerFormat: Format(1)
02-06 21:07:53.148 I/DPUModule(  662): DpuR5P0::checkTransform <35>: checkTransform: Transform(0), SRCRect(0,0)
02-06 21:07:53.148 I/DPUModule(  662): DpuR5P0::checkAFBCBlockSize <97>: checkAFBCBlockSize: compressed(1),format(1), pitch(720), vstride(80)
02-06 21:07:53.148 I/DPUModule(  662): DpuR5P0::checkLayerFormat <142>: checkLayerFormat: Format(1)
02-06 21:07:53.148 I/DPUModule(  662): DpuR5P0::checkTransform <35>: checkTransform: Transform(0), SRCRect(0,0)
02-06 21:07:53.148 I/DPUModule(  662): DpuR5P0::checkAFBCBlockSize <97>: checkAFBCBlockSize: compressed(1),format(1), pitch(720), vstride(96)
02-06 21:07:53.148 D/DPUModule(  662): [ﾀポu] support: 0
02-06 21:07:53.158 W/ThreadPoolForeg(21870): type=1400 audit(0.0:192160): avc: denied { write } for name="traced_producer" dev="tmpfs" ino=26611 scontext=u:r:gmscore_app:s0:c512,c768 tcontext=u:object_r:traced_producer_socket:s0 tclass=sock_file permissive=0 app=com.google.android.gms
02-06 21:07:53.963 D/enhanceHAL(  668): sunlightRead: current ambient = 7
02-06 21:07:54.227 W/VSyncPredictor(  698): VSyncPredictor::setPeriod current period =16666667
02-06 21:07:54.231 I/DPUModule(  662): DpuR5P0::checkLayerFormat <142>: checkLayerFormat: Format(1)
02-06 21:07:54.231 I/DPUModule(  662): DpuR5P0::checkTransform <35>: checkTransform: Transform(0), SRCRect(0,0)
02-06 21:07:54.231 I/DPUModule(  662): DpuR5P0::checkAFBCBlockSize <97>: checkAFBCBlockSize: compressed(1),format(1), pitch(720), vstride(1616)
02-06 21:07:54.231 I/DPUModule(  662): DpuR5P0::checkLayerFormat <142>: checkLayerFormat: Format(1)
02-06 21:07:54.231 I/DPUModule(  662): DpuR5P0::checkTransform <35>: checkTransform: Transform(0), SRCRect(0,0)
02-06 21:07:54.231 I/DPUModule(  662): DpuR5P0::checkAFBCBlockSize <97>: checkAFBCBlockSize: compressed(1),format(1), pitch(720), vstride(80)
02-06 21:07:54.231 I/DPUModule(  662): DpuR5P0::checkLayerFormat <142>: checkLayerFormat: Format(1)
02-06 21:07:54.231 I/DPUModule(  662): DpuR5P0::checkTransform <35>: checkTransform: Transform(0), SRCRect(0,0)
02-06 21:07:54.231 I/DPUModule(  662): DpuR5P0::checkAFBCBlockSize <97>: checkAFBCBlockSize: compressed(1),format(1), pitch(720), vstride(96)
02-06 21:07:54.231 D/DPUModule(  662): [ﾀポu] support: 0
02-06 21:07:54.446 D/enhanceHAL(  668): sunlightRead: current ambient = 7
02-06 21:07:55.252 D/enhanceHAL(  668): sunlightRead: current ambient = 7
02-06 21:07:56.126 W/VSyncPredictor(  698): VSyncPredictor::setPeriod current period =16666667
02-06 21:07:56.162 I/DPUModule(  662): DpuR5P0::checkLayerFormat <142>: checkLayerFormat: Format(1)
02-06 21:07:56.162 I/DPUModule(  662): DpuR5P0::checkTransform <35>: checkTransform: Transform(0), SRCRect(0,0)
02-06 21:07:56.162 I/DPUModule(  662): DpuR5P0::checkAFBCBlockSize <97>: checkAFBCBlockSize: compressed(1),format(1), pitch(720), vstride(1616)
02-06 21:07:56.162 I/DPUModule(  662): DpuR5P0::checkLayerFormat <142>: checkLayerFormat: Format(1)
02-06 21:07:56.162 I/DPUModule(  662): DpuR5P0::checkTransform <35>: checkTransform: Transform(0), SRCRect(0,0)
02-06 21:07:56.162 I/DPUModule(  662): DpuR5P0::checkAFBCBlockSize <97>: checkAFBCBlockSize: compressed(1),format(1), pitch(720), vstride(80)
02-06 21:07:56.162 I/DPUModule(  662): DpuR5P0::checkLayerFormat <142>: checkLayerFormat: Format(1)
02-06 21:07:56.162 I/DPUModule(  662): DpuR5P0::checkTransform <35>: checkTransform: Transform(0), SRCRect(0,0)
02-06 21:07:56.162 I/DPUModule(  662): DpuR5P0::checkAFBCBlockSize <97>: checkAFBCBlockSize: compressed(1),format(1), pitch(720), vstride(96)
02-06 21:07:56.162 D/DPUModule(  662): [ﾀポu] support: 0
02-06 21:07:56.245 I/DPUModule(  662): DpuR5P0::checkLayerFormat <142>: checkLayerFormat: Format(1)
02-06 21:07:56.245 I/DPUModule(  662): DpuR5P0::checkTransform <35>: checkTransform: Transform(0), SRCRect(0,0)
02-06 21:07:56.245 I/DPUModule(  662): DpuR5P0::checkAFBCBlockSize <97>: checkAFBCBlockSize: compressed(1),format(1), pitch(720), vstride(1616)
02-06 21:07:56.245 I/DPUModule(  662): DpuR5P0::checkLayerFormat <142>: checkLayerFormat: Format(1)
02-06 21:07:56.245 I/DPUModule(  662): DpuR5P0::checkTransform <35>: checkTransform: Transform(0), SRCRect(0,0)
02-06 21:07:56.245 I/DPUModule(  662): DpuR5P0::checkAFBCBlockSize <97>: checkAFBCBlockSize: compressed(1),format(1), pitch(720), vstride(80)
02-06 21:07:56.245 I/DPUModule(  662): DpuR5P0::checkLayerFormat <142>: checkLayerFormat: Format(1)
02-06 21:07:56.245 I/DPUModule(  662): DpuR5P0::checkTransform <35>: checkTransform: Transform(0), SRCRect(0,0)
02-06 21:07:56.245 I/DPUModule(  662): DpuR5P0::checkAFBCBlockSize <97>: checkAFBCBlockSize: compressed(1),format(1), pitch(720), vstride(96)
02-06 21:07:56.245 D/DPUModule(  662): [ﾀポu] support: 0
02-06 21:07:56.466 W/PerfettoTrace( 5704): type=1400 audit(0.0:192161): avc: denied { write } for name="traced_producer" dev="tmpfs" ino=26611 scontext=u:r:gmscore_app:s0:c512,c768 tcontext=u:object_r:traced_producer_socket:s0 tclass=sock_file permissive=0 app=com.google.android.gms
02-06 21:07:56.821 D/ip_monitor-878(15419): 192.168.210.158 dev usb0 lladdr 06:47:97:72:fa:8c PROBE
02-06 21:07:56.836 D/ip_monitor-878(15420): 192.168.210.158 dev usb0 lladdr 06:47:97:72:fa:8c REACHABLE
02-06 21:07:56.863 D/enhanceHAL(  668): sunlightRead: current ambient = 7
02-06 21:07:57.508 D/enhanceHAL(  668): sunlightRead: current ambient = 7
02-06 21:07:58.224 W/VSyncPredictor(  698): VSyncPredictor::setPeriod current period =16666667
02-06 21:07:58.474 D/enhanceHAL(  668): sunlightRead: current ambient = 7
02-06 21:07:58.796 D/enhanceHAL(  668): sunlightRead: current ambient = 7
02-06 21:07:58.958 D/enhanceHAL(  668): sunlightRead: current ambient = 7
02-06 21:07:59.119 D/enhanceHAL(  668): sunlightRead: current ambient = 7
02-06 21:07:59.140 W/VSyncPredictor(  698): VSyncPredictor::setPeriod current period =16666667
02-06 21:07:59.176 I/DPUModule(  662): DpuR5P0::checkLayerFormat <142>: checkLayerFormat: Format(1)
02-06 21:07:59.176 I/DPUModule(  662): DpuR5P0::checkTransform <35>: checkTransform: Transform(0), SRCRect(0,0)
02-06 21:07:59.176 I/DPUModule(  662): DpuR5P0::checkAFBCBlockSize <97>: checkAFBCBlockSize: compressed(1),format(1), pitch(720), vstride(1616)
02-06 21:07:59.176 I/DPUModule(  662): DpuR5P0::checkLayerFormat <142>: checkLayerFormat: Format(1)
02-06 21:07:59.176 I/DPUModule(  662): DpuR5P0::checkTransform <35>: checkTransform: Transform(0), SRCRect(0,0)
02-06 21:07:59.176 I/DPUModule(  662): DpuR5P0::checkAFBCBlockSize <97>: checkAFBCBlockSize: compressed(1),format(1), pitch(720), vstride(80)
02-06 21:07:59.176 I/DPUModule(  662): DpuR5P0::checkLayerFormat <142>: checkLayerFormat: Format(1)
02-06 21:07:59.176 I/DPUModule(  662): DpuR5P0::checkTransform <35>: checkTransform: Transform(0), SRCRect(0,0)
02-06 21:07:59.176 I/DPUModule(  662): DpuR5P0::checkAFBCBlockSize <97>: checkAFBCBlockSize: compressed(1),format(1), pitch(720), vstride(96)
02-06 21:07:59.176 D/DPUModule(  662): [ﾀポu] support: 0
02-06 21:07:59.280 D/enhanceHAL(  668): sunlightRead: current ambient = 7
02-06 21:07:59.759 E/SLOGCP  (  893): data_rate_stat: agdsp rate: total size(MB)=0.000000; per second(bytes)=0.000000, drop_cnt_=0, drop_data_size_=0
02-06 21:07:59.763 D/enhanceHAL(  668): sunlightRead: current ambient = 7
02-06 21:08:00.000 D/AlarmManager( 1073): waitForAlarm result:8currentTime=1770430080000, elapsedRealtime=219831103
02-06 21:08:00.000 V/AlarmManager( 1073): Received TIME_TICK alarm; rescheduling
02-06 21:08:00.001 V/AlarmManager( 1073): set(null) : type=3 listener=com.android.server.alarm.AlarmManagerService$3@efd4600 listenerTag=TIME_TICK workSource=null callingPackage=android callingUid=1000 triggerAtTime=219891102 win=0 tElapsed=219891102 maxElapsed=219891102 interval=0 flags=0x9
02-06 21:08:00.001 D/AlarmManager( 1073): Add alarm packageName=android, type=3, when=219891102, tag=TIME_TICK, callingUid=1000, callingPackage=android
02-06 21:08:00.002 D/AlarmManagerService( 1073): set alarm to kernel: 219986.737000000, type=2 
02-06 21:08:00.002 D/BroadcastQueue( 1073): Add broadcast <BroadcastRecord{e892ab3 u-1 android.intent.action.TIME_TICK}> into [parallel | foreground], pending size 0
02-06 21:08:00.002 D/AlarmManagerService( 1073): set alarm to kernel: 219891.102000000, type=3 
02-06 21:08:00.002 I/AlarmManager( 1073): going to acquire mWakeLock actually.
02-06 21:08:00.003 D/BroadcastQueue( 1073): Done with parallel broadcast [foreground] [BroadcastRecord{e892ab3 u-1 android.intent.action.TIME_TICK}]
02-06 21:08:00.003 I/Hoffnung( 2558): Universal onReceive: Intent { act=android.intent.action.TIME_TICK flg=0x50200010 }
02-06 21:08:00.005 W/BroadcastDispatcherLog( 1470): [12646] Broadcast received for user 0: Intent { act=android.intent.action.TIME_TICK flg=0x50200010 }
02-06 21:08:00.005 D/AlarmManager( 1073): sending alarm.type = 3, action = null, alarm = Alarm{4dbe870 type 3 origWhen 219831103 whenElapsed 219831103 android}, cn = null, operation = null, listener=com.android.server.alarm.AlarmManagerService$3@efd4600, listenerTag=TIME_TICK, workSource=null
02-06 21:08:00.005 D/AlarmManagerService( 1073): set alarm to kernel: 219986.737000000, type=2 
02-06 21:08:00.005 D/AlarmManagerService( 1073): set alarm to kernel: 219891.102000000, type=3 
02-06 21:08:00.007 W/BroadcastDispatcherLog( 1470): [12647] Broadcast received for user -1: Intent { act=android.intent.action.TIME_TICK flg=0x50200010 }
02-06 21:08:00.017 D/TrClockBaseView( 1470): onTimeChanged
02-06 21:08:00.018 W/TrKeyguardClockView( 1470): Keyguard is not showing,so we do not update time.
02-06 21:08:00.018 D/TrClockBaseView( 1470): onTimeChanged
02-06 21:08:00.021 D/TrClockBaseView( 1470): onTimeChanged
02-06 21:08:00.022 W/VSyncPredictor(  698): VSyncPredictor::setPeriod current period =16666667
02-06 21:08:00.242 I/DPUModule(  662): DpuR5P0::checkLayerFormat <142>: checkLayerFormat: Format(1)
02-06 21:08:00.242 I/DPUModule(  662): DpuR5P0::checkTransform <35>: checkTransform: Transform(0), SRCRect(0,0)
02-06 21:08:00.242 I/DPUModule(  662): DpuR5P0::checkAFBCBlockSize <97>: checkAFBCBlockSize: compressed(1),format(1), pitch(720), vstride(1616)
02-06 21:08:00.242 I/DPUModule(  662): DpuR5P0::checkLayerFormat <142>: checkLayerFormat: Format(1)
02-06 21:08:00.242 I/DPUModule(  662): DpuR5P0::checkTransform <35>: checkTransform: Transform(0), SRCRect(0,0)
02-06 21:08:00.242 I/DPUModule(  662): DpuR5P0::checkAFBCBlockSize <97>: checkAFBCBlockSize: compressed(1),format(1), pitch(720), vstride(80)
02-06 21:08:00.242 I/DPUModule(  662): DpuR5P0::checkLayerFormat <142>: checkLayerFormat: Format(1)
02-06 21:08:00.242 I/DPUModule(  662): DpuR5P0::checkTransform <35>: checkTransform: Transform(0), SRCRect(0,0)
02-06 21:08:00.242 I/DPUModule(  662): DpuR5P0::checkAFBCBlockSize <97>: checkAFBCBlockSize: compressed(1),format(1), pitch(720), vstride(96)
02-06 21:08:00.242 D/DPUModule(  662): [ﾀポu] support: 0
02-06 21:08:00.569 D/enhanceHAL(  668): sunlightRead: current ambient = 7
02-06 21:08:01.006 I/AlarmManager( 1073): going to release mWakeLock actually.
02-06 21:08:01.697 D/enhanceHAL(  668): sunlightRead: current ambient = 7
02-06 21:08:01.858 D/enhanceHAL(  668): sunlightRead: current ambient = 7
02-06 21:08:02.154 W/VSyncPredictor(  698): VSyncPredictor::setPeriod current period =16666667
02-06 21:08:02.180 D/enhanceHAL(  668): sunlightRead: current ambient = 7
02-06 21:08:02.190 I/DPUModule(  662): DpuR5P0::checkLayerFormat <142>: checkLayerFormat: Format(1)
02-06 21:08:02.190 I/DPUModule(  662): DpuR5P0::checkTransform <35>: checkTransform: Transform(0), SRCRect(0,0)
02-06 21:08:02.190 I/DPUModule(  662): DpuR5P0::checkAFBCBlockSize <97>: checkAFBCBlockSize: compressed(1),format(1), pitch(720), vstride(1616)
02-06 21:08:02.190 I/DPUModule(  662): DpuR5P0::checkLayerFormat <142>: checkLayerFormat: Format(1)
02-06 21:08:02.190 I/DPUModule(  662): DpuR5P0::checkTransform <35>: checkTransform: Transform(0), SRCRect(0,0)
02-06 21:08:02.190 I/DPUModule(  662): DpuR5P0::checkAFBCBlockSize <97>: checkAFBCBlockSize: compressed(1),format(1), pitch(720), vstride(80)
02-06 21:08:02.190 I/DPUModule(  662): DpuR5P0::checkLayerFormat <142>: checkLayerFormat: Format(1)
02-06 21:08:02.190 I/DPUModule(  662): DpuR5P0::checkTransform <35>: checkTransform: Transform(0), SRCRect(0,0)
02-06 21:08:02.190 I/DPUModule(  662): DpuR5P0::checkAFBCBlockSize <97>: checkAFBCBlockSize: compressed(1),format(1), pitch(720), vstride(96)
02-06 21:08:02.190 D/DPUModule(  662): [ﾀポu] support: 0
02-06 21:08:02.257 I/DPUModule(  662): DpuR5P0::checkLayerFormat <142>: checkLayerFormat: Format(1)
02-06 21:08:02.257 I/DPUModule(  662): DpuR5P0::checkTransform <35>: checkTransform: Transform(0), SRCRect(0,0)
02-06 21:08:02.257 I/DPUModule(  662): DpuR5P0::checkAFBCBlockSize <97>: checkAFBCBlockSize: compressed(1),format(1), pitch(720), vstride(1616)
02-06 21:08:02.257 I/DPUModule(  662): DpuR5P0::checkLayerFormat <142>: checkLayerFormat: Format(1)
02-06 21:08:02.257 I/DPUModule(  662): DpuR5P0::checkTransform <35>: checkTransform: Transform(0), SRCRect(0,0)
02-06 21:08:02.257 I/DPUModule(  662): DpuR5P0::checkAFBCBlockSize <97>: checkAFBCBlockSize: compressed(1),format(1), pitch(720), vstride(80)
02-06 21:08:02.257 I/DPUModule(  662): DpuR5P0::checkLayerFormat <142>: checkLayerFormat: Format(1)
02-06 21:08:02.257 I/DPUModule(  662): DpuR5P0::checkTransform <35>: checkTransform: Transform(0), SRCRect(0,0)
02-06 21:08:02.257 I/DPUModule(  662): DpuR5P0::checkAFBCBlockSize <97>: checkAFBCBlockSize: compressed(1),format(1), pitch(720), vstride(96)
02-06 21:08:02.257 D/DPUModule(  662): [ﾀポu] support: 0
02-06 21:08:04.235 W/VSyncPredictor(  698): VSyncPredictor::setPeriod current period =16666667
02-06 21:08:04.275 D/enhanceHAL(  668): sunlightRead: current ambient = 7
02-06 21:08:04.318 W/ThreadPoolForeg( 6420): type=1400 audit(0.0:192162): avc: denied { write } for name="traced_producer" dev="tmpfs" ino=26611 scontext=u:r:gmscore_app:s0:c512,c768 tcontext=u:object_r:traced_producer_socket:s0 tclass=sock_file permissive=0 app=com.google.android.gms
02-06 21:08:05.184 W/VSyncPredictor(  698): VSyncPredictor::setPeriod current period =16666667
02-06 21:08:05.221 I/DPUModule(  662): DpuR5P0::checkLayerFormat <142>: checkLayerFormat: Format(1)
02-06 21:08:05.221 I/DPUModule(  662): DpuR5P0::checkTransform <35>: checkTransform: Transform(0), SRCRect(0,0)
02-06 21:08:05.221 I/DPUModule(  662): DpuR5P0::checkAFBCBlockSize <97>: checkAFBCBlockSize: compressed(1),format(1), pitch(720), vstride(1616)
02-06 21:08:05.221 I/DPUModule(  662): DpuR5P0::checkLayerFormat <142>: checkLayerFormat: Format(1)
02-06 21:08:05.221 I/DPUModule(  662): DpuR5P0::checkTransform <35>: checkTransform: Transform(0), SRCRect(0,0)
02-06 21:08:05.221 I/DPUModule(  662): DpuR5P0::checkAFBCBlockSize <97>: checkAFBCBlockSize: compressed(1),format(1), pitch(720), vstride(80)
02-06 21:08:05.221 I/DPUModule(  662): DpuR5P0::checkLayerFormat <142>: checkLayerFormat: Format(1)
02-06 21:08:05.221 I/DPUModule(  662): DpuR5P0::checkTransform <35>: checkTransform: Transform(0), SRCRect(0,0)
02-06 21:08:05.221 I/DPUModule(  662): DpuR5P0::checkAFBCBlockSize <97>: checkAFBCBlockSize: compressed(1),format(1), pitch(720), vstride(96)
02-06 21:08:05.221 D/DPUModule(  662): [ﾀポu] support: 0
02-06 21:08:06.250 W/VSyncPredictor(  698): VSyncPredictor::setPeriod current period =16666667
02-06 21:08:06.254 I/DPUModule(  662): DpuR5P0::checkLayerFormat <142>: checkLayerFormat: Format(1)
02-06 21:08:06.254 I/DPUModule(  662): DpuR5P0::checkTransform <35>: checkTransform: Transform(0), SRCRect(0,0)
02-06 21:08:06.254 I/DPUModule(  662): DpuR5P0::checkAFBCBlockSize <97>: checkAFBCBlockSize: compressed(1),format(1), pitch(720), vstride(1616)
02-06 21:08:06.254 I/DPUModule(  662): DpuR5P0::checkLayerFormat <142>: checkLayerFormat: Format(1)
02-06 21:08:06.254 I/DPUModule(  662): DpuR5P0::checkTransform <35>: checkTransform: Transform(0), SRCRect(0,0)
02-06 21:08:06.254 I/DPUModule(  662): DpuR5P0::checkAFBCBlockSize <97>: checkAFBCBlockSize: compressed(1),format(1), pitch(720), vstride(80)
02-06 21:08:06.254 I/DPUModule(  662): DpuR5P0::checkLayerFormat <142>: checkLayerFormat: Format(1)
