--------- beginning of main
02-06 21:01:24.116   662   752 I DPUModule: DpuR5P0::checkAFBCBlockSize <97>: checkAFBCBlockSize: compressed(1),format(1), pitch(720), vstride(1616)
02-06 21:01:24.116   662   752 I DPUModule: DpuR5P0::checkLayerFormat <142>: checkLayerFormat: Format(1)
02-06 21:01:24.116   662   752 I DPUModule: DpuR5P0::checkTransform <35>: checkTransform: Transform(0), SRCRect(0,0)
02-06 21:01:24.116   662   752 I DPUModule: DpuR5P0::checkAFBCBlockSize <97>: checkAFBCBlockSize: compressed(1),format(1), pitch(720), vstride(1616)
02-06 21:01:24.116   662   752 I DPUModule: DpuR5P0::checkLayerFormat <142>: checkLayerFormat: Format(1)
02-06 21:01:24.116   662   752 I DPUModule: DpuR5P0::checkTransform <35>: checkTransform: Transform(0), SRCRect(0,0)
02-06 21:01:24.116   662   752 I DPUModule: DpuR5P0::checkAFBCBlockSize <97>: checkAFBCBlockSize: compressed(1),format(1), pitch(720), vstride(80)
02-06 21:01:24.116   662   752 I DPUModule: DpuR5P0::checkLayerFormat <142>: checkLayerFormat: Format(1)
02-06 21:01:24.116   662   752 I DPUModule: DpuR5P0::checkTransform <35>: checkTransform: Transform(0), SRCRect(0,0)
02-06 21:01:24.116   662   752 I DPUModule: DpuR5P0::checkAFBCBlockSize <97>: checkAFBCBlockSize: compressed(1),format(1), pitch(720), vstride(96)
02-06 21:01:24.116   662   752 D DPUModule: [ﾀポu] support: 0
02-06 21:01:24.117  1669  1669 D SharedPreferencesPolicy: checkFinishers msg.what :159
--------- beginning of system
02-06 21:01:24.118  1073  1100 D UnisocOomAdjuster: Skipped update freeze state for 8426
02-06 21:01:24.120   836  1214 E CameraService: notifyMonitoredUids: Failed to trigger permission callback: -129
02-06 21:01:24.120   836  1214 E CameraService: notifyMonitoredUids: Failed to trigger permission callback: -129
02-06 21:01:24.123   836  1214 E CameraService: notifyMonitoredUids: Failed to trigger permission callback: -129
02-06 21:01:24.124   836  1214 E CameraService: notifyMonitoredUids: Failed to trigger permission callback: -129
02-06 21:01:24.124   836  1214 E CameraService: notifyMonitoredUids: Failed to trigger permission callback: -129
02-06 21:01:24.125   836  2431 E CameraService: notifyMonitoredUids: Failed to trigger permission callback: -129
02-06 21:01:24.130  1073  1227 I BaseFilesVerify: Base File verify start
02-06 21:01:24.130  1073  1227 W BaseFilesVerify: the file protect is not available, open the cloud switch
02-06 21:01:24.132   662   752 I DPUModule: DpuR5P0::checkLayerFormat <142>: checkLayerFormat: Format(1)
02-06 21:01:24.132   662   752 I DPUModule: DpuR5P0::checkTransform <35>: checkTransform: Transform(0), SRCRect(0,0)
02-06 21:01:24.132   662   752 I DPUModule: DpuR5P0::checkAFBCBlockSize <97>: checkAFBCBlockSize: compressed(1),format(1), pitch(720), vstride(1616)
02-06 21:01:24.132   662   752 I DPUModule: DpuR5P0::checkLayerFormat <142>: checkLayerFormat: Format(1)
02-06 21:01:24.132   662   752 I DPUModule: DpuR5P0::checkTransform <35>: checkTransform: Transform(0), SRCRect(0,0)
02-06 21:01:24.132   662   752 I DPUModule: DpuR5P0::checkAFBCBlockSize <97>: checkAFBCBlockSize: compressed(1),format(1), pitch(720), vstride(1616)
02-06 21:01:24.132   662   752 I DPUModule: DpuR5P0::checkLayerFormat <142>: checkLayerFormat: Format(1)
02-06 21:01:24.132   662   752 I DPUModule: DpuR5P0::checkTransform <35>: checkTransform: Transform(0), SRCRect(0,0)
02-06 21:01:24.132   662   752 I DPUModule: DpuR5P0::checkAFBCBlockSize <97>: checkAFBCBlockSize: compressed(1),format(1), pitch(720), vstride(80)
02-06 21:01:24.132   662   752 I DPUModule: DpuR5P0::checkLayerFormat <142>: checkLayerFormat: Format(1)
02-06 21:01:24.132   662   752 I DPUModule: DpuR5P0::checkTransform <35>: checkTransform: Transform(0), SRCRect(0,0)
02-06 21:01:24.132   662   752 I DPUModule: DpuR5P0::checkAFBCBlockSize <97>: checkAFBCBlockSize: compressed(1),format(1), pitch(720), vstride(96)
02-06 21:01:24.132   662   752 D DPUModule: [ﾀポu] support: 0
02-06 21:01:24.134  1073  4815 D UnisocOomAdjuster: Skipped update freeze state for 8426
02-06 21:01:24.138  2558  3564 D TPMS    : getTopPackageName pkgName: com.rentman.app
02-06 21:01:24.151   662   752 I DPUModule: DpuR5P0::checkLayerFormat <142>: checkLayerFormat: Format(1)
02-06 21:01:24.151   662   752 I DPUModule: DpuR5P0::checkTransform <35>: checkTransform: Transform(0), SRCRect(0,0)
02-06 21:01:24.151   662   752 I DPUModule: DpuR5P0::checkAFBCBlockSize <97>: checkAFBCBlockSize: compressed(1),format(1), pitch(720), vstride(1616)
02-06 21:01:24.151   662   752 I DPUModule: DpuR5P0::checkLayerFormat <142>: checkLayerFormat: Format(1)
02-06 21:01:24.151   662   752 I DPUModule: DpuR5P0::checkTransform <35>: checkTransform: Transform(0), SRCRect(0,0)
02-06 21:01:24.151   662   752 I DPUModule: DpuR5P0::checkAFBCBlockSize <97>: checkAFBCBlockSize: compressed(1),format(1), pitch(720), vstride(1616)
02-06 21:01:24.151   662   752 I DPUModule: DpuR5P0::checkLayerFormat <142>: checkLayerFormat: Format(1)
02-06 21:01:24.151   662   752 I DPUModule: DpuR5P0::checkTransform <35>: checkTransform: Transform(0), SRCRect(0,0)
02-06 21:01:24.151   662   752 I DPUModule: DpuR5P0::checkAFBCBlockSize <97>: checkAFBCBlockSize: compressed(1),format(1), pitch(720), vstride(80)
02-06 21:01:24.151   662   752 I DPUModule: DpuR5P0::checkLayerFormat <142>: checkLayerFormat: Format(1)
02-06 21:01:24.151   662   752 I DPUModule: DpuR5P0::checkTransform <35>: checkTransform: Transform(0), SRCRect(0,0)
02-06 21:01:24.151   662   752 I DPUModule: DpuR5P0::checkAFBCBlockSize <97>: checkAFBCBlockSize: compressed(1),format(1), pitch(720), vstride(96)
02-06 21:01:24.151   662   752 D DPUModule: [ﾀポu] support: 0
02-06 21:01:24.154   698   777 I mali_gralloc: unregister: id=0x29500008124, base=0x0, importpid=698
02-06 21:01:24.166   662   752 I DPUModule: DpuR5P0::checkLayerFormat <142>: checkLayerFormat: Format(1)
02-06 21:01:24.166   662   752 I DPUModule: DpuR5P0::checkTransform <35>: checkTransform: Transform(0), SRCRect(0,0)
02-06 21:01:24.166   662   752 I DPUModule: DpuR5P0::checkAFBCBlockSize <97>: checkAFBCBlockSize: compressed(1),format(1), pitch(720), vstride(1616)
02-06 21:01:24.166   662   752 I DPUModule: DpuR5P0::checkLayerFormat <142>: checkLayerFormat: Format(1)
02-06 21:01:24.166   662   752 I DPUModule: DpuR5P0::checkTransform <35>: checkTransform: Transform(0), SRCRect(0,0)
02-06 21:01:24.166   662   752 I DPUModule: DpuR5P0::checkAFBCBlockSize <97>: checkAFBCBlockSize: compressed(1),format(1), pitch(720), vstride(1616)
02-06 21:01:24.166   662   752 I DPUModule: DpuR5P0::checkLayerFormat <142>: checkLayerFormat: Format(1)
02-06 21:01:24.166   662   752 I DPUModule: DpuR5P0::checkTransform <35>: checkTransform: Transform(0), SRCRect(0,0)
02-06 21:01:24.166   662   752 I DPUModule: DpuR5P0::checkAFBCBlockSize <97>: checkAFBCBlockSize: compressed(1),format(1), pitch(720), vstride(80)
02-06 21:01:24.166   662   752 I DPUModule: DpuR5P0::checkLayerFormat <142>: checkLayerFormat: Format(1)
02-06 21:01:24.166   662   752 I DPUModule: DpuR5P0::checkTransform <35>: checkTransform: Transform(0), SRCRect(0,0)
02-06 21:01:24.166   662   752 I DPUModule: DpuR5P0::checkAFBCBlockSize <97>: checkAFBCBlockSize: compressed(1),format(1), pitch(720), vstride(96)
02-06 21:01:24.166   662   752 D DPUModule: [ﾀポu] support: 0
02-06 21:01:24.182   662   752 I DPUModule: DpuR5P0::checkLayerFormat <142>: checkLayerFormat: Format(1)
02-06 21:01:24.182   662   752 I DPUModule: DpuR5P0::checkTransform <35>: checkTransform: Transform(0), SRCRect(0,0)
02-06 21:01:24.182   662   752 I DPUModule: DpuR5P0::checkAFBCBlockSize <97>: checkAFBCBlockSize: compressed(1),format(1), pitch(720), vstride(1616)
02-06 21:01:24.182   662   752 I DPUModule: DpuR5P0::checkLayerFormat <142>: checkLayerFormat: Format(1)
02-06 21:01:24.182   662   752 I DPUModule: DpuR5P0::checkTransform <35>: checkTransform: Transform(0), SRCRect(0,0)
02-06 21:01:24.182   662   752 I DPUModule: DpuR5P0::checkAFBCBlockSize <97>: checkAFBCBlockSize: compressed(1),format(1), pitch(720), vstride(1616)
02-06 21:01:24.182   662   752 I DPUModule: DpuR5P0::checkLayerFormat <142>: checkLayerFormat: Format(1)
02-06 21:01:24.182   662   752 I DPUModule: DpuR5P0::checkTransform <35>: checkTransform: Transform(0), SRCRect(0,0)
02-06 21:01:24.182   662   752 I DPUModule: DpuR5P0::checkAFBCBlockSize <97>: checkAFBCBlockSize: compressed(1),format(1), pitch(720), vstride(80)
02-06 21:01:24.182   662   752 I DPUModule: DpuR5P0::checkLayerFormat <142>: checkLayerFormat: Format(1)
02-06 21:01:24.182   662   752 I DPUModule: DpuR5P0::checkTransform <35>: checkTransform: Transform(0), SRCRect(0,0)
02-06 21:01:24.182   662   752 I DPUModule: DpuR5P0::checkAFBCBlockSize <97>: checkAFBCBlockSize: compressed(1),format(1), pitch(720), vstride(96)
02-06 21:01:24.182   662   752 D DPUModule: [ﾀポu] support: 0
02-06 21:01:24.183   668   668 D enhanceHAL: sunlightRead: current ambient = 7
02-06 21:01:24.199   662   752 I DPUModule: DpuR5P0::checkLayerFormat <142>: checkLayerFormat: Format(1)
02-06 21:01:24.199   662   752 I DPUModule: DpuR5P0::checkTransform <35>: checkTransform: Transform(0), SRCRect(0,0)
02-06 21:01:24.199   662   752 I DPUModule: DpuR5P0::checkAFBCBlockSize <97>: checkAFBCBlockSize: compressed(1),format(1), pitch(720), vstride(1616)
02-06 21:01:24.199   662   752 I DPUModule: DpuR5P0::checkLayerFormat <142>: checkLayerFormat: Format(1)
02-06 21:01:24.199   662   752 I DPUModule: DpuR5P0::checkTransform <35>: checkTransform: Transform(0), SRCRect(0,0)
02-06 21:01:24.199   662   752 I DPUModule: DpuR5P0::checkAFBCBlockSize <97>: checkAFBCBlockSize: compressed(1),format(1), pitch(720), vstride(1616)
02-06 21:01:24.199   662   752 I DPUModule: DpuR5P0::checkLayerFormat <142>: checkLayerFormat: Format(1)
02-06 21:01:24.199   662   752 I DPUModule: DpuR5P0::checkTransform <35>: checkTransform: Transform(0), SRCRect(0,0)
02-06 21:01:24.199   662   752 I DPUModule: DpuR5P0::checkAFBCBlockSize <97>: checkAFBCBlockSize: compressed(1),format(1), pitch(720), vstride(80)
02-06 21:01:24.199   662   752 I DPUModule: DpuR5P0::checkLayerFormat <142>: checkLayerFormat: Format(1)
02-06 21:01:24.199   662   752 I DPUModule: DpuR5P0::checkTransform <35>: checkTransform: Transform(0), SRCRect(0,0)
02-06 21:01:24.199   662   752 I DPUModule: DpuR5P0::checkAFBCBlockSize <97>: checkAFBCBlockSize: compressed(1),format(1), pitch(720), vstride(96)
02-06 21:01:24.199   662   752 D DPUModule: [ﾀポu] support: 0
02-06 21:01:24.215   662   752 I DPUModule: DpuR5P0::checkLayerFormat <142>: checkLayerFormat: Format(1)
02-06 21:01:24.215   662   752 I DPUModule: DpuR5P0::checkTransform <35>: checkTransform: Transform(0), SRCRect(0,0)
02-06 21:01:24.215   662   752 I DPUModule: DpuR5P0::checkAFBCBlockSize <97>: checkAFBCBlockSize: compressed(1),format(1), pitch(720), vstride(1616)
02-06 21:01:24.215   662   752 I DPUModule: DpuR5P0::checkLayerFormat <142>: checkLayerFormat: Format(1)
02-06 21:01:24.215   662   752 I DPUModule: DpuR5P0::checkTransform <35>: checkTransform: Transform(0), SRCRect(0,0)
02-06 21:01:24.215   662   752 I DPUModule: DpuR5P0::checkAFBCBlockSize <97>: checkAFBCBlockSize: compressed(1),format(1), pitch(720), vstride(1616)
02-06 21:01:24.215   662   752 I DPUModule: DpuR5P0::checkLayerFormat <142>: checkLayerFormat: Format(1)
02-06 21:01:24.215   662   752 I DPUModule: DpuR5P0::checkTransform <35>: checkTransform: Transform(0), SRCRect(0,0)
02-06 21:01:24.215   662   752 I DPUModule: DpuR5P0::checkAFBCBlockSize <97>: checkAFBCBlockSize: compressed(1),format(1), pitch(720), vstride(80)
02-06 21:01:24.215   662   752 I DPUModule: DpuR5P0::checkLayerFormat <142>: checkLayerFormat: Format(1)
02-06 21:01:24.215   662   752 I DPUModule: DpuR5P0::checkTransform <35>: checkTransform: Transform(0), SRCRect(0,0)
02-06 21:01:24.215   662   752 I DPUModule: DpuR5P0::checkAFBCBlockSize <97>: checkAFBCBlockSize: compressed(1),format(1), pitch(720), vstride(96)
02-06 21:01:24.215   662   752 D DPUModule: [ﾀポu] support: 0
02-06 21:01:24.232   662   752 I DPUModule: DpuR5P0::checkLayerFormat <142>: checkLayerFormat: Format(1)
02-06 21:01:24.232   662   752 I DPUModule: DpuR5P0::checkTransform <35>: checkTransform: Transform(0), SRCRect(0,0)
02-06 21:01:24.232   662   752 I DPUModule: DpuR5P0::checkAFBCBlockSize <97>: checkAFBCBlockSize: compressed(1),format(1), pitch(720), vstride(1616)
02-06 21:01:24.232   662   752 I DPUModule: DpuR5P0::checkLayerFormat <142>: checkLayerFormat: Format(1)
02-06 21:01:24.232   662   752 I DPUModule: DpuR5P0::checkTransform <35>: checkTransform: Transform(0), SRCRect(0,0)
02-06 21:01:24.232   662   752 I DPUModule: DpuR5P0::checkAFBCBlockSize <97>: checkAFBCBlockSize: compressed(1),format(1), pitch(720), vstride(1616)
02-06 21:01:24.232   662   752 I DPUModule: DpuR5P0::checkLayerFormat <142>: checkLayerFormat: Format(1)
02-06 21:01:24.232   662   752 I DPUModule: DpuR5P0::checkTransform <35>: checkTransform: Transform(0), SRCRect(0,0)
02-06 21:01:24.232   662   752 I DPUModule: DpuR5P0::checkAFBCBlockSize <97>: checkAFBCBlockSize: compressed(1),format(1), pitch(720), vstride(80)
02-06 21:01:24.232   662   752 I DPUModule: DpuR5P0::checkLayerFormat <142>: checkLayerFormat: Format(1)
02-06 21:01:24.232   662   752 I DPUModule: DpuR5P0::checkTransform <35>: checkTransform: Transform(0), SRCRect(0,0)
02-06 21:01:24.232   662   752 I DPUModule: DpuR5P0::checkAFBCBlockSize <97>: checkAFBCBlockSize: compressed(1),format(1), pitch(720), vstride(96)
02-06 21:01:24.232   662   752 D DPUModule: [ﾀポu] support: 0
02-06 21:01:24.249   662   752 I DPUModule: DpuR5P0::checkLayerFormat <142>: checkLayerFormat: Format(1)
02-06 21:01:24.249   662   752 I DPUModule: DpuR5P0::checkTransform <35>: checkTransform: Transform(0), SRCRect(0,0)
02-06 21:01:24.249   662   752 I DPUModule: DpuR5P0::checkAFBCBlockSize <97>: checkAFBCBlockSize: compressed(1),format(1), pitch(720), vstride(1616)
02-06 21:01:24.249   662   752 I DPUModule: DpuR5P0::checkLayerFormat <142>: checkLayerFormat: Format(1)
02-06 21:01:24.249   662   752 I DPUModule: DpuR5P0::checkTransform <35>: checkTransform: Transform(0), SRCRect(0,0)
02-06 21:01:24.249   662   752 I DPUModule: DpuR5P0::checkAFBCBlockSize <97>: checkAFBCBlockSize: compressed(1),format(1), pitch(720), vstride(1616)
02-06 21:01:24.249   662   752 I DPUModule: DpuR5P0::checkLayerFormat <142>: checkLayerFormat: Format(1)
02-06 21:01:24.249   662   752 I DPUModule: DpuR5P0::checkTransform <35>: checkTransform: Transform(0), SRCRect(0,0)
02-06 21:01:24.249   662   752 I DPUModule: DpuR5P0::checkAFBCBlockSize <97>: checkAFBCBlockSize: compressed(1),format(1), pitch(720), vstride(80)
02-06 21:01:24.249   662   752 I DPUModule: DpuR5P0::checkLayerFormat <142>: checkLayerFormat: Format(1)
02-06 21:01:24.249   662   752 I DPUModule: DpuR5P0::checkTransform <35>: checkTransform: Transform(0), SRCRect(0,0)
02-06 21:01:24.249   662   752 I DPUModule: DpuR5P0::checkAFBCBlockSize <97>: checkAFBCBlockSize: compressed(1),format(1), pitch(720), vstride(96)
02-06 21:01:24.249   662   752 D DPUModule: [ﾀポu] support: 0
02-06 21:01:24.265   662   752 I DPUModule: DpuR5P0::checkLayerFormat <142>: checkLayerFormat: Format(1)
02-06 21:01:24.265   662   752 I DPUModule: DpuR5P0::checkTransform <35>: checkTransform: Transform(0), SRCRect(0,0)
02-06 21:01:24.265   662   752 I DPUModule: DpuR5P0::checkAFBCBlockSize <97>: checkAFBCBlockSize: compressed(1),format(1), pitch(720), vstride(1616)
02-06 21:01:24.265   662   752 I DPUModule: DpuR5P0::checkLayerFormat <142>: checkLayerFormat: Format(1)
02-06 21:01:24.265   662   752 I DPUModule: DpuR5P0::checkTransform <35>: checkTransform: Transform(0), SRCRect(0,0)
02-06 21:01:24.265   662   752 I DPUModule: DpuR5P0::checkAFBCBlockSize <97>: checkAFBCBlockSize: compressed(1),format(1), pitch(720), vstride(1616)
02-06 21:01:24.265   662   752 I DPUModule: DpuR5P0::checkLayerFormat <142>: checkLayerFormat: Format(1)
02-06 21:01:24.265   662   752 I DPUModule: DpuR5P0::checkTransform <35>: checkTransform: Transform(0), SRCRect(0,0)
02-06 21:01:24.265   662   752 I DPUModule: DpuR5P0::checkAFBCBlockSize <97>: checkAFBCBlockSize: compressed(1),format(1), pitch(720), vstride(80)
02-06 21:01:24.265   662   752 I DPUModule: DpuR5P0::checkLayerFormat <142>: checkLayerFormat: Format(1)
02-06 21:01:24.265   662   752 I DPUModule: DpuR5P0::checkTransform <35>: checkTransform: Transform(0), SRCRect(0,0)
02-06 21:01:24.265   662   752 I DPUModule: DpuR5P0::checkAFBCBlockSize <97>: checkAFBCBlockSize: compressed(1),format(1), pitch(720), vstride(96)
02-06 21:01:24.265   662   752 D DPUModule: [ﾀポu] support: 0
02-06 21:01:24.282   662   752 I DPUModule: DpuR5P0::checkLayerFormat <142>: checkLayerFormat: Format(1)
02-06 21:01:24.282   662   752 I DPUModule: DpuR5P0::checkTransform <35>: checkTransform: Transform(0), SRCRect(0,0)
02-06 21:01:24.282   662   752 I DPUModule: DpuR5P0::checkAFBCBlockSize <97>: checkAFBCBlockSize: compressed(1),format(1), pitch(720), vstride(1616)
02-06 21:01:24.282   662   752 I DPUModule: DpuR5P0::checkLayerFormat <142>: checkLayerFormat: Format(1)
02-06 21:01:24.282   662   752 I DPUModule: DpuR5P0::checkTransform <35>: checkTransform: Transform(0), SRCRect(0,0)
02-06 21:01:24.282   662   752 I DPUModule: DpuR5P0::checkAFBCBlockSize <97>: checkAFBCBlockSize: compressed(1),format(1), pitch(720), vstride(1616)
02-06 21:01:24.282   662   752 I DPUModule: DpuR5P0::checkLayerFormat <142>: checkLayerFormat: Format(1)
02-06 21:01:24.282   662   752 I DPUModule: DpuR5P0::checkTransform <35>: checkTransform: Transform(0), SRCRect(0,0)
02-06 21:01:24.282   662   752 I DPUModule: DpuR5P0::checkAFBCBlockSize <97>: checkAFBCBlockSize: compressed(1),format(1), pitch(720), vstride(80)
02-06 21:01:24.282   662   752 I DPUModule: DpuR5P0::checkLayerFormat <142>: checkLayerFormat: Format(1)
02-06 21:01:24.282   662   752 I DPUModule: DpuR5P0::checkTransform <35>: checkTransform: Transform(0), SRCRect(0,0)
02-06 21:01:24.282   662   752 I DPUModule: DpuR5P0::checkAFBCBlockSize <97>: checkAFBCBlockSize: compressed(1),format(1), pitch(720), vstride(96)
02-06 21:01:24.282   662   752 D DPUModule: [ﾀポu] support: 0
02-06 21:01:24.298   662   752 I DPUModule: DpuR5P0::checkLayerFormat <142>: checkLayerFormat: Format(1)
02-06 21:01:24.299   662   752 I DPUModule: DpuR5P0::checkTransform <35>: checkTransform: Transform(0), SRCRect(0,0)
02-06 21:01:24.299   662   752 I DPUModule: DpuR5P0::checkAFBCBlockSize <97>: checkAFBCBlockSize: compressed(1),format(1), pitch(720), vstride(1616)
02-06 21:01:24.299   662   752 I DPUModule: DpuR5P0::checkLayerFormat <142>: checkLayerFormat: Format(1)
02-06 21:01:24.299   662   752 I DPUModule: DpuR5P0::checkTransform <35>: checkTransform: Transform(0), SRCRect(0,0)
02-06 21:01:24.299   662   752 I DPUModule: DpuR5P0::checkAFBCBlockSize <97>: checkAFBCBlockSize: compressed(1),format(1), pitch(720), vstride(1616)
02-06 21:01:24.299   662   752 I DPUModule: DpuR5P0::checkLayerFormat <142>: checkLayerFormat: Format(1)
02-06 21:01:24.299   662   752 I DPUModule: DpuR5P0::checkTransform <35>: checkTransform: Transform(0), SRCRect(0,0)
02-06 21:01:24.299   662   752 I DPUModule: DpuR5P0::checkAFBCBlockSize <97>: checkAFBCBlockSize: compressed(1),format(1), pitch(720), vstride(80)
02-06 21:01:24.299   662   752 I DPUModule: DpuR5P0::checkLayerFormat <142>: checkLayerFormat: Format(1)
02-06 21:01:24.299   662   752 I DPUModule: DpuR5P0::checkTransform <35>: checkTransform: Transform(0), SRCRect(0,0)
02-06 21:01:24.299   662   752 I DPUModule: DpuR5P0::checkAFBCBlockSize <97>: checkAFBCBlockSize: compressed(1),format(1), pitch(720), vstride(96)
02-06 21:01:24.299   662   752 D DPUModule: [ﾀポu] support: 0
02-06 21:01:24.315   662   752 I DPUModule: DpuR5P0::checkLayerFormat <142>: checkLayerFormat: Format(1)
02-06 21:01:24.315   662   752 I DPUModule: DpuR5P0::checkTransform <35>: checkTransform: Transform(0), SRCRect(0,0)
02-06 21:01:24.315   662   752 I DPUModule: DpuR5P0::checkAFBCBlockSize <97>: checkAFBCBlockSize: compressed(1),format(1), pitch(720), vstride(1616)
02-06 21:01:24.315   662   752 I DPUModule: DpuR5P0::checkLayerFormat <142>: checkLayerFormat: Format(1)
02-06 21:01:24.315   662   752 I DPUModule: DpuR5P0::checkTransform <35>: checkTransform: Transform(0), SRCRect(0,0)
02-06 21:01:24.315   662   752 I DPUModule: DpuR5P0::checkAFBCBlockSize <97>: checkAFBCBlockSize: compressed(1),format(1), pitch(720), vstride(1616)
02-06 21:01:24.315   662   752 I DPUModule: DpuR5P0::checkLayerFormat <142>: checkLayerFormat: Format(1)
02-06 21:01:24.315   662   752 I DPUModule: DpuR5P0::checkTransform <35>: checkTransform: Transform(0), SRCRect(0,0)
02-06 21:01:24.315   662   752 I DPUModule: DpuR5P0::checkAFBCBlockSize <97>: checkAFBCBlockSize: compressed(1),format(1), pitch(720), vstride(80)
02-06 21:01:24.315   662   752 I DPUModule: DpuR5P0::checkLayerFormat <142>: checkLayerFormat: Format(1)
02-06 21:01:24.315   662   752 I DPUModule: DpuR5P0::checkTransform <35>: checkTransform: Transform(0), SRCRect(0,0)
02-06 21:01:24.315   662   752 I DPUModule: DpuR5P0::checkAFBCBlockSize <97>: checkAFBCBlockSize: compressed(1),format(1), pitch(720), vstride(96)
02-06 21:01:24.315   662   752 D DPUModule: [ﾀポu] support: 0
02-06 21:01:24.329  6420 14218 I FontLog : (REDACTED) Received query %s, URI %s
02-06 21:01:24.329  6420 14218 I FontLog : (REDACTED) Query [%s] resolved to %s
02-06 21:01:24.331  6420 14218 I FontLog : (REDACTED) Fetch %s end status %s
02-06 21:01:24.332   662   752 I DPUModule: DpuR5P0::checkLayerFormat <142>: checkLayerFormat: Format(1)
02-06 21:01:24.332   662   752 I DPUModule: DpuR5P0::checkTransform <35>: checkTransform: Transform(0), SRCRect(0,0)
02-06 21:01:24.332   662   752 I DPUModule: DpuR5P0::checkAFBCBlockSize <97>: checkAFBCBlockSize: compressed(1),format(1), pitch(720), vstride(1616)
02-06 21:01:24.332   662   752 I DPUModule: DpuR5P0::checkLayerFormat <142>: checkLayerFormat: Format(1)
02-06 21:01:24.332   662   752 I DPUModule: DpuR5P0::checkTransform <35>: checkTransform: Transform(0), SRCRect(0,0)
02-06 21:01:24.332   662   752 I DPUModule: DpuR5P0::checkAFBCBlockSize <97>: checkAFBCBlockSize: compressed(1),format(1), pitch(720), vstride(1616)
02-06 21:01:24.332   662   752 I DPUModule: DpuR5P0::checkLayerFormat <142>: checkLayerFormat: Format(1)
02-06 21:01:24.332   662   752 I DPUModule: DpuR5P0::checkTransform <35>: checkTransform: Transform(0), SRCRect(0,0)
02-06 21:01:24.332   662   752 I DPUModule: DpuR5P0::checkAFBCBlockSize <97>: checkAFBCBlockSize: compressed(1),format(1), pitch(720), vstride(80)
02-06 21:01:24.332   662   752 I DPUModule: DpuR5P0::checkLayerFormat <142>: checkLayerFormat: Format(1)
02-06 21:01:24.332   662   752 I DPUModule: DpuR5P0::checkTransform <35>: checkTransform: Transform(0), SRCRect(0,0)
02-06 21:01:24.332   662   752 I DPUModule: DpuR5P0::checkAFBCBlockSize <97>: checkAFBCBlockSize: compressed(1),format(1), pitch(720), vstride(96)
02-06 21:01:24.332   662   752 D DPUModule: [ﾀポu] support: 0
02-06 21:01:24.338  6420 14218 I FontLog : (REDACTED) Pulling font file for id = %d, cache size = %d
02-06 21:01:24.342   668   668 D enhanceHAL: sunlightRead: current ambient = 7
02-06 21:01:24.348  6420 14218 I FontLog : (REDACTED) Pulling font file for id = %d, cache size = %d
02-06 21:01:24.349   662   752 I DPUModule: DpuR5P0::checkLayerFormat <142>: checkLayerFormat: Format(1)
02-06 21:01:24.349   662   752 I DPUModule: DpuR5P0::checkTransform <35>: checkTransform: Transform(0), SRCRect(0,0)
02-06 21:01:24.349   662   752 I DPUModule: DpuR5P0::checkAFBCBlockSize <97>: checkAFBCBlockSize: compressed(1),format(1), pitch(720), vstride(1616)
02-06 21:01:24.349   662   752 I DPUModule: DpuR5P0::checkLayerFormat <142>: checkLayerFormat: Format(1)
02-06 21:01:24.349   662   752 I DPUModule: DpuR5P0::checkTransform <35>: checkTransform: Transform(0), SRCRect(0,0)
02-06 21:01:24.349   662   752 I DPUModule: DpuR5P0::checkAFBCBlockSize <97>: checkAFBCBlockSize: compressed(1),format(1), pitch(720), vstride(1616)
02-06 21:01:24.349   662   752 I DPUModule: DpuR5P0::checkLayerFormat <142>: checkLayerFormat: Format(1)
02-06 21:01:24.349   662   752 I DPUModule: DpuR5P0::checkTransform <35>: checkTransform: Transform(0), SRCRect(0,0)
02-06 21:01:24.349   662   752 I DPUModule: DpuR5P0::checkAFBCBlockSize <97>: checkAFBCBlockSize: compressed(1),format(1), pitch(720), vstride(80)
02-06 21:01:24.349   662   752 I DPUModule: DpuR5P0::checkLayerFormat <142>: checkLayerFormat: Format(1)
02-06 21:01:24.349   662   752 I DPUModule: DpuR5P0::checkTransform <35>: checkTransform: Transform(0), SRCRect(0,0)
02-06 21:01:24.349   662   752 I DPUModule: DpuR5P0::checkAFBCBlockSize <97>: checkAFBCBlockSize: compressed(1),format(1), pitch(720), vstride(96)
02-06 21:01:24.349   662   752 D DPUModule: [ﾀポu] support: 0
02-06 21:01:24.365   662   752 I DPUModule: DpuR5P0::checkLayerFormat <142>: checkLayerFormat: Format(1)
02-06 21:01:24.365   662   752 I DPUModule: DpuR5P0::checkTransform <35>: checkTransform: Transform(0), SRCRect(0,0)
02-06 21:01:24.365   662   752 I DPUModule: DpuR5P0::checkAFBCBlockSize <97>: checkAFBCBlockSize: compressed(1),format(1), pitch(720), vstride(1616)
02-06 21:01:24.365   662   752 I DPUModule: DpuR5P0::checkLayerFormat <142>: checkLayerFormat: Format(1)
02-06 21:01:24.365   662   752 I DPUModule: DpuR5P0::checkTransform <35>: checkTransform: Transform(0), SRCRect(0,0)
02-06 21:01:24.365   662   752 I DPUModule: DpuR5P0::checkAFBCBlockSize <97>: checkAFBCBlockSize: compressed(1),format(1), pitch(720), vstride(1616)
02-06 21:01:24.365   662   752 I DPUModule: DpuR5P0::checkLayerFormat <142>: checkLayerFormat: Format(1)
02-06 21:01:24.365   662   752 I DPUModule: DpuR5P0::checkTransform <35>: checkTransform: Transform(0), SRCRect(0,0)
02-06 21:01:24.365   662   752 I DPUModule: DpuR5P0::checkAFBCBlockSize <97>: checkAFBCBlockSize: compressed(1),format(1), pitch(720), vstride(80)
02-06 21:01:24.365   662   752 I DPUModule: DpuR5P0::checkLayerFormat <142>: checkLayerFormat: Format(1)
02-06 21:01:24.365   662   752 I DPUModule: DpuR5P0::checkTransform <35>: checkTransform: Transform(0), SRCRect(0,0)
02-06 21:01:24.365   662   752 I DPUModule: DpuR5P0::checkAFBCBlockSize <97>: checkAFBCBlockSize: compressed(1),format(1), pitch(720), vstride(96)
02-06 21:01:24.365   662   752 D DPUModule: [ﾀポu] support: 0
02-06 21:01:24.382   662   752 I DPUModule: DpuR5P0::checkLayerFormat <142>: checkLayerFormat: Format(1)
02-06 21:01:24.382   662   752 I DPUModule: DpuR5P0::checkTransform <35>: checkTransform: Transform(0), SRCRect(0,0)
02-06 21:01:24.382   662   752 I DPUModule: DpuR5P0::checkAFBCBlockSize <97>: checkAFBCBlockSize: compressed(1),format(1), pitch(720), vstride(1616)
02-06 21:01:24.382   662   752 I DPUModule: DpuR5P0::checkLayerFormat <142>: checkLayerFormat: Format(1)
02-06 21:01:24.382   662   752 I DPUModule: DpuR5P0::checkTransform <35>: checkTransform: Transform(0), SRCRect(0,0)
02-06 21:01:24.382   662   752 I DPUModule: DpuR5P0::checkAFBCBlockSize <97>: checkAFBCBlockSize: compressed(1),format(1), pitch(720), vstride(1616)
02-06 21:01:24.382   662   752 I DPUModule: DpuR5P0::checkLayerFormat <142>: checkLayerFormat: Format(1)
02-06 21:01:24.382   662   752 I DPUModule: DpuR5P0::checkTransform <35>: checkTransform: Transform(0), SRCRect(0,0)
02-06 21:01:24.382   662   752 I DPUModule: DpuR5P0::checkAFBCBlockSize <97>: checkAFBCBlockSize: compressed(1),format(1), pitch(720), vstride(80)
02-06 21:01:24.382   662   752 I DPUModule: DpuR5P0::checkLayerFormat <142>: checkLayerFormat: Format(1)
02-06 21:01:24.382   662   752 I DPUModule: DpuR5P0::checkTransform <35>: checkTransform: Transform(0), SRCRect(0,0)
02-06 21:01:24.382   662   752 I DPUModule: DpuR5P0::checkAFBCBlockSize <97>: checkAFBCBlockSize: compressed(1),format(1), pitch(720), vstride(96)
02-06 21:01:24.382   662   752 D DPUModule: [ﾀポu] support: 0
02-06 21:01:24.398   662   752 I DPUModule: DpuR5P0::checkLayerFormat <142>: checkLayerFormat: Format(1)
02-06 21:01:24.398   662   752 I DPUModule: DpuR5P0::checkTransform <35>: checkTransform: Transform(0), SRCRect(0,0)
02-06 21:01:24.398   662   752 I DPUModule: DpuR5P0::checkAFBCBlockSize <97>: checkAFBCBlockSize: compressed(1),format(1), pitch(720), vstride(1616)
02-06 21:01:24.398   662   752 I DPUModule: DpuR5P0::checkLayerFormat <142>: checkLayerFormat: Format(1)
02-06 21:01:24.398   662   752 I DPUModule: DpuR5P0::checkTransform <35>: checkTransform: Transform(0), SRCRect(0,0)
02-06 21:01:24.398   662   752 I DPUModule: DpuR5P0::checkAFBCBlockSize <97>: checkAFBCBlockSize: compressed(1),format(1), pitch(720), vstride(1616)
02-06 21:01:24.398   662   752 I DPUModule: DpuR5P0::checkLayerFormat <142>: checkLayerFormat: Format(1)
02-06 21:01:24.398   662   752 I DPUModule: DpuR5P0::checkTransform <35>: checkTransform: Transform(0), SRCRect(0,0)
02-06 21:01:24.399   662   752 I DPUModule: DpuR5P0::checkAFBCBlockSize <97>: checkAFBCBlockSize: compressed(1),format(1), pitch(720), vstride(80)
02-06 21:01:24.399   662   752 I DPUModule: DpuR5P0::checkLayerFormat <142>: checkLayerFormat: Format(1)
02-06 21:01:24.399   662   752 I DPUModule: DpuR5P0::checkTransform <35>: checkTransform: Transform(0), SRCRect(0,0)
02-06 21:01:24.399   662   752 I DPUModule: DpuR5P0::checkAFBCBlockSize <97>: checkAFBCBlockSize: compressed(1),format(1), pitch(720), vstride(96)
02-06 21:01:24.399   662   752 D DPUModule: [ﾀポu] support: 0
02-06 21:01:24.401  1470  1584 I mali_gralloc: unregister: id=0x2950000812a, base=0x0, importpid=1470
02-06 21:01:24.398  1073  1073 W binder:1073_9: type=1400 audit(0.0:191763): avc: denied { read } for name="u:object_r:vendor_default_prop:s0" dev="tmpfs" ino=18617 scontext=u:r:system_server:s0 tcontext=u:object_r:vendor_default_prop:s0 tclass=file permissive=0
02-06 21:01:24.402  1470  1480 I mali_gralloc: unregister: id=0x29500008129, base=0x0, importpid=1470
02-06 21:01:24.403  1073  1737 W libc    : Access denied finding property "persist.vendor.dbg.disable.art"
02-06 21:01:24.403   836  3768 E CameraService: notifyMonitoredUids: Failed to trigger permission callback: -129
02-06 21:01:24.406  1073  1737 V WindowState: toString mSurfaceNameCache=-[Surface(name=*Title#26330)/@0x5f2074f] mLastTitle=Splash Screen com.rentman.app title=Splash Screen com.rentman.app
02-06 21:01:24.407 13626 13673 D Capacitor: Handling local request: https://localhost/favicon.ico?favicon.0b3bf435.ico
02-06 21:01:24.409  1470  1555 D VRI[app]: performTraversals relayoutWindow: maybeSyncSeqId=-1 ,mSyncSeqId=0 ,relayoutResult=2
02-06 21:01:24.410  1470  1555 I mali_gralloc: unregister: id=0x2950000812b, base=0x0, importpid=1470
02-06 21:01:24.411  1470  1555 I mali_gralloc: unregister: id=0x29500008128, base=0x0, importpid=1470
02-06 21:01:24.412  1073  1737 D CoreBackPreview: Window{d3477b0 u0 Splash Screen com.rentman.app EXITING}-[Surface(name=*Title#26330)/@0x5f2074f]: Setting back callback null
02-06 21:01:24.413  1073  4815 W InputManager-JNI: Input channel object 'd3477b0 Splash Screen com.rentman.app (client)' was disposed without first being removed with the input manager!
02-06 21:01:24.414   698   777 I mali_gralloc: unregister: id=0x2950000812a, base=0x0, importpid=698
02-06 21:01:24.415   698   777 I mali_gralloc: unregister: id=0x29500008129, base=0x0, importpid=698
02-06 21:01:24.416   662   752 I DPUModule: DpuR5P0::checkLayerFormat <142>: checkLayerFormat: Format(1)
02-06 21:01:24.416   662   752 I DPUModule: DpuR5P0::checkTransform <35>: checkTransform: Transform(0), SRCRect(0,0)
02-06 21:01:24.416   662   752 I DPUModule: DpuR5P0::checkAFBCBlockSize <97>: checkAFBCBlockSize: compressed(1),format(1), pitch(720), vstride(1616)
02-06 21:01:24.416   662   752 I DPUModule: DpuR5P0::checkLayerFormat <142>: checkLayerFormat: Format(1)
02-06 21:01:24.416   662   752 I DPUModule: DpuR5P0::checkTransform <35>: checkTransform: Transform(0), SRCRect(0,0)
02-06 21:01:24.416   662   752 I DPUModule: DpuR5P0::checkAFBCBlockSize <97>: checkAFBCBlockSize: compressed(1),format(1), pitch(720), vstride(1616)
02-06 21:01:24.416   662   752 I DPUModule: DpuR5P0::checkLayerFormat <142>: checkLayerFormat: Format(1)
02-06 21:01:24.416   662   752 I DPUModule: DpuR5P0::checkTransform <35>: checkTransform: Transform(0), SRCRect(0,0)
02-06 21:01:24.416   662   752 I DPUModule: DpuR5P0::checkAFBCBlockSize <97>: checkAFBCBlockSize: compressed(1),format(1), pitch(720), vstride(80)
02-06 21:01:24.416   662   752 I DPUModule: DpuR5P0::checkLayerFormat <142>: checkLayerFormat: Format(1)
02-06 21:01:24.416   662   752 I DPUModule: DpuR5P0::checkTransform <35>: checkTransform: Transform(0), SRCRect(0,0)
02-06 21:01:24.416   662   752 I DPUModule: DpuR5P0::checkAFBCBlockSize <97>: checkAFBCBlockSize: compressed(1),format(1), pitch(720), vstride(96)
02-06 21:01:24.416   662   752 D DPUModule: [ﾀポu] support: 0
02-06 21:01:24.433   662   752 I mali_gralloc: register: id=0x2950000812b, importpid=698
02-06 21:01:24.433   662   752 I mali_gralloc: unregister: id=0x29500008128, base=0x0, importpid=662
02-06 21:01:24.433   662   752 I DPUModule: DpuR5P0::checkLayerFormat <142>: checkLayerFormat: Format(1)
02-06 21:01:24.433   662   752 I DPUModule: DpuR5P0::checkTransform <35>: checkTransform: Transform(0), SRCRect(0,0)
02-06 21:01:24.433   662   752 I DPUModule: DpuR5P0::checkAFBCBlockSize <97>: checkAFBCBlockSize: compressed(1),format(1), pitch(720), vstride(1616)
02-06 21:01:24.433   662   752 I DPUModule: DpuR5P0::checkLayerFormat <142>: checkLayerFormat: Format(1)
02-06 21:01:24.433   662   752 I DPUModule: DpuR5P0::checkTransform <35>: checkTransform: Transform(0), SRCRect(0,0)
02-06 21:01:24.433   662   752 I DPUModule: DpuR5P0::checkAFBCBlockSize <97>: checkAFBCBlockSize: compressed(1),format(1), pitch(720), vstride(1616)
02-06 21:01:24.433   662   752 I DPUModule: DpuR5P0::checkLayerFormat <142>: checkLayerFormat: Format(1)
02-06 21:01:24.433   662   752 I DPUModule: DpuR5P0::checkTransform <35>: checkTransform: Transform(0), SRCRect(0,0)
02-06 21:01:24.433   662   752 I DPUModule: DpuR5P0::checkAFBCBlockSize <97>: checkAFBCBlockSize: compressed(1),format(1), pitch(720), vstride(80)
02-06 21:01:24.433   662   752 I DPUModule: DpuR5P0::checkLayerFormat <142>: checkLayerFormat: Format(1)
02-06 21:01:24.433   662   752 I DPUModule: DpuR5P0::checkTransform <35>: checkTransform: Transform(0), SRCRect(0,0)
02-06 21:01:24.433   662   752 I DPUModule: DpuR5P0::checkAFBCBlockSize <97>: checkAFBCBlockSize: compressed(1),format(1), pitch(720), vstride(96)
02-06 21:01:24.433   662   752 D DPUModule: [ﾀポu] support: 0
02-06 21:01:24.446 13626 13674 D Capacitor: Handling local request: https://localhost/auth/index.txt?_rsc=vusbg
02-06 21:01:24.448   662   752 I DPUModule: DpuR5P0::checkLayerFormat <142>: checkLayerFormat: Format(1)
02-06 21:01:24.448   662   752 I DPUModule: DpuR5P0::checkTransform <35>: checkTransform: Transform(0), SRCRect(0,0)
02-06 21:01:24.448   662   752 I DPUModule: DpuR5P0::checkAFBCBlockSize <97>: checkAFBCBlockSize: compressed(1),format(1), pitch(720), vstride(1616)
02-06 21:01:24.448   662   752 I DPUModule: DpuR5P0::checkLayerFormat <142>: checkLayerFormat: Format(1)
02-06 21:01:24.448   662   752 I DPUModule: DpuR5P0::checkTransform <35>: checkTransform: Transform(0), SRCRect(0,0)
02-06 21:01:24.448   662   752 I DPUModule: DpuR5P0::checkAFBCBlockSize <97>: checkAFBCBlockSize: compressed(1),format(1), pitch(720), vstride(1616)
02-06 21:01:24.448   662   752 I DPUModule: DpuR5P0::checkLayerFormat <142>: checkLayerFormat: Format(1)
02-06 21:01:24.448   662   752 I DPUModule: DpuR5P0::checkTransform <35>: checkTransform: Transform(0), SRCRect(0,0)
02-06 21:01:24.448   662   752 I DPUModule: DpuR5P0::checkAFBCBlockSize <97>: checkAFBCBlockSize: compressed(1),format(1), pitch(720), vstride(80)
02-06 21:01:24.448   662   752 I DPUModule: DpuR5P0::checkLayerFormat <142>: checkLayerFormat: Format(1)
02-06 21:01:24.448   662   752 I DPUModule: DpuR5P0::checkTransform <35>: checkTransform: Transform(0), SRCRect(0,0)
02-06 21:01:24.448   662   752 I DPUModule: DpuR5P0::checkAFBCBlockSize <97>: checkAFBCBlockSize: compressed(1),format(1), pitch(720), vstride(96)
02-06 21:01:24.448   662   752 D DPUModule: [ﾀポu] support: 0
02-06 21:01:24.463 13626 13673 D Capacitor: Handling local request: https://localhost/_next/static/chunks/db2429bd327b7371.js
02-06 21:01:24.465   662   752 I DPUModule: DpuR5P0::checkLayerFormat <142>: checkLayerFormat: Format(1)
02-06 21:01:24.465   662   752 I DPUModule: DpuR5P0::checkTransform <35>: checkTransform: Transform(0), SRCRect(0,0)
02-06 21:01:24.465   662   752 I DPUModule: DpuR5P0::checkAFBCBlockSize <97>: checkAFBCBlockSize: compressed(1),format(1), pitch(720), vstride(1616)
02-06 21:01:24.465   662   752 I DPUModule: DpuR5P0::checkLayerFormat <142>: checkLayerFormat: Format(1)
02-06 21:01:24.465   662   752 I DPUModule: DpuR5P0::checkTransform <35>: checkTransform: Transform(0), SRCRect(0,0)
02-06 21:01:24.465   662   752 I DPUModule: DpuR5P0::checkAFBCBlockSize <97>: checkAFBCBlockSize: compressed(1),format(1), pitch(720), vstride(1616)
02-06 21:01:24.465   662   752 I DPUModule: DpuR5P0::checkLayerFormat <142>: checkLayerFormat: Format(1)
02-06 21:01:24.465   662   752 I DPUModule: DpuR5P0::checkTransform <35>: checkTransform: Transform(0), SRCRect(0,0)
02-06 21:01:24.465   662   752 I DPUModule: DpuR5P0::checkAFBCBlockSize <97>: checkAFBCBlockSize: compressed(1),format(1), pitch(720), vstride(80)
02-06 21:01:24.465   662   752 I DPUModule: DpuR5P0::checkLayerFormat <142>: checkLayerFormat: Format(1)
02-06 21:01:24.465   662   752 I DPUModule: DpuR5P0::checkTransform <35>: checkTransform: Transform(0), SRCRect(0,0)
02-06 21:01:24.465   662   752 I DPUModule: DpuR5P0::checkAFBCBlockSize <97>: checkAFBCBlockSize: compressed(1),format(1), pitch(720), vstride(96)
02-06 21:01:24.465   662   752 D DPUModule: [ﾀポu] support: 0
02-06 21:01:24.481   662   752 I DPUModule: DpuR5P0::checkLayerFormat <142>: checkLayerFormat: Format(1)
02-06 21:01:24.481   662   752 I DPUModule: DpuR5P0::checkTransform <35>: checkTransform: Transform(0), SRCRect(0,0)
02-06 21:01:24.481   662   752 I DPUModule: DpuR5P0::checkAFBCBlockSize <97>: checkAFBCBlockSize: compressed(1),format(1), pitch(720), vstride(1616)
02-06 21:01:24.481   662   752 I DPUModule: DpuR5P0::checkLayerFormat <142>: checkLayerFormat: Format(1)
02-06 21:01:24.481   662   752 I DPUModule: DpuR5P0::checkTransform <35>: checkTransform: Transform(0), SRCRect(0,0)
02-06 21:01:24.481   662   752 I DPUModule: DpuR5P0::checkAFBCBlockSize <97>: checkAFBCBlockSize: compressed(1),format(1), pitch(720), vstride(1616)
02-06 21:01:24.481   662   752 I DPUModule: DpuR5P0::checkLayerFormat <142>: checkLayerFormat: Format(1)
02-06 21:01:24.482   662   752 I DPUModule: DpuR5P0::checkTransform <35>: checkTransform: Transform(0), SRCRect(0,0)
02-06 21:01:24.482   662   752 I DPUModule: DpuR5P0::checkAFBCBlockSize <97>: checkAFBCBlockSize: compressed(1),format(1), pitch(720), vstride(80)
02-06 21:01:24.482   662   752 I DPUModule: DpuR5P0::checkLayerFormat <142>: checkLayerFormat: Format(1)
02-06 21:01:24.482   662   752 I DPUModule: DpuR5P0::checkTransform <35>: checkTransform: Transform(0), SRCRect(0,0)
02-06 21:01:24.482   662   752 I DPUModule: DpuR5P0::checkAFBCBlockSize <97>: checkAFBCBlockSize: compressed(1),format(1), pitch(720), vstride(96)
02-06 21:01:24.482   662   752 D DPUModule: [ﾀポu] support: 0
02-06 21:01:24.498   662   752 I DPUModule: DpuR5P0::checkLayerFormat <142>: checkLayerFormat: Format(1)
02-06 21:01:24.498   662   752 I DPUModule: DpuR5P0::checkTransform <35>: checkTransform: Transform(0), SRCRect(0,0)
02-06 21:01:24.498   662   752 I DPUModule: DpuR5P0::checkAFBCBlockSize <97>: checkAFBCBlockSize: compressed(1),format(1), pitch(720), vstride(1616)
02-06 21:01:24.498   662   752 I DPUModule: DpuR5P0::checkLayerFormat <142>: checkLayerFormat: Format(1)
02-06 21:01:24.498   662   752 I DPUModule: DpuR5P0::checkTransform <35>: checkTransform: Transform(0), SRCRect(0,0)
02-06 21:01:24.498   662   752 I DPUModule: DpuR5P0::checkAFBCBlockSize <97>: checkAFBCBlockSize: compressed(1),format(1), pitch(720), vstride(1616)
02-06 21:01:24.498   662   752 I DPUModule: DpuR5P0::checkLayerFormat <142>: checkLayerFormat: Format(1)
02-06 21:01:24.498   662   752 I DPUModule: DpuR5P0::checkTransform <35>: checkTransform: Transform(0), SRCRect(0,0)
02-06 21:01:24.498   662   752 I DPUModule: DpuR5P0::checkAFBCBlockSize <97>: checkAFBCBlockSize: compressed(1),format(1), pitch(720), vstride(80)
02-06 21:01:24.498   662   752 I DPUModule: DpuR5P0::checkLayerFormat <142>: checkLayerFormat: Format(1)
02-06 21:01:24.498   662   752 I DPUModule: DpuR5P0::checkTransform <35>: checkTransform: Transform(0), SRCRect(0,0)
02-06 21:01:24.498   662   752 I DPUModule: DpuR5P0::checkAFBCBlockSize <97>: checkAFBCBlockSize: compressed(1),format(1), pitch(720), vstride(96)
02-06 21:01:24.498   662   752 D DPUModule: [ﾀポu] support: 0
02-06 21:01:24.504   668   668 D enhanceHAL: sunlightRead: current ambient = 7
02-06 21:01:24.515   662   752 I DPUModule: DpuR5P0::checkLayerFormat <142>: checkLayerFormat: Format(1)
02-06 21:01:24.515   662   752 I DPUModule: DpuR5P0::checkTransform <35>: checkTransform: Transform(0), SRCRect(0,0)
02-06 21:01:24.515   662   752 I DPUModule: DpuR5P0::checkAFBCBlockSize <97>: checkAFBCBlockSize: compressed(1),format(1), pitch(720), vstride(1616)
02-06 21:01:24.515   662   752 I DPUModule: DpuR5P0::checkLayerFormat <142>: checkLayerFormat: Format(1)
02-06 21:01:24.515   662   752 I DPUModule: DpuR5P0::checkTransform <35>: checkTransform: Transform(0), SRCRect(0,0)
02-06 21:01:24.515   662   752 I DPUModule: DpuR5P0::checkAFBCBlockSize <97>: checkAFBCBlockSize: compressed(1),format(1), pitch(720), vstride(1616)
02-06 21:01:24.515   662   752 I DPUModule: DpuR5P0::checkLayerFormat <142>: checkLayerFormat: Format(1)
02-06 21:01:24.515   662   752 I DPUModule: DpuR5P0::checkTransform <35>: checkTransform: Transform(0), SRCRect(0,0)
02-06 21:01:24.515   662   752 I DPUModule: DpuR5P0::checkAFBCBlockSize <97>: checkAFBCBlockSize: compressed(1),format(1), pitch(720), vstride(80)
02-06 21:01:24.515   662   752 I DPUModule: DpuR5P0::checkLayerFormat <142>: checkLayerFormat: Format(1)
02-06 21:01:24.515   662   752 I DPUModule: DpuR5P0::checkTransform <35>: checkTransform: Transform(0), SRCRect(0,0)
02-06 21:01:24.515   662   752 I DPUModule: DpuR5P0::checkAFBCBlockSize <97>: checkAFBCBlockSize: compressed(1),format(1), pitch(720), vstride(96)
02-06 21:01:24.515   662   752 D DPUModule: [ﾀポu] support: 0
02-06 21:01:24.517 13626 13673 D Capacitor: Handling local request: https://localhost/_next/static/chunks/db2429bd327b7371.js
02-06 21:01:24.531   662   752 I DPUModule: DpuR5P0::checkLayerFormat <142>: checkLayerFormat: Format(1)
02-06 21:01:24.531   662   752 I DPUModule: DpuR5P0::checkTransform <35>: checkTransform: Transform(0), SRCRect(0,0)
02-06 21:01:24.531   662   752 I DPUModule: DpuR5P0::checkAFBCBlockSize <97>: checkAFBCBlockSize: compressed(1),format(1), pitch(720), vstride(1616)
02-06 21:01:24.531   662   752 I DPUModule: DpuR5P0::checkLayerFormat <142>: checkLayerFormat: Format(1)
02-06 21:01:24.531   662   752 I DPUModule: DpuR5P0::checkTransform <35>: checkTransform: Transform(0), SRCRect(0,0)
02-06 21:01:24.531   662   752 I DPUModule: DpuR5P0::checkAFBCBlockSize <97>: checkAFBCBlockSize: compressed(1),format(1), pitch(720), vstride(1616)
02-06 21:01:24.531   662   752 I DPUModule: DpuR5P0::checkLayerFormat <142>: checkLayerFormat: Format(1)
02-06 21:01:24.531   662   752 I DPUModule: DpuR5P0::checkTransform <35>: checkTransform: Transform(0), SRCRect(0,0)
02-06 21:01:24.531   662   752 I DPUModule: DpuR5P0::checkAFBCBlockSize <97>: checkAFBCBlockSize: compressed(1),format(1), pitch(720), vstride(80)
02-06 21:01:24.532   662   752 I DPUModule: DpuR5P0::checkLayerFormat <142>: checkLayerFormat: Format(1)
02-06 21:01:24.532   662   752 I DPUModule: DpuR5P0::checkTransform <35>: checkTransform: Transform(0), SRCRect(0,0)
02-06 21:01:24.532   662   752 I DPUModule: DpuR5P0::checkAFBCBlockSize <97>: checkAFBCBlockSize: compressed(1),format(1), pitch(720), vstride(96)
02-06 21:01:24.532   662   752 D DPUModule: [ﾀポu] support: 0
02-06 21:01:24.548   662   752 I DPUModule: DpuR5P0::checkLayerFormat <142>: checkLayerFormat: Format(1)
02-06 21:01:24.548   662   752 I DPUModule: DpuR5P0::checkTransform <35>: checkTransform: Transform(0), SRCRect(0,0)
02-06 21:01:24.548   662   752 I DPUModule: DpuR5P0::checkAFBCBlockSize <97>: checkAFBCBlockSize: compressed(1),format(1), pitch(720), vstride(1616)
02-06 21:01:24.548   662   752 I DPUModule: DpuR5P0::checkLayerFormat <142>: checkLayerFormat: Format(1)
02-06 21:01:24.548   662   752 I DPUModule: DpuR5P0::checkTransform <35>: checkTransform: Transform(0), SRCRect(0,0)
02-06 21:01:24.548   662   752 I DPUModule: DpuR5P0::checkAFBCBlockSize <97>: checkAFBCBlockSize: compressed(1),format(1), pitch(720), vstride(1616)
02-06 21:01:24.548   662   752 I DPUModule: DpuR5P0::checkLayerFormat <142>: checkLayerFormat: Format(1)
02-06 21:01:24.548   662   752 I DPUModule: DpuR5P0::checkTransform <35>: checkTransform: Transform(0), SRCRect(0,0)
02-06 21:01:24.548   662   752 I DPUModule: DpuR5P0::checkAFBCBlockSize <97>: checkAFBCBlockSize: compressed(1),format(1), pitch(720), vstride(80)
02-06 21:01:24.548   662   752 I DPUModule: DpuR5P0::checkLayerFormat <142>: checkLayerFormat: Format(1)
02-06 21:01:24.548   662   752 I DPUModule: DpuR5P0::checkTransform <35>: checkTransform: Transform(0), SRCRect(0,0)
02-06 21:01:24.548   662   752 I DPUModule: DpuR5P0::checkAFBCBlockSize <97>: checkAFBCBlockSize: compressed(1),format(1), pitch(720), vstride(96)
02-06 21:01:24.548   662   752 D DPUModule: [ﾀポu] support: 0
02-06 21:01:24.552 13626 13626 I Capacitor/Console: File:  - Line 349 - Msg: [object Object]
02-06 21:01:24.559 13626 13626 V Capacitor/Plugin: To native (Capacitor plugin): callbackId: 87011697, pluginId: App, methodName: addListener
02-06 21:01:24.560 13626 13626 V Capacitor: callback: 87011697, pluginId: App, methodName: addListener, methodData: {"eventName":"appUrlOpen"}
02-06 21:01:24.565   662   752 I DPUModule: DpuR5P0::checkLayerFormat <142>: checkLayerFormat: Format(1)
02-06 21:01:24.565   662   752 I DPUModule: DpuR5P0::checkTransform <35>: checkTransform: Transform(0), SRCRect(0,0)
02-06 21:01:24.565   662   752 I DPUModule: DpuR5P0::checkAFBCBlockSize <97>: checkAFBCBlockSize: compressed(1),format(1), pitch(720), vstride(1616)
02-06 21:01:24.565   662   752 I DPUModule: DpuR5P0::checkLayerFormat <142>: checkLayerFormat: Format(1)
02-06 21:01:24.565   662   752 I DPUModule: DpuR5P0::checkTransform <35>: checkTransform: Transform(0), SRCRect(0,0)
02-06 21:01:24.565   662   752 I DPUModule: DpuR5P0::checkAFBCBlockSize <97>: checkAFBCBlockSize: compressed(1),format(1), pitch(720), vstride(1616)
02-06 21:01:24.565   662   752 I DPUModule: DpuR5P0::checkLayerFormat <142>: checkLayerFormat: Format(1)
02-06 21:01:24.565   662   752 I DPUModule: DpuR5P0::checkTransform <35>: checkTransform: Transform(0), SRCRect(0,0)
02-06 21:01:24.565   662   752 I DPUModule: DpuR5P0::checkAFBCBlockSize <97>: checkAFBCBlockSize: compressed(1),format(1), pitch(720), vstride(80)
02-06 21:01:24.565   662   752 I DPUModule: DpuR5P0::checkLayerFormat <142>: checkLayerFormat: Format(1)
02-06 21:01:24.565   662   752 I DPUModule: DpuR5P0::checkTransform <35>: checkTransform: Transform(0), SRCRect(0,0)
02-06 21:01:24.565   662   752 I DPUModule: DpuR5P0::checkAFBCBlockSize <97>: checkAFBCBlockSize: compressed(1),format(1), pitch(720), vstride(96)
02-06 21:01:24.565   662   752 D DPUModule: [ﾀポu] support: 0
02-06 21:01:24.581  1073  1101 W TranSprdPowerHintComponentImpl: release BoostAnim
02-06 21:01:24.582   662   752 I mali_gralloc: unregister: id=0x29500008129, base=0x0, importpid=662
02-06 21:01:24.583   662   752 I mali_gralloc: unregister: id=0x2950000812a, base=0x0, importpid=662
02-06 21:01:24.583   662   752 I mali_gralloc: unregister: id=0x2950000812b, base=0x0, importpid=662
02-06 21:01:24.583   662   752 I mali_gralloc: unregister: id=0x2950000812b, base=0x0, importpid=662
02-06 21:01:24.583   698   777 I mali_gralloc: unregister: id=0x29500008128, base=0x0, importpid=698
02-06 21:01:24.584   662   752 I DPUModule: DpuR5P0::checkLayerFormat <142>: checkLayerFormat: Format(1)
02-06 21:01:24.584   662   752 I DPUModule: DpuR5P0::checkTransform <35>: checkTransform: Transform(0), SRCRect(0,0)
02-06 21:01:24.584   662   752 I DPUModule: DpuR5P0::checkAFBCBlockSize <97>: checkAFBCBlockSize: compressed(1),format(1), pitch(720), vstride(1616)
02-06 21:01:24.584   662   752 I DPUModule: DpuR5P0::checkLayerFormat <142>: checkLayerFormat: Format(1)
02-06 21:01:24.584   662   752 I DPUModule: DpuR5P0::checkTransform <35>: checkTransform: Transform(0), SRCRect(0,0)
02-06 21:01:24.584   662   752 I DPUModule: DpuR5P0::checkAFBCBlockSize <97>: checkAFBCBlockSize: compressed(1),format(1), pitch(720), vstride(80)
02-06 21:01:24.584   662   752 I DPUModule: DpuR5P0::checkLayerFormat <142>: checkLayerFormat: Format(1)
02-06 21:01:24.584   662   752 I DPUModule: DpuR5P0::checkTransform <35>: checkTransform: Transform(0), SRCRect(0,0)
02-06 21:01:24.584   662   752 I DPUModule: DpuR5P0::checkAFBCBlockSize <97>: checkAFBCBlockSize: compressed(1),format(1), pitch(720), vstride(96)
02-06 21:01:24.584   662   752 D DPUModule: [ﾀポu] support: 0
02-06 21:01:24.586   698   777 I mali_gralloc: unregister: id=0x2950000812b, base=0x0, importpid=698
02-06 21:01:24.590  1073  1572 D PerformanceDatabaseControl: querymem pkgName = com.rentman.app
02-06 21:01:24.590  1073  1572 D PerformanceDatabaseControl: querycount pkgName = com.rentman.app
02-06 21:01:24.591  1073  1572 D PerformanceDatabaseControl: updateDatabase pkgName = com.rentman.app
