02-06 21:08:06.254 I/DPUModule(  662): DpuR5P0::checkTransform <35>: checkTransform: Transform(0), SRCRect(0,0)
02-06 21:08:06.254 I/DPUModule(  662): DpuR5P0::checkAFBCBlockSize <97>: checkAFBCBlockSize: compressed(1),format(1), pitch(720), vstride(96)
02-06 21:08:06.254 D/DPUModule(  662): [ﾀポu] support: 0
02-06 21:08:06.692 D/enhanceHAL(  668): sunlightRead: current ambient = 7
02-06 21:08:07.337 D/enhanceHAL(  668): sunlightRead: current ambient = 7
02-06 21:08:07.820 D/enhanceHAL(  668): sunlightRead: current ambient = 7
02-06 21:08:08.249 W/VSyncPredictor(  698): VSyncPredictor::setPeriod current period =16666667
02-06 21:08:09.109 D/enhanceHAL(  668): sunlightRead: current ambient = 7
02-06 21:08:10.048 D/TranBatteryServiceImpl( 1073): shutdownBatteryLowLocked emergenceyStatus=true mLowBatteryNotifyEnable=true mBatteryManagerInternal.getBatteryLevel()=80 isCharging=true getLowBatteryNotifySetting=1
02-06 21:08:10.050 D/BroadcastQueue( 1073): Add broadcast <BroadcastRecord{3ef1b9c u-1 android.intent.action.BATTERY_CHANGED}> into [parallel | background], pending size 0
02-06 21:08:10.052 I/Hoffnung( 2558): Universal onReceive: Intent { act=android.intent.action.BATTERY_CHANGED flg=0x60000010 (has extras) }
02-06 21:08:10.052 I/Hoffnung( 2558): LocalBroadcastManager onReceive Intent { act=android.intent.action.BATTERY_CHANGED flg=0x60000010 (has extras) }
02-06 21:08:10.052 D/BroadcastQueue( 1073): Done with parallel broadcast [background] [BroadcastRecord{3ef1b9c u-1 android.intent.action.BATTERY_CHANGED}]
02-06 21:08:10.053 D/BatteryLabService( 2487): current level == 80, temperature == 349
02-06 21:08:10.053 D/BatteryLabService( 2487): system is charging
02-06 21:08:10.054 D/TranBatteryServiceImpl( 1073): shutdownBatteryLowLocked emergenceyStatus=true mLowBatteryNotifyEnable=true mBatteryManagerInternal.getBatteryLevel()=80 isCharging=true getLowBatteryNotifySetting=1
02-06 21:08:10.054 W/Trancare(12332): [processReceive] action = android.intent.action.BATTERY_CHANGED
02-06 21:08:10.056 D/EmergencyMsgController( 1382): BatteryStateReceiver onReceive action android.intent.action.BATTERY_CHANGED
02-06 21:08:10.056 D/PowerUI ( 1470): can't show warning due to - plugged: true status unknown: false
02-06 21:08:10.057 D/EmergencyMsgController( 1382):  powerPluggedIn: true level: 80 LowBatteryMode: false
02-06 21:08:10.064 W/VSyncPredictor(  698): VSyncPredictor::setPeriod current period =16666667
02-06 21:08:10.077 D/enhanceHAL(  668): sunlightRead: current ambient = 7
02-06 21:08:10.083 I/DPUModule(  662): DpuR5P0::checkLayerFormat <142>: checkLayerFormat: Format(1)
02-06 21:08:10.083 I/DPUModule(  662): DpuR5P0::checkTransform <35>: checkTransform: Transform(0), SRCRect(0,0)
02-06 21:08:10.083 I/DPUModule(  662): DpuR5P0::checkAFBCBlockSize <97>: checkAFBCBlockSize: compressed(1),format(1), pitch(720), vstride(1616)
02-06 21:08:10.083 I/DPUModule(  662): DpuR5P0::checkLayerFormat <142>: checkLayerFormat: Format(1)
02-06 21:08:10.083 I/DPUModule(  662): DpuR5P0::checkTransform <35>: checkTransform: Transform(0), SRCRect(0,0)
02-06 21:08:10.083 I/DPUModule(  662): DpuR5P0::checkAFBCBlockSize <97>: checkAFBCBlockSize: compressed(1),format(1), pitch(720), vstride(80)
02-06 21:08:10.084 I/DPUModule(  662): DpuR5P0::checkLayerFormat <142>: checkLayerFormat: Format(1)
02-06 21:08:10.084 I/DPUModule(  662): DpuR5P0::checkTransform <35>: checkTransform: Transform(0), SRCRect(0,0)
02-06 21:08:10.084 I/DPUModule(  662): DpuR5P0::checkAFBCBlockSize <97>: checkAFBCBlockSize: compressed(1),format(1), pitch(720), vstride(96)
02-06 21:08:10.084 D/DPUModule(  662): [ﾀポu] support: 0
02-06 21:08:10.266 I/DPUModule(  662): DpuR5P0::checkLayerFormat <142>: checkLayerFormat: Format(1)
02-06 21:08:10.266 I/DPUModule(  662): DpuR5P0::checkTransform <35>: checkTransform: Transform(0), SRCRect(0,0)
02-06 21:08:10.267 I/DPUModule(  662): DpuR5P0::checkAFBCBlockSize <97>: checkAFBCBlockSize: compressed(1),format(1), pitch(720), vstride(1616)
02-06 21:08:10.267 I/DPUModule(  662): DpuR5P0::checkLayerFormat <142>: checkLayerFormat: Format(1)
02-06 21:08:10.267 I/DPUModule(  662): DpuR5P0::checkTransform <35>: checkTransform: Transform(0), SRCRect(0,0)
02-06 21:08:10.267 I/DPUModule(  662): DpuR5P0::checkAFBCBlockSize <97>: checkAFBCBlockSize: compressed(1),format(1), pitch(720), vstride(80)
02-06 21:08:10.267 I/DPUModule(  662): DpuR5P0::checkLayerFormat <142>: checkLayerFormat: Format(1)
02-06 21:08:10.267 I/DPUModule(  662): DpuR5P0::checkTransform <35>: checkTransform: Transform(0), SRCRect(0,0)
02-06 21:08:10.267 I/DPUModule(  662): DpuR5P0::checkAFBCBlockSize <97>: checkAFBCBlockSize: compressed(1),format(1), pitch(720), vstride(96)
02-06 21:08:10.267 D/DPUModule(  662): [ﾀポu] support: 0
02-06 21:08:10.318 E/UnisocWatchdog( 1073): WDT_Monitor: writeWDTMonitor duration=50,shutdowning=false
02-06 21:08:10.318 E/UnisocWatchdog( 1073): UnisocWatchdogImpl sendMessage:0
02-06 21:08:10.319 E/UnisocWatchdog( 1073): UNISOCWATCHDOG_MESSAGE_TIMER30 trigger
02-06 21:08:10.782 W/PerfettoTrace(21113): type=1400 audit(0.0:192163): avc: denied { write } for name="traced_producer" dev="tmpfs" ino=26611 scontext=u:r:gmscore_app:s0:c512,c768 tcontext=u:object_r:traced_producer_socket:s0 tclass=sock_file permissive=0 app=com.google.android.gms
02-06 21:08:11.196 W/VSyncPredictor(  698): VSyncPredictor::setPeriod current period =16666667
02-06 21:08:11.232 I/DPUModule(  662): DpuR5P0::checkLayerFormat <142>: checkLayerFormat: Format(1)
02-06 21:08:11.232 I/DPUModule(  662): DpuR5P0::checkTransform <35>: checkTransform: Transform(0), SRCRect(0,0)
02-06 21:08:11.232 I/DPUModule(  662): DpuR5P0::checkAFBCBlockSize <97>: checkAFBCBlockSize: compressed(1),format(1), pitch(720), vstride(1616)
02-06 21:08:11.232 I/DPUModule(  662): DpuR5P0::checkLayerFormat <142>: checkLayerFormat: Format(1)
02-06 21:08:11.233 I/DPUModule(  662): DpuR5P0::checkTransform <35>: checkTransform: Transform(0), SRCRect(0,0)
02-06 21:08:11.233 I/DPUModule(  662): DpuR5P0::checkAFBCBlockSize <97>: checkAFBCBlockSize: compressed(1),format(1), pitch(720), vstride(80)
02-06 21:08:11.233 I/DPUModule(  662): DpuR5P0::checkLayerFormat <142>: checkLayerFormat: Format(1)
02-06 21:08:11.233 I/DPUModule(  662): DpuR5P0::checkTransform <35>: checkTransform: Transform(0), SRCRect(0,0)
02-06 21:08:11.233 I/DPUModule(  662): DpuR5P0::checkAFBCBlockSize <97>: checkAFBCBlockSize: compressed(1),format(1), pitch(720), vstride(96)
02-06 21:08:11.233 D/DPUModule(  662): [ﾀポu] support: 0
02-06 21:08:11.477 D/ip_monitor-878(15421): 192.168.210.158 dev usb0 lladdr 06:47:97:72:fa:8c STALE
02-06 21:08:11.526 D/enhanceHAL(  668): sunlightRead: current ambient = 7
02-06 21:08:11.592 D/TLinkBrush_DATA( 1073): [NetdEvent]onTcpSocketStatsEvent sent = 0, return
02-06 21:08:11.668 D/ip_monitor-878(15422): 192.168.80.1 dev wlan0 lladdr ac:80:ae:6d:13:11 STALE
02-06 21:08:12.262 W/VSyncPredictor(  698): VSyncPredictor::setPeriod current period =16666667
02-06 21:08:12.266 I/DPUModule(  662): DpuR5P0::checkLayerFormat <142>: checkLayerFormat: Format(1)
02-06 21:08:12.266 I/DPUModule(  662): DpuR5P0::checkTransform <35>: checkTransform: Transform(0), SRCRect(0,0)
02-06 21:08:12.266 I/DPUModule(  662): DpuR5P0::checkAFBCBlockSize <97>: checkAFBCBlockSize: compressed(1),format(1), pitch(720), vstride(1616)
02-06 21:08:12.266 I/DPUModule(  662): DpuR5P0::checkLayerFormat <142>: checkLayerFormat: Format(1)
02-06 21:08:12.266 I/DPUModule(  662): DpuR5P0::checkTransform <35>: checkTransform: Transform(0), SRCRect(0,0)
02-06 21:08:12.266 I/DPUModule(  662): DpuR5P0::checkAFBCBlockSize <97>: checkAFBCBlockSize: compressed(1),format(1), pitch(720), vstride(80)
02-06 21:08:12.266 I/DPUModule(  662): DpuR5P0::checkLayerFormat <142>: checkLayerFormat: Format(1)
02-06 21:08:12.266 I/DPUModule(  662): DpuR5P0::checkTransform <35>: checkTransform: Transform(0), SRCRect(0,0)
02-06 21:08:12.266 I/DPUModule(  662): DpuR5P0::checkAFBCBlockSize <97>: checkAFBCBlockSize: compressed(1),format(1), pitch(720), vstride(96)
02-06 21:08:12.266 D/DPUModule(  662): [ﾀポu] support: 0
02-06 21:08:12.332 D/enhanceHAL(  668): sunlightRead: current ambient = 7
02-06 21:08:12.815 D/enhanceHAL(  668): sunlightRead: current ambient = 7
02-06 21:08:14.227 W/VSyncPredictor(  698): VSyncPredictor::setPeriod current period =16666667
02-06 21:08:14.263 I/DPUModule(  662): DpuR5P0::checkLayerFormat <142>: checkLayerFormat: Format(1)
02-06 21:08:14.263 I/DPUModule(  662): DpuR5P0::checkTransform <35>: checkTransform: Transform(0), SRCRect(0,0)
02-06 21:08:14.263 I/DPUModule(  662): DpuR5P0::checkAFBCBlockSize <97>: checkAFBCBlockSize: compressed(1),format(1), pitch(720), vstride(1616)
02-06 21:08:14.263 I/DPUModule(  662): DpuR5P0::checkLayerFormat <142>: checkLayerFormat: Format(1)
02-06 21:08:14.263 I/DPUModule(  662): DpuR5P0::checkTransform <35>: checkTransform: Transform(0), SRCRect(0,0)
02-06 21:08:14.263 I/DPUModule(  662): DpuR5P0::checkAFBCBlockSize <97>: checkAFBCBlockSize: compressed(1),format(1), pitch(720), vstride(80)
02-06 21:08:14.263 I/DPUModule(  662): DpuR5P0::checkLayerFormat <142>: checkLayerFormat: Format(1)
02-06 21:08:14.263 I/DPUModule(  662): DpuR5P0::checkTransform <35>: checkTransform: Transform(0), SRCRect(0,0)
02-06 21:08:14.263 I/DPUModule(  662): DpuR5P0::checkAFBCBlockSize <97>: checkAFBCBlockSize: compressed(1),format(1), pitch(720), vstride(96)
02-06 21:08:14.263 D/DPUModule(  662): [ﾀポu] support: 0
02-06 21:08:14.280 I/DPUModule(  662): DpuR5P0::checkLayerFormat <142>: checkLayerFormat: Format(1)
02-06 21:08:14.280 I/DPUModule(  662): DpuR5P0::checkTransform <35>: checkTransform: Transform(0), SRCRect(0,0)
02-06 21:08:14.280 I/DPUModule(  662): DpuR5P0::checkAFBCBlockSize <97>: checkAFBCBlockSize: compressed(1),format(1), pitch(720), vstride(1616)
02-06 21:08:14.280 I/DPUModule(  662): DpuR5P0::checkLayerFormat <142>: checkLayerFormat: Format(1)
02-06 21:08:14.280 I/DPUModule(  662): DpuR5P0::checkTransform <35>: checkTransform: Transform(0), SRCRect(0,0)
02-06 21:08:14.280 I/DPUModule(  662): DpuR5P0::checkAFBCBlockSize <97>: checkAFBCBlockSize: compressed(1),format(1), pitch(720), vstride(80)
02-06 21:08:14.280 I/DPUModule(  662): DpuR5P0::checkLayerFormat <142>: checkLayerFormat: Format(1)
02-06 21:08:14.280 I/DPUModule(  662): DpuR5P0::checkTransform <35>: checkTransform: Transform(0), SRCRect(0,0)
02-06 21:08:14.280 I/DPUModule(  662): DpuR5P0::checkAFBCBlockSize <97>: checkAFBCBlockSize: compressed(1),format(1), pitch(720), vstride(96)
02-06 21:08:14.280 D/DPUModule(  662): [ﾀポu] support: 0
02-06 21:08:14.749 D/enhanceHAL(  668): sunlightRead: current ambient = 7
02-06 21:08:15.071 D/enhanceHAL(  668): sunlightRead: current ambient = 7
02-06 21:08:16.258 W/VSyncPredictor(  698): VSyncPredictor::setPeriod current period =16666667
02-06 21:08:16.521 D/enhanceHAL(  668): sunlightRead: current ambient = 7
02-06 21:08:16.843 D/enhanceHAL(  668): sunlightRead: current ambient = 7
02-06 21:08:17.327 D/enhanceHAL(  668): sunlightRead: current ambient = 7
02-06 21:08:17.649 D/enhanceHAL(  668): sunlightRead: current ambient = 7
02-06 21:08:17.810 D/enhanceHAL(  668): sunlightRead: current ambient = 7
02-06 21:08:18.132 D/enhanceHAL(  668): sunlightRead: current ambient = 7
02-06 21:08:18.273 W/VSyncPredictor(  698): VSyncPredictor::setPeriod current period =16666667
02-06 21:08:18.777 D/enhanceHAL(  668): sunlightRead: current ambient = 7
02-06 21:08:19.260 D/enhanceHAL(  668): sunlightRead: current ambient = 7
02-06 21:08:19.583 D/enhanceHAL(  668): sunlightRead: current ambient = 7
02-06 21:08:19.605 D/ip_monitor-878(15423): 192.168.210.158 dev usb0 lladdr 06:47:97:72:fa:8c PROBE
02-06 21:08:19.619 D/ip_monitor-878(15424): 192.168.80.1 dev wlan0 lladdr ac:80:ae:6d:13:11 PROBE
02-06 21:08:19.633 D/ip_monitor-878(15425): 192.168.210.158 dev usb0 lladdr 06:47:97:72:fa:8c REACHABLE
02-06 21:08:19.648 D/ip_monitor-878(15426): 192.168.80.1 dev wlan0 lladdr ac:80:ae:6d:13:11 REACHABLE
02-06 21:08:20.255 W/VSyncPredictor(  698): VSyncPredictor::setPeriod current period =16666667
02-06 21:08:20.291 I/DPUModule(  662): DpuR5P0::checkLayerFormat <142>: checkLayerFormat: Format(1)
02-06 21:08:20.291 I/DPUModule(  662): DpuR5P0::checkTransform <35>: checkTransform: Transform(0), SRCRect(0,0)
02-06 21:08:20.291 I/DPUModule(  662): DpuR5P0::checkAFBCBlockSize <97>: checkAFBCBlockSize: compressed(1),format(1), pitch(720), vstride(1616)
02-06 21:08:20.291 I/DPUModule(  662): DpuR5P0::checkLayerFormat <142>: checkLayerFormat: Format(1)
02-06 21:08:20.291 I/DPUModule(  662): DpuR5P0::checkTransform <35>: checkTransform: Transform(0), SRCRect(0,0)
02-06 21:08:20.291 I/DPUModule(  662): DpuR5P0::checkAFBCBlockSize <97>: checkAFBCBlockSize: compressed(1),format(1), pitch(720), vstride(80)
02-06 21:08:20.291 I/DPUModule(  662): DpuR5P0::checkLayerFormat <142>: checkLayerFormat: Format(1)
02-06 21:08:20.291 I/DPUModule(  662): DpuR5P0::checkTransform <35>: checkTransform: Transform(0), SRCRect(0,0)
02-06 21:08:20.291 I/DPUModule(  662): DpuR5P0::checkAFBCBlockSize <97>: checkAFBCBlockSize: compressed(1),format(1), pitch(720), vstride(96)
02-06 21:08:20.291 D/DPUModule(  662): [ﾀポu] support: 0
02-06 21:08:20.308 I/DPUModule(  662): DpuR5P0::checkLayerFormat <142>: checkLayerFormat: Format(1)
02-06 21:08:20.308 I/DPUModule(  662): DpuR5P0::checkTransform <35>: checkTransform: Transform(0), SRCRect(0,0)
02-06 21:08:20.308 I/DPUModule(  662): DpuR5P0::checkAFBCBlockSize <97>: checkAFBCBlockSize: compressed(1),format(1), pitch(720), vstride(1616)
02-06 21:08:20.308 I/DPUModule(  662): DpuR5P0::checkLayerFormat <142>: checkLayerFormat: Format(1)
02-06 21:08:20.308 I/DPUModule(  662): DpuR5P0::checkTransform <35>: checkTransform: Transform(0), SRCRect(0,0)
02-06 21:08:20.308 I/DPUModule(  662): DpuR5P0::checkAFBCBlockSize <97>: checkAFBCBlockSize: compressed(1),format(1), pitch(720), vstride(80)
02-06 21:08:20.308 I/DPUModule(  662): DpuR5P0::checkLayerFormat <142>: checkLayerFormat: Format(1)
02-06 21:08:20.308 I/DPUModule(  662): DpuR5P0::checkTransform <35>: checkTransform: Transform(0), SRCRect(0,0)
02-06 21:08:20.308 I/DPUModule(  662): DpuR5P0::checkAFBCBlockSize <97>: checkAFBCBlockSize: compressed(1),format(1), pitch(720), vstride(96)
02-06 21:08:20.308 D/DPUModule(  662): [ﾀポu] support: 0
02-06 21:08:21.033 D/enhanceHAL(  668): sunlightRead: current ambient = 7
02-06 21:08:21.230 W/ThreadPoolForeg( 5704): type=1400 audit(0.0:192164): avc: denied { write } for name="traced_producer" dev="tmpfs" ino=26611 scontext=u:r:gmscore_app:s0:c512,c768 tcontext=u:object_r:traced_producer_socket:s0 tclass=sock_file permissive=0 app=com.google.android.gms
02-06 21:08:21.839 D/enhanceHAL(  668): sunlightRead: current ambient = 7
02-06 21:08:22.286 W/VSyncPredictor(  698): VSyncPredictor::setPeriod current period =16666667
02-06 21:08:22.346 W/vendor.sprd.har(  679): type=1400 audit(0.0:192165): avc: denied { search } for name="thermal" dev="sysfs" ino=15712 scontext=u:r:hal_combined_default:s0 tcontext=u:object_r:sysfs_thermal:s0 tclass=dir permissive=0
02-06 21:08:22.346 W/vendor.sprd.har(  679): type=1400 audit(0.0:192166): avc: denied { search } for name="thermal" dev="sysfs" ino=15712 scontext=u:r:hal_combined_default:s0 tcontext=u:object_r:sysfs_thermal:s0 tclass=dir permissive=0
02-06 21:08:22.346 W/vendor.sprd.har(  679): type=1400 audit(0.0:192167): avc: denied { search } for name="thermal" dev="sysfs" ino=15712 scontext=u:r:hal_combined_default:s0 tcontext=u:object_r:sysfs_thermal:s0 tclass=dir permissive=0
02-06 21:08:22.346 W/vendor.sprd.har(  679): type=1400 audit(0.0:192168): avc: denied { search } for name="thermal" dev="sysfs" ino=15712 scontext=u:r:hal_combined_default:s0 tcontext=u:object_r:sysfs_thermal:s0 tclass=dir permissive=0
02-06 21:08:22.346 W/vendor.sprd.har(  679): type=1400 audit(0.0:192169): avc: denied { search } for name="thermal" dev="sysfs" ino=15712 scontext=u:r:hal_combined_default:s0 tcontext=u:object_r:sysfs_thermal:s0 tclass=dir permissive=0
02-06 21:08:22.346 W/vendor.sprd.har(  679): type=1400 audit(0.0:192170): avc: denied { search } for name="thermal" dev="sysfs" ino=15712 scontext=u:r:hal_combined_default:s0 tcontext=u:object_r:sysfs_thermal:s0 tclass=dir permissive=0
02-06 21:08:22.346 W/vendor.sprd.har(  679): type=1400 audit(0.0:192171): avc: denied { search } for name="thermal" dev="sysfs" ino=15712 scontext=u:r:hal_combined_default:s0 tcontext=u:object_r:sysfs_thermal:s0 tclass=dir permissive=0
02-06 21:08:22.352 E/ThermalHalWrapper( 1073): Couldn't get temperatures because of HAL error: can't find this type sensor
02-06 21:08:22.644 D/enhanceHAL(  668): sunlightRead: current ambient = 7
02-06 21:08:22.966 D/enhanceHAL(  668): sunlightRead: current ambient = 7
02-06 21:08:23.611 D/enhanceHAL(  668): sunlightRead: current ambient = 7
02-06 21:08:23.772 D/enhanceHAL(  668): sunlightRead: current ambient = 7
02-06 21:08:24.301 W/VSyncPredictor(  698): VSyncPredictor::setPeriod current period =16666667
02-06 21:08:24.600 D/InputReader( 1073): syncTouch: pointerCount 0 -> 1, touching ids 0x00000000 -> 0x80000000, hovering ids 0x00000000 -> 0x00000000, canceled ids 0x00000000
02-06 21:08:24.600 D/InputReader( 1073): dispatchTouches action DOWN now(ns): 160304236780878
02-06 21:08:24.600 D/InputReader( 1073): notifyMotion call dispatcher
02-06 21:08:24.603 D/EdgeBackGestureHandler( 1470): isWithinTouchRegion: false withinRange:false
02-06 21:08:24.605 D/TranThermalBacklightCtrl( 1073): Brightness=0.15070921 AutoBackLight=true AmbientLux=7.0000005 APTemp=34.654
02-06 21:08:24.605 I/TranThermalBacklightCtrl( 1073): current status=level_0
02-06 21:08:24.605 D/DisplayPowerController[0]( 1073): animateScreenBrightness: target=0.15070921, rate=0.23809525    mShouldUpdateBrightnessSettingLater=false
02-06 21:08:24.608 V/DisplayPowerController[0]( 1073): Brightness [0.15070921] reason changing to: 'automatic', previous reason: 'automatic [ dim ]'.
02-06 21:08:24.608 I/DisplayPowerController[0]( 1073): BrightnessEvent: disp=0, brt=0.15070921, rcmdBrt=0.15070921, preBrt=0.23216948, lux=7.0000005, preLux=13.779476, hbmMax=1.0, hbmMode=off, thrmMax=1.0, flags=, reason=automatic
02-06 21:08:24.621 D/LIGHTS  (  679): func:write_int, path=/sys/class/backlight/sprd_backlight/brightness, value=221
02-06 21:08:24.622 D/batterywarning( 2075):  ---Aron---- buffer = 0
02-06 21:08:24.622 D/batterywarning( 2075): 
02-06 21:08:24.622 D/batterywarning( 2075):  ---Aron---- n = 258
02-06 21:08:24.622 D/batterywarning( 2075):  ---Aron---- cp = change@/devices/platform/soc/soc:ap-ahb/31100000.dsi/31100000.dsi.0/display/panel0/sprd_backlight
02-06 21:08:24.622 E/batterywarning( 2075): -------Aron------245---cp=========[change@/devices/platform/soc/soc:ap-ahb/31100000.dsi/31100000.dsi.0/display/panel0/sprd_backlight], ret==[52]
02-06 21:08:24.622 E/batterywarning( 2075): -------Aron------245---cp=========[ACTION=change], ret==[18]
02-06 21:08:24.622 E/batterywarning( 2075): -------Aron------245---cp=========[DEVPATH=/devices/platform/soc/soc:ap-ahb/31100000.dsi/31100000.dsi.0/display/panel0/sprd_backlight], ret==[21]
02-06 21:08:24.622 E/batterywarning( 2075): -------Aron------245---cp=========[SUBSYSTEM=backlight], ret==[36]
02-06 21:08:24.622 E/batterywarning( 2075): -------Aron------245---cp=========[SOURCE=sysfs], ret==[36]
02-06 21:08:24.622 E/batterywarning( 2075): -------Aron------245---cp=========[SEQNUM=103332], ret==[72]
02-06 21:08:24.622 D/refnotify(  911): refnotify_parse_event: SOURCE = sysfs!
02-06 21:08:24.623 D/refnotify(  911): status : refnotify_sleep=0 
02-06 21:08:24.635 D/InputReader( 1073): syncTouch: pointerCount 1 -> 1, touching ids 0x80000000 -> 0x80000000, hovering ids 0x00000000 -> 0x00000000, canceled ids 0x00000000
02-06 21:08:24.635 D/InputReader( 1073): dispatchTouches action MOVE now(ns): 160304271799070
02-06 21:08:24.635 D/InputReader( 1073): notifyMotion call dispatcher
02-06 21:08:24.638 D/LIGHTS  (  679): func:write_int, path=/sys/class/backlight/sprd_backlight/brightness, value=237
02-06 21:08:24.638 D/batterywarning( 2075):  ---Aron---- buffer = 0
02-06 21:08:24.638 D/batterywarning( 2075): 
02-06 21:08:24.638 D/batterywarning( 2075):  ---Aron---- n = 258
02-06 21:08:24.638 D/batterywarning( 2075):  ---Aron---- cp = change@/devices/platform/soc/soc:ap-ahb/31100000.dsi/31100000.dsi.0/display/panel0/sprd_backlight
02-06 21:08:24.639 E/batterywarning( 2075): -------Aron------245---cp=========[change@/devices/platform/soc/soc:ap-ahb/31100000.dsi/31100000.dsi.0/display/panel0/sprd_backlight], ret==[52]
02-06 21:08:24.639 E/batterywarning( 2075): -------Aron------245---cp=========[ACTION=change], ret==[18]
02-06 21:08:24.639 E/batterywarning( 2075): -------Aron------245---cp=========[DEVPATH=/devices/platform/soc/soc:ap-ahb/31100000.dsi/31100000.dsi.0/display/panel0/sprd_backlight], ret==[21]
02-06 21:08:24.639 E/batterywarning( 2075): -------Aron------245---cp=========[SUBSYSTEM=backlight], ret==[36]
02-06 21:08:24.639 E/batterywarning( 2075): -------Aron------245---cp=========[SOURCE=sysfs], ret==[36]
02-06 21:08:24.639 E/batterywarning( 2075): -------Aron------245---cp=========[SEQNUM=103333], ret==[72]
02-06 21:08:24.639 D/refnotify(  911): refnotify_parse_event: SOURCE = sysfs!
02-06 21:08:24.639 D/refnotify(  911): status : refnotify_sleep=0 
02-06 21:08:24.651 I/InputReader( 1073): processEventsLocked: type=3 Count=5 code=48 value=0 deviceId=2 when=160304287683000
02-06 21:08:24.651 D/InputReader( 1073): syncTouch: pointerCount 1 -> 0, touching ids 0x80000000 -> 0x00000000, hovering ids 0x00000000 -> 0x00000000, canceled ids 0x00000000
02-06 21:08:24.651 D/InputReader( 1073): dispatchTouches action UP now(ns): 160304288088493
02-06 21:08:24.651 D/InputReader( 1073): notifyMotion call dispatcher
02-06 21:08:24.654 D/LIGHTS  (  679): func:write_int, path=/sys/class/backlight/sprd_backlight/brightness, value=253
02-06 21:08:24.655 D/batterywarning( 2075):  ---Aron---- buffer = 0
02-06 21:08:24.655 D/batterywarning( 2075): 
02-06 21:08:24.655 D/batterywarning( 2075):  ---Aron---- n = 258
02-06 21:08:24.655 D/batterywarning( 2075):  ---Aron---- cp = change@/devices/platform/soc/soc:ap-ahb/31100000.dsi/31100000.dsi.0/display/panel0/sprd_backlight
02-06 21:08:24.655 E/batterywarning( 2075): -------Aron------245---cp=========[change@/devices/platform/soc/soc:ap-ahb/31100000.dsi/31100000.dsi.0/display/panel0/sprd_backlight], ret==[52]
02-06 21:08:24.655 E/batterywarning( 2075): -------Aron------245---cp=========[ACTION=change], ret==[18]
02-06 21:08:24.655 E/batterywarning( 2075): -------Aron------245---cp=========[DEVPATH=/devices/platform/soc/soc:ap-ahb/31100000.dsi/31100000.dsi.0/display/panel0/sprd_backlight], ret==[21]
02-06 21:08:24.655 E/batterywarning( 2075): -------Aron------245---cp=========[SUBSYSTEM=backlight], ret==[36]
02-06 21:08:24.655 E/batterywarning( 2075): -------Aron------245---cp=========[SOURCE=sysfs], ret==[36]
02-06 21:08:24.655 E/batterywarning( 2075): -------Aron------245---cp=========[SEQNUM=103334], ret==[72]
02-06 21:08:24.655 D/refnotify(  911): refnotify_parse_event: SOURCE = sysfs!
02-06 21:08:24.656 D/refnotify(  911): status : refnotify_sleep=0 
02-06 21:08:24.671 D/LIGHTS  (  679): func:write_int, path=/sys/class/backlight/sprd_backlight/brightness, value=270
02-06 21:08:24.671 D/batterywarning( 2075):  ---Aron---- buffer = 0
02-06 21:08:24.671 D/batterywarning( 2075): 
02-06 21:08:24.671 D/batterywarning( 2075):  ---Aron---- n = 258
02-06 21:08:24.671 D/batterywarning( 2075):  ---Aron---- cp = change@/devices/platform/soc/soc:ap-ahb/31100000.dsi/31100000.dsi.0/display/panel0/sprd_backlight
02-06 21:08:24.671 E/batterywarning( 2075): -------Aron------245---cp=========[change@/devices/platform/soc/soc:ap-ahb/31100000.dsi/31100000.dsi.0/display/panel0/sprd_backlight], ret==[52]
02-06 21:08:24.671 E/batterywarning( 2075): -------Aron------245---cp=========[ACTION=change], ret==[18]
02-06 21:08:24.671 E/batterywarning( 2075): -------Aron------245---cp=========[DEVPATH=/devices/platform/soc/soc:ap-ahb/31100000.dsi/31100000.dsi.0/display/panel0/sprd_backlight], ret==[21]
02-06 21:08:24.671 E/batterywarning( 2075): -------Aron------245---cp=========[SUBSYSTEM=backlight], ret==[36]
02-06 21:08:24.671 E/batterywarning( 2075): -------Aron------245---cp=========[SOURCE=sysfs], ret==[36]
02-06 21:08:24.671 E/batterywarning( 2075): -------Aron------245---cp=========[SEQNUM=103335], ret==[72]
02-06 21:08:24.672 D/refnotify(  911): refnotify_parse_event: SOURCE = sysfs!
02-06 21:08:24.672 D/refnotify(  911): status : refnotify_sleep=0 
02-06 21:08:24.687 D/LIGHTS  (  679): func:write_int, path=/sys/class/backlight/sprd_backlight/brightness, value=286
02-06 21:08:24.687 D/batterywarning( 2075):  ---Aron---- buffer = 0
02-06 21:08:24.687 D/batterywarning( 2075): 
02-06 21:08:24.687 D/batterywarning( 2075):  ---Aron---- n = 258
02-06 21:08:24.687 D/batterywarning( 2075):  ---Aron---- cp = change@/devices/platform/soc/soc:ap-ahb/31100000.dsi/31100000.dsi.0/display/panel0/sprd_backlight
02-06 21:08:24.687 E/batterywarning( 2075): -------Aron------245---cp=========[change@/devices/platform/soc/soc:ap-ahb/31100000.dsi/31100000.dsi.0/display/panel0/sprd_backlight], ret==[52]
02-06 21:08:24.687 E/batterywarning( 2075): -------Aron------245---cp=========[ACTION=change], ret==[18]
02-06 21:08:24.687 E/batterywarning( 2075): -------Aron------245---cp=========[DEVPATH=/devices/platform/soc/soc:ap-ahb/31100000.dsi/31100000.dsi.0/display/panel0/sprd_backlight], ret==[21]
02-06 21:08:24.687 E/batterywarning( 2075): -------Aron------245---cp=========[SUBSYSTEM=backlight], ret==[36]
02-06 21:08:24.687 E/batterywarning( 2075): -------Aron------245---cp=========[SOURCE=sysfs], ret==[36]
02-06 21:08:24.687 E/batterywarning( 2075): -------Aron------245---cp=========[SEQNUM=103336], ret==[72]
02-06 21:08:24.688 D/refnotify(  911): refnotify_parse_event: SOURCE = sysfs!
02-06 21:08:24.688 D/refnotify(  911): status : refnotify_sleep=0 
02-06 21:08:24.703 D/LIGHTS  (  679): func:write_int, path=/sys/class/backlight/sprd_backlight/brightness, value=302
02-06 21:08:24.704 D/batterywarning( 2075):  ---Aron---- buffer = 0
02-06 21:08:24.704 D/batterywarning( 2075): 
02-06 21:08:24.704 D/batterywarning( 2075):  ---Aron---- n = 258
02-06 21:08:24.704 D/batterywarning( 2075):  ---Aron---- cp = change@/devices/platform/soc/soc:ap-ahb/31100000.dsi/31100000.dsi.0/display/panel0/sprd_backlight
02-06 21:08:24.704 E/batterywarning( 2075): -------Aron------245---cp=========[change@/devices/platform/soc/soc:ap-ahb/31100000.dsi/31100000.dsi.0/display/panel0/sprd_backlight], ret==[52]
02-06 21:08:24.704 E/batterywarning( 2075): -------Aron------245---cp=========[ACTION=change], ret==[18]
02-06 21:08:24.704 E/batterywarning( 2075): -------Aron------245---cp=========[DEVPATH=/devices/platform/soc/soc:ap-ahb/31100000.dsi/31100000.dsi.0/display/panel0/sprd_backlight], ret==[21]
02-06 21:08:24.704 E/batterywarning( 2075): -------Aron------245---cp=========[SUBSYSTEM=backlight], ret==[36]
02-06 21:08:24.704 E/batterywarning( 2075): -------Aron------245---cp=========[SOURCE=sysfs], ret==[36]
02-06 21:08:24.704 E/batterywarning( 2075): -------Aron------245---cp=========[SEQNUM=103337], ret==[72]
02-06 21:08:24.704 D/refnotify(  911): refnotify_parse_event: SOURCE = sysfs!
02-06 21:08:24.704 D/refnotify(  911): status : refnotify_sleep=0 
02-06 21:08:24.720 D/LIGHTS  (  679): func:write_int, path=/sys/class/backlight/sprd_backlight/brightness, value=318
02-06 21:08:24.720 D/batterywarning( 2075):  ---Aron---- buffer = 0
02-06 21:08:24.720 D/batterywarning( 2075): 
02-06 21:08:24.720 D/batterywarning( 2075):  ---Aron---- n = 258
02-06 21:08:24.720 D/batterywarning( 2075):  ---Aron---- cp = change@/devices/platform/soc/soc:ap-ahb/31100000.dsi/31100000.dsi.0/display/panel0/sprd_backlight
02-06 21:08:24.720 E/batterywarning( 2075): -------Aron------245---cp=========[change@/devices/platform/soc/soc:ap-ahb/31100000.dsi/31100000.dsi.0/display/panel0/sprd_backlight], ret==[52]
02-06 21:08:24.720 E/batterywarning( 2075): -------Aron------245---cp=========[ACTION=change], ret==[18]
02-06 21:08:24.720 E/batterywarning( 2075): -------Aron------245---cp=========[DEVPATH=/devices/platform/soc/soc:ap-ahb/31100000.dsi/31100000.dsi.0/display/panel0/sprd_backlight], ret==[21]
02-06 21:08:24.720 E/batterywarning( 2075): -------Aron------245---cp=========[SUBSYSTEM=backlight], ret==[36]
02-06 21:08:24.720 E/batterywarning( 2075): -------Aron------245---cp=========[SOURCE=sysfs], ret==[36]
02-06 21:08:24.720 E/batterywarning( 2075): -------Aron------245---cp=========[SEQNUM=103338], ret==[72]
02-06 21:08:24.721 D/refnotify(  911): status : refnotify_sleep=0 
02-06 21:08:24.721 D/refnotify(  911): refnotify_parse_event: SOURCE = sysfs!
02-06 21:08:24.736 D/LIGHTS  (  679): func:write_int, path=/sys/class/backlight/sprd_backlight/brightness, value=334
02-06 21:08:24.736 D/batterywarning( 2075):  ---Aron---- buffer = 0
02-06 21:08:24.736 D/batterywarning( 2075): 
02-06 21:08:24.737 D/batterywarning( 2075):  ---Aron---- n = 258
02-06 21:08:24.737 D/batterywarning( 2075):  ---Aron---- cp = change@/devices/platform/soc/soc:ap-ahb/31100000.dsi/31100000.dsi.0/display/panel0/sprd_backlight
02-06 21:08:24.737 E/batterywarning( 2075): -------Aron------245---cp=========[change@/devices/platform/soc/soc:ap-ahb/31100000.dsi/31100000.dsi.0/display/panel0/sprd_backlight], ret==[52]
02-06 21:08:24.737 E/batterywarning( 2075): -------Aron------245---cp=========[ACTION=change], ret==[18]
02-06 21:08:24.737 E/batterywarning( 2075): -------Aron------245---cp=========[DEVPATH=/devices/platform/soc/soc:ap-ahb/31100000.dsi/31100000.dsi.0/display/panel0/sprd_backlight], ret==[21]
02-06 21:08:24.737 E/batterywarning( 2075): -------Aron------245---cp=========[SUBSYSTEM=backlight], ret==[36]
02-06 21:08:24.737 E/batterywarning( 2075): -------Aron------245---cp=========[SOURCE=sysfs], ret==[36]
02-06 21:08:24.737 E/batterywarning( 2075): -------Aron------245---cp=========[SEQNUM=103339], ret==[72]
02-06 21:08:24.737 D/refnotify(  911): refnotify_parse_event: SOURCE = sysfs!
02-06 21:08:24.737 D/refnotify(  911): status : refnotify_sleep=0 
02-06 21:08:24.739 D/enhanceHAL(  668): sunlightRead: current ambient = 7
02-06 21:08:24.744 E/Capacitor/Console(15120): File: https://localhost/_next/static/chunks/9d06488ae7d6e382.js - Line 24 - Msg: TypeError: Failed to fetch
02-06 21:08:24.753 D/LIGHTS  (  679): func:write_int, path=/sys/class/backlight/sprd_backlight/brightness, value=351
02-06 21:08:24.754 I/DPUModule(  662): DpuR5P0::checkLayerFormat <142>: checkLayerFormat: Format(1)
02-06 21:08:24.754 I/DPUModule(  662): DpuR5P0::checkTransform <35>: checkTransform: Transform(0), SRCRect(0,0)
02-06 21:08:24.754 I/DPUModule(  662): DpuR5P0::checkAFBCBlockSize <97>: checkAFBCBlockSize: compressed(1),format(1), pitch(720), vstride(1616)
02-06 21:08:24.754 I/DPUModule(  662): DpuR5P0::checkLayerFormat <142>: checkLayerFormat: Format(1)
02-06 21:08:24.754 I/DPUModule(  662): DpuR5P0::checkTransform <35>: checkTransform: Transform(0), SRCRect(0,0)
02-06 21:08:24.754 I/DPUModule(  662): DpuR5P0::checkAFBCBlockSize <97>: checkAFBCBlockSize: compressed(1),format(1), pitch(720), vstride(80)
02-06 21:08:24.754 I/DPUModule(  662): DpuR5P0::checkLayerFormat <142>: checkLayerFormat: Format(1)
02-06 21:08:24.754 I/DPUModule(  662): DpuR5P0::checkTransform <35>: checkTransform: Transform(0), SRCRect(0,0)
02-06 21:08:24.754 I/DPUModule(  662): DpuR5P0::checkAFBCBlockSize <97>: checkAFBCBlockSize: compressed(1),format(1), pitch(720), vstride(96)
02-06 21:08:24.754 D/DPUModule(  662): [ﾀポu] support: 0
02-06 21:08:24.754 D/batterywarning( 2075):  ---Aron---- buffer = 0
02-06 21:08:24.754 D/batterywarning( 2075): 
02-06 21:08:24.754 D/batterywarning( 2075):  ---Aron---- n = 258
02-06 21:08:24.754 D/batterywarning( 2075):  ---Aron---- cp = change@/devices/platform/soc/soc:ap-ahb/31100000.dsi/31100000.dsi.0/display/panel0/sprd_backlight
02-06 21:08:24.754 E/batterywarning( 2075): -------Aron------245---cp=========[change@/devices/platform/soc/soc:ap-ahb/31100000.dsi/31100000.dsi.0/display/panel0/sprd_backlight], ret==[52]
02-06 21:08:24.754 E/batterywarning( 2075): -------Aron------245---cp=========[ACTION=change], ret==[18]
02-06 21:08:24.754 E/batterywarning( 2075): -------Aron------245---cp=========[DEVPATH=/devices/platform/soc/soc:ap-ahb/31100000.dsi/31100000.dsi.0/display/panel0/sprd_backlight], ret==[21]
02-06 21:08:24.754 E/batterywarning( 2075): -------Aron------245---cp=========[SUBSYSTEM=backlight], ret==[36]
02-06 21:08:24.754 E/batterywarning( 2075): -------Aron------245---cp=========[SOURCE=sysfs], ret==[36]
02-06 21:08:24.754 E/batterywarning( 2075): -------Aron------245---cp=========[SEQNUM=103340], ret==[72]
02-06 21:08:24.754 D/refnotify(  911): refnotify_parse_event: SOURCE = sysfs!
02-06 21:08:24.755 D/refnotify(  911): status : refnotify_sleep=0 
02-06 21:08:24.770 D/LIGHTS  (  679): func:write_int, path=/sys/class/backlight/sprd_backlight/brightness, value=367
02-06 21:08:24.770 D/batterywarning( 2075):  ---Aron---- buffer = 0
02-06 21:08:24.770 D/batterywarning( 2075): 
02-06 21:08:24.770 D/batterywarning( 2075):  ---Aron---- n = 258
02-06 21:08:24.770 D/batterywarning( 2075):  ---Aron---- cp = change@/devices/platform/soc/soc:ap-ahb/31100000.dsi/31100000.dsi.0/display/panel0/sprd_backlight
02-06 21:08:24.770 E/batterywarning( 2075): -------Aron------245---cp=========[change@/devices/platform/soc/soc:ap-ahb/31100000.dsi/31100000.dsi.0/display/panel0/sprd_backlight], ret==[52]
02-06 21:08:24.770 E/batterywarning( 2075): -------Aron------245---cp=========[ACTION=change], ret==[18]
02-06 21:08:24.770 E/batterywarning( 2075): -------Aron------245---cp=========[DEVPATH=/devices/platform/soc/soc:ap-ahb/31100000.dsi/31100000.dsi.0/display/panel0/sprd_backlight], ret==[21]
02-06 21:08:24.770 E/batterywarning( 2075): -------Aron------245---cp=========[SUBSYSTEM=backlight], ret==[36]
02-06 21:08:24.771 E/batterywarning( 2075): -------Aron------245---cp=========[SOURCE=sysfs], ret==[36]
02-06 21:08:24.771 E/batterywarning( 2075): -------Aron------245---cp=========[SEQNUM=103341], ret==[72]
02-06 21:08:24.771 D/refnotify(  911): refnotify_parse_event: SOURCE = sysfs!
02-06 21:08:24.771 D/refnotify(  911): status : refnotify_sleep=0 
02-06 21:08:24.786 D/LIGHTS  (  679): func:write_int, path=/sys/class/backlight/sprd_backlight/brightness, value=383
02-06 21:08:24.787 D/batterywarning( 2075):  ---Aron---- buffer = 0
02-06 21:08:24.787 D/batterywarning( 2075): 
02-06 21:08:24.787 D/batterywarning( 2075):  ---Aron---- n = 258
02-06 21:08:24.787 D/batterywarning( 2075):  ---Aron---- cp = change@/devices/platform/soc/soc:ap-ahb/31100000.dsi/31100000.dsi.0/display/panel0/sprd_backlight
02-06 21:08:24.787 E/batterywarning( 2075): -------Aron------245---cp=========[change@/devices/platform/soc/soc:ap-ahb/31100000.dsi/31100000.dsi.0/display/panel0/sprd_backlight], ret==[52]
02-06 21:08:24.787 E/batterywarning( 2075): -------Aron------245---cp=========[ACTION=change], ret==[18]
02-06 21:08:24.787 E/batterywarning( 2075): -------Aron------245---cp=========[DEVPATH=/devices/platform/soc/soc:ap-ahb/31100000.dsi/31100000.dsi.0/display/panel0/sprd_backlight], ret==[21]
02-06 21:08:24.787 E/batterywarning( 2075): -------Aron------245---cp=========[SUBSYSTEM=backlight], ret==[36]
02-06 21:08:24.787 E/batterywarning( 2075): -------Aron------245---cp=========[SOURCE=sysfs], ret==[36]
02-06 21:08:24.787 E/batterywarning( 2075): -------Aron------245---cp=========[SEQNUM=103342], ret==[72]
02-06 21:08:24.787 D/refnotify(  911): refnotify_parse_event: SOURCE = sysfs!
02-06 21:08:24.788 D/refnotify(  911): status : refnotify_sleep=0 
02-06 21:08:24.803 D/LIGHTS  (  679): func:write_int, path=/sys/class/backlight/sprd_backlight/brightness, value=399
02-06 21:08:24.804 D/batterywarning( 2075):  ---Aron---- buffer = 0
02-06 21:08:24.804 D/batterywarning( 2075): 
02-06 21:08:24.804 D/batterywarning( 2075):  ---Aron---- n = 258
02-06 21:08:24.804 D/batterywarning( 2075):  ---Aron---- cp = change@/devices/platform/soc/soc:ap-ahb/31100000.dsi/31100000.dsi.0/display/panel0/sprd_backlight
02-06 21:08:24.804 E/batterywarning( 2075): -------Aron------245---cp=========[change@/devices/platform/soc/soc:ap-ahb/31100000.dsi/31100000.dsi.0/display/panel0/sprd_backlight], ret==[52]
02-06 21:08:24.804 E/batterywarning( 2075): -------Aron------245---cp=========[ACTION=change], ret==[18]
02-06 21:08:24.804 E/batterywarning( 2075): -------Aron------245---cp=========[DEVPATH=/devices/platform/soc/soc:ap-ahb/31100000.dsi/31100000.dsi.0/display/panel0/sprd_backlight], ret==[21]
02-06 21:08:24.804 E/batterywarning( 2075): -------Aron------245---cp=========[SUBSYSTEM=backlight], ret==[36]
02-06 21:08:24.804 E/batterywarning( 2075): -------Aron------245---cp=========[SOURCE=sysfs], ret==[36]
02-06 21:08:24.804 E/batterywarning( 2075): -------Aron------245---cp=========[SEQNUM=103343], ret==[72]
02-06 21:08:24.804 D/refnotify(  911): refnotify_parse_event: SOURCE = sysfs!
02-06 21:08:24.804 D/refnotify(  911): status : refnotify_sleep=0 
02-06 21:08:24.820 D/LIGHTS  (  679): func:write_int, path=/sys/class/backlight/sprd_backlight/brightness, value=416
02-06 21:08:24.820 D/batterywarning( 2075):  ---Aron---- buffer = 0
02-06 21:08:24.820 D/batterywarning( 2075): 
02-06 21:08:24.821 D/batterywarning( 2075):  ---Aron---- n = 258
02-06 21:08:24.821 D/batterywarning( 2075):  ---Aron---- cp = change@/devices/platform/soc/soc:ap-ahb/31100000.dsi/31100000.dsi.0/display/panel0/sprd_backlight
02-06 21:08:24.821 E/batterywarning( 2075): -------Aron------245---cp=========[change@/devices/platform/soc/soc:ap-ahb/31100000.dsi/31100000.dsi.0/display/panel0/sprd_backlight], ret==[52]
02-06 21:08:24.821 E/batterywarning( 2075): -------Aron------245---cp=========[ACTION=change], ret==[18]
02-06 21:08:24.821 E/batterywarning( 2075): -------Aron------245---cp=========[DEVPATH=/devices/platform/soc/soc:ap-ahb/31100000.dsi/31100000.dsi.0/display/panel0/sprd_backlight], ret==[21]
02-06 21:08:24.821 E/batterywarning( 2075): -------Aron------245---cp=========[SUBSYSTEM=backlight], ret==[36]
02-06 21:08:24.821 E/batterywarning( 2075): -------Aron------245---cp=========[SOURCE=sysfs], ret==[36]
02-06 21:08:24.821 E/batterywarning( 2075): -------Aron------245---cp=========[SEQNUM=103344], ret==[72]
02-06 21:08:24.821 D/refnotify(  911): refnotify_parse_event: SOURCE = sysfs!
02-06 21:08:24.822 D/refnotify(  911): status : refnotify_sleep=0 
02-06 21:08:24.837 D/LIGHTS  (  679): func:write_int, path=/sys/class/backlight/sprd_backlight/brightness, value=432
02-06 21:08:24.837 D/batterywarning( 2075):  ---Aron---- buffer = 0
02-06 21:08:24.837 D/batterywarning( 2075): 
02-06 21:08:24.837 D/batterywarning( 2075):  ---Aron---- n = 258
02-06 21:08:24.837 D/batterywarning( 2075):  ---Aron---- cp = change@/devices/platform/soc/soc:ap-ahb/31100000.dsi/31100000.dsi.0/display/panel0/sprd_backlight
02-06 21:08:24.837 E/batterywarning( 2075): -------Aron------245---cp=========[change@/devices/platform/soc/soc:ap-ahb/31100000.dsi/31100000.dsi.0/display/panel0/sprd_backlight], ret==[52]
02-06 21:08:24.837 E/batterywarning( 2075): -------Aron------245---cp=========[ACTION=change], ret==[18]
02-06 21:08:24.837 E/batterywarning( 2075): -------Aron------245---cp=========[DEVPATH=/devices/platform/soc/soc:ap-ahb/31100000.dsi/31100000.dsi.0/display/panel0/sprd_backlight], ret==[21]
02-06 21:08:24.837 E/batterywarning( 2075): -------Aron------245---cp=========[SUBSYSTEM=backlight], ret==[36]
02-06 21:08:24.837 E/batterywarning( 2075): -------Aron------245---cp=========[SOURCE=sysfs], ret==[36]
02-06 21:08:24.837 E/batterywarning( 2075): -------Aron------245---cp=========[SEQNUM=103345], ret==[72]
02-06 21:08:24.837 D/refnotify(  911): refnotify_parse_event: SOURCE = sysfs!
02-06 21:08:24.838 D/refnotify(  911): status : refnotify_sleep=0 
02-06 21:08:24.853 D/LIGHTS  (  679): func:write_int, path=/sys/class/backlight/sprd_backlight/brightness, value=448
02-06 21:08:24.853 D/batterywarning( 2075):  ---Aron---- buffer = 0
02-06 21:08:24.853 D/batterywarning( 2075): 
02-06 21:08:24.853 D/batterywarning( 2075):  ---Aron---- n = 258
02-06 21:08:24.853 D/batterywarning( 2075):  ---Aron---- cp = change@/devices/platform/soc/soc:ap-ahb/31100000.dsi/31100000.dsi.0/display/panel0/sprd_backlight
02-06 21:08:24.853 E/batterywarning( 2075): -------Aron------245---cp=========[change@/devices/platform/soc/soc:ap-ahb/31100000.dsi/31100000.dsi.0/display/panel0/sprd_backlight], ret==[52]
02-06 21:08:24.853 E/batterywarning( 2075): -------Aron------245---cp=========[ACTION=change], ret==[18]
02-06 21:08:24.853 E/batterywarning( 2075): -------Aron------245---cp=========[DEVPATH=/devices/platform/soc/soc:ap-ahb/31100000.dsi/31100000.dsi.0/display/panel0/sprd_backlight], ret==[21]
02-06 21:08:24.853 E/batterywarning( 2075): -------Aron------245---cp=========[SUBSYSTEM=backlight], ret==[36]
02-06 21:08:24.853 E/batterywarning( 2075): -------Aron------245---cp=========[SOURCE=sysfs], ret==[36]
02-06 21:08:24.853 E/batterywarning( 2075): -------Aron------245---cp=========[SEQNUM=103346], ret==[72]
02-06 21:08:24.854 D/refnotify(  911): status : refnotify_sleep=0 
02-06 21:08:24.854 D/refnotify(  911): refnotify_parse_event: SOURCE = sysfs!
02-06 21:08:24.870 D/LIGHTS  (  679): func:write_int, path=/sys/class/backlight/sprd_backlight/brightness, value=464
02-06 21:08:24.870 D/batterywarning( 2075):  ---Aron---- buffer = 0
02-06 21:08:24.870 D/batterywarning( 2075): 
02-06 21:08:24.870 D/batterywarning( 2075):  ---Aron---- n = 258
02-06 21:08:24.870 D/batterywarning( 2075):  ---Aron---- cp = change@/devices/platform/soc/soc:ap-ahb/31100000.dsi/31100000.dsi.0/display/panel0/sprd_backlight
02-06 21:08:24.870 E/batterywarning( 2075): -------Aron------245---cp=========[change@/devices/platform/soc/soc:ap-ahb/31100000.dsi/31100000.dsi.0/display/panel0/sprd_backlight], ret==[52]
02-06 21:08:24.870 E/batterywarning( 2075): -------Aron------245---cp=========[ACTION=change], ret==[18]
02-06 21:08:24.870 E/batterywarning( 2075): -------Aron------245---cp=========[DEVPATH=/devices/platform/soc/soc:ap-ahb/31100000.dsi/31100000.dsi.0/display/panel0/sprd_backlight], ret==[21]
02-06 21:08:24.870 E/batterywarning( 2075): -------Aron------245---cp=========[SUBSYSTEM=backlight], ret==[36]
02-06 21:08:24.870 E/batterywarning( 2075): -------Aron------245---cp=========[SOURCE=sysfs], ret==[36]
02-06 21:08:24.870 E/batterywarning( 2075): -------Aron------245---cp=========[SEQNUM=103347], ret==[72]
02-06 21:08:24.870 D/refnotify(  911): refnotify_parse_event: SOURCE = sysfs!
02-06 21:08:24.870 D/refnotify(  911): status : refnotify_sleep=0 
02-06 21:08:24.887 D/LIGHTS  (  679): func:write_int, path=/sys/class/backlight/sprd_backlight/brightness, value=481
02-06 21:08:24.887 D/batterywarning( 2075):  ---Aron---- buffer = 0
02-06 21:08:24.887 D/batterywarning( 2075): 
02-06 21:08:24.888 D/batterywarning( 2075):  ---Aron---- n = 258
02-06 21:08:24.888 D/batterywarning( 2075):  ---Aron---- cp = change@/devices/platform/soc/soc:ap-ahb/31100000.dsi/31100000.dsi.0/display/panel0/sprd_backlight
02-06 21:08:24.888 E/batterywarning( 2075): -------Aron------245---cp=========[change@/devices/platform/soc/soc:ap-ahb/31100000.dsi/31100000.dsi.0/display/panel0/sprd_backlight], ret==[52]
02-06 21:08:24.888 E/batterywarning( 2075): -------Aron------245---cp=========[ACTION=change], ret==[18]
02-06 21:08:24.888 E/batterywarning( 2075): -------Aron------245---cp=========[DEVPATH=/devices/platform/soc/soc:ap-ahb/31100000.dsi/31100000.dsi.0/display/panel0/sprd_backlight], ret==[21]
02-06 21:08:24.888 E/batterywarning( 2075): -------Aron------245---cp=========[SUBSYSTEM=backlight], ret==[36]
02-06 21:08:24.888 E/batterywarning( 2075): -------Aron------245---cp=========[SOURCE=sysfs], ret==[36]
02-06 21:08:24.888 E/batterywarning( 2075): -------Aron------245---cp=========[SEQNUM=103348], ret==[72]
02-06 21:08:24.888 D/refnotify(  911): refnotify_parse_event: SOURCE = sysfs!
02-06 21:08:24.888 D/refnotify(  911): status : refnotify_sleep=0 
02-06 21:08:24.904 D/LIGHTS  (  679): func:write_int, path=/sys/class/backlight/sprd_backlight/brightness, value=497
02-06 21:08:24.904 D/batterywarning( 2075):  ---Aron---- buffer = 0
02-06 21:08:24.904 D/batterywarning( 2075): 
02-06 21:08:24.904 D/batterywarning( 2075):  ---Aron---- n = 258
02-06 21:08:24.904 D/batterywarning( 2075):  ---Aron---- cp = change@/devices/platform/soc/soc:ap-ahb/31100000.dsi/31100000.dsi.0/display/panel0/sprd_backlight
02-06 21:08:24.904 E/batterywarning( 2075): -------Aron------245---cp=========[change@/devices/platform/soc/soc:ap-ahb/31100000.dsi/31100000.dsi.0/display/panel0/sprd_backlight], ret==[52]
02-06 21:08:24.904 E/batterywarning( 2075): -------Aron------245---cp=========[ACTION=change], ret==[18]
02-06 21:08:24.904 E/batterywarning( 2075): -------Aron------245---cp=========[DEVPATH=/devices/platform/soc/soc:ap-ahb/31100000.dsi/31100000.dsi.0/display/panel0/sprd_backlight], ret==[21]
02-06 21:08:24.904 E/batterywarning( 2075): -------Aron------245---cp=========[SUBSYSTEM=backlight], ret==[36]
02-06 21:08:24.904 E/batterywarning( 2075): -------Aron------245---cp=========[SOURCE=sysfs], ret==[36]
02-06 21:08:24.904 E/batterywarning( 2075): -------Aron------245---cp=========[SEQNUM=103349], ret==[72]
02-06 21:08:24.904 D/refnotify(  911): refnotify_parse_event: SOURCE = sysfs!
02-06 21:08:24.904 D/refnotify(  911): status : refnotify_sleep=0 
02-06 21:08:24.920 D/LIGHTS  (  679): func:write_int, path=/sys/class/backlight/sprd_backlight/brightness, value=513
02-06 21:08:24.921 D/batterywarning( 2075):  ---Aron---- buffer = 0
02-06 21:08:24.921 D/batterywarning( 2075): 
02-06 21:08:24.921 D/batterywarning( 2075):  ---Aron---- n = 258
02-06 21:08:24.921 D/batterywarning( 2075):  ---Aron---- cp = change@/devices/platform/soc/soc:ap-ahb/31100000.dsi/31100000.dsi.0/display/panel0/sprd_backlight
02-06 21:08:24.921 E/batterywarning( 2075): -------Aron------245---cp=========[change@/devices/platform/soc/soc:ap-ahb/31100000.dsi/31100000.dsi.0/display/panel0/sprd_backlight], ret==[52]
02-06 21:08:24.921 E/batterywarning( 2075): -------Aron------245---cp=========[ACTION=change], ret==[18]
02-06 21:08:24.921 E/batterywarning( 2075): -------Aron------245---cp=========[DEVPATH=/devices/platform/soc/soc:ap-ahb/31100000.dsi/31100000.dsi.0/display/panel0/sprd_backlight], ret==[21]
02-06 21:08:24.921 E/batterywarning( 2075): -------Aron------245---cp=========[SUBSYSTEM=backlight], ret==[36]
02-06 21:08:24.921 E/batterywarning( 2075): -------Aron------245---cp=========[SOURCE=sysfs], ret==[36]
02-06 21:08:24.921 E/batterywarning( 2075): -------Aron------245---cp=========[SEQNUM=103350], ret==[72]
02-06 21:08:24.921 D/refnotify(  911): refnotify_parse_event: SOURCE = sysfs!
02-06 21:08:24.921 D/refnotify(  911): status : refnotify_sleep=0 
02-06 21:08:24.938 D/LIGHTS  (  679): func:write_int, path=/sys/class/backlight/sprd_backlight/brightness, value=529
02-06 21:08:24.938 D/batterywarning( 2075):  ---Aron---- buffer = 0
02-06 21:08:24.938 D/batterywarning( 2075): 
02-06 21:08:24.938 D/batterywarning( 2075):  ---Aron---- n = 258
02-06 21:08:24.938 D/batterywarning( 2075):  ---Aron---- cp = change@/devices/platform/soc/soc:ap-ahb/31100000.dsi/31100000.dsi.0/display/panel0/sprd_backlight
02-06 21:08:24.938 E/batterywarning( 2075): -------Aron------245---cp=========[change@/devices/platform/soc/soc:ap-ahb/31100000.dsi/31100000.dsi.0/display/panel0/sprd_backlight], ret==[52]
02-06 21:08:24.938 E/batterywarning( 2075): -------Aron------245---cp=========[ACTION=change], ret==[18]
02-06 21:08:24.938 E/batterywarning( 2075): -------Aron------245---cp=========[DEVPATH=/devices/platform/soc/soc:ap-ahb/31100000.dsi/31100000.dsi.0/display/panel0/sprd_backlight], ret==[21]
02-06 21:08:24.938 E/batterywarning( 2075): -------Aron------245---cp=========[SUBSYSTEM=backlight], ret==[36]
02-06 21:08:24.938 E/batterywarning( 2075): -------Aron------245---cp=========[SOURCE=sysfs], ret==[36]
02-06 21:08:24.938 E/batterywarning( 2075): -------Aron------245---cp=========[SEQNUM=103351], ret==[72]
02-06 21:08:24.939 D/refnotify(  911): refnotify_parse_event: SOURCE = sysfs!
02-06 21:08:24.939 D/refnotify(  911): status : refnotify_sleep=0 
02-06 21:08:24.954 D/LIGHTS  (  679): func:write_int, path=/sys/class/backlight/sprd_backlight/brightness, value=545
02-06 21:08:24.955 D/batterywarning( 2075):  ---Aron---- buffer = 0
02-06 21:08:24.955 D/batterywarning( 2075): 
02-06 21:08:24.955 D/batterywarning( 2075):  ---Aron---- n = 258
02-06 21:08:24.955 D/batterywarning( 2075):  ---Aron---- cp = change@/devices/platform/soc/soc:ap-ahb/31100000.dsi/31100000.dsi.0/display/panel0/sprd_backlight
02-06 21:08:24.955 E/batterywarning( 2075): -------Aron------245---cp=========[change@/devices/platform/soc/soc:ap-ahb/31100000.dsi/31100000.dsi.0/display/panel0/sprd_backlight], ret==[52]
02-06 21:08:24.955 E/batterywarning( 2075): -------Aron------245---cp=========[ACTION=change], ret==[18]
02-06 21:08:24.955 E/batterywarning( 2075): -------Aron------245---cp=========[DEVPATH=/devices/platform/soc/soc:ap-ahb/31100000.dsi/31100000.dsi.0/display/panel0/sprd_backlight], ret==[21]
02-06 21:08:24.955 E/batterywarning( 2075): -------Aron------245---cp=========[SUBSYSTEM=backlight], ret==[36]
02-06 21:08:24.955 E/batterywarning( 2075): -------Aron------245---cp=========[SOURCE=sysfs], ret==[36]
02-06 21:08:24.955 E/batterywarning( 2075): -------Aron------245---cp=========[SEQNUM=103352], ret==[72]
02-06 21:08:24.955 D/refnotify(  911): refnotify_parse_event: SOURCE = sysfs!
02-06 21:08:24.956 D/refnotify(  911): status : refnotify_sleep=0 
02-06 21:08:24.971 D/LIGHTS  (  679): func:write_int, path=/sys/class/backlight/sprd_backlight/brightness, value=562
